Job 7: processing PickXtimes
  h5_file:    data/robomme_data_h5/record_dataset_PickXtimes.h5
  output_dir: data/robomme_preprocessed_data/per_task/PickXtimes
  hostname:   nestor.cc.gatech.edu
  started:    Fri Apr 17 05:07:09 PM EDT 2026
Processing file: record_dataset_PickXtimes.h5
Episode 0: timesteps=529, exec_start=0, kept_indices=528, task_goal='pick up the red cube and place it on the target, repeating this action two times, then press the button to stop'
Episode 1: timesteps=628, exec_start=0, kept_indices=825, task_goal='pick up the blue cube and place it on the target, repeating this action three times, then press the button to stop'
Episode 2: timesteps=478, exec_start=0, kept_indices=700, task_goal='pick up the red cube and place it on the target, repeating this action two times, then press the button to stop'
Episode 3: timesteps=814, exec_start=0, kept_indices=1029, task_goal='pick up the green cube and place it on the target, repeating this action four times, then press the button to stop'
Episode 4: timesteps=645, exec_start=0, kept_indices=946, task_goal='pick up the blue cube and place it on the target, repeating this action three times, then press the button to stop'
Episode 5: timesteps=576, exec_start=0, kept_indices=389, task_goal='pick up the red cube and place it on the target, repeating this action two times, then press the button to stop'
Episode 6: timesteps=470, exec_start=0, kept_indices=488, task_goal='pick up the green cube and place it on the target, repeating this action two times, then press the button to stop'
Episode 7: timesteps=897, exec_start=0, kept_indices=773, task_goal='pick up the green cube and place it on the target, repeating this action five times, then press the button to stop'
Episode 8: timesteps=332, exec_start=0, kept_indices=303, task_goal='pick up the red cube and place it on the target, then press the button to stop'
Episode 9: timesteps=574, exec_start=0, kept_indices=696, task_goal='pick up the green cube and place it on the target, repeating this action three times, then press the button to stop'
Episode 10: timesteps=447, exec_start=0, kept_indices=403, task_goal='pick up the red cube and place it on the target, repeating this action two times, then press the button to stop'
Episode 11: timesteps=822, exec_start=0, kept_indices=1125, task_goal='pick up the green cube and place it on the target, repeating this action five times, then press the button to stop'
Episode 12: timesteps=323, exec_start=0, kept_indices=312, task_goal='pick up the green cube and place it on the target, then press the button to stop'
Episode 13: timesteps=568, exec_start=0, kept_indices=705, task_goal='pick up the blue cube and place it on the target, repeating this action three times, then press the button to stop'
Episode 14: timesteps=556, exec_start=0, kept_indices=775, task_goal='pick up the blue cube and place it on the target, repeating this action three times, then press the button to stop'
Episode 15: timesteps=691, exec_start=0, kept_indices=1014, task_goal='pick up the blue cube and place it on the target, repeating this action four times, then press the button to stop'
Episode 16: timesteps=348, exec_start=0, kept_indices=358, task_goal='pick up the green cube and place it on the target, then press the button to stop'
Episode 17: timesteps=465, exec_start=0, kept_indices=560, task_goal='pick up the red cube and place it on the target, repeating this action two times, then press the button to stop'
Episode 18: timesteps=302, exec_start=0, kept_indices=364, task_goal='pick up the green cube and place it on the target, then press the button to stop'
Episode 19: timesteps=788, exec_start=0, kept_indices=1270, task_goal='pick up the red cube and place it on the target, repeating this action five times, then press the button to stop'
Episode 20: timesteps=421, exec_start=0, kept_indices=407, task_goal='pick up the red cube and place it on the target, repeating this action two times, then press the button to stop'
Episode 21: timesteps=622, exec_start=0, kept_indices=629, task_goal='pick up the green cube and place it on the target, repeating this action three times, then press the button to stop'
Episode 22: timesteps=568, exec_start=0, kept_indices=576, task_goal='pick up the green cube and place it on the target, repeating this action three times, then press the button to stop'
Episode 23: timesteps=813, exec_start=0, kept_indices=1333, task_goal='pick up the red cube and place it on the target, repeating this action five times, then press the button to stop'
Episode 24: timesteps=462, exec_start=0, kept_indices=356, task_goal='pick up the blue cube and place it on the target, repeating this action two times, then press the button to stop'
Episode 25: timesteps=438, exec_start=0, kept_indices=413, task_goal='pick up the green cube and place it on the target, repeating this action two times, then press the button to stop'
Episode 26: timesteps=565, exec_start=0, kept_indices=793, task_goal='pick up the green cube and place it on the target, repeating this action three times, then press the button to stop'
Episode 27: timesteps=1025, exec_start=0, kept_indices=723, task_goal='pick up the blue cube and place it on the target, repeating this action five times, then press the button to stop'
Episode 28: timesteps=616, exec_start=0, kept_indices=669, task_goal='pick up the blue cube and place it on the target, repeating this action three times, then press the button to stop'
Episode 29: timesteps=304, exec_start=0, kept_indices=348, task_goal='pick up the red cube and place it on the target, then press the button to stop'
Episode 30: timesteps=301, exec_start=0, kept_indices=326, task_goal='pick up the blue cube and place it on the target, then press the button to stop'
Episode 31: timesteps=686, exec_start=0, kept_indices=1048, task_goal='pick up the blue cube and place it on the target, repeating this action four times, then press the button to stop'
Episode 32: timesteps=540, exec_start=0, kept_indices=742, task_goal='pick up the green cube and place it on the target, repeating this action three times, then press the button to stop'
Episode 33: timesteps=420, exec_start=0, kept_indices=581, task_goal='pick up the red cube and place it on the target, repeating this action two times, then press the button to stop'
Episode 34: timesteps=558, exec_start=0, kept_indices=777, task_goal='pick up the red cube and place it on the target, repeating this action three times, then press the button to stop'
Episode 35: timesteps=706, exec_start=0, kept_indices=1080, task_goal='pick up the red cube and place it on the target, repeating this action four times, then press the button to stop'
Episode 36: timesteps=609, exec_start=0, kept_indices=549, task_goal='pick up the blue cube and place it on the target, repeating this action three times, then press the button to stop'
Episode 37: timesteps=418, exec_start=0, kept_indices=523, task_goal='pick up the blue cube and place it on the target, repeating this action two times, then press the button to stop'
Episode 38: timesteps=401, exec_start=0, kept_indices=586, task_goal='pick up the red cube and place it on the target, repeating this action two times, then press the button to stop'
Episode 39: timesteps=812, exec_start=0, kept_indices=1322, task_goal='pick up the green cube and place it on the target, repeating this action five times, then press the button to stop'
Episode 40: timesteps=291, exec_start=0, kept_indices=352, task_goal='pick up the green cube and place it on the target, then press the button to stop'
Episode 41: timesteps=266, exec_start=0, kept_indices=382, task_goal='pick up the blue cube and place it on the target, then press the button to stop'
Episode 42: timesteps=420, exec_start=0, kept_indices=548, task_goal='pick up the blue cube and place it on the target, repeating this action two times, then press the button to stop'
Episode 43: timesteps=797, exec_start=0, kept_indices=990, task_goal='pick up the blue cube and place it on the target, repeating this action five times, then press the button to stop'
Episode 44: timesteps=300, exec_start=0, kept_indices=356, task_goal='pick up the red cube and place it on the target, then press the button to stop'
Episode 45: timesteps=574, exec_start=0, kept_indices=624, task_goal='pick up the green cube and place it on the target, repeating this action three times, then press the button to stop'
Episode 46: timesteps=439, exec_start=0, kept_indices=456, task_goal='pick up the red cube and place it on the target, repeating this action two times, then press the button to stop'
Episode 47: timesteps=703, exec_start=0, kept_indices=827, task_goal='pick up the blue cube and place it on the target, repeating this action four times, then press the button to stop'
Episode 48: timesteps=639, exec_start=0, kept_indices=521, task_goal='pick up the red cube and place it on the target, repeating this action three times, then press the button to stop'
Episode 49: timesteps=584, exec_start=0, kept_indices=789, task_goal='pick up the red cube and place it on the target, repeating this action three times, then press the button to stop'
Episode 50: timesteps=305, exec_start=0, kept_indices=402, task_goal='pick up the blue cube and place it on the target, then press the button to stop'
Episode 51: timesteps=692, exec_start=0, kept_indices=1135, task_goal='pick up the red cube and place it on the target, repeating this action four times, then press the button to stop'
Episode 52: timesteps=286, exec_start=0, kept_indices=404, task_goal='pick up the red cube and place it on the target, then press the button to stop'
Episode 53: timesteps=405, exec_start=0, kept_indices=503, task_goal='pick up the blue cube and place it on the target, repeating this action two times, then press the button to stop'
Episode 54: timesteps=293, exec_start=0, kept_indices=437, task_goal='pick up the green cube and place it on the target, then press the button to stop'
Episode 55: timesteps=841, exec_start=0, kept_indices=919, task_goal='pick up the green cube and place it on the target, repeating this action five times, then press the button to stop'
Episode 56: timesteps=532, exec_start=0, kept_indices=781, task_goal='pick up the green cube and place it on the target, repeating this action three times, then press the button to stop'
Episode 57: timesteps=581, exec_start=0, kept_indices=652, task_goal='pick up the blue cube and place it on the target, repeating this action three times, then press the button to stop'
Episode 58: timesteps=316, exec_start=0, kept_indices=317, task_goal='pick up the blue cube and place it on the target, then press the button to stop'
Episode 59: timesteps=720, exec_start=0, kept_indices=745, task_goal='pick up the green cube and place it on the target, repeating this action four times, then press the button to stop'
Episode 60: timesteps=439, exec_start=0, kept_indices=532, task_goal='pick up the blue cube and place it on the target, repeating this action two times, then press the button to stop'
Episode 61: timesteps=315, exec_start=0, kept_indices=399, task_goal='pick up the blue cube and place it on the target, then press the button to stop'
Episode 62: timesteps=437, exec_start=0, kept_indices=468, task_goal='pick up the red cube and place it on the target, repeating this action two times, then press the button to stop'
Episode 63: timesteps=833, exec_start=0, kept_indices=606, task_goal='pick up the green cube and place it on the target, repeating this action four times, then press the button to stop'
Episode 64: timesteps=432, exec_start=0, kept_indices=598, task_goal='pick up the blue cube and place it on the target, repeating this action two times, then press the button to stop'
Episode 65: timesteps=431, exec_start=0, kept_indices=456, task_goal='pick up the red cube and place it on the target, repeating this action two times, then press the button to stop'
Episode 66: timesteps=573, exec_start=0, kept_indices=776, task_goal='pick up the red cube and place it on the target, repeating this action three times, then press the button to stop'
Episode 67: timesteps=890, exec_start=0, kept_indices=1109, task_goal='pick up the blue cube and place it on the target, repeating this action five times, then press the button to stop'
Episode 68: timesteps=555, exec_start=0, kept_indices=793, task_goal='pick up the blue cube and place it on the target, repeating this action three times, then press the button to stop'
Episode 69: timesteps=591, exec_start=0, kept_indices=791, task_goal='pick up the blue cube and place it on the target, repeating this action three times, then press the button to stop'
Episode 70: timesteps=303, exec_start=0, kept_indices=374, task_goal='pick up the red cube and place it on the target, then press the button to stop'
Episode 71: timesteps=824, exec_start=0, kept_indices=638, task_goal='pick up the blue cube and place it on the target, repeating this action four times, then press the button to stop'
Episode 72: timesteps=279, exec_start=0, kept_indices=343, task_goal='pick up the blue cube and place it on the target, then press the button to stop'
Episode 73: timesteps=560, exec_start=0, kept_indices=630, task_goal='pick up the blue cube and place it on the target, repeating this action three times, then press the button to stop'
Episode 74: timesteps=546, exec_start=0, kept_indices=740, task_goal='pick up the blue cube and place it on the target, repeating this action three times, then press the button to stop'
Episode 75: timesteps=715, exec_start=0, kept_indices=943, task_goal='pick up the red cube and place it on the target, repeating this action four times, then press the button to stop'
Episode 76: timesteps=303, exec_start=0, kept_indices=349, task_goal='pick up the blue cube and place it on the target, then press the button to stop'
Episode 77: timesteps=438, exec_start=0, kept_indices=482, task_goal='pick up the green cube and place it on the target, repeating this action two times, then press the button to stop'
Episode 78: timesteps=318, exec_start=0, kept_indices=271, task_goal='pick up the blue cube and place it on the target, then press the button to stop'
Episode 79: timesteps=696, exec_start=0, kept_indices=645, task_goal='pick up the blue cube and place it on the target, repeating this action four times, then press the button to stop'
Episode 80: timesteps=323, exec_start=0, kept_indices=338, task_goal='pick up the blue cube and place it on the target, then press the button to stop'
Episode 81: timesteps=564, exec_start=0, kept_indices=755, task_goal='pick up the blue cube and place it on the target, repeating this action three times, then press the button to stop'
Episode 82: timesteps=451, exec_start=0, kept_indices=584, task_goal='pick up the blue cube and place it on the target, repeating this action two times, then press the button to stop'
Episode 83: timesteps=723, exec_start=0, kept_indices=874, task_goal='pick up the red cube and place it on the target, repeating this action four times, then press the button to stop'
Episode 84: timesteps=296, exec_start=0, kept_indices=353, task_goal='pick up the green cube and place it on the target, then press the button to stop'
Episode 85: timesteps=539, exec_start=0, kept_indices=865, task_goal='pick up the green cube and place it on the target, repeating this action three times, then press the button to stop'
Episode 86: timesteps=275, exec_start=0, kept_indices=313, task_goal='pick up the red cube and place it on the target, then press the button to stop'
Episode 87: timesteps=863, exec_start=0, kept_indices=956, task_goal='pick up the blue cube and place it on the target, repeating this action five times, then press the button to stop'
Episode 88: timesteps=560, exec_start=0, kept_indices=798, task_goal='pick up the blue cube and place it on the target, repeating this action three times, then press the button to stop'
Episode 89: timesteps=307, exec_start=0, kept_indices=370, task_goal='pick up the green cube and place it on the target, then press the button to stop'
Episode 90: timesteps=593, exec_start=0, kept_indices=585, task_goal='pick up the blue cube and place it on the target, repeating this action three times, then press the button to stop'
Episode 91: timesteps=864, exec_start=0, kept_indices=861, task_goal='pick up the red cube and place it on the target, repeating this action five times, then press the button to stop'
Episode 92: timesteps=450, exec_start=0, kept_indices=598, task_goal='pick up the blue cube and place it on the target, repeating this action two times, then press the button to stop'
Episode 93: timesteps=472, exec_start=0, kept_indices=391, task_goal='pick up the red cube and place it on the target, repeating this action two times, then press the button to stop'
Episode 94: timesteps=554, exec_start=0, kept_indices=720, task_goal='pick up the red cube and place it on the target, repeating this action three times, then press the button to stop'
Episode 95: timesteps=807, exec_start=0, kept_indices=1350, task_goal='pick up the red cube and place it on the target, repeating this action five times, then press the button to stop'
Episode 96: timesteps=449, exec_start=0, kept_indices=426, task_goal='pick up the red cube and place it on the target, repeating this action two times, then press the button to stop'
Episode 97: timesteps=437, exec_start=0, kept_indices=537, task_goal='pick up the green cube and place it on the target, repeating this action two times, then press the button to stop'
Episode 98: timesteps=309, exec_start=0, kept_indices=293, task_goal='pick up the green cube and place it on the target, then press the button to stop'
Episode 99: timesteps=884, exec_start=0, kept_indices=701, task_goal='pick up the green cube and place it on the target, repeating this action five times, then press the button to stop'
Done in 26.17 minutes
