Job 10: processing SwingXtimes
  h5_file:    data/robomme_data_h5/record_dataset_SwingXtimes.h5
  output_dir: data/robomme_preprocessed_data/per_task/SwingXtimes
  hostname:   cyborg.cc.gatech.edu
  started:    Fri Apr 17 05:07:09 PM EDT 2026
Processing file: record_dataset_SwingXtimes.h5
Episode 0: timesteps=482, exec_start=0, kept_indices=471, task_goal='pick up the red cube, move it to the top of the right-side target, then move it to the top of the left-side target, repeating this back and forth motion two times, finally press the button to stop'
Episode 1: timesteps=608, exec_start=0, kept_indices=768, task_goal='pick up the green cube, move it to the top of the right-side target, then move it to the top of the left-side target, repeating this back and forth motion three times, finally press the button to stop'
Episode 2: timesteps=396, exec_start=0, kept_indices=358, task_goal='pick up the green cube, move it to the top of the right-side target, then put it down on the left-side target, finally press the button to stop'
Episode 3: timesteps=535, exec_start=0, kept_indices=787, task_goal='pick up the red cube, move it to the top of the right-side target, then move it to the top of the left-side target, repeating this back and forth motion three times, finally press the button to stop'
Episode 4: timesteps=488, exec_start=0, kept_indices=505, task_goal='pick up the blue cube, move it to the top of the right-side target, then move it to the top of the left-side target, repeating this back and forth motion two times, finally press the button to stop'
Episode 5: timesteps=490, exec_start=0, kept_indices=523, task_goal='pick up the green cube, move it to the top of the right-side target, then move it to the top of the left-side target, repeating this back and forth motion two times, finally press the button to stop'
Episode 6: timesteps=392, exec_start=0, kept_indices=555, task_goal='pick up the red cube, move it to the top of the right-side target, then move it to the top of the left-side target, repeating this back and forth motion two times, finally press the button to stop'
Episode 7: timesteps=504, exec_start=0, kept_indices=666, task_goal='pick up the blue cube, move it to the top of the right-side target, then move it to the top of the left-side target, repeating this back and forth motion three times, finally press the button to stop'
Episode 8: timesteps=538, exec_start=0, kept_indices=546, task_goal='pick up the blue cube, move it to the top of the right-side target, then move it to the top of the left-side target, repeating this back and forth motion three times, finally press the button to stop'
Episode 9: timesteps=343, exec_start=0, kept_indices=366, task_goal='pick up the red cube, move it to the top of the right-side target, then put it down on the left-side target, finally press the button to stop'
Episode 10: timesteps=380, exec_start=0, kept_indices=451, task_goal='pick up the green cube, move it to the top of the right-side target, then move it to the top of the left-side target, repeating this back and forth motion two times, finally press the button to stop'
Episode 11: timesteps=486, exec_start=0, kept_indices=584, task_goal='pick up the blue cube, move it to the top of the right-side target, then move it to the top of the left-side target, repeating this back and forth motion three times, finally press the button to stop'
Episode 12: timesteps=461, exec_start=0, kept_indices=509, task_goal='pick up the green cube, move it to the top of the right-side target, then move it to the top of the left-side target, repeating this back and forth motion three times, finally press the button to stop'
Episode 13: timesteps=390, exec_start=0, kept_indices=459, task_goal='pick up the red cube, move it to the top of the right-side target, then move it to the top of the left-side target, repeating this back and forth motion two times, finally press the button to stop'
Episode 14: timesteps=401, exec_start=0, kept_indices=469, task_goal='pick up the green cube, move it to the top of the right-side target, then move it to the top of the left-side target, repeating this back and forth motion two times, finally press the button to stop'
Episode 15: timesteps=485, exec_start=0, kept_indices=653, task_goal='pick up the green cube, move it to the top of the right-side target, then move it to the top of the left-side target, repeating this back and forth motion three times, finally press the button to stop'
Episode 16: timesteps=547, exec_start=0, kept_indices=660, task_goal='pick up the blue cube, move it to the top of the right-side target, then move it to the top of the left-side target, repeating this back and forth motion three times, finally press the button to stop'
Episode 17: timesteps=302, exec_start=0, kept_indices=338, task_goal='pick up the blue cube, move it to the top of the right-side target, then put it down on the left-side target, finally press the button to stop'
Episode 18: timesteps=417, exec_start=0, kept_indices=433, task_goal='pick up the blue cube, move it to the top of the right-side target, then move it to the top of the left-side target, repeating this back and forth motion two times, finally press the button to stop'
Episode 19: timesteps=466, exec_start=0, kept_indices=571, task_goal='pick up the green cube, move it to the top of the right-side target, then move it to the top of the left-side target, repeating this back and forth motion three times, finally press the button to stop'
Episode 20: timesteps=334, exec_start=0, kept_indices=370, task_goal='pick up the green cube, move it to the top of the right-side target, then put it down on the left-side target, finally press the button to stop'
Episode 21: timesteps=311, exec_start=0, kept_indices=414, task_goal='pick up the blue cube, move it to the top of the right-side target, then put it down on the left-side target, finally press the button to stop'
Episode 22: timesteps=333, exec_start=0, kept_indices=344, task_goal='pick up the red cube, move it to the top of the right-side target, then put it down on the left-side target, finally press the button to stop'
Episode 23: timesteps=493, exec_start=0, kept_indices=581, task_goal='pick up the blue cube, move it to the top of the right-side target, then move it to the top of the left-side target, repeating this back and forth motion three times, finally press the button to stop'
Episode 24: timesteps=337, exec_start=0, kept_indices=393, task_goal='pick up the red cube, move it to the top of the right-side target, then put it down on the left-side target, finally press the button to stop'
Episode 25: timesteps=535, exec_start=0, kept_indices=599, task_goal='pick up the green cube, move it to the top of the right-side target, then move it to the top of the left-side target, repeating this back and forth motion three times, finally press the button to stop'
Episode 26: timesteps=398, exec_start=0, kept_indices=407, task_goal='pick up the red cube, move it to the top of the right-side target, then move it to the top of the left-side target, repeating this back and forth motion two times, finally press the button to stop'
Episode 27: timesteps=459, exec_start=0, kept_indices=637, task_goal='pick up the green cube, move it to the top of the right-side target, then move it to the top of the left-side target, repeating this back and forth motion three times, finally press the button to stop'
Episode 28: timesteps=482, exec_start=0, kept_indices=666, task_goal='pick up the red cube, move it to the top of the right-side target, then move it to the top of the left-side target, repeating this back and forth motion three times, finally press the button to stop'
Episode 29: timesteps=379, exec_start=0, kept_indices=445, task_goal='pick up the green cube, move it to the top of the right-side target, then move it to the top of the left-side target, repeating this back and forth motion two times, finally press the button to stop'
Episode 30: timesteps=307, exec_start=0, kept_indices=381, task_goal='pick up the red cube, move it to the top of the right-side target, then put it down on the left-side target, finally press the button to stop'
Episode 31: timesteps=490, exec_start=0, kept_indices=594, task_goal='pick up the red cube, move it to the top of the right-side target, then move it to the top of the left-side target, repeating this back and forth motion three times, finally press the button to stop'
Episode 32: timesteps=313, exec_start=0, kept_indices=409, task_goal='pick up the red cube, move it to the top of the right-side target, then put it down on the left-side target, finally press the button to stop'
Episode 33: timesteps=378, exec_start=0, kept_indices=484, task_goal='pick up the blue cube, move it to the top of the right-side target, then move it to the top of the left-side target, repeating this back and forth motion two times, finally press the button to stop'
Episode 34: timesteps=331, exec_start=0, kept_indices=451, task_goal='pick up the green cube, move it to the top of the right-side target, then put it down on the left-side target, finally press the button to stop'
Episode 35: timesteps=449, exec_start=0, kept_indices=638, task_goal='pick up the green cube, move it to the top of the right-side target, then move it to the top of the left-side target, repeating this back and forth motion three times, finally press the button to stop'
Episode 36: timesteps=475, exec_start=0, kept_indices=611, task_goal='pick up the green cube, move it to the top of the right-side target, then move it to the top of the left-side target, repeating this back and forth motion three times, finally press the button to stop'
Episode 37: timesteps=465, exec_start=0, kept_indices=568, task_goal='pick up the blue cube, move it to the top of the right-side target, then move it to the top of the left-side target, repeating this back and forth motion three times, finally press the button to stop'
Episode 38: timesteps=345, exec_start=0, kept_indices=481, task_goal='pick up the green cube, move it to the top of the right-side target, then put it down on the left-side target, finally press the button to stop'
Episode 39: timesteps=453, exec_start=0, kept_indices=653, task_goal='pick up the red cube, move it to the top of the right-side target, then move it to the top of the left-side target, repeating this back and forth motion three times, finally press the button to stop'
Episode 40: timesteps=392, exec_start=0, kept_indices=454, task_goal='pick up the blue cube, move it to the top of the right-side target, then move it to the top of the left-side target, repeating this back and forth motion two times, finally press the button to stop'
Episode 41: timesteps=359, exec_start=0, kept_indices=348, task_goal='pick up the blue cube, move it to the top of the right-side target, then put it down on the left-side target, finally press the button to stop'
Episode 42: timesteps=393, exec_start=0, kept_indices=556, task_goal='pick up the blue cube, move it to the top of the right-side target, then move it to the top of the left-side target, repeating this back and forth motion two times, finally press the button to stop'
Episode 43: timesteps=499, exec_start=0, kept_indices=605, task_goal='pick up the red cube, move it to the top of the right-side target, then move it to the top of the left-side target, repeating this back and forth motion three times, finally press the button to stop'
Episode 44: timesteps=411, exec_start=0, kept_indices=454, task_goal='pick up the blue cube, move it to the top of the right-side target, then move it to the top of the left-side target, repeating this back and forth motion two times, finally press the button to stop'
Episode 45: timesteps=422, exec_start=0, kept_indices=481, task_goal='pick up the red cube, move it to the top of the right-side target, then move it to the top of the left-side target, repeating this back and forth motion two times, finally press the button to stop'
Episode 46: timesteps=349, exec_start=0, kept_indices=337, task_goal='pick up the red cube, move it to the top of the right-side target, then put it down on the left-side target, finally press the button to stop'
Episode 47: timesteps=538, exec_start=0, kept_indices=548, task_goal='pick up the blue cube, move it to the top of the right-side target, then move it to the top of the left-side target, repeating this back and forth motion three times, finally press the button to stop'
Episode 48: timesteps=492, exec_start=0, kept_indices=630, task_goal='pick up the blue cube, move it to the top of the right-side target, then move it to the top of the left-side target, repeating this back and forth motion three times, finally press the button to stop'
Episode 49: timesteps=536, exec_start=0, kept_indices=586, task_goal='pick up the blue cube, move it to the top of the right-side target, then move it to the top of the left-side target, repeating this back and forth motion three times, finally press the button to stop'
Episode 50: timesteps=324, exec_start=0, kept_indices=487, task_goal='pick up the blue cube, move it to the top of the right-side target, then put it down on the left-side target, finally press the button to stop'
Episode 51: timesteps=453, exec_start=0, kept_indices=572, task_goal='pick up the blue cube, move it to the top of the right-side target, then move it to the top of the left-side target, repeating this back and forth motion three times, finally press the button to stop'
Episode 52: timesteps=296, exec_start=0, kept_indices=369, task_goal='pick up the blue cube, move it to the top of the right-side target, then put it down on the left-side target, finally press the button to stop'
Episode 53: timesteps=467, exec_start=0, kept_indices=546, task_goal='pick up the blue cube, move it to the top of the right-side target, then move it to the top of the left-side target, repeating this back and forth motion three times, finally press the button to stop'
Episode 54: timesteps=471, exec_start=0, kept_indices=440, task_goal='pick up the red cube, move it to the top of the right-side target, then move it to the top of the left-side target, repeating this back and forth motion two times, finally press the button to stop'
Episode 55: timesteps=524, exec_start=0, kept_indices=643, task_goal='pick up the red cube, move it to the top of the right-side target, then move it to the top of the left-side target, repeating this back and forth motion three times, finally press the button to stop'
Episode 56: timesteps=322, exec_start=0, kept_indices=351, task_goal='pick up the blue cube, move it to the top of the right-side target, then put it down on the left-side target, finally press the button to stop'
Episode 57: timesteps=407, exec_start=0, kept_indices=509, task_goal='pick up the green cube, move it to the top of the right-side target, then move it to the top of the left-side target, repeating this back and forth motion two times, finally press the button to stop'
Episode 58: timesteps=312, exec_start=0, kept_indices=427, task_goal='pick up the red cube, move it to the top of the right-side target, then put it down on the left-side target, finally press the button to stop'
Episode 59: timesteps=488, exec_start=0, kept_indices=559, task_goal='pick up the blue cube, move it to the top of the right-side target, then move it to the top of the left-side target, repeating this back and forth motion three times, finally press the button to stop'
Episode 60: timesteps=408, exec_start=0, kept_indices=471, task_goal='pick up the red cube, move it to the top of the right-side target, then move it to the top of the left-side target, repeating this back and forth motion two times, finally press the button to stop'
Episode 61: timesteps=494, exec_start=0, kept_indices=578, task_goal='pick up the blue cube, move it to the top of the right-side target, then move it to the top of the left-side target, repeating this back and forth motion three times, finally press the button to stop'
Episode 62: timesteps=423, exec_start=0, kept_indices=525, task_goal='pick up the red cube, move it to the top of the right-side target, then move it to the top of the left-side target, repeating this back and forth motion two times, finally press the button to stop'
Episode 63: timesteps=492, exec_start=0, kept_indices=636, task_goal='pick up the red cube, move it to the top of the right-side target, then move it to the top of the left-side target, repeating this back and forth motion three times, finally press the button to stop'
Episode 64: timesteps=392, exec_start=0, kept_indices=313, task_goal='pick up the green cube, move it to the top of the right-side target, then put it down on the left-side target, finally press the button to stop'
Episode 65: timesteps=433, exec_start=0, kept_indices=672, task_goal='pick up the green cube, move it to the top of the right-side target, then move it to the top of the left-side target, repeating this back and forth motion three times, finally press the button to stop'
Episode 66: timesteps=395, exec_start=0, kept_indices=434, task_goal='pick up the blue cube, move it to the top of the right-side target, then move it to the top of the left-side target, repeating this back and forth motion two times, finally press the button to stop'
Episode 67: timesteps=570, exec_start=0, kept_indices=562, task_goal='pick up the green cube, move it to the top of the right-side target, then move it to the top of the left-side target, repeating this back and forth motion three times, finally press the button to stop'
Episode 68: timesteps=478, exec_start=0, kept_indices=642, task_goal='pick up the blue cube, move it to the top of the right-side target, then move it to the top of the left-side target, repeating this back and forth motion three times, finally press the button to stop'
Episode 69: timesteps=338, exec_start=0, kept_indices=453, task_goal='pick up the green cube, move it to the top of the right-side target, then put it down on the left-side target, finally press the button to stop'
Episode 70: timesteps=358, exec_start=0, kept_indices=534, task_goal='pick up the green cube, move it to the top of the right-side target, then put it down on the left-side target, finally press the button to stop'
Episode 71: timesteps=490, exec_start=0, kept_indices=611, task_goal='pick up the blue cube, move it to the top of the right-side target, then move it to the top of the left-side target, repeating this back and forth motion three times, finally press the button to stop'
Episode 72: timesteps=412, exec_start=0, kept_indices=654, task_goal='pick up the blue cube, move it to the top of the right-side target, then move it to the top of the left-side target, repeating this back and forth motion two times, finally press the button to stop'
Episode 73: timesteps=391, exec_start=0, kept_indices=431, task_goal='pick up the red cube, move it to the top of the right-side target, then move it to the top of the left-side target, repeating this back and forth motion two times, finally press the button to stop'
Episode 74: timesteps=410, exec_start=0, kept_indices=487, task_goal='pick up the red cube, move it to the top of the right-side target, then move it to the top of the left-side target, repeating this back and forth motion two times, finally press the button to stop'
Episode 75: timesteps=497, exec_start=0, kept_indices=712, task_goal='pick up the red cube, move it to the top of the right-side target, then move it to the top of the left-side target, repeating this back and forth motion three times, finally press the button to stop'
Episode 76: timesteps=428, exec_start=0, kept_indices=446, task_goal='pick up the red cube, move it to the top of the right-side target, then move it to the top of the left-side target, repeating this back and forth motion two times, finally press the button to stop'
Episode 77: timesteps=420, exec_start=0, kept_indices=434, task_goal='pick up the green cube, move it to the top of the right-side target, then move it to the top of the left-side target, repeating this back and forth motion two times, finally press the button to stop'
Episode 78: timesteps=328, exec_start=0, kept_indices=370, task_goal='pick up the blue cube, move it to the top of the right-side target, then put it down on the left-side target, finally press the button to stop'
Episode 79: timesteps=464, exec_start=0, kept_indices=603, task_goal='pick up the red cube, move it to the top of the right-side target, then move it to the top of the left-side target, repeating this back and forth motion three times, finally press the button to stop'
Episode 80: timesteps=523, exec_start=0, kept_indices=574, task_goal='pick up the red cube, move it to the top of the right-side target, then move it to the top of the left-side target, repeating this back and forth motion three times, finally press the button to stop'
Episode 81: timesteps=397, exec_start=0, kept_indices=436, task_goal='pick up the green cube, move it to the top of the right-side target, then move it to the top of the left-side target, repeating this back and forth motion two times, finally press the button to stop'
Episode 82: timesteps=386, exec_start=0, kept_indices=486, task_goal='pick up the blue cube, move it to the top of the right-side target, then move it to the top of the left-side target, repeating this back and forth motion two times, finally press the button to stop'
Episode 83: timesteps=555, exec_start=0, kept_indices=530, task_goal='pick up the green cube, move it to the top of the right-side target, then move it to the top of the left-side target, repeating this back and forth motion three times, finally press the button to stop'
Episode 84: timesteps=456, exec_start=0, kept_indices=454, task_goal='pick up the green cube, move it to the top of the right-side target, then move it to the top of the left-side target, repeating this back and forth motion two times, finally press the button to stop'
Episode 85: timesteps=335, exec_start=0, kept_indices=356, task_goal='pick up the red cube, move it to the top of the right-side target, then put it down on the left-side target, finally press the button to stop'
Episode 86: timesteps=439, exec_start=0, kept_indices=414, task_goal='pick up the green cube, move it to the top of the right-side target, then move it to the top of the left-side target, repeating this back and forth motion two times, finally press the button to stop'
Episode 87: timesteps=462, exec_start=0, kept_indices=463, task_goal='pick up the red cube, move it to the top of the right-side target, then move it to the top of the left-side target, repeating this back and forth motion three times, finally press the button to stop'
Episode 88: timesteps=445, exec_start=0, kept_indices=587, task_goal='pick up the blue cube, move it to the top of the right-side target, then move it to the top of the left-side target, repeating this back and forth motion three times, finally press the button to stop'
Episode 89: timesteps=506, exec_start=0, kept_indices=548, task_goal='pick up the red cube, move it to the top of the right-side target, then move it to the top of the left-side target, repeating this back and forth motion three times, finally press the button to stop'
Episode 90: timesteps=438, exec_start=0, kept_indices=401, task_goal='pick up the red cube, move it to the top of the right-side target, then move it to the top of the left-side target, repeating this back and forth motion two times, finally press the button to stop'
Episode 91: timesteps=459, exec_start=0, kept_indices=583, task_goal='pick up the red cube, move it to the top of the right-side target, then move it to the top of the left-side target, repeating this back and forth motion three times, finally press the button to stop'
Episode 92: timesteps=476, exec_start=0, kept_indices=669, task_goal='pick up the green cube, move it to the top of the right-side target, then move it to the top of the left-side target, repeating this back and forth motion three times, finally press the button to stop'
Episode 93: timesteps=491, exec_start=0, kept_indices=551, task_goal='pick up the blue cube, move it to the top of the right-side target, then move it to the top of the left-side target, repeating this back and forth motion three times, finally press the button to stop'
Episode 94: timesteps=403, exec_start=0, kept_indices=581, task_goal='pick up the green cube, move it to the top of the right-side target, then move it to the top of the left-side target, repeating this back and forth motion two times, finally press the button to stop'
Episode 95: timesteps=473, exec_start=0, kept_indices=611, task_goal='pick up the blue cube, move it to the top of the right-side target, then move it to the top of the left-side target, repeating this back and forth motion three times, finally press the button to stop'
Episode 96: timesteps=522, exec_start=0, kept_indices=620, task_goal='pick up the blue cube, move it to the top of the right-side target, then move it to the top of the left-side target, repeating this back and forth motion three times, finally press the button to stop'
Episode 97: timesteps=562, exec_start=0, kept_indices=547, task_goal='pick up the green cube, move it to the top of the right-side target, then move it to the top of the left-side target, repeating this back and forth motion three times, finally press the button to stop'
Episode 98: timesteps=365, exec_start=0, kept_indices=349, task_goal='pick up the green cube, move it to the top of the right-side target, then put it down on the left-side target, finally press the button to stop'
Episode 99: timesteps=472, exec_start=0, kept_indices=523, task_goal='pick up the red cube, move it to the top of the right-side target, then move it to the top of the left-side target, repeating this back and forth motion three times, finally press the button to stop'
Done in 20.99 minutes
