Job 14: processing VideoUnmask
  h5_file:    data/robomme_data_h5/record_dataset_VideoUnmask.h5
  output_dir: data/robomme_preprocessed_data/per_task/VideoUnmask
  hostname:   samantha.cc.gatech.edu
  started:    Fri Apr 17 05:09:12 PM EDT 2026
Processing file: record_dataset_VideoUnmask.h5
Episode 0: timesteps=239, exec_start=66, kept_indices=363, task_goal='watch the video carefully, then pick up the container hiding the blue cube'
Episode 1: timesteps=225, exec_start=66, kept_indices=240, task_goal='watch the video carefully, then pick up the container hiding the green cube'
Episode 2: timesteps=228, exec_start=66, kept_indices=237, task_goal='watch the video carefully, then pick up the container hiding the red cube'
Episode 3: timesteps=399, exec_start=66, kept_indices=582, task_goal='watch the video carefully, then pick up the container hiding the green cube, finally pick up another container hiding the blue cube'
Episode 4: timesteps=263, exec_start=66, kept_indices=218, task_goal='watch the video carefully, then pick up the container hiding the blue cube'
Episode 5: timesteps=252, exec_start=66, kept_indices=533, task_goal='watch the video carefully, then pick up the container hiding the blue cube'
Episode 6: timesteps=173, exec_start=66, kept_indices=243, task_goal='watch the video carefully, then pick up the container hiding the green cube'
Episode 7: timesteps=338, exec_start=66, kept_indices=280, task_goal='watch the video carefully, then pick up the container hiding the blue cube, finally pick up another container hiding the red cube'
Episode 8: timesteps=165, exec_start=66, kept_indices=158, task_goal='watch the video carefully, then pick up the container hiding the red cube'
Episode 9: timesteps=183, exec_start=66, kept_indices=240, task_goal='watch the video carefully, then pick up the container hiding the green cube'
Episode 10: timesteps=168, exec_start=66, kept_indices=156, task_goal='watch the video carefully, then pick up the container hiding the red cube'
Episode 11: timesteps=313, exec_start=66, kept_indices=462, task_goal='watch the video carefully, then pick up the container hiding the green cube, finally pick up another container hiding the blue cube'
Episode 12: timesteps=181, exec_start=66, kept_indices=173, task_goal='watch the video carefully, then pick up the container hiding the red cube'
Episode 13: timesteps=178, exec_start=66, kept_indices=149, task_goal='watch the video carefully, then pick up the container hiding the green cube'
Episode 14: timesteps=177, exec_start=66, kept_indices=163, task_goal='watch the video carefully, then pick up the container hiding the red cube'
Episode 15: timesteps=330, exec_start=66, kept_indices=464, task_goal='watch the video carefully, then pick up the container hiding the blue cube, finally pick up another container hiding the green cube'
Episode 16: timesteps=178, exec_start=66, kept_indices=172, task_goal='watch the video carefully, then pick up the container hiding the red cube'
Episode 17: timesteps=168, exec_start=66, kept_indices=176, task_goal='watch the video carefully, then pick up the container hiding the red cube'
Episode 18: timesteps=186, exec_start=66, kept_indices=132, task_goal='watch the video carefully, then pick up the container hiding the red cube'
Episode 19: timesteps=332, exec_start=66, kept_indices=394, task_goal='watch the video carefully, then pick up the container hiding the red cube, finally pick up another container hiding the green cube'
Episode 20: timesteps=164, exec_start=66, kept_indices=169, task_goal='watch the video carefully, then pick up the container hiding the green cube'
Episode 21: timesteps=172, exec_start=66, kept_indices=189, task_goal='watch the video carefully, then pick up the container hiding the green cube'
Episode 22: timesteps=175, exec_start=66, kept_indices=267, task_goal='watch the video carefully, then pick up the container hiding the red cube'
Episode 23: timesteps=319, exec_start=66, kept_indices=322, task_goal='watch the video carefully, then pick up the container hiding the red cube, finally pick up another container hiding the green cube'
Episode 24: timesteps=167, exec_start=66, kept_indices=188, task_goal='watch the video carefully, then pick up the container hiding the green cube'
Episode 25: timesteps=176, exec_start=66, kept_indices=262, task_goal='watch the video carefully, then pick up the container hiding the red cube'
Episode 26: timesteps=165, exec_start=66, kept_indices=171, task_goal='watch the video carefully, then pick up the container hiding the green cube'
Episode 27: timesteps=324, exec_start=66, kept_indices=478, task_goal='watch the video carefully, then pick up the container hiding the blue cube, finally pick up another container hiding the green cube'
Episode 28: timesteps=191, exec_start=66, kept_indices=217, task_goal='watch the video carefully, then pick up the container hiding the red cube'
Episode 29: timesteps=174, exec_start=66, kept_indices=224, task_goal='watch the video carefully, then pick up the container hiding the red cube'
Episode 30: timesteps=176, exec_start=66, kept_indices=270, task_goal='watch the video carefully, then pick up the container hiding the green cube'
Episode 31: timesteps=336, exec_start=66, kept_indices=413, task_goal='watch the video carefully, then pick up the container hiding the red cube, finally pick up another container hiding the green cube'
Episode 32: timesteps=167, exec_start=66, kept_indices=180, task_goal='watch the video carefully, then pick up the container hiding the blue cube'
Episode 33: timesteps=182, exec_start=66, kept_indices=135, task_goal='watch the video carefully, then pick up the container hiding the red cube'
Episode 34: timesteps=165, exec_start=66, kept_indices=189, task_goal='watch the video carefully, then pick up the container hiding the blue cube'
Episode 35: timesteps=329, exec_start=66, kept_indices=443, task_goal='watch the video carefully, then pick up the container hiding the green cube, finally pick up another container hiding the blue cube'
Episode 36: timesteps=170, exec_start=66, kept_indices=181, task_goal='watch the video carefully, then pick up the container hiding the blue cube'
Episode 37: timesteps=167, exec_start=66, kept_indices=257, task_goal='watch the video carefully, then pick up the container hiding the blue cube'
Episode 38: timesteps=170, exec_start=66, kept_indices=226, task_goal='watch the video carefully, then pick up the container hiding the green cube'
Episode 39: timesteps=338, exec_start=66, kept_indices=311, task_goal='watch the video carefully, then pick up the container hiding the blue cube, finally pick up another container hiding the red cube'
Episode 40: timesteps=167, exec_start=66, kept_indices=183, task_goal='watch the video carefully, then pick up the container hiding the green cube'
Episode 41: timesteps=173, exec_start=66, kept_indices=154, task_goal='watch the video carefully, then pick up the container hiding the red cube'
Episode 42: timesteps=189, exec_start=66, kept_indices=153, task_goal='watch the video carefully, then pick up the container hiding the red cube'
Episode 43: timesteps=339, exec_start=66, kept_indices=416, task_goal='watch the video carefully, then pick up the container hiding the red cube, finally pick up another container hiding the blue cube'
Episode 44: timesteps=164, exec_start=66, kept_indices=195, task_goal='watch the video carefully, then pick up the container hiding the blue cube'
Episode 45: timesteps=170, exec_start=66, kept_indices=225, task_goal='watch the video carefully, then pick up the container hiding the green cube'
Episode 46: timesteps=176, exec_start=66, kept_indices=146, task_goal='watch the video carefully, then pick up the container hiding the green cube'
Episode 47: timesteps=326, exec_start=66, kept_indices=405, task_goal='watch the video carefully, then pick up the container hiding the red cube, finally pick up another container hiding the blue cube'
Episode 48: timesteps=183, exec_start=66, kept_indices=124, task_goal='watch the video carefully, then pick up the container hiding the red cube'
Episode 49: timesteps=165, exec_start=66, kept_indices=176, task_goal='watch the video carefully, then pick up the container hiding the red cube'
Episode 50: timesteps=182, exec_start=66, kept_indices=154, task_goal='watch the video carefully, then pick up the container hiding the blue cube'
Episode 51: timesteps=311, exec_start=66, kept_indices=385, task_goal='watch the video carefully, then pick up the container hiding the red cube, finally pick up another container hiding the green cube'
Episode 52: timesteps=176, exec_start=66, kept_indices=147, task_goal='watch the video carefully, then pick up the container hiding the red cube'
Episode 53: timesteps=183, exec_start=66, kept_indices=129, task_goal='watch the video carefully, then pick up the container hiding the blue cube'
Episode 54: timesteps=164, exec_start=66, kept_indices=172, task_goal='watch the video carefully, then pick up the container hiding the green cube'
Episode 55: timesteps=334, exec_start=66, kept_indices=417, task_goal='watch the video carefully, then pick up the container hiding the green cube, finally pick up another container hiding the blue cube'
Episode 56: timesteps=166, exec_start=66, kept_indices=191, task_goal='watch the video carefully, then pick up the container hiding the red cube'
Episode 57: timesteps=179, exec_start=66, kept_indices=159, task_goal='watch the video carefully, then pick up the container hiding the green cube'
Episode 58: timesteps=169, exec_start=66, kept_indices=218, task_goal='watch the video carefully, then pick up the container hiding the red cube'
Episode 59: timesteps=327, exec_start=66, kept_indices=391, task_goal='watch the video carefully, then pick up the container hiding the red cube, finally pick up another container hiding the green cube'
Episode 60: timesteps=173, exec_start=66, kept_indices=133, task_goal='watch the video carefully, then pick up the container hiding the blue cube'
Episode 61: timesteps=163, exec_start=66, kept_indices=195, task_goal='watch the video carefully, then pick up the container hiding the green cube'
Episode 62: timesteps=174, exec_start=66, kept_indices=230, task_goal='watch the video carefully, then pick up the container hiding the red cube'
Episode 63: timesteps=354, exec_start=66, kept_indices=385, task_goal='watch the video carefully, then pick up the container hiding the red cube, finally pick up another container hiding the blue cube'
Episode 64: timesteps=173, exec_start=66, kept_indices=212, task_goal='watch the video carefully, then pick up the container hiding the red cube'
Episode 65: timesteps=166, exec_start=66, kept_indices=183, task_goal='watch the video carefully, then pick up the container hiding the red cube'
Episode 66: timesteps=176, exec_start=66, kept_indices=269, task_goal='watch the video carefully, then pick up the container hiding the blue cube'
Episode 67: timesteps=320, exec_start=66, kept_indices=345, task_goal='watch the video carefully, then pick up the container hiding the red cube, finally pick up another container hiding the blue cube'
Episode 68: timesteps=165, exec_start=66, kept_indices=168, task_goal='watch the video carefully, then pick up the container hiding the red cube'
Episode 69: timesteps=183, exec_start=66, kept_indices=138, task_goal='watch the video carefully, then pick up the container hiding the red cube'
Episode 70: timesteps=166, exec_start=66, kept_indices=161, task_goal='watch the video carefully, then pick up the container hiding the red cube'
Episode 71: timesteps=325, exec_start=66, kept_indices=285, task_goal='watch the video carefully, then pick up the container hiding the blue cube, finally pick up another container hiding the green cube'
Episode 72: timesteps=176, exec_start=66, kept_indices=186, task_goal='watch the video carefully, then pick up the container hiding the red cube'
Episode 73: timesteps=179, exec_start=66, kept_indices=140, task_goal='watch the video carefully, then pick up the container hiding the red cube'
Episode 74: timesteps=173, exec_start=66, kept_indices=249, task_goal='watch the video carefully, then pick up the container hiding the green cube'
Episode 75: timesteps=325, exec_start=66, kept_indices=386, task_goal='watch the video carefully, then pick up the container hiding the green cube, finally pick up another container hiding the red cube'
Episode 76: timesteps=163, exec_start=66, kept_indices=223, task_goal='watch the video carefully, then pick up the container hiding the red cube'
Episode 77: timesteps=183, exec_start=66, kept_indices=134, task_goal='watch the video carefully, then pick up the container hiding the blue cube'
Episode 78: timesteps=166, exec_start=66, kept_indices=265, task_goal='watch the video carefully, then pick up the container hiding the green cube'
Episode 79: timesteps=320, exec_start=66, kept_indices=279, task_goal='watch the video carefully, then pick up the container hiding the green cube, finally pick up another container hiding the red cube'
Episode 80: timesteps=184, exec_start=66, kept_indices=149, task_goal='watch the video carefully, then pick up the container hiding the red cube'
Episode 81: timesteps=168, exec_start=66, kept_indices=169, task_goal='watch the video carefully, then pick up the container hiding the green cube'
Episode 82: timesteps=175, exec_start=66, kept_indices=226, task_goal='watch the video carefully, then pick up the container hiding the red cube'
Episode 83: timesteps=339, exec_start=66, kept_indices=358, task_goal='watch the video carefully, then pick up the container hiding the red cube, finally pick up another container hiding the green cube'
Episode 84: timesteps=168, exec_start=66, kept_indices=175, task_goal='watch the video carefully, then pick up the container hiding the red cube'
Episode 85: timesteps=177, exec_start=66, kept_indices=261, task_goal='watch the video carefully, then pick up the container hiding the green cube'
Episode 86: timesteps=188, exec_start=66, kept_indices=134, task_goal='watch the video carefully, then pick up the container hiding the green cube'
Episode 87: timesteps=330, exec_start=66, kept_indices=449, task_goal='watch the video carefully, then pick up the container hiding the red cube, finally pick up another container hiding the green cube'
Episode 88: timesteps=168, exec_start=66, kept_indices=204, task_goal='watch the video carefully, then pick up the container hiding the blue cube'
Episode 89: timesteps=190, exec_start=66, kept_indices=142, task_goal='watch the video carefully, then pick up the container hiding the red cube'
Episode 90: timesteps=176, exec_start=66, kept_indices=269, task_goal='watch the video carefully, then pick up the container hiding the green cube'
Episode 91: timesteps=335, exec_start=66, kept_indices=393, task_goal='watch the video carefully, then pick up the container hiding the green cube, finally pick up another container hiding the blue cube'
Episode 92: timesteps=185, exec_start=66, kept_indices=137, task_goal='watch the video carefully, then pick up the container hiding the green cube'
Episode 93: timesteps=186, exec_start=66, kept_indices=137, task_goal='watch the video carefully, then pick up the container hiding the red cube'
Episode 94: timesteps=177, exec_start=66, kept_indices=189, task_goal='watch the video carefully, then pick up the container hiding the green cube'
Episode 95: timesteps=324, exec_start=66, kept_indices=436, task_goal='watch the video carefully, then pick up the container hiding the red cube, finally pick up another container hiding the green cube'
Episode 96: timesteps=177, exec_start=66, kept_indices=157, task_goal='watch the video carefully, then pick up the container hiding the blue cube'
Episode 97: timesteps=174, exec_start=66, kept_indices=248, task_goal='watch the video carefully, then pick up the container hiding the green cube'
Episode 98: timesteps=169, exec_start=66, kept_indices=197, task_goal='watch the video carefully, then pick up the container hiding the blue cube'
Episode 99: timesteps=309, exec_start=66, kept_indices=314, task_goal='watch the video carefully, then pick up the container hiding the green cube, finally pick up another container hiding the red cube'
Done in 10.54 minutes
