Job 2: processing ButtonUnmaskSwap
  h5_file:    data/robomme_data_h5/record_dataset_ButtonUnmaskSwap.h5
  output_dir: data/robomme_preprocessed_data/per_task/ButtonUnmaskSwap
  hostname:   baymax.cc.gatech.edu
  started:    Fri Apr 17 05:07:09 PM EDT 2026
Processing file: record_dataset_ButtonUnmaskSwap.h5
Episode 0: timesteps=514, exec_start=0, kept_indices=651, task_goal='first press both buttons on the table, then pick up the container hiding the blue cube, finally pick up another container hiding the green cube'
Episode 1: timesteps=519, exec_start=0, kept_indices=685, task_goal='first press both buttons on the table, then pick up the container hiding the red cube, finally pick up another container hiding the green cube'
Episode 2: timesteps=361, exec_start=0, kept_indices=500, task_goal='first press both buttons on the table, then pick up the container hiding the green cube'
Episode 3: timesteps=555, exec_start=0, kept_indices=849, task_goal='first press both buttons on the table, then pick up the container hiding the green cube, finally pick up another container hiding the blue cube'
Episode 4: timesteps=532, exec_start=0, kept_indices=695, task_goal='first press both buttons on the table, then pick up the container hiding the blue cube, finally pick up another container hiding the green cube'
Episode 5: timesteps=387, exec_start=0, kept_indices=534, task_goal='first press both buttons on the table, then pick up the container hiding the red cube'
Episode 6: timesteps=303, exec_start=0, kept_indices=364, task_goal='first press both buttons on the table, then pick up the container hiding the red cube'
Episode 7: timesteps=451, exec_start=0, kept_indices=681, task_goal='first press both buttons on the table, then pick up the container hiding the green cube, finally pick up another container hiding the red cube'
Episode 8: timesteps=470, exec_start=0, kept_indices=625, task_goal='first press both buttons on the table, then pick up the container hiding the green cube, finally pick up another container hiding the red cube'
Episode 9: timesteps=440, exec_start=0, kept_indices=764, task_goal='first press both buttons on the table, then pick up the container hiding the green cube, finally pick up another container hiding the red cube'
Episode 10: timesteps=321, exec_start=0, kept_indices=382, task_goal='first press both buttons on the table, then pick up the container hiding the blue cube'
Episode 11: timesteps=454, exec_start=0, kept_indices=586, task_goal='first press both buttons on the table, then pick up the container hiding the green cube, finally pick up another container hiding the red cube'
Episode 12: timesteps=451, exec_start=0, kept_indices=732, task_goal='first press both buttons on the table, then pick up the container hiding the green cube, finally pick up another container hiding the blue cube'
Episode 13: timesteps=306, exec_start=0, kept_indices=460, task_goal='first press both buttons on the table, then pick up the container hiding the red cube'
Episode 14: timesteps=313, exec_start=0, kept_indices=501, task_goal='first press both buttons on the table, then pick up the container hiding the green cube'
Episode 15: timesteps=458, exec_start=0, kept_indices=610, task_goal='first press both buttons on the table, then pick up the container hiding the green cube, finally pick up another container hiding the blue cube'
Episode 16: timesteps=473, exec_start=0, kept_indices=611, task_goal='first press both buttons on the table, then pick up the container hiding the blue cube, finally pick up another container hiding the red cube'
Episode 17: timesteps=326, exec_start=0, kept_indices=345, task_goal='first press both buttons on the table, then pick up the container hiding the green cube'
Episode 18: timesteps=307, exec_start=0, kept_indices=392, task_goal='first press both buttons on the table, then pick up the container hiding the green cube'
Episode 19: timesteps=451, exec_start=0, kept_indices=757, task_goal='first press both buttons on the table, then pick up the container hiding the blue cube, finally pick up another container hiding the green cube'
Episode 20: timesteps=427, exec_start=0, kept_indices=515, task_goal='first press both buttons on the table, then pick up the container hiding the red cube, finally pick up another container hiding the blue cube'
Episode 21: timesteps=460, exec_start=0, kept_indices=648, task_goal='first press both buttons on the table, then pick up the container hiding the blue cube, finally pick up another container hiding the red cube'
Episode 22: timesteps=323, exec_start=0, kept_indices=442, task_goal='first press both buttons on the table, then pick up the container hiding the red cube'
Episode 23: timesteps=473, exec_start=0, kept_indices=657, task_goal='first press both buttons on the table, then pick up the container hiding the red cube, finally pick up another container hiding the blue cube'
Episode 24: timesteps=309, exec_start=0, kept_indices=380, task_goal='first press both buttons on the table, then pick up the container hiding the red cube'
Episode 25: timesteps=327, exec_start=0, kept_indices=517, task_goal='first press both buttons on the table, then pick up the container hiding the green cube'
Episode 26: timesteps=305, exec_start=0, kept_indices=393, task_goal='first press both buttons on the table, then pick up the container hiding the blue cube'
Episode 27: timesteps=447, exec_start=0, kept_indices=652, task_goal='first press both buttons on the table, then pick up the container hiding the red cube, finally pick up another container hiding the green cube'
Episode 28: timesteps=306, exec_start=0, kept_indices=384, task_goal='first press both buttons on the table, then pick up the container hiding the red cube'
Episode 29: timesteps=330, exec_start=0, kept_indices=392, task_goal='first press both buttons on the table, then pick up the container hiding the red cube'
Episode 30: timesteps=297, exec_start=0, kept_indices=353, task_goal='first press both buttons on the table, then pick up the container hiding the blue cube'
Episode 31: timesteps=460, exec_start=0, kept_indices=738, task_goal='first press both buttons on the table, then pick up the container hiding the red cube, finally pick up another container hiding the blue cube'
Episode 32: timesteps=309, exec_start=0, kept_indices=367, task_goal='first press both buttons on the table, then pick up the container hiding the green cube'
Episode 33: timesteps=460, exec_start=0, kept_indices=554, task_goal='first press both buttons on the table, then pick up the container hiding the green cube, finally pick up another container hiding the red cube'
Episode 34: timesteps=308, exec_start=0, kept_indices=414, task_goal='first press both buttons on the table, then pick up the container hiding the blue cube'
Episode 35: timesteps=472, exec_start=0, kept_indices=874, task_goal='first press both buttons on the table, then pick up the container hiding the red cube, finally pick up another container hiding the green cube'
Episode 36: timesteps=472, exec_start=0, kept_indices=670, task_goal='first press both buttons on the table, then pick up the container hiding the red cube, finally pick up another container hiding the green cube'
Episode 37: timesteps=443, exec_start=0, kept_indices=569, task_goal='first press both buttons on the table, then pick up the container hiding the red cube, finally pick up another container hiding the green cube'
Episode 38: timesteps=309, exec_start=0, kept_indices=383, task_goal='first press both buttons on the table, then pick up the container hiding the red cube'
Episode 39: timesteps=466, exec_start=0, kept_indices=854, task_goal='first press both buttons on the table, then pick up the container hiding the green cube, finally pick up another container hiding the blue cube'
Episode 40: timesteps=319, exec_start=0, kept_indices=375, task_goal='first press both buttons on the table, then pick up the container hiding the red cube'
Episode 41: timesteps=304, exec_start=0, kept_indices=410, task_goal='first press both buttons on the table, then pick up the container hiding the red cube'
Episode 42: timesteps=313, exec_start=0, kept_indices=411, task_goal='first press both buttons on the table, then pick up the container hiding the red cube'
Episode 43: timesteps=463, exec_start=0, kept_indices=687, task_goal='first press both buttons on the table, then pick up the container hiding the blue cube, finally pick up another container hiding the green cube'
Episode 44: timesteps=307, exec_start=0, kept_indices=353, task_goal='first press both buttons on the table, then pick up the container hiding the red cube'
Episode 45: timesteps=464, exec_start=0, kept_indices=606, task_goal='first press both buttons on the table, then pick up the container hiding the red cube, finally pick up another container hiding the blue cube'
Episode 46: timesteps=323, exec_start=0, kept_indices=477, task_goal='first press both buttons on the table, then pick up the container hiding the green cube'
Episode 47: timesteps=471, exec_start=0, kept_indices=664, task_goal='first press both buttons on the table, then pick up the container hiding the red cube, finally pick up another container hiding the green cube'
Episode 48: timesteps=450, exec_start=0, kept_indices=579, task_goal='first press both buttons on the table, then pick up the container hiding the green cube, finally pick up another container hiding the red cube'
Episode 49: timesteps=446, exec_start=0, kept_indices=640, task_goal='first press both buttons on the table, then pick up the container hiding the red cube, finally pick up another container hiding the green cube'
Episode 50: timesteps=313, exec_start=0, kept_indices=504, task_goal='first press both buttons on the table, then pick up the container hiding the blue cube'
Episode 51: timesteps=456, exec_start=0, kept_indices=759, task_goal='first press both buttons on the table, then pick up the container hiding the red cube, finally pick up another container hiding the blue cube'
Episode 52: timesteps=448, exec_start=0, kept_indices=644, task_goal='first press both buttons on the table, then pick up the container hiding the green cube, finally pick up another container hiding the blue cube'
Episode 53: timesteps=306, exec_start=0, kept_indices=354, task_goal='first press both buttons on the table, then pick up the container hiding the blue cube'
Episode 54: timesteps=320, exec_start=0, kept_indices=472, task_goal='first press both buttons on the table, then pick up the container hiding the green cube'
Episode 55: timesteps=451, exec_start=0, kept_indices=798, task_goal='first press both buttons on the table, then pick up the container hiding the red cube, finally pick up another container hiding the blue cube'
Episode 56: timesteps=438, exec_start=0, kept_indices=553, task_goal='first press both buttons on the table, then pick up the container hiding the blue cube, finally pick up another container hiding the red cube'
Episode 57: timesteps=443, exec_start=0, kept_indices=576, task_goal='first press both buttons on the table, then pick up the container hiding the green cube, finally pick up another container hiding the red cube'
Episode 58: timesteps=319, exec_start=0, kept_indices=411, task_goal='first press both buttons on the table, then pick up the container hiding the red cube'
Episode 59: timesteps=460, exec_start=0, kept_indices=647, task_goal='first press both buttons on the table, then pick up the container hiding the green cube, finally pick up another container hiding the blue cube'
Episode 60: timesteps=467, exec_start=0, kept_indices=590, task_goal='first press both buttons on the table, then pick up the container hiding the green cube, finally pick up another container hiding the blue cube'
Episode 61: timesteps=458, exec_start=0, kept_indices=672, task_goal='first press both buttons on the table, then pick up the container hiding the blue cube, finally pick up another container hiding the red cube'
Episode 62: timesteps=337, exec_start=0, kept_indices=474, task_goal='first press both buttons on the table, then pick up the container hiding the blue cube'
Episode 63: timesteps=468, exec_start=0, kept_indices=823, task_goal='first press both buttons on the table, then pick up the container hiding the red cube, finally pick up another container hiding the green cube'
Episode 64: timesteps=300, exec_start=0, kept_indices=362, task_goal='first press both buttons on the table, then pick up the container hiding the blue cube'
Episode 65: timesteps=455, exec_start=0, kept_indices=594, task_goal='first press both buttons on the table, then pick up the container hiding the red cube, finally pick up another container hiding the blue cube'
Episode 66: timesteps=330, exec_start=0, kept_indices=471, task_goal='first press both buttons on the table, then pick up the container hiding the red cube'
Episode 67: timesteps=485, exec_start=0, kept_indices=667, task_goal='first press both buttons on the table, then pick up the container hiding the green cube, finally pick up another container hiding the blue cube'
Episode 68: timesteps=476, exec_start=0, kept_indices=655, task_goal='first press both buttons on the table, then pick up the container hiding the green cube, finally pick up another container hiding the red cube'
Episode 69: timesteps=452, exec_start=0, kept_indices=610, task_goal='first press both buttons on the table, then pick up the container hiding the blue cube, finally pick up another container hiding the red cube'
Episode 70: timesteps=322, exec_start=0, kept_indices=457, task_goal='first press both buttons on the table, then pick up the container hiding the green cube'
Episode 71: timesteps=479, exec_start=0, kept_indices=727, task_goal='first press both buttons on the table, then pick up the container hiding the green cube, finally pick up another container hiding the blue cube'
Episode 72: timesteps=464, exec_start=0, kept_indices=627, task_goal='first press both buttons on the table, then pick up the container hiding the green cube, finally pick up another container hiding the red cube'
Episode 73: timesteps=312, exec_start=0, kept_indices=383, task_goal='first press both buttons on the table, then pick up the container hiding the green cube'
Episode 74: timesteps=318, exec_start=0, kept_indices=467, task_goal='first press both buttons on the table, then pick up the container hiding the green cube'
Episode 75: timesteps=461, exec_start=0, kept_indices=735, task_goal='first press both buttons on the table, then pick up the container hiding the red cube, finally pick up another container hiding the green cube'
Episode 76: timesteps=327, exec_start=0, kept_indices=372, task_goal='first press both buttons on the table, then pick up the container hiding the red cube'
Episode 77: timesteps=458, exec_start=0, kept_indices=611, task_goal='first press both buttons on the table, then pick up the container hiding the blue cube, finally pick up another container hiding the red cube'
Episode 78: timesteps=311, exec_start=0, kept_indices=432, task_goal='first press both buttons on the table, then pick up the container hiding the blue cube'
Episode 79: timesteps=473, exec_start=0, kept_indices=721, task_goal='first press both buttons on the table, then pick up the container hiding the red cube, finally pick up another container hiding the blue cube'
Episode 80: timesteps=304, exec_start=0, kept_indices=365, task_goal='first press both buttons on the table, then pick up the container hiding the red cube'
Episode 81: timesteps=324, exec_start=0, kept_indices=400, task_goal='first press both buttons on the table, then pick up the container hiding the red cube'
Episode 82: timesteps=332, exec_start=0, kept_indices=499, task_goal='first press both buttons on the table, then pick up the container hiding the green cube'
Episode 83: timesteps=450, exec_start=0, kept_indices=699, task_goal='first press both buttons on the table, then pick up the container hiding the red cube, finally pick up another container hiding the blue cube'
Episode 84: timesteps=313, exec_start=0, kept_indices=387, task_goal='first press both buttons on the table, then pick up the container hiding the red cube'
Episode 85: timesteps=454, exec_start=0, kept_indices=548, task_goal='first press both buttons on the table, then pick up the container hiding the red cube, finally pick up another container hiding the blue cube'
Episode 86: timesteps=307, exec_start=0, kept_indices=396, task_goal='first press both buttons on the table, then pick up the container hiding the blue cube'
Episode 87: timesteps=443, exec_start=0, kept_indices=568, task_goal='first press both buttons on the table, then pick up the container hiding the red cube, finally pick up another container hiding the blue cube'
Episode 88: timesteps=316, exec_start=0, kept_indices=394, task_goal='first press both buttons on the table, then pick up the container hiding the red cube'
Episode 89: timesteps=459, exec_start=0, kept_indices=598, task_goal='first press both buttons on the table, then pick up the container hiding the green cube, finally pick up another container hiding the red cube'
Episode 90: timesteps=321, exec_start=0, kept_indices=434, task_goal='first press both buttons on the table, then pick up the container hiding the blue cube'
Episode 91: timesteps=464, exec_start=0, kept_indices=816, task_goal='first press both buttons on the table, then pick up the container hiding the red cube, finally pick up another container hiding the blue cube'
Episode 92: timesteps=453, exec_start=0, kept_indices=741, task_goal='first press both buttons on the table, then pick up the container hiding the red cube, finally pick up another container hiding the green cube'
Episode 93: timesteps=465, exec_start=0, kept_indices=819, task_goal='first press both buttons on the table, then pick up the container hiding the red cube, finally pick up another container hiding the green cube'
Episode 94: timesteps=313, exec_start=0, kept_indices=354, task_goal='first press both buttons on the table, then pick up the container hiding the red cube'
Episode 95: timesteps=479, exec_start=0, kept_indices=773, task_goal='first press both buttons on the table, then pick up the container hiding the red cube, finally pick up another container hiding the green cube'
Episode 96: timesteps=445, exec_start=0, kept_indices=574, task_goal='first press both buttons on the table, then pick up the container hiding the green cube, finally pick up another container hiding the red cube'
Episode 97: timesteps=463, exec_start=0, kept_indices=590, task_goal='first press both buttons on the table, then pick up the container hiding the green cube, finally pick up another container hiding the red cube'
Episode 98: timesteps=320, exec_start=0, kept_indices=475, task_goal='first press both buttons on the table, then pick up the container hiding the blue cube'
Episode 99: timesteps=453, exec_start=0, kept_indices=715, task_goal='first press both buttons on the table, then pick up the container hiding the green cube, finally pick up another container hiding the blue cube'
Done in 19.41 minutes
