Job 1: processing ButtonUnmask
  h5_file:    data/robomme_data_h5/record_dataset_ButtonUnmask.h5
  output_dir: data/robomme_preprocessed_data/per_task/ButtonUnmask
  hostname:   crushinator.cc.gatech.edu
  started:    Fri Apr 17 05:07:09 PM EDT 2026
Processing file: record_dataset_ButtonUnmask.h5
Episode 0: timesteps=291, exec_start=0, kept_indices=286, task_goal='first press the button, then pick up the container hiding the red cube'
Episode 1: timesteps=294, exec_start=0, kept_indices=482, task_goal='first press the button, then pick up the container hiding the green cube'
Episode 2: timesteps=267, exec_start=0, kept_indices=309, task_goal='first press the button, then pick up the container hiding the red cube'
Episode 3: timesteps=452, exec_start=0, kept_indices=743, task_goal='first press the button, then pick up the container hiding the red cube, finally pick up another container hiding the blue cube'
Episode 4: timesteps=323, exec_start=0, kept_indices=613, task_goal='first press the button, then pick up the container hiding the green cube'
Episode 5: timesteps=299, exec_start=0, kept_indices=388, task_goal='first press the button, then pick up the container hiding the blue cube'
Episode 6: timesteps=220, exec_start=0, kept_indices=226, task_goal='first press the button, then pick up the container hiding the red cube'
Episode 7: timesteps=377, exec_start=0, kept_indices=416, task_goal='first press the button, then pick up the container hiding the blue cube, finally pick up another container hiding the red cube'
Episode 8: timesteps=207, exec_start=0, kept_indices=252, task_goal='first press the button, then pick up the container hiding the blue cube'
Episode 9: timesteps=219, exec_start=0, kept_indices=320, task_goal='first press the button, then pick up the container hiding the red cube'
Episode 10: timesteps=227, exec_start=0, kept_indices=334, task_goal='first press the button, then pick up the container hiding the blue cube'
Episode 11: timesteps=398, exec_start=0, kept_indices=612, task_goal='first press the button, then pick up the container hiding the red cube, finally pick up another container hiding the blue cube'
Episode 12: timesteps=220, exec_start=0, kept_indices=265, task_goal='first press the button, then pick up the container hiding the green cube'
Episode 13: timesteps=241, exec_start=0, kept_indices=366, task_goal='first press the button, then pick up the container hiding the green cube'
Episode 14: timesteps=224, exec_start=0, kept_indices=347, task_goal='first press the button, then pick up the container hiding the green cube'
Episode 15: timesteps=361, exec_start=0, kept_indices=590, task_goal='first press the button, then pick up the container hiding the red cube, finally pick up another container hiding the blue cube'
Episode 16: timesteps=198, exec_start=0, kept_indices=202, task_goal='first press the button, then pick up the container hiding the blue cube'
Episode 17: timesteps=210, exec_start=0, kept_indices=269, task_goal='first press the button, then pick up the container hiding the red cube'
Episode 18: timesteps=230, exec_start=0, kept_indices=272, task_goal='first press the button, then pick up the container hiding the green cube'
Episode 19: timesteps=375, exec_start=0, kept_indices=456, task_goal='first press the button, then pick up the container hiding the blue cube, finally pick up another container hiding the red cube'
Episode 20: timesteps=244, exec_start=0, kept_indices=354, task_goal='first press the button, then pick up the container hiding the green cube'
Episode 21: timesteps=215, exec_start=0, kept_indices=256, task_goal='first press the button, then pick up the container hiding the green cube'
Episode 22: timesteps=234, exec_start=0, kept_indices=296, task_goal='first press the button, then pick up the container hiding the red cube'
Episode 23: timesteps=373, exec_start=0, kept_indices=475, task_goal='first press the button, then pick up the container hiding the blue cube, finally pick up another container hiding the red cube'
Episode 24: timesteps=228, exec_start=0, kept_indices=335, task_goal='first press the button, then pick up the container hiding the blue cube'
Episode 25: timesteps=221, exec_start=0, kept_indices=237, task_goal='first press the button, then pick up the container hiding the red cube'
Episode 26: timesteps=235, exec_start=0, kept_indices=277, task_goal='first press the button, then pick up the container hiding the red cube'
Episode 27: timesteps=360, exec_start=0, kept_indices=471, task_goal='first press the button, then pick up the container hiding the blue cube, finally pick up another container hiding the red cube'
Episode 28: timesteps=242, exec_start=0, kept_indices=332, task_goal='first press the button, then pick up the container hiding the red cube'
Episode 29: timesteps=207, exec_start=0, kept_indices=205, task_goal='first press the button, then pick up the container hiding the green cube'
Episode 30: timesteps=213, exec_start=0, kept_indices=211, task_goal='first press the button, then pick up the container hiding the green cube'
Episode 31: timesteps=353, exec_start=0, kept_indices=411, task_goal='first press the button, then pick up the container hiding the blue cube, finally pick up another container hiding the red cube'
Episode 32: timesteps=237, exec_start=0, kept_indices=298, task_goal='first press the button, then pick up the container hiding the blue cube'
Episode 33: timesteps=228, exec_start=0, kept_indices=245, task_goal='first press the button, then pick up the container hiding the blue cube'
Episode 34: timesteps=224, exec_start=0, kept_indices=309, task_goal='first press the button, then pick up the container hiding the blue cube'
Episode 35: timesteps=394, exec_start=0, kept_indices=619, task_goal='first press the button, then pick up the container hiding the green cube, finally pick up another container hiding the red cube'
Episode 36: timesteps=225, exec_start=0, kept_indices=219, task_goal='first press the button, then pick up the container hiding the blue cube'
Episode 37: timesteps=227, exec_start=0, kept_indices=222, task_goal='first press the button, then pick up the container hiding the red cube'
Episode 38: timesteps=237, exec_start=0, kept_indices=239, task_goal='first press the button, then pick up the container hiding the red cube'
Episode 39: timesteps=368, exec_start=0, kept_indices=404, task_goal='first press the button, then pick up the container hiding the green cube, finally pick up another container hiding the blue cube'
Episode 40: timesteps=240, exec_start=0, kept_indices=286, task_goal='first press the button, then pick up the container hiding the blue cube'
Episode 41: timesteps=221, exec_start=0, kept_indices=301, task_goal='first press the button, then pick up the container hiding the blue cube'
Episode 42: timesteps=217, exec_start=0, kept_indices=220, task_goal='first press the button, then pick up the container hiding the red cube'
Episode 43: timesteps=425, exec_start=0, kept_indices=610, task_goal='first press the button, then pick up the container hiding the blue cube, finally pick up another container hiding the red cube'
Episode 44: timesteps=214, exec_start=0, kept_indices=267, task_goal='first press the button, then pick up the container hiding the blue cube'
Episode 45: timesteps=224, exec_start=0, kept_indices=289, task_goal='first press the button, then pick up the container hiding the red cube'
Episode 46: timesteps=226, exec_start=0, kept_indices=375, task_goal='first press the button, then pick up the container hiding the blue cube'
Episode 47: timesteps=404, exec_start=0, kept_indices=616, task_goal='first press the button, then pick up the container hiding the green cube, finally pick up another container hiding the red cube'
Episode 48: timesteps=223, exec_start=0, kept_indices=313, task_goal='first press the button, then pick up the container hiding the green cube'
Episode 49: timesteps=226, exec_start=0, kept_indices=241, task_goal='first press the button, then pick up the container hiding the green cube'
Episode 50: timesteps=221, exec_start=0, kept_indices=249, task_goal='first press the button, then pick up the container hiding the red cube'
Episode 51: timesteps=376, exec_start=0, kept_indices=368, task_goal='first press the button, then pick up the container hiding the blue cube, finally pick up another container hiding the green cube'
Episode 52: timesteps=209, exec_start=0, kept_indices=255, task_goal='first press the button, then pick up the container hiding the blue cube'
Episode 53: timesteps=224, exec_start=0, kept_indices=212, task_goal='first press the button, then pick up the container hiding the green cube'
Episode 54: timesteps=226, exec_start=0, kept_indices=319, task_goal='first press the button, then pick up the container hiding the green cube'
Episode 55: timesteps=363, exec_start=0, kept_indices=645, task_goal='first press the button, then pick up the container hiding the red cube, finally pick up another container hiding the blue cube'
Episode 56: timesteps=222, exec_start=0, kept_indices=362, task_goal='first press the button, then pick up the container hiding the green cube'
Episode 57: timesteps=230, exec_start=0, kept_indices=241, task_goal='first press the button, then pick up the container hiding the blue cube'
Episode 58: timesteps=208, exec_start=0, kept_indices=281, task_goal='first press the button, then pick up the container hiding the green cube'
Episode 59: timesteps=375, exec_start=0, kept_indices=453, task_goal='first press the button, then pick up the container hiding the blue cube, finally pick up another container hiding the red cube'
Episode 60: timesteps=220, exec_start=0, kept_indices=207, task_goal='first press the button, then pick up the container hiding the red cube'
Episode 61: timesteps=224, exec_start=0, kept_indices=232, task_goal='first press the button, then pick up the container hiding the red cube'
Episode 62: timesteps=217, exec_start=0, kept_indices=264, task_goal='first press the button, then pick up the container hiding the red cube'
Episode 63: timesteps=379, exec_start=0, kept_indices=547, task_goal='first press the button, then pick up the container hiding the green cube, finally pick up another container hiding the blue cube'
Episode 64: timesteps=229, exec_start=0, kept_indices=382, task_goal='first press the button, then pick up the container hiding the blue cube'
Episode 65: timesteps=223, exec_start=0, kept_indices=284, task_goal='first press the button, then pick up the container hiding the red cube'
Episode 66: timesteps=235, exec_start=0, kept_indices=210, task_goal='first press the button, then pick up the container hiding the blue cube'
Episode 67: timesteps=366, exec_start=0, kept_indices=442, task_goal='first press the button, then pick up the container hiding the red cube, finally pick up another container hiding the blue cube'
Episode 68: timesteps=219, exec_start=0, kept_indices=258, task_goal='first press the button, then pick up the container hiding the blue cube'
Episode 69: timesteps=238, exec_start=0, kept_indices=324, task_goal='first press the button, then pick up the container hiding the blue cube'
Episode 70: timesteps=224, exec_start=0, kept_indices=248, task_goal='first press the button, then pick up the container hiding the green cube'
Episode 71: timesteps=378, exec_start=0, kept_indices=503, task_goal='first press the button, then pick up the container hiding the green cube, finally pick up another container hiding the red cube'
Episode 72: timesteps=222, exec_start=0, kept_indices=202, task_goal='first press the button, then pick up the container hiding the green cube'
Episode 73: timesteps=240, exec_start=0, kept_indices=379, task_goal='first press the button, then pick up the container hiding the red cube'
Episode 74: timesteps=206, exec_start=0, kept_indices=245, task_goal='first press the button, then pick up the container hiding the blue cube'
Episode 75: timesteps=353, exec_start=0, kept_indices=415, task_goal='first press the button, then pick up the container hiding the green cube, finally pick up another container hiding the red cube'
Episode 76: timesteps=234, exec_start=0, kept_indices=330, task_goal='first press the button, then pick up the container hiding the red cube'
Episode 77: timesteps=230, exec_start=0, kept_indices=239, task_goal='first press the button, then pick up the container hiding the red cube'
Episode 78: timesteps=211, exec_start=0, kept_indices=235, task_goal='first press the button, then pick up the container hiding the green cube'
Episode 79: timesteps=368, exec_start=0, kept_indices=449, task_goal='first press the button, then pick up the container hiding the green cube, finally pick up another container hiding the red cube'
Episode 80: timesteps=219, exec_start=0, kept_indices=261, task_goal='first press the button, then pick up the container hiding the green cube'
Episode 81: timesteps=223, exec_start=0, kept_indices=302, task_goal='first press the button, then pick up the container hiding the red cube'
Episode 82: timesteps=237, exec_start=0, kept_indices=350, task_goal='first press the button, then pick up the container hiding the red cube'
Episode 83: timesteps=373, exec_start=0, kept_indices=591, task_goal='first press the button, then pick up the container hiding the red cube, finally pick up another container hiding the blue cube'
Episode 84: timesteps=219, exec_start=0, kept_indices=231, task_goal='first press the button, then pick up the container hiding the red cube'
Episode 85: timesteps=226, exec_start=0, kept_indices=272, task_goal='first press the button, then pick up the container hiding the blue cube'
Episode 86: timesteps=217, exec_start=0, kept_indices=284, task_goal='first press the button, then pick up the container hiding the red cube'
Episode 87: timesteps=374, exec_start=0, kept_indices=426, task_goal='first press the button, then pick up the container hiding the red cube, finally pick up another container hiding the blue cube'
Episode 88: timesteps=211, exec_start=0, kept_indices=224, task_goal='first press the button, then pick up the container hiding the red cube'
Episode 89: timesteps=225, exec_start=0, kept_indices=239, task_goal='first press the button, then pick up the container hiding the green cube'
Episode 90: timesteps=222, exec_start=0, kept_indices=309, task_goal='first press the button, then pick up the container hiding the blue cube'
Episode 91: timesteps=369, exec_start=0, kept_indices=364, task_goal='first press the button, then pick up the container hiding the green cube, finally pick up another container hiding the red cube'
Episode 92: timesteps=232, exec_start=0, kept_indices=348, task_goal='first press the button, then pick up the container hiding the green cube'
Episode 93: timesteps=240, exec_start=0, kept_indices=318, task_goal='first press the button, then pick up the container hiding the red cube'
Episode 94: timesteps=219, exec_start=0, kept_indices=214, task_goal='first press the button, then pick up the container hiding the green cube'
Episode 95: timesteps=373, exec_start=0, kept_indices=680, task_goal='first press the button, then pick up the container hiding the green cube, finally pick up another container hiding the blue cube'
Episode 96: timesteps=235, exec_start=0, kept_indices=366, task_goal='first press the button, then pick up the container hiding the green cube'
Episode 97: timesteps=238, exec_start=0, kept_indices=299, task_goal='first press the button, then pick up the container hiding the green cube'
Episode 98: timesteps=217, exec_start=0, kept_indices=285, task_goal='first press the button, then pick up the container hiding the red cube'
Episode 99: timesteps=369, exec_start=0, kept_indices=678, task_goal='first press the button, then pick up the container hiding the blue cube, finally pick up another container hiding the green cube'
Done in 13.03 minutes
