Job 15: processing VideoUnmaskSwap
  h5_file:    data/robomme_data_h5/record_dataset_VideoUnmaskSwap.h5
  output_dir: data/robomme_preprocessed_data/per_task/VideoUnmaskSwap
  hostname:   samantha.cc.gatech.edu
  started:    Fri Apr 17 05:09:12 PM EDT 2026
Processing file: record_dataset_VideoUnmaskSwap.h5
Episode 0: timesteps=326, exec_start=168, kept_indices=299, task_goal='watch the video carefully, then pick up the container hiding the green cube'
Episode 1: timesteps=326, exec_start=168, kept_indices=312, task_goal='watch the video carefully, then pick up the container hiding the blue cube'
Episode 2: timesteps=272, exec_start=114, kept_indices=316, task_goal='watch the video carefully, then pick up the container hiding the green cube'
Episode 3: timesteps=586, exec_start=216, kept_indices=821, task_goal='watch the video carefully, then pick up the container hiding the blue cube, finally pick up another container hiding the red cube'
Episode 4: timesteps=365, exec_start=168, kept_indices=345, task_goal='watch the video carefully, then pick up the container hiding the green cube'
Episode 5: timesteps=446, exec_start=114, kept_indices=683, task_goal='watch the video carefully, then pick up the container hiding the green cube, finally pick up another container hiding the red cube'
Episode 6: timesteps=278, exec_start=168, kept_indices=236, task_goal='watch the video carefully, then pick up the container hiding the green cube'
Episode 7: timesteps=421, exec_start=168, kept_indices=545, task_goal='watch the video carefully, then pick up the container hiding the blue cube, finally pick up another container hiding the green cube'
Episode 8: timesteps=370, exec_start=114, kept_indices=452, task_goal='watch the video carefully, then pick up the container hiding the green cube, finally pick up another container hiding the blue cube'
Episode 9: timesteps=420, exec_start=168, kept_indices=535, task_goal='watch the video carefully, then pick up the container hiding the red cube, finally pick up another container hiding the green cube'
Episode 10: timesteps=219, exec_start=114, kept_indices=245, task_goal='watch the video carefully, then pick up the container hiding the blue cube'
Episode 11: timesteps=410, exec_start=168, kept_indices=683, task_goal='watch the video carefully, then pick up the container hiding the green cube, finally pick up another container hiding the red cube'
Episode 12: timesteps=362, exec_start=114, kept_indices=423, task_goal='watch the video carefully, then pick up the container hiding the green cube, finally pick up another container hiding the blue cube'
Episode 13: timesteps=268, exec_start=168, kept_indices=358, task_goal='watch the video carefully, then pick up the container hiding the red cube'
Episode 14: timesteps=213, exec_start=114, kept_indices=231, task_goal='watch the video carefully, then pick up the container hiding the blue cube'
Episode 15: timesteps=483, exec_start=216, kept_indices=629, task_goal='watch the video carefully, then pick up the container hiding the green cube, finally pick up another container hiding the red cube'
Episode 16: timesteps=216, exec_start=114, kept_indices=237, task_goal='watch the video carefully, then pick up the container hiding the green cube'
Episode 17: timesteps=370, exec_start=114, kept_indices=374, task_goal='watch the video carefully, then pick up the container hiding the green cube, finally pick up another container hiding the blue cube'
Episode 18: timesteps=221, exec_start=114, kept_indices=277, task_goal='watch the video carefully, then pick up the container hiding the green cube'
Episode 19: timesteps=431, exec_start=168, kept_indices=573, task_goal='watch the video carefully, then pick up the container hiding the blue cube, finally pick up another container hiding the red cube'
Episode 20: timesteps=437, exec_start=168, kept_indices=367, task_goal='watch the video carefully, then pick up the container hiding the red cube, finally pick up another container hiding the blue cube'
Episode 21: timesteps=387, exec_start=114, kept_indices=535, task_goal='watch the video carefully, then pick up the container hiding the green cube, finally pick up another container hiding the red cube'
Episode 22: timesteps=268, exec_start=168, kept_indices=344, task_goal='watch the video carefully, then pick up the container hiding the blue cube'
Episode 23: timesteps=437, exec_start=168, kept_indices=496, task_goal='watch the video carefully, then pick up the container hiding the blue cube, finally pick up another container hiding the red cube'
Episode 24: timesteps=419, exec_start=168, kept_indices=431, task_goal='watch the video carefully, then pick up the container hiding the red cube, finally pick up another container hiding the blue cube'
Episode 25: timesteps=221, exec_start=114, kept_indices=218, task_goal='watch the video carefully, then pick up the container hiding the blue cube'
Episode 26: timesteps=229, exec_start=114, kept_indices=214, task_goal='watch the video carefully, then pick up the container hiding the blue cube'
Episode 27: timesteps=457, exec_start=216, kept_indices=606, task_goal='watch the video carefully, then pick up the container hiding the red cube, finally pick up another container hiding the green cube'
Episode 28: timesteps=436, exec_start=168, kept_indices=425, task_goal='watch the video carefully, then pick up the container hiding the green cube, finally pick up another container hiding the blue cube'
Episode 29: timesteps=459, exec_start=168, kept_indices=464, task_goal='watch the video carefully, then pick up the container hiding the blue cube, finally pick up another container hiding the green cube'
Episode 30: timesteps=224, exec_start=114, kept_indices=185, task_goal='watch the video carefully, then pick up the container hiding the blue cube'
Episode 31: timesteps=461, exec_start=168, kept_indices=406, task_goal='watch the video carefully, then pick up the container hiding the blue cube, finally pick up another container hiding the red cube'
Episode 32: timesteps=286, exec_start=168, kept_indices=210, task_goal='watch the video carefully, then pick up the container hiding the green cube'
Episode 33: timesteps=220, exec_start=114, kept_indices=250, task_goal='watch the video carefully, then pick up the container hiding the blue cube'
Episode 34: timesteps=271, exec_start=168, kept_indices=263, task_goal='watch the video carefully, then pick up the container hiding the blue cube'
Episode 35: timesteps=427, exec_start=168, kept_indices=612, task_goal='watch the video carefully, then pick up the container hiding the blue cube, finally pick up another container hiding the red cube'
Episode 36: timesteps=413, exec_start=168, kept_indices=467, task_goal='watch the video carefully, then pick up the container hiding the blue cube, finally pick up another container hiding the green cube'
Episode 37: timesteps=215, exec_start=114, kept_indices=245, task_goal='watch the video carefully, then pick up the container hiding the red cube'
Episode 38: timesteps=268, exec_start=168, kept_indices=264, task_goal='watch the video carefully, then pick up the container hiding the green cube'
Episode 39: timesteps=428, exec_start=168, kept_indices=482, task_goal='watch the video carefully, then pick up the container hiding the blue cube, finally pick up another container hiding the red cube'
Episode 40: timesteps=372, exec_start=114, kept_indices=428, task_goal='watch the video carefully, then pick up the container hiding the red cube, finally pick up another container hiding the green cube'
Episode 41: timesteps=420, exec_start=168, kept_indices=497, task_goal='watch the video carefully, then pick up the container hiding the green cube, finally pick up another container hiding the blue cube'
Episode 42: timesteps=278, exec_start=168, kept_indices=243, task_goal='watch the video carefully, then pick up the container hiding the blue cube'
Episode 43: timesteps=432, exec_start=168, kept_indices=473, task_goal='watch the video carefully, then pick up the container hiding the red cube, finally pick up another container hiding the green cube'
Episode 44: timesteps=223, exec_start=114, kept_indices=286, task_goal='watch the video carefully, then pick up the container hiding the green cube'
Episode 45: timesteps=266, exec_start=168, kept_indices=253, task_goal='watch the video carefully, then pick up the container hiding the green cube'
Episode 46: timesteps=269, exec_start=168, kept_indices=327, task_goal='watch the video carefully, then pick up the container hiding the green cube'
Episode 47: timesteps=500, exec_start=216, kept_indices=561, task_goal='watch the video carefully, then pick up the container hiding the green cube, finally pick up another container hiding the red cube'
Episode 48: timesteps=218, exec_start=114, kept_indices=231, task_goal='watch the video carefully, then pick up the container hiding the green cube'
Episode 49: timesteps=229, exec_start=114, kept_indices=195, task_goal='watch the video carefully, then pick up the container hiding the red cube'
Episode 50: timesteps=214, exec_start=114, kept_indices=235, task_goal='watch the video carefully, then pick up the container hiding the red cube'
Episode 51: timesteps=495, exec_start=216, kept_indices=382, task_goal='watch the video carefully, then pick up the container hiding the red cube, finally pick up another container hiding the green cube'
Episode 52: timesteps=271, exec_start=168, kept_indices=268, task_goal='watch the video carefully, then pick up the container hiding the red cube'
Episode 53: timesteps=388, exec_start=114, kept_indices=439, task_goal='watch the video carefully, then pick up the container hiding the blue cube, finally pick up another container hiding the red cube'
Episode 54: timesteps=282, exec_start=168, kept_indices=257, task_goal='watch the video carefully, then pick up the container hiding the red cube'
Episode 55: timesteps=477, exec_start=216, kept_indices=612, task_goal='watch the video carefully, then pick up the container hiding the red cube, finally pick up another container hiding the green cube'
Episode 56: timesteps=461, exec_start=168, kept_indices=475, task_goal='watch the video carefully, then pick up the container hiding the green cube, finally pick up another container hiding the red cube'
Episode 57: timesteps=365, exec_start=114, kept_indices=332, task_goal='watch the video carefully, then pick up the container hiding the green cube, finally pick up another container hiding the blue cube'
Episode 58: timesteps=220, exec_start=114, kept_indices=241, task_goal='watch the video carefully, then pick up the container hiding the red cube'
Episode 59: timesteps=472, exec_start=216, kept_indices=644, task_goal='watch the video carefully, then pick up the container hiding the blue cube, finally pick up another container hiding the red cube'
Episode 60: timesteps=213, exec_start=114, kept_indices=216, task_goal='watch the video carefully, then pick up the container hiding the red cube'
Episode 61: timesteps=230, exec_start=114, kept_indices=194, task_goal='watch the video carefully, then pick up the container hiding the red cube'
Episode 62: timesteps=273, exec_start=168, kept_indices=312, task_goal='watch the video carefully, then pick up the container hiding the red cube'
Episode 63: timesteps=493, exec_start=216, kept_indices=448, task_goal='watch the video carefully, then pick up the container hiding the blue cube, finally pick up another container hiding the green cube'
Episode 64: timesteps=229, exec_start=114, kept_indices=206, task_goal='watch the video carefully, then pick up the container hiding the green cube'
Episode 65: timesteps=454, exec_start=168, kept_indices=508, task_goal='watch the video carefully, then pick up the container hiding the blue cube, finally pick up another container hiding the green cube'
Episode 66: timesteps=289, exec_start=168, kept_indices=217, task_goal='watch the video carefully, then pick up the container hiding the green cube'
Episode 67: timesteps=413, exec_start=168, kept_indices=405, task_goal='watch the video carefully, then pick up the container hiding the red cube, finally pick up another container hiding the blue cube'
Episode 68: timesteps=415, exec_start=168, kept_indices=528, task_goal='watch the video carefully, then pick up the container hiding the green cube, finally pick up another container hiding the blue cube'
Episode 69: timesteps=364, exec_start=114, kept_indices=339, task_goal='watch the video carefully, then pick up the container hiding the blue cube, finally pick up another container hiding the green cube'
Episode 70: timesteps=278, exec_start=168, kept_indices=220, task_goal='watch the video carefully, then pick up the container hiding the green cube'
Episode 71: timesteps=479, exec_start=216, kept_indices=614, task_goal='watch the video carefully, then pick up the container hiding the green cube, finally pick up another container hiding the red cube'
Episode 72: timesteps=434, exec_start=168, kept_indices=577, task_goal='watch the video carefully, then pick up the container hiding the red cube, finally pick up another container hiding the green cube'
Episode 73: timesteps=219, exec_start=114, kept_indices=237, task_goal='watch the video carefully, then pick up the container hiding the blue cube'
Episode 74: timesteps=276, exec_start=168, kept_indices=414, task_goal='watch the video carefully, then pick up the container hiding the red cube'
Episode 75: timesteps=433, exec_start=168, kept_indices=514, task_goal='watch the video carefully, then pick up the container hiding the green cube, finally pick up another container hiding the blue cube'
Episode 76: timesteps=380, exec_start=114, kept_indices=468, task_goal='watch the video carefully, then pick up the container hiding the green cube, finally pick up another container hiding the blue cube'
Episode 77: timesteps=433, exec_start=168, kept_indices=399, task_goal='watch the video carefully, then pick up the container hiding the red cube, finally pick up another container hiding the green cube'
Episode 78: timesteps=229, exec_start=114, kept_indices=230, task_goal='watch the video carefully, then pick up the container hiding the blue cube'
Episode 79: timesteps=465, exec_start=216, kept_indices=459, task_goal='watch the video carefully, then pick up the container hiding the blue cube, finally pick up another container hiding the red cube'
Episode 80: timesteps=420, exec_start=168, kept_indices=443, task_goal='watch the video carefully, then pick up the container hiding the blue cube, finally pick up another container hiding the red cube'
Episode 81: timesteps=354, exec_start=114, kept_indices=574, task_goal='watch the video carefully, then pick up the container hiding the blue cube, finally pick up another container hiding the green cube'
Episode 82: timesteps=216, exec_start=114, kept_indices=259, task_goal='watch the video carefully, then pick up the container hiding the blue cube'
Episode 83: timesteps=474, exec_start=216, kept_indices=587, task_goal='watch the video carefully, then pick up the container hiding the red cube, finally pick up another container hiding the green cube'
Episode 84: timesteps=223, exec_start=114, kept_indices=193, task_goal='watch the video carefully, then pick up the container hiding the red cube'
Episode 85: timesteps=435, exec_start=168, kept_indices=538, task_goal='watch the video carefully, then pick up the container hiding the green cube, finally pick up another container hiding the blue cube'
Episode 86: timesteps=274, exec_start=168, kept_indices=349, task_goal='watch the video carefully, then pick up the container hiding the red cube'
Episode 87: timesteps=458, exec_start=216, kept_indices=543, task_goal='watch the video carefully, then pick up the container hiding the red cube, finally pick up another container hiding the blue cube'
Episode 88: timesteps=453, exec_start=168, kept_indices=596, task_goal='watch the video carefully, then pick up the container hiding the green cube, finally pick up another container hiding the red cube'
Episode 89: timesteps=413, exec_start=168, kept_indices=397, task_goal='watch the video carefully, then pick up the container hiding the green cube, finally pick up another container hiding the blue cube'
Episode 90: timesteps=221, exec_start=114, kept_indices=297, task_goal='watch the video carefully, then pick up the container hiding the blue cube'
Episode 91: timesteps=407, exec_start=168, kept_indices=406, task_goal='watch the video carefully, then pick up the container hiding the green cube, finally pick up another container hiding the red cube'
Episode 92: timesteps=376, exec_start=114, kept_indices=413, task_goal='watch the video carefully, then pick up the container hiding the blue cube, finally pick up another container hiding the red cube'
Episode 93: timesteps=276, exec_start=168, kept_indices=250, task_goal='watch the video carefully, then pick up the container hiding the red cube'
Episode 94: timesteps=215, exec_start=114, kept_indices=231, task_goal='watch the video carefully, then pick up the container hiding the green cube'
Episode 95: timesteps=427, exec_start=168, kept_indices=491, task_goal='watch the video carefully, then pick up the container hiding the red cube, finally pick up another container hiding the blue cube'
Episode 96: timesteps=224, exec_start=114, kept_indices=274, task_goal='watch the video carefully, then pick up the container hiding the green cube'
Episode 97: timesteps=420, exec_start=168, kept_indices=478, task_goal='watch the video carefully, then pick up the container hiding the red cube, finally pick up another container hiding the blue cube'
Episode 98: timesteps=278, exec_start=168, kept_indices=325, task_goal='watch the video carefully, then pick up the container hiding the green cube'
Episode 99: timesteps=429, exec_start=168, kept_indices=570, task_goal='watch the video carefully, then pick up the container hiding the blue cube, finally pick up another container hiding the green cube'
Done in 16.05 minutes
