/coc/testnvme/shalbe3/miniconda/envs/robomme/lib/python3.11/site-packages/torch/cuda/__init__.py:63: FutureWarning: The pynvml package is deprecated. Please install nvidia-ml-py instead. If you did not install pynvml directly, please report this to the maintainers of the package that installed pynvml for you.
  import pynvml  # type: ignore[import]
`torch_dtype` is deprecated! Use `dtype` instead!
You are attempting to use Flash Attention 2 without specifying a torch dtype. This might lead to unexpected behaviour
2026-04-30 00:59:07,363 mme_vla_suite.pseudo_labeling.topreward_qwen_scorer WARNING: flash_attention_2 unavailable (/coc/testnvme/shalbe3/miniconda/envs/robomme/lib/python3.11/site-packages/flash_attn_2_cuda.cpython-311-x86_64-linux-gnu.so: undefined symbol: _ZNK3c106SymInt6sym_neERKS0_), using default attention
Loading checkpoint shards:   0%|          | 0/4 [00:00<?, ?it/s]Loading checkpoint shards:  25%|██▌       | 1/4 [00:00<00:02,  1.00it/s]Loading checkpoint shards:  50%|█████     | 2/4 [00:02<00:02,  1.08s/it]Loading checkpoint shards:  75%|███████▌  | 3/4 [00:03<00:01,  1.12s/it]Loading checkpoint shards: 100%|██████████| 4/4 [00:04<00:00,  1.01it/s]Loading checkpoint shards: 100%|██████████| 4/4 [00:04<00:00,  1.03s/it]
Asked to sample `fps` frames per second but no video metadata was provided which is required when sampling with `fps`. Defaulting to `fps=24`. Please provide `video_metadata` for more accurate results.
2026-04-30 00:59:20,906 mme_vla_suite.pseudo_labeling.topreward_qwen_scorer INFO: Prefix 1/8 (end=11, n_frames=4/12): reward=-22.5000 (mean, 1 tok)
2026-04-30 00:59:27,681 mme_vla_suite.pseudo_labeling.topreward_qwen_scorer INFO: Prefix 2/8 (end=25, n_frames=5/26): reward=-22.7500 (mean, 1 tok)
2026-04-30 00:59:34,447 mme_vla_suite.pseudo_labeling.topreward_qwen_scorer INFO: Prefix 3/8 (end=40, n_frames=8/41): reward=-22.7500 (mean, 1 tok)
2026-04-30 00:59:41,224 mme_vla_suite.pseudo_labeling.topreward_qwen_scorer INFO: Prefix 4/8 (end=55, n_frames=11/56): reward=-21.6250 (mean, 1 tok)
2026-04-30 00:59:48,073 mme_vla_suite.pseudo_labeling.topreward_qwen_scorer INFO: Prefix 5/8 (end=69, n_frames=14/70): reward=-22.6250 (mean, 1 tok)
2026-04-30 00:59:54,943 mme_vla_suite.pseudo_labeling.topreward_qwen_scorer INFO: Prefix 6/8 (end=84, n_frames=17/85): reward=-21.5000 (mean, 1 tok)
2026-04-30 01:00:01,836 mme_vla_suite.pseudo_labeling.topreward_qwen_scorer INFO: Prefix 7/8 (end=99, n_frames=20/100): reward=-19.0000 (mean, 1 tok)
2026-04-30 01:00:08,745 mme_vla_suite.pseudo_labeling.topreward_qwen_scorer INFO: Prefix 8/8 (end=114, n_frames=23/115): reward=-18.5000 (mean, 1 tok)
2026-04-30 01:00:16,357 mme_vla_suite.pseudo_labeling.topreward_qwen_scorer INFO: Prefix 1/8 (end=20, n_frames=4/21): reward=-23.5000 (mean, 1 tok)
2026-04-30 01:00:23,127 mme_vla_suite.pseudo_labeling.topreward_qwen_scorer INFO: Prefix 2/8 (end=45, n_frames=9/46): reward=-23.3750 (mean, 1 tok)
2026-04-30 01:00:29,932 mme_vla_suite.pseudo_labeling.topreward_qwen_scorer INFO: Prefix 3/8 (end=71, n_frames=14/72): reward=-22.2500 (mean, 1 tok)
2026-04-30 01:00:36,809 mme_vla_suite.pseudo_labeling.topreward_qwen_scorer INFO: Prefix 4/8 (end=97, n_frames=20/98): reward=-21.2500 (mean, 1 tok)
2026-04-30 01:00:43,768 mme_vla_suite.pseudo_labeling.topreward_qwen_scorer INFO: Prefix 5/8 (end=123, n_frames=25/124): reward=-22.6250 (mean, 1 tok)
2026-04-30 01:00:50,752 mme_vla_suite.pseudo_labeling.topreward_qwen_scorer INFO: Prefix 6/8 (end=149, n_frames=30/150): reward=-21.6250 (mean, 1 tok)
2026-04-30 01:00:57,802 mme_vla_suite.pseudo_labeling.topreward_qwen_scorer INFO: Prefix 7/8 (end=175, n_frames=35/176): reward=-20.6250 (mean, 1 tok)
2026-04-30 01:01:04,894 mme_vla_suite.pseudo_labeling.topreward_qwen_scorer INFO: Prefix 8/8 (end=201, n_frames=40/202): reward=-16.6250 (mean, 1 tok)
2026-04-30 01:01:12,548 mme_vla_suite.pseudo_labeling.topreward_qwen_scorer INFO: Prefix 1/8 (end=4, n_frames=4/5): reward=-22.6250 (mean, 1 tok)
2026-04-30 01:01:19,354 mme_vla_suite.pseudo_labeling.topreward_qwen_scorer INFO: Prefix 2/8 (end=9, n_frames=4/10): reward=-22.0000 (mean, 1 tok)
2026-04-30 01:01:26,128 mme_vla_suite.pseudo_labeling.topreward_qwen_scorer INFO: Prefix 3/8 (end=14, n_frames=4/15): reward=-22.5000 (mean, 1 tok)
2026-04-30 01:01:32,902 mme_vla_suite.pseudo_labeling.topreward_qwen_scorer INFO: Prefix 4/8 (end=19, n_frames=4/20): reward=-22.6250 (mean, 1 tok)
2026-04-30 01:01:39,686 mme_vla_suite.pseudo_labeling.topreward_qwen_scorer INFO: Prefix 5/8 (end=24, n_frames=5/25): reward=-22.1250 (mean, 1 tok)
2026-04-30 01:01:46,640 mme_vla_suite.pseudo_labeling.topreward_qwen_scorer INFO: Prefix 6/8 (end=29, n_frames=6/30): reward=-21.7500 (mean, 1 tok)
2026-04-30 01:01:53,423 mme_vla_suite.pseudo_labeling.topreward_qwen_scorer INFO: Prefix 7/8 (end=34, n_frames=7/35): reward=-21.5000 (mean, 1 tok)
2026-04-30 01:02:00,345 mme_vla_suite.pseudo_labeling.topreward_qwen_scorer INFO: Prefix 8/8 (end=40, n_frames=8/41): reward=-21.6250 (mean, 1 tok)
2026-04-30 01:02:07,908 mme_vla_suite.pseudo_labeling.topreward_qwen_scorer INFO: Prefix 1/8 (end=8, n_frames=4/9): reward=-24.6250 (mean, 1 tok)
2026-04-30 01:02:14,705 mme_vla_suite.pseudo_labeling.topreward_qwen_scorer INFO: Prefix 2/8 (end=19, n_frames=4/20): reward=-25.0000 (mean, 1 tok)
slurmstepd: error: *** STEP 3033801.0 ON chappie CANCELLED AT 2026-04-30T01:02:15 ***
slurmstepd: error: *** JOB 3033801 ON chappie CANCELLED AT 2026-04-30T01:02:15 ***
