/coc/testnvme/shalbe3/miniconda/envs/robomme/lib/python3.11/site-packages/torch/cuda/__init__.py:63: FutureWarning: The pynvml package is deprecated. Please install nvidia-ml-py instead. If you did not install pynvml directly, please report this to the maintainers of the package that installed pynvml for you.
  import pynvml  # type: ignore[import]
`torch_dtype` is deprecated! Use `dtype` instead!
You are attempting to use Flash Attention 2 without specifying a torch dtype. This might lead to unexpected behaviour
2026-04-30 01:03:01,000 mme_vla_suite.pseudo_labeling.topreward_qwen_scorer WARNING: flash_attention_2 unavailable (/coc/testnvme/shalbe3/miniconda/envs/robomme/lib/python3.11/site-packages/flash_attn_2_cuda.cpython-311-x86_64-linux-gnu.so: undefined symbol: _ZNK3c106SymInt6sym_neERKS0_), using default attention
Loading checkpoint shards:   0%|          | 0/4 [00:00<?, ?it/s]Loading checkpoint shards:  25%|██▌       | 1/4 [00:01<00:03,  1.10s/it]Loading checkpoint shards:  50%|█████     | 2/4 [00:02<00:02,  1.09s/it]Loading checkpoint shards:  75%|███████▌  | 3/4 [00:03<00:01,  1.13s/it]Loading checkpoint shards: 100%|██████████| 4/4 [00:04<00:00,  1.05it/s]Loading checkpoint shards: 100%|██████████| 4/4 [00:04<00:00,  1.01s/it]
Asked to sample `fps` frames per second but no video metadata was provided which is required when sampling with `fps`. Defaulting to `fps=24`. Please provide `video_metadata` for more accurate results.
2026-04-30 01:03:14,880 mme_vla_suite.pseudo_labeling.topreward_qwen_scorer INFO: Prefix 1/8 (end=17, n_frames=4/18): reward=-20.7500 (mean, 1 tok)
2026-04-30 01:03:21,858 mme_vla_suite.pseudo_labeling.topreward_qwen_scorer INFO: Prefix 2/8 (end=40, n_frames=8/41): reward=-16.1250 (mean, 1 tok)
2026-04-30 01:03:29,557 mme_vla_suite.pseudo_labeling.topreward_qwen_scorer INFO: Prefix 3/8 (end=63, n_frames=13/64): reward=-15.7500 (mean, 1 tok)
2026-04-30 01:03:37,270 mme_vla_suite.pseudo_labeling.topreward_qwen_scorer INFO: Prefix 4/8 (end=86, n_frames=17/87): reward=-15.3750 (mean, 1 tok)
2026-04-30 01:03:44,963 mme_vla_suite.pseudo_labeling.topreward_qwen_scorer INFO: Prefix 5/8 (end=109, n_frames=22/110): reward=-16.5000 (mean, 1 tok)
2026-04-30 01:03:52,059 mme_vla_suite.pseudo_labeling.topreward_qwen_scorer INFO: Prefix 6/8 (end=132, n_frames=27/133): reward=-15.0000 (mean, 1 tok)
2026-04-30 01:03:59,210 mme_vla_suite.pseudo_labeling.topreward_qwen_scorer INFO: Prefix 7/8 (end=155, n_frames=31/156): reward=-14.5000 (mean, 1 tok)
2026-04-30 01:04:06,394 mme_vla_suite.pseudo_labeling.topreward_qwen_scorer INFO: Prefix 8/8 (end=178, n_frames=36/179): reward=-14.2500 (mean, 1 tok)
2026-04-30 01:04:14,292 mme_vla_suite.pseudo_labeling.topreward_qwen_scorer INFO: Prefix 1/8 (end=4, n_frames=4/5): reward=-18.8750 (mean, 1 tok)
2026-04-30 01:04:21,226 mme_vla_suite.pseudo_labeling.topreward_qwen_scorer INFO: Prefix 2/8 (end=8, n_frames=4/9): reward=-18.3750 (mean, 1 tok)
2026-04-30 01:04:28,167 mme_vla_suite.pseudo_labeling.topreward_qwen_scorer INFO: Prefix 3/8 (end=12, n_frames=4/13): reward=-18.0000 (mean, 1 tok)
2026-04-30 01:04:35,109 mme_vla_suite.pseudo_labeling.topreward_qwen_scorer INFO: Prefix 4/8 (end=16, n_frames=4/17): reward=-17.6250 (mean, 1 tok)
2026-04-30 01:04:42,048 mme_vla_suite.pseudo_labeling.topreward_qwen_scorer INFO: Prefix 5/8 (end=21, n_frames=4/22): reward=-17.6250 (mean, 1 tok)
2026-04-30 01:04:49,135 mme_vla_suite.pseudo_labeling.topreward_qwen_scorer INFO: Prefix 6/8 (end=25, n_frames=5/26): reward=-17.0000 (mean, 1 tok)
2026-04-30 01:04:56,170 mme_vla_suite.pseudo_labeling.topreward_qwen_scorer INFO: Prefix 7/8 (end=29, n_frames=6/30): reward=-17.6250 (mean, 1 tok)
2026-04-30 01:05:03,122 mme_vla_suite.pseudo_labeling.topreward_qwen_scorer INFO: Prefix 8/8 (end=34, n_frames=7/35): reward=-19.5000 (mean, 1 tok)
2026-04-30 01:05:10,774 mme_vla_suite.pseudo_labeling.topreward_qwen_scorer INFO: Prefix 1/8 (end=4, n_frames=4/5): reward=-20.0000 (mean, 1 tok)
2026-04-30 01:05:17,881 mme_vla_suite.pseudo_labeling.topreward_qwen_scorer INFO: Prefix 2/8 (end=8, n_frames=4/9): reward=-18.5000 (mean, 1 tok)
2026-04-30 01:05:25,074 mme_vla_suite.pseudo_labeling.topreward_qwen_scorer INFO: Prefix 3/8 (end=13, n_frames=4/14): reward=-18.7500 (mean, 1 tok)
2026-04-30 01:05:32,628 mme_vla_suite.pseudo_labeling.topreward_qwen_scorer INFO: Prefix 4/8 (end=18, n_frames=4/19): reward=-16.8750 (mean, 1 tok)
2026-04-30 01:05:39,949 mme_vla_suite.pseudo_labeling.topreward_qwen_scorer INFO: Prefix 5/8 (end=22, n_frames=5/23): reward=-17.7500 (mean, 1 tok)
2026-04-30 01:05:46,904 mme_vla_suite.pseudo_labeling.topreward_qwen_scorer INFO: Prefix 6/8 (end=27, n_frames=6/28): reward=-18.2500 (mean, 1 tok)
2026-04-30 01:05:53,854 mme_vla_suite.pseudo_labeling.topreward_qwen_scorer INFO: Prefix 7/8 (end=32, n_frames=7/33): reward=-18.5000 (mean, 1 tok)
2026-04-30 01:06:01,586 mme_vla_suite.pseudo_labeling.topreward_qwen_scorer INFO: Prefix 8/8 (end=37, n_frames=8/38): reward=-18.6250 (mean, 1 tok)
2026-04-30 01:06:09,832 mme_vla_suite.pseudo_labeling.topreward_qwen_scorer INFO: Prefix 1/8 (end=4, n_frames=4/5): reward=-20.0000 (mean, 1 tok)
2026-04-30 01:06:17,460 mme_vla_suite.pseudo_labeling.topreward_qwen_scorer INFO: Prefix 2/8 (end=8, n_frames=4/9): reward=-19.3750 (mean, 1 tok)
2026-04-30 01:06:24,995 mme_vla_suite.pseudo_labeling.topreward_qwen_scorer INFO: Prefix 3/8 (end=13, n_frames=4/14): reward=-19.2500 (mean, 1 tok)
2026-04-30 01:06:32,504 mme_vla_suite.pseudo_labeling.topreward_qwen_scorer INFO: Prefix 4/8 (end=18, n_frames=4/19): reward=-18.2500 (mean, 1 tok)
2026-04-30 01:06:40,102 mme_vla_suite.pseudo_labeling.topreward_qwen_scorer INFO: Prefix 5/8 (end=22, n_frames=5/23): reward=-18.2500 (mean, 1 tok)
2026-04-30 01:06:47,690 mme_vla_suite.pseudo_labeling.topreward_qwen_scorer INFO: Prefix 6/8 (end=27, n_frames=6/28): reward=-18.7500 (mean, 1 tok)
2026-04-30 01:06:55,286 mme_vla_suite.pseudo_labeling.topreward_qwen_scorer INFO: Prefix 7/8 (end=32, n_frames=7/33): reward=-18.7500 (mean, 1 tok)
2026-04-30 01:07:02,936 mme_vla_suite.pseudo_labeling.topreward_qwen_scorer INFO: Prefix 8/8 (end=37, n_frames=8/38): reward=-19.0000 (mean, 1 tok)
2026-04-30 01:07:11,166 mme_vla_suite.pseudo_labeling.topreward_qwen_scorer INFO: Prefix 1/8 (end=4, n_frames=4/5): reward=-20.2500 (mean, 1 tok)
2026-04-30 01:07:18,677 mme_vla_suite.pseudo_labeling.topreward_qwen_scorer INFO: Prefix 2/8 (end=8, n_frames=4/9): reward=-19.2500 (mean, 1 tok)
2026-04-30 01:07:26,332 mme_vla_suite.pseudo_labeling.topreward_qwen_scorer INFO: Prefix 3/8 (end=13, n_frames=4/14): reward=-19.7500 (mean, 1 tok)
2026-04-30 01:07:33,926 mme_vla_suite.pseudo_labeling.topreward_qwen_scorer INFO: Prefix 4/8 (end=18, n_frames=4/19): reward=-19.1250 (mean, 1 tok)
2026-04-30 01:07:41,546 mme_vla_suite.pseudo_labeling.topreward_qwen_scorer INFO: Prefix 5/8 (end=22, n_frames=5/23): reward=-18.7500 (mean, 1 tok)
2026-04-30 01:07:49,082 mme_vla_suite.pseudo_labeling.topreward_qwen_scorer INFO: Prefix 6/8 (end=27, n_frames=6/28): reward=-19.0000 (mean, 1 tok)
2026-04-30 01:07:56,606 mme_vla_suite.pseudo_labeling.topreward_qwen_scorer INFO: Prefix 7/8 (end=32, n_frames=7/33): reward=-19.0000 (mean, 1 tok)
2026-04-30 01:08:03,980 mme_vla_suite.pseudo_labeling.topreward_qwen_scorer INFO: Prefix 8/8 (end=37, n_frames=8/38): reward=-18.7500 (mean, 1 tok)
2026-04-30 01:08:12,444 mme_vla_suite.pseudo_labeling.topreward_qwen_scorer INFO: Prefix 1/8 (end=4, n_frames=4/5): reward=-20.5000 (mean, 1 tok)
2026-04-30 01:08:19,994 mme_vla_suite.pseudo_labeling.topreward_qwen_scorer INFO: Prefix 2/8 (end=8, n_frames=4/9): reward=-20.2500 (mean, 1 tok)
2026-04-30 01:08:26,920 mme_vla_suite.pseudo_labeling.topreward_qwen_scorer INFO: Prefix 3/8 (end=13, n_frames=4/14): reward=-20.3750 (mean, 1 tok)
2026-04-30 01:08:34,556 mme_vla_suite.pseudo_labeling.topreward_qwen_scorer INFO: Prefix 4/8 (end=18, n_frames=4/19): reward=-18.6250 (mean, 1 tok)
2026-04-30 01:08:42,174 mme_vla_suite.pseudo_labeling.topreward_qwen_scorer INFO: Prefix 5/8 (end=22, n_frames=5/23): reward=-19.3750 (mean, 1 tok)
2026-04-30 01:08:49,753 mme_vla_suite.pseudo_labeling.topreward_qwen_scorer INFO: Prefix 6/8 (end=27, n_frames=6/28): reward=-19.6250 (mean, 1 tok)
2026-04-30 01:08:57,263 mme_vla_suite.pseudo_labeling.topreward_qwen_scorer INFO: Prefix 7/8 (end=32, n_frames=7/33): reward=-19.3750 (mean, 1 tok)
2026-04-30 01:09:04,217 mme_vla_suite.pseudo_labeling.topreward_qwen_scorer INFO: Prefix 8/8 (end=37, n_frames=8/38): reward=-19.3750 (mean, 1 tok)
2026-04-30 01:09:11,918 mme_vla_suite.pseudo_labeling.topreward_qwen_scorer INFO: Prefix 1/8 (end=4, n_frames=4/5): reward=-20.8750 (mean, 1 tok)
2026-04-30 01:09:19,248 mme_vla_suite.pseudo_labeling.topreward_qwen_scorer INFO: Prefix 2/8 (end=8, n_frames=4/9): reward=-20.2500 (mean, 1 tok)
2026-04-30 01:09:26,780 mme_vla_suite.pseudo_labeling.topreward_qwen_scorer INFO: Prefix 3/8 (end=13, n_frames=4/14): reward=-19.8750 (mean, 1 tok)
2026-04-30 01:09:34,447 mme_vla_suite.pseudo_labeling.topreward_qwen_scorer INFO: Prefix 4/8 (end=18, n_frames=4/19): reward=-19.7500 (mean, 1 tok)
2026-04-30 01:09:42,100 mme_vla_suite.pseudo_labeling.topreward_qwen_scorer INFO: Prefix 5/8 (end=22, n_frames=5/23): reward=-19.5000 (mean, 1 tok)
2026-04-30 01:09:49,756 mme_vla_suite.pseudo_labeling.topreward_qwen_scorer INFO: Prefix 6/8 (end=27, n_frames=6/28): reward=-19.5000 (mean, 1 tok)
2026-04-30 01:09:57,126 mme_vla_suite.pseudo_labeling.topreward_qwen_scorer INFO: Prefix 7/8 (end=32, n_frames=7/33): reward=-19.8750 (mean, 1 tok)
2026-04-30 01:10:04,059 mme_vla_suite.pseudo_labeling.topreward_qwen_scorer INFO: Prefix 8/8 (end=37, n_frames=8/38): reward=-19.8750 (mean, 1 tok)
2026-04-30 01:10:11,649 mme_vla_suite.pseudo_labeling.topreward_qwen_scorer INFO: Prefix 1/8 (end=4, n_frames=4/5): reward=-19.2500 (mean, 1 tok)
2026-04-30 01:10:18,554 mme_vla_suite.pseudo_labeling.topreward_qwen_scorer INFO: Prefix 2/8 (end=8, n_frames=4/9): reward=-19.0000 (mean, 1 tok)
2026-04-30 01:10:25,442 mme_vla_suite.pseudo_labeling.topreward_qwen_scorer INFO: Prefix 3/8 (end=12, n_frames=4/13): reward=-18.6250 (mean, 1 tok)
2026-04-30 01:10:32,379 mme_vla_suite.pseudo_labeling.topreward_qwen_scorer INFO: Prefix 4/8 (end=17, n_frames=4/18): reward=-18.0000 (mean, 1 tok)
2026-04-30 01:10:39,295 mme_vla_suite.pseudo_labeling.topreward_qwen_scorer INFO: Prefix 5/8 (end=21, n_frames=4/22): reward=-17.1250 (mean, 1 tok)
2026-04-30 01:10:46,234 mme_vla_suite.pseudo_labeling.topreward_qwen_scorer INFO: Prefix 6/8 (end=26, n_frames=5/27): reward=-18.0000 (mean, 1 tok)
2026-04-30 01:10:53,737 mme_vla_suite.pseudo_labeling.topreward_qwen_scorer INFO: Prefix 7/8 (end=30, n_frames=6/31): reward=-17.0000 (mean, 1 tok)
2026-04-30 01:11:00,678 mme_vla_suite.pseudo_labeling.topreward_qwen_scorer INFO: Prefix 8/8 (end=35, n_frames=7/36): reward=-15.1250 (mean, 1 tok)
2026-04-30 01:11:08,482 mme_vla_suite.pseudo_labeling.topreward_qwen_scorer INFO: Prefix 1/8 (end=5, n_frames=4/6): reward=-20.1250 (mean, 1 tok)
2026-04-30 01:11:15,391 mme_vla_suite.pseudo_labeling.topreward_qwen_scorer INFO: Prefix 2/8 (end=12, n_frames=4/13): reward=-19.3750 (mean, 1 tok)
2026-04-30 01:11:22,328 mme_vla_suite.pseudo_labeling.topreward_qwen_scorer INFO: Prefix 3/8 (end=20, n_frames=4/21): reward=-18.8750 (mean, 1 tok)
2026-04-30 01:11:29,273 mme_vla_suite.pseudo_labeling.topreward_qwen_scorer INFO: Prefix 4/8 (end=27, n_frames=6/28): reward=-18.6250 (mean, 1 tok)
2026-04-30 01:11:36,218 mme_vla_suite.pseudo_labeling.topreward_qwen_scorer INFO: Prefix 5/8 (end=35, n_frames=7/36): reward=-18.5000 (mean, 1 tok)
2026-04-30 01:11:43,157 mme_vla_suite.pseudo_labeling.topreward_qwen_scorer INFO: Prefix 6/8 (end=42, n_frames=9/43): reward=-19.1250 (mean, 1 tok)
2026-04-30 01:11:50,090 mme_vla_suite.pseudo_labeling.topreward_qwen_scorer INFO: Prefix 7/8 (end=50, n_frames=10/51): reward=-19.5000 (mean, 1 tok)
2026-04-30 01:11:57,047 mme_vla_suite.pseudo_labeling.topreward_qwen_scorer INFO: Prefix 8/8 (end=58, n_frames=12/59): reward=-19.6250 (mean, 1 tok)
2026-04-30 01:12:04,774 mme_vla_suite.pseudo_labeling.topreward_qwen_scorer INFO: Prefix 1/8 (end=9, n_frames=4/10): reward=-19.7500 (mean, 1 tok)
2026-04-30 01:12:11,687 mme_vla_suite.pseudo_labeling.topreward_qwen_scorer INFO: Prefix 2/8 (end=21, n_frames=4/22): reward=-18.8750 (mean, 1 tok)
2026-04-30 01:12:18,619 mme_vla_suite.pseudo_labeling.topreward_qwen_scorer INFO: Prefix 3/8 (end=33, n_frames=7/34): reward=-18.7500 (mean, 1 tok)
2026-04-30 01:12:25,545 mme_vla_suite.pseudo_labeling.topreward_qwen_scorer INFO: Prefix 4/8 (end=45, n_frames=9/46): reward=-19.5000 (mean, 1 tok)
2026-04-30 01:12:32,487 mme_vla_suite.pseudo_labeling.topreward_qwen_scorer INFO: Prefix 5/8 (end=57, n_frames=12/58): reward=-19.5000 (mean, 1 tok)
2026-04-30 01:12:39,461 mme_vla_suite.pseudo_labeling.topreward_qwen_scorer INFO: Prefix 6/8 (end=69, n_frames=14/70): reward=-20.5000 (mean, 1 tok)
2026-04-30 01:12:46,446 mme_vla_suite.pseudo_labeling.topreward_qwen_scorer INFO: Prefix 7/8 (end=81, n_frames=16/82): reward=-20.1250 (mean, 1 tok)
2026-04-30 01:12:53,449 mme_vla_suite.pseudo_labeling.topreward_qwen_scorer INFO: Prefix 8/8 (end=94, n_frames=19/95): reward=-20.1250 (mean, 1 tok)
2026-04-30 01:13:01,564 mme_vla_suite.pseudo_labeling.topreward_qwen_scorer INFO: Prefix 1/8 (end=11, n_frames=4/12): reward=-20.3750 (mean, 1 tok)
2026-04-30 01:13:08,798 mme_vla_suite.pseudo_labeling.topreward_qwen_scorer INFO: Prefix 2/8 (end=25, n_frames=5/26): reward=-21.0000 (mean, 1 tok)
2026-04-30 01:13:15,711 mme_vla_suite.pseudo_labeling.topreward_qwen_scorer INFO: Prefix 3/8 (end=40, n_frames=8/41): reward=-18.2500 (mean, 1 tok)
2026-04-30 01:13:22,675 mme_vla_suite.pseudo_labeling.topreward_qwen_scorer INFO: Prefix 4/8 (end=55, n_frames=11/56): reward=-15.5000 (mean, 1 tok)
2026-04-30 01:13:30,033 mme_vla_suite.pseudo_labeling.topreward_qwen_scorer INFO: Prefix 5/8 (end=70, n_frames=14/71): reward=-14.7500 (mean, 1 tok)
2026-04-30 01:13:37,455 mme_vla_suite.pseudo_labeling.topreward_qwen_scorer INFO: Prefix 6/8 (end=85, n_frames=17/86): reward=-12.7500 (mean, 1 tok)
2026-04-30 01:13:44,857 mme_vla_suite.pseudo_labeling.topreward_qwen_scorer INFO: Prefix 7/8 (end=100, n_frames=20/101): reward=-14.3750 (mean, 1 tok)
2026-04-30 01:13:52,388 mme_vla_suite.pseudo_labeling.topreward_qwen_scorer INFO: Prefix 8/8 (end=115, n_frames=23/116): reward=-12.7500 (mean, 1 tok)
2026-04-30 01:14:00,772 mme_vla_suite.pseudo_labeling.topreward_qwen_scorer INFO: Prefix 1/8 (end=4, n_frames=4/5): reward=-19.2500 (mean, 1 tok)
2026-04-30 01:14:08,306 mme_vla_suite.pseudo_labeling.topreward_qwen_scorer INFO: Prefix 2/8 (end=7, n_frames=4/8): reward=-18.6250 (mean, 1 tok)
2026-04-30 01:14:15,223 mme_vla_suite.pseudo_labeling.topreward_qwen_scorer INFO: Prefix 3/8 (end=11, n_frames=4/12): reward=-18.8750 (mean, 1 tok)
2026-04-30 01:14:22,128 mme_vla_suite.pseudo_labeling.topreward_qwen_scorer INFO: Prefix 4/8 (end=15, n_frames=4/16): reward=-18.6250 (mean, 1 tok)
2026-04-30 01:14:29,041 mme_vla_suite.pseudo_labeling.topreward_qwen_scorer INFO: Prefix 5/8 (end=18, n_frames=4/19): reward=-19.0000 (mean, 1 tok)
2026-04-30 01:14:36,249 mme_vla_suite.pseudo_labeling.topreward_qwen_scorer INFO: Prefix 6/8 (end=22, n_frames=5/23): reward=-19.2500 (mean, 1 tok)
2026-04-30 01:14:43,886 mme_vla_suite.pseudo_labeling.topreward_qwen_scorer INFO: Prefix 7/8 (end=26, n_frames=5/27): reward=-19.7500 (mean, 1 tok)
2026-04-30 01:14:50,825 mme_vla_suite.pseudo_labeling.topreward_qwen_scorer INFO: Prefix 8/8 (end=30, n_frames=6/31): reward=-20.2500 (mean, 1 tok)
2026-04-30 01:14:58,523 mme_vla_suite.pseudo_labeling.topreward_qwen_scorer INFO: Prefix 1/8 (end=4, n_frames=4/5): reward=-19.6250 (mean, 1 tok)
2026-04-30 01:15:06,094 mme_vla_suite.pseudo_labeling.topreward_qwen_scorer INFO: Prefix 2/8 (end=9, n_frames=4/10): reward=-18.5000 (mean, 1 tok)
2026-04-30 01:15:13,682 mme_vla_suite.pseudo_labeling.topreward_qwen_scorer INFO: Prefix 3/8 (end=14, n_frames=4/15): reward=-18.3750 (mean, 1 tok)
2026-04-30 01:15:21,230 mme_vla_suite.pseudo_labeling.topreward_qwen_scorer INFO: Prefix 4/8 (end=19, n_frames=4/20): reward=-16.6250 (mean, 1 tok)
2026-04-30 01:15:28,743 mme_vla_suite.pseudo_labeling.topreward_qwen_scorer INFO: Prefix 5/8 (end=24, n_frames=5/25): reward=-18.1250 (mean, 1 tok)
2026-04-30 01:15:36,205 mme_vla_suite.pseudo_labeling.topreward_qwen_scorer INFO: Prefix 6/8 (end=29, n_frames=6/30): reward=-17.6250 (mean, 1 tok)
2026-04-30 01:15:43,542 mme_vla_suite.pseudo_labeling.topreward_qwen_scorer INFO: Prefix 7/8 (end=34, n_frames=7/35): reward=-18.2500 (mean, 1 tok)
2026-04-30 01:15:50,844 mme_vla_suite.pseudo_labeling.topreward_qwen_scorer INFO: Prefix 8/8 (end=40, n_frames=8/41): reward=-17.5000 (mean, 1 tok)
2026-04-30 01:15:59,257 mme_vla_suite.pseudo_labeling.topreward_qwen_scorer INFO: Prefix 1/8 (end=4, n_frames=4/5): reward=-20.1250 (mean, 1 tok)
2026-04-30 01:16:06,897 mme_vla_suite.pseudo_labeling.topreward_qwen_scorer INFO: Prefix 2/8 (end=9, n_frames=4/10): reward=-19.2500 (mean, 1 tok)
2026-04-30 01:16:14,524 mme_vla_suite.pseudo_labeling.topreward_qwen_scorer INFO: Prefix 3/8 (end=14, n_frames=4/15): reward=-19.3750 (mean, 1 tok)
2026-04-30 01:16:22,171 mme_vla_suite.pseudo_labeling.topreward_qwen_scorer INFO: Prefix 4/8 (end=19, n_frames=4/20): reward=-18.8750 (mean, 1 tok)
2026-04-30 01:16:29,140 mme_vla_suite.pseudo_labeling.topreward_qwen_scorer INFO: Prefix 5/8 (end=24, n_frames=5/25): reward=-19.2500 (mean, 1 tok)
2026-04-30 01:16:36,734 mme_vla_suite.pseudo_labeling.topreward_qwen_scorer INFO: Prefix 6/8 (end=29, n_frames=6/30): reward=-18.2500 (mean, 1 tok)
2026-04-30 01:16:44,412 mme_vla_suite.pseudo_labeling.topreward_qwen_scorer INFO: Prefix 7/8 (end=34, n_frames=7/35): reward=-19.2500 (mean, 1 tok)
2026-04-30 01:16:52,084 mme_vla_suite.pseudo_labeling.topreward_qwen_scorer INFO: Prefix 8/8 (end=40, n_frames=8/41): reward=-18.5000 (mean, 1 tok)
2026-04-30 01:17:00,791 mme_vla_suite.pseudo_labeling.topreward_qwen_scorer INFO: Prefix 1/8 (end=4, n_frames=4/5): reward=-20.0000 (mean, 1 tok)
2026-04-30 01:17:08,461 mme_vla_suite.pseudo_labeling.topreward_qwen_scorer INFO: Prefix 2/8 (end=9, n_frames=4/10): reward=-19.8750 (mean, 1 tok)
2026-04-30 01:17:16,049 mme_vla_suite.pseudo_labeling.topreward_qwen_scorer INFO: Prefix 3/8 (end=14, n_frames=4/15): reward=-19.0000 (mean, 1 tok)
2026-04-30 01:17:23,541 mme_vla_suite.pseudo_labeling.topreward_qwen_scorer INFO: Prefix 4/8 (end=19, n_frames=4/20): reward=-18.6250 (mean, 1 tok)
2026-04-30 01:17:31,062 mme_vla_suite.pseudo_labeling.topreward_qwen_scorer INFO: Prefix 5/8 (end=24, n_frames=5/25): reward=-18.3750 (mean, 1 tok)
2026-04-30 01:17:38,435 mme_vla_suite.pseudo_labeling.topreward_qwen_scorer INFO: Prefix 6/8 (end=29, n_frames=6/30): reward=-18.7500 (mean, 1 tok)
2026-04-30 01:17:45,908 mme_vla_suite.pseudo_labeling.topreward_qwen_scorer INFO: Prefix 7/8 (end=34, n_frames=7/35): reward=-19.8750 (mean, 1 tok)
2026-04-30 01:17:53,660 mme_vla_suite.pseudo_labeling.topreward_qwen_scorer INFO: Prefix 8/8 (end=40, n_frames=8/41): reward=-19.5000 (mean, 1 tok)
2026-04-30 01:18:02,020 mme_vla_suite.pseudo_labeling.topreward_qwen_scorer INFO: Prefix 1/8 (end=4, n_frames=4/5): reward=-19.5000 (mean, 1 tok)
2026-04-30 01:18:09,605 mme_vla_suite.pseudo_labeling.topreward_qwen_scorer INFO: Prefix 2/8 (end=8, n_frames=4/9): reward=-19.6250 (mean, 1 tok)
2026-04-30 01:18:17,237 mme_vla_suite.pseudo_labeling.topreward_qwen_scorer INFO: Prefix 3/8 (end=12, n_frames=4/13): reward=-19.1250 (mean, 1 tok)
2026-04-30 01:18:24,874 mme_vla_suite.pseudo_labeling.topreward_qwen_scorer INFO: Prefix 4/8 (end=16, n_frames=4/17): reward=-19.1250 (mean, 1 tok)
2026-04-30 01:18:31,856 mme_vla_suite.pseudo_labeling.topreward_qwen_scorer INFO: Prefix 5/8 (end=21, n_frames=4/22): reward=-17.8750 (mean, 1 tok)
2026-04-30 01:18:38,916 mme_vla_suite.pseudo_labeling.topreward_qwen_scorer INFO: Prefix 6/8 (end=25, n_frames=5/26): reward=-17.6250 (mean, 1 tok)
2026-04-30 01:18:45,850 mme_vla_suite.pseudo_labeling.topreward_qwen_scorer INFO: Prefix 7/8 (end=29, n_frames=6/30): reward=-17.8750 (mean, 1 tok)
2026-04-30 01:18:52,786 mme_vla_suite.pseudo_labeling.topreward_qwen_scorer INFO: Prefix 8/8 (end=34, n_frames=7/35): reward=-16.5000 (mean, 1 tok)
2026-04-30 01:19:00,562 mme_vla_suite.pseudo_labeling.topreward_qwen_scorer INFO: Prefix 1/8 (end=5, n_frames=4/6): reward=-21.3750 (mean, 1 tok)
2026-04-30 01:19:07,501 mme_vla_suite.pseudo_labeling.topreward_qwen_scorer INFO: Prefix 2/8 (end=12, n_frames=4/13): reward=-21.3750 (mean, 1 tok)
2026-04-30 01:19:14,431 mme_vla_suite.pseudo_labeling.topreward_qwen_scorer INFO: Prefix 3/8 (end=20, n_frames=4/21): reward=-20.8750 (mean, 1 tok)
2026-04-30 01:19:21,599 mme_vla_suite.pseudo_labeling.topreward_qwen_scorer INFO: Prefix 4/8 (end=27, n_frames=6/28): reward=-20.7500 (mean, 1 tok)
2026-04-30 01:19:28,661 mme_vla_suite.pseudo_labeling.topreward_qwen_scorer INFO: Prefix 5/8 (end=35, n_frames=7/36): reward=-19.8750 (mean, 1 tok)
2026-04-30 01:19:36,156 mme_vla_suite.pseudo_labeling.topreward_qwen_scorer INFO: Prefix 6/8 (end=42, n_frames=9/43): reward=-19.2500 (mean, 1 tok)
2026-04-30 01:19:43,355 mme_vla_suite.pseudo_labeling.topreward_qwen_scorer INFO: Prefix 7/8 (end=50, n_frames=10/51): reward=-18.2500 (mean, 1 tok)
2026-04-30 01:19:50,625 mme_vla_suite.pseudo_labeling.topreward_qwen_scorer INFO: Prefix 8/8 (end=58, n_frames=12/59): reward=-18.3750 (mean, 1 tok)
2026-04-30 01:19:58,833 mme_vla_suite.pseudo_labeling.topreward_qwen_scorer INFO: Prefix 1/8 (end=9, n_frames=4/10): reward=-21.6250 (mean, 1 tok)
2026-04-30 01:20:06,541 mme_vla_suite.pseudo_labeling.topreward_qwen_scorer INFO: Prefix 2/8 (end=21, n_frames=4/22): reward=-20.3750 (mean, 1 tok)
2026-04-30 01:20:14,276 mme_vla_suite.pseudo_labeling.topreward_qwen_scorer INFO: Prefix 3/8 (end=33, n_frames=7/34): reward=-19.5000 (mean, 1 tok)
2026-04-30 01:20:21,218 mme_vla_suite.pseudo_labeling.topreward_qwen_scorer INFO: Prefix 4/8 (end=45, n_frames=9/46): reward=-18.5000 (mean, 1 tok)
2026-04-30 01:20:28,852 mme_vla_suite.pseudo_labeling.topreward_qwen_scorer INFO: Prefix 5/8 (end=58, n_frames=12/59): reward=-18.3750 (mean, 1 tok)
2026-04-30 01:20:35,814 mme_vla_suite.pseudo_labeling.topreward_qwen_scorer INFO: Prefix 6/8 (end=70, n_frames=14/71): reward=-19.0000 (mean, 1 tok)
2026-04-30 01:20:42,982 mme_vla_suite.pseudo_labeling.topreward_qwen_scorer INFO: Prefix 7/8 (end=82, n_frames=17/83): reward=-18.2500 (mean, 1 tok)
2026-04-30 01:20:50,028 mme_vla_suite.pseudo_labeling.topreward_qwen_scorer INFO: Prefix 8/8 (end=95, n_frames=19/96): reward=-18.1250 (mean, 1 tok)
2026-04-30 01:20:57,899 mme_vla_suite.pseudo_labeling.topreward_qwen_scorer INFO: Prefix 1/8 (end=11, n_frames=4/12): reward=-21.1250 (mean, 1 tok)
2026-04-30 01:21:04,842 mme_vla_suite.pseudo_labeling.topreward_qwen_scorer INFO: Prefix 2/8 (end=26, n_frames=5/27): reward=-21.5000 (mean, 1 tok)
2026-04-30 01:21:11,782 mme_vla_suite.pseudo_labeling.topreward_qwen_scorer INFO: Prefix 3/8 (end=41, n_frames=8/42): reward=-16.6250 (mean, 1 tok)
2026-04-30 01:21:18,728 mme_vla_suite.pseudo_labeling.topreward_qwen_scorer INFO: Prefix 4/8 (end=56, n_frames=11/57): reward=-15.7500 (mean, 1 tok)
2026-04-30 01:21:26,149 mme_vla_suite.pseudo_labeling.topreward_qwen_scorer INFO: Prefix 5/8 (end=71, n_frames=14/72): reward=-15.5000 (mean, 1 tok)
2026-04-30 01:21:33,148 mme_vla_suite.pseudo_labeling.topreward_qwen_scorer INFO: Prefix 6/8 (end=86, n_frames=17/87): reward=-14.6250 (mean, 1 tok)
2026-04-30 01:21:40,200 mme_vla_suite.pseudo_labeling.topreward_qwen_scorer INFO: Prefix 7/8 (end=101, n_frames=20/102): reward=-15.2500 (mean, 1 tok)
2026-04-30 01:21:47,425 mme_vla_suite.pseudo_labeling.topreward_qwen_scorer INFO: Prefix 8/8 (end=117, n_frames=24/118): reward=-15.0000 (mean, 1 tok)
2026-04-30 01:21:55,249 mme_vla_suite.pseudo_labeling.topreward_qwen_scorer INFO: Prefix 1/8 (end=4, n_frames=4/5): reward=-19.1250 (mean, 1 tok)
2026-04-30 01:22:02,965 mme_vla_suite.pseudo_labeling.topreward_qwen_scorer INFO: Prefix 2/8 (end=9, n_frames=4/10): reward=-18.1250 (mean, 1 tok)
2026-04-30 01:22:10,197 mme_vla_suite.pseudo_labeling.topreward_qwen_scorer INFO: Prefix 3/8 (end=14, n_frames=4/15): reward=-17.8750 (mean, 1 tok)
2026-04-30 01:22:17,334 mme_vla_suite.pseudo_labeling.topreward_qwen_scorer INFO: Prefix 4/8 (end=19, n_frames=4/20): reward=-17.3750 (mean, 1 tok)
2026-04-30 01:22:24,852 mme_vla_suite.pseudo_labeling.topreward_qwen_scorer INFO: Prefix 5/8 (end=24, n_frames=5/25): reward=-17.6250 (mean, 1 tok)
2026-04-30 01:22:32,338 mme_vla_suite.pseudo_labeling.topreward_qwen_scorer INFO: Prefix 6/8 (end=29, n_frames=6/30): reward=-17.6250 (mean, 1 tok)
2026-04-30 01:22:39,268 mme_vla_suite.pseudo_labeling.topreward_qwen_scorer INFO: Prefix 7/8 (end=34, n_frames=7/35): reward=-18.5000 (mean, 1 tok)
2026-04-30 01:22:46,921 mme_vla_suite.pseudo_labeling.topreward_qwen_scorer INFO: Prefix 8/8 (end=39, n_frames=8/40): reward=-19.0000 (mean, 1 tok)
2026-04-30 01:22:55,153 mme_vla_suite.pseudo_labeling.topreward_qwen_scorer INFO: Prefix 1/8 (end=4, n_frames=4/5): reward=-19.3750 (mean, 1 tok)
2026-04-30 01:23:02,642 mme_vla_suite.pseudo_labeling.topreward_qwen_scorer INFO: Prefix 2/8 (end=8, n_frames=4/9): reward=-19.0000 (mean, 1 tok)
2026-04-30 01:23:10,030 mme_vla_suite.pseudo_labeling.topreward_qwen_scorer INFO: Prefix 3/8 (end=13, n_frames=4/14): reward=-19.0000 (mean, 1 tok)
2026-04-30 01:23:17,509 mme_vla_suite.pseudo_labeling.topreward_qwen_scorer INFO: Prefix 4/8 (end=18, n_frames=4/19): reward=-18.0000 (mean, 1 tok)
2026-04-30 01:23:24,785 mme_vla_suite.pseudo_labeling.topreward_qwen_scorer INFO: Prefix 5/8 (end=22, n_frames=5/23): reward=-18.1250 (mean, 1 tok)
2026-04-30 01:23:32,534 mme_vla_suite.pseudo_labeling.topreward_qwen_scorer INFO: Prefix 6/8 (end=27, n_frames=6/28): reward=-17.1250 (mean, 1 tok)
2026-04-30 01:23:39,844 mme_vla_suite.pseudo_labeling.topreward_qwen_scorer INFO: Prefix 7/8 (end=32, n_frames=7/33): reward=-18.2500 (mean, 1 tok)
2026-04-30 01:23:46,819 mme_vla_suite.pseudo_labeling.topreward_qwen_scorer INFO: Prefix 8/8 (end=37, n_frames=8/38): reward=-18.7500 (mean, 1 tok)
2026-04-30 01:23:54,861 mme_vla_suite.pseudo_labeling.topreward_qwen_scorer INFO: Prefix 1/8 (end=4, n_frames=4/5): reward=-20.5000 (mean, 1 tok)
2026-04-30 01:24:02,046 mme_vla_suite.pseudo_labeling.topreward_qwen_scorer INFO: Prefix 2/8 (end=8, n_frames=4/9): reward=-19.6250 (mean, 1 tok)
2026-04-30 01:24:08,992 mme_vla_suite.pseudo_labeling.topreward_qwen_scorer INFO: Prefix 3/8 (end=13, n_frames=4/14): reward=-19.8750 (mean, 1 tok)
2026-04-30 01:24:16,207 mme_vla_suite.pseudo_labeling.topreward_qwen_scorer INFO: Prefix 4/8 (end=17, n_frames=4/18): reward=-18.7500 (mean, 1 tok)
2026-04-30 01:24:23,146 mme_vla_suite.pseudo_labeling.topreward_qwen_scorer INFO: Prefix 5/8 (end=22, n_frames=5/23): reward=-18.7500 (mean, 1 tok)
2026-04-30 01:24:30,091 mme_vla_suite.pseudo_labeling.topreward_qwen_scorer INFO: Prefix 6/8 (end=26, n_frames=5/27): reward=-19.7500 (mean, 1 tok)
2026-04-30 01:24:37,025 mme_vla_suite.pseudo_labeling.topreward_qwen_scorer INFO: Prefix 7/8 (end=31, n_frames=6/32): reward=-18.8750 (mean, 1 tok)
2026-04-30 01:24:43,938 mme_vla_suite.pseudo_labeling.topreward_qwen_scorer INFO: Prefix 8/8 (end=36, n_frames=7/37): reward=-18.8750 (mean, 1 tok)
2026-04-30 01:24:52,110 mme_vla_suite.pseudo_labeling.topreward_qwen_scorer INFO: Prefix 1/8 (end=4, n_frames=4/5): reward=-19.1250 (mean, 1 tok)
2026-04-30 01:24:59,750 mme_vla_suite.pseudo_labeling.topreward_qwen_scorer INFO: Prefix 2/8 (end=8, n_frames=4/9): reward=-18.6250 (mean, 1 tok)
2026-04-30 01:25:07,234 mme_vla_suite.pseudo_labeling.topreward_qwen_scorer INFO: Prefix 3/8 (end=13, n_frames=4/14): reward=-18.7500 (mean, 1 tok)
2026-04-30 01:25:14,922 mme_vla_suite.pseudo_labeling.topreward_qwen_scorer INFO: Prefix 4/8 (end=18, n_frames=4/19): reward=-18.7500 (mean, 1 tok)
2026-04-30 01:25:22,584 mme_vla_suite.pseudo_labeling.topreward_qwen_scorer INFO: Prefix 5/8 (end=22, n_frames=5/23): reward=-18.8750 (mean, 1 tok)
2026-04-30 01:25:29,530 mme_vla_suite.pseudo_labeling.topreward_qwen_scorer INFO: Prefix 6/8 (end=27, n_frames=6/28): reward=-18.6250 (mean, 1 tok)
2026-04-30 01:25:36,487 mme_vla_suite.pseudo_labeling.topreward_qwen_scorer INFO: Prefix 7/8 (end=32, n_frames=7/33): reward=-19.3750 (mean, 1 tok)
2026-04-30 01:25:43,412 mme_vla_suite.pseudo_labeling.topreward_qwen_scorer INFO: Prefix 8/8 (end=37, n_frames=8/38): reward=-19.5000 (mean, 1 tok)
2026-04-30 01:25:51,449 mme_vla_suite.pseudo_labeling.topreward_qwen_scorer INFO: Prefix 1/8 (end=4, n_frames=4/5): reward=-21.1250 (mean, 1 tok)
2026-04-30 01:25:58,718 mme_vla_suite.pseudo_labeling.topreward_qwen_scorer INFO: Prefix 2/8 (end=8, n_frames=4/9): reward=-20.0000 (mean, 1 tok)
2026-04-30 01:26:05,860 mme_vla_suite.pseudo_labeling.topreward_qwen_scorer INFO: Prefix 3/8 (end=12, n_frames=4/13): reward=-21.5000 (mean, 1 tok)
2026-04-30 01:26:12,958 mme_vla_suite.pseudo_labeling.topreward_qwen_scorer INFO: Prefix 4/8 (end=16, n_frames=4/17): reward=-20.2500 (mean, 1 tok)
2026-04-30 01:26:20,107 mme_vla_suite.pseudo_labeling.topreward_qwen_scorer INFO: Prefix 5/8 (end=20, n_frames=4/21): reward=-21.2500 (mean, 1 tok)
2026-04-30 01:26:27,122 mme_vla_suite.pseudo_labeling.topreward_qwen_scorer INFO: Prefix 6/8 (end=24, n_frames=5/25): reward=-20.0000 (mean, 1 tok)
2026-04-30 01:26:34,080 mme_vla_suite.pseudo_labeling.topreward_qwen_scorer INFO: Prefix 7/8 (end=28, n_frames=6/29): reward=-20.0000 (mean, 1 tok)
2026-04-30 01:26:41,023 mme_vla_suite.pseudo_labeling.topreward_qwen_scorer INFO: Prefix 8/8 (end=33, n_frames=7/34): reward=-17.7500 (mean, 1 tok)
2026-04-30 01:26:48,999 mme_vla_suite.pseudo_labeling.topreward_qwen_scorer INFO: Prefix 1/8 (end=5, n_frames=4/6): reward=-19.7500 (mean, 1 tok)
2026-04-30 01:26:55,913 mme_vla_suite.pseudo_labeling.topreward_qwen_scorer INFO: Prefix 2/8 (end=11, n_frames=4/12): reward=-19.7500 (mean, 1 tok)
2026-04-30 01:27:03,243 mme_vla_suite.pseudo_labeling.topreward_qwen_scorer INFO: Prefix 3/8 (end=18, n_frames=4/19): reward=-19.2500 (mean, 1 tok)
2026-04-30 01:27:10,786 mme_vla_suite.pseudo_labeling.topreward_qwen_scorer INFO: Prefix 4/8 (end=25, n_frames=5/26): reward=-18.6250 (mean, 1 tok)
2026-04-30 01:27:17,732 mme_vla_suite.pseudo_labeling.topreward_qwen_scorer INFO: Prefix 5/8 (end=31, n_frames=6/32): reward=-18.2500 (mean, 1 tok)
2026-04-30 01:27:24,716 mme_vla_suite.pseudo_labeling.topreward_qwen_scorer INFO: Prefix 6/8 (end=38, n_frames=8/39): reward=-18.7500 (mean, 1 tok)
2026-04-30 01:27:31,676 mme_vla_suite.pseudo_labeling.topreward_qwen_scorer INFO: Prefix 7/8 (end=45, n_frames=9/46): reward=-18.1250 (mean, 1 tok)
2026-04-30 01:27:38,627 mme_vla_suite.pseudo_labeling.topreward_qwen_scorer INFO: Prefix 8/8 (end=52, n_frames=11/53): reward=-18.3750 (mean, 1 tok)
2026-04-30 01:27:46,370 mme_vla_suite.pseudo_labeling.topreward_qwen_scorer INFO: Prefix 1/8 (end=9, n_frames=4/10): reward=-19.2500 (mean, 1 tok)
2026-04-30 01:27:53,300 mme_vla_suite.pseudo_labeling.topreward_qwen_scorer INFO: Prefix 2/8 (end=20, n_frames=4/21): reward=-19.1250 (mean, 1 tok)
2026-04-30 01:28:00,892 mme_vla_suite.pseudo_labeling.topreward_qwen_scorer INFO: Prefix 3/8 (end=32, n_frames=7/33): reward=-18.6250 (mean, 1 tok)
2026-04-30 01:28:07,817 mme_vla_suite.pseudo_labeling.topreward_qwen_scorer INFO: Prefix 4/8 (end=44, n_frames=9/45): reward=-18.3750 (mean, 1 tok)
2026-04-30 01:28:15,418 mme_vla_suite.pseudo_labeling.topreward_qwen_scorer INFO: Prefix 5/8 (end=55, n_frames=11/56): reward=-18.6250 (mean, 1 tok)
2026-04-30 01:28:22,392 mme_vla_suite.pseudo_labeling.topreward_qwen_scorer INFO: Prefix 6/8 (end=67, n_frames=14/68): reward=-18.7500 (mean, 1 tok)
2026-04-30 01:28:29,360 mme_vla_suite.pseudo_labeling.topreward_qwen_scorer INFO: Prefix 7/8 (end=79, n_frames=16/80): reward=-18.3750 (mean, 1 tok)
2026-04-30 01:28:36,619 mme_vla_suite.pseudo_labeling.topreward_qwen_scorer INFO: Prefix 8/8 (end=91, n_frames=18/92): reward=-19.0000 (mean, 1 tok)
