/coc/testnvme/shalbe3/miniconda/envs/robomme/lib/python3.11/site-packages/torch/cuda/__init__.py:63: FutureWarning: The pynvml package is deprecated. Please install nvidia-ml-py instead. If you did not install pynvml directly, please report this to the maintainers of the package that installed pynvml for you.
  import pynvml  # type: ignore[import]
`torch_dtype` is deprecated! Use `dtype` instead!
You are attempting to use Flash Attention 2 without specifying a torch dtype. This might lead to unexpected behaviour
2026-04-29 23:22:50,220 mme_vla_suite.pseudo_labeling.topreward_qwen_scorer WARNING: flash_attention_2 unavailable (/coc/testnvme/shalbe3/miniconda/envs/robomme/lib/python3.11/site-packages/flash_attn_2_cuda.cpython-311-x86_64-linux-gnu.so: undefined symbol: _ZNK3c106SymInt6sym_neERKS0_), using default attention
Loading checkpoint shards:   0%|          | 0/4 [00:00<?, ?it/s]Loading checkpoint shards:  25%|██▌       | 1/4 [00:13<00:41, 13.78s/it]Loading checkpoint shards:  50%|█████     | 2/4 [00:27<00:27, 13.57s/it]Loading checkpoint shards:  75%|███████▌  | 3/4 [00:40<00:13, 13.54s/it]Loading checkpoint shards: 100%|██████████| 4/4 [00:48<00:00, 11.16s/it]Loading checkpoint shards: 100%|██████████| 4/4 [00:48<00:00, 12.05s/it]
Asked to sample `fps` frames per second but no video metadata was provided which is required when sampling with `fps`. Defaulting to `fps=24`. Please provide `video_metadata` for more accurate results.
2026-04-29 23:23:48,809 mme_vla_suite.pseudo_labeling.topreward_qwen_scorer INFO: Prefix 1/8 (end=11, n_frames=4/12): reward=-19.5000 (mean, 1 tok)
2026-04-29 23:23:55,744 mme_vla_suite.pseudo_labeling.topreward_qwen_scorer INFO: Prefix 2/8 (end=26, n_frames=5/27): reward=-19.6250 (mean, 1 tok)
2026-04-29 23:24:02,678 mme_vla_suite.pseudo_labeling.topreward_qwen_scorer INFO: Prefix 3/8 (end=41, n_frames=8/42): reward=-17.2500 (mean, 1 tok)
2026-04-29 23:24:09,623 mme_vla_suite.pseudo_labeling.topreward_qwen_scorer INFO: Prefix 4/8 (end=56, n_frames=11/57): reward=-16.8750 (mean, 1 tok)
2026-04-29 23:24:16,635 mme_vla_suite.pseudo_labeling.topreward_qwen_scorer INFO: Prefix 5/8 (end=72, n_frames=15/73): reward=-16.8750 (mean, 1 tok)
2026-04-29 23:24:23,640 mme_vla_suite.pseudo_labeling.topreward_qwen_scorer INFO: Prefix 6/8 (end=87, n_frames=18/88): reward=-16.8750 (mean, 1 tok)
2026-04-29 23:24:30,660 mme_vla_suite.pseudo_labeling.topreward_qwen_scorer INFO: Prefix 7/8 (end=102, n_frames=21/103): reward=-16.5000 (mean, 1 tok)
2026-04-29 23:24:37,709 mme_vla_suite.pseudo_labeling.topreward_qwen_scorer INFO: Prefix 8/8 (end=118, n_frames=24/119): reward=-15.1250 (mean, 1 tok)
2026-04-29 23:24:45,390 mme_vla_suite.pseudo_labeling.topreward_qwen_scorer INFO: Prefix 1/8 (end=8, n_frames=4/9): reward=-20.0000 (mean, 1 tok)
2026-04-29 23:24:52,306 mme_vla_suite.pseudo_labeling.topreward_qwen_scorer INFO: Prefix 2/8 (end=19, n_frames=4/20): reward=-18.7500 (mean, 1 tok)
2026-04-29 23:24:59,223 mme_vla_suite.pseudo_labeling.topreward_qwen_scorer INFO: Prefix 3/8 (end=30, n_frames=6/31): reward=-19.5000 (mean, 1 tok)
2026-04-29 23:25:06,141 mme_vla_suite.pseudo_labeling.topreward_qwen_scorer INFO: Prefix 4/8 (end=41, n_frames=8/42): reward=-17.8750 (mean, 1 tok)
2026-04-29 23:25:13,100 mme_vla_suite.pseudo_labeling.topreward_qwen_scorer INFO: Prefix 5/8 (end=53, n_frames=11/54): reward=-18.5000 (mean, 1 tok)
2026-04-29 23:25:20,043 mme_vla_suite.pseudo_labeling.topreward_qwen_scorer INFO: Prefix 6/8 (end=64, n_frames=13/65): reward=-18.0000 (mean, 1 tok)
2026-04-29 23:25:27,013 mme_vla_suite.pseudo_labeling.topreward_qwen_scorer INFO: Prefix 7/8 (end=75, n_frames=15/76): reward=-19.1250 (mean, 1 tok)
2026-04-29 23:25:33,983 mme_vla_suite.pseudo_labeling.topreward_qwen_scorer INFO: Prefix 8/8 (end=87, n_frames=18/88): reward=-17.7500 (mean, 1 tok)
2026-04-29 23:25:41,994 mme_vla_suite.pseudo_labeling.topreward_qwen_scorer INFO: Prefix 1/8 (end=16, n_frames=4/17): reward=-20.8750 (mean, 1 tok)
2026-04-29 23:25:48,936 mme_vla_suite.pseudo_labeling.topreward_qwen_scorer INFO: Prefix 2/8 (end=36, n_frames=7/37): reward=-20.1250 (mean, 1 tok)
2026-04-29 23:25:55,882 mme_vla_suite.pseudo_labeling.topreward_qwen_scorer INFO: Prefix 3/8 (end=56, n_frames=11/57): reward=-18.8750 (mean, 1 tok)
2026-04-29 23:26:02,840 mme_vla_suite.pseudo_labeling.topreward_qwen_scorer INFO: Prefix 4/8 (end=77, n_frames=16/78): reward=-19.2500 (mean, 1 tok)
2026-04-29 23:26:09,847 mme_vla_suite.pseudo_labeling.topreward_qwen_scorer INFO: Prefix 5/8 (end=97, n_frames=20/98): reward=-19.6250 (mean, 1 tok)
2026-04-29 23:26:16,904 mme_vla_suite.pseudo_labeling.topreward_qwen_scorer INFO: Prefix 6/8 (end=118, n_frames=24/119): reward=-18.7500 (mean, 1 tok)
2026-04-29 23:26:24,004 mme_vla_suite.pseudo_labeling.topreward_qwen_scorer INFO: Prefix 7/8 (end=138, n_frames=28/139): reward=-18.6250 (mean, 1 tok)
2026-04-29 23:26:31,094 mme_vla_suite.pseudo_labeling.topreward_qwen_scorer INFO: Prefix 8/8 (end=159, n_frames=32/160): reward=-17.7500 (mean, 1 tok)
2026-04-29 23:26:39,006 mme_vla_suite.pseudo_labeling.topreward_qwen_scorer INFO: Prefix 1/8 (end=6, n_frames=4/7): reward=-19.1250 (mean, 1 tok)
2026-04-29 23:26:45,896 mme_vla_suite.pseudo_labeling.topreward_qwen_scorer INFO: Prefix 2/8 (end=14, n_frames=4/15): reward=-21.7500 (mean, 1 tok)
2026-04-29 23:26:52,803 mme_vla_suite.pseudo_labeling.topreward_qwen_scorer INFO: Prefix 3/8 (end=23, n_frames=5/24): reward=-18.2500 (mean, 1 tok)
2026-04-29 23:26:59,691 mme_vla_suite.pseudo_labeling.topreward_qwen_scorer INFO: Prefix 4/8 (end=31, n_frames=6/32): reward=-21.3750 (mean, 1 tok)
2026-04-29 23:27:06,579 mme_vla_suite.pseudo_labeling.topreward_qwen_scorer INFO: Prefix 5/8 (end=40, n_frames=8/41): reward=-17.2500 (mean, 1 tok)
2026-04-29 23:27:13,506 mme_vla_suite.pseudo_labeling.topreward_qwen_scorer INFO: Prefix 6/8 (end=48, n_frames=10/49): reward=-16.8750 (mean, 1 tok)
2026-04-29 23:27:20,446 mme_vla_suite.pseudo_labeling.topreward_qwen_scorer INFO: Prefix 7/8 (end=57, n_frames=12/58): reward=-19.0000 (mean, 1 tok)
2026-04-29 23:27:27,409 mme_vla_suite.pseudo_labeling.topreward_qwen_scorer INFO: Prefix 8/8 (end=66, n_frames=13/67): reward=-18.2500 (mean, 1 tok)
2026-04-29 23:27:35,272 mme_vla_suite.pseudo_labeling.topreward_qwen_scorer INFO: Prefix 1/8 (end=7, n_frames=4/8): reward=-21.3750 (mean, 1 tok)
2026-04-29 23:27:42,147 mme_vla_suite.pseudo_labeling.topreward_qwen_scorer INFO: Prefix 2/8 (end=15, n_frames=4/16): reward=-20.6250 (mean, 1 tok)
2026-04-29 23:27:49,020 mme_vla_suite.pseudo_labeling.topreward_qwen_scorer INFO: Prefix 3/8 (end=24, n_frames=5/25): reward=-20.2500 (mean, 1 tok)
2026-04-29 23:27:55,939 mme_vla_suite.pseudo_labeling.topreward_qwen_scorer INFO: Prefix 4/8 (end=33, n_frames=7/34): reward=-20.5000 (mean, 1 tok)
2026-04-29 23:28:02,873 mme_vla_suite.pseudo_labeling.topreward_qwen_scorer INFO: Prefix 5/8 (end=42, n_frames=9/43): reward=-18.6250 (mean, 1 tok)
2026-04-29 23:28:09,804 mme_vla_suite.pseudo_labeling.topreward_qwen_scorer INFO: Prefix 6/8 (end=51, n_frames=10/52): reward=-19.3750 (mean, 1 tok)
2026-04-29 23:28:16,747 mme_vla_suite.pseudo_labeling.topreward_qwen_scorer INFO: Prefix 7/8 (end=60, n_frames=12/61): reward=-18.2500 (mean, 1 tok)
2026-04-29 23:28:23,707 mme_vla_suite.pseudo_labeling.topreward_qwen_scorer INFO: Prefix 8/8 (end=69, n_frames=14/70): reward=-19.0000 (mean, 1 tok)
2026-04-29 23:28:31,541 mme_vla_suite.pseudo_labeling.topreward_qwen_scorer INFO: Prefix 1/8 (end=6, n_frames=4/7): reward=-19.8750 (mean, 1 tok)
2026-04-29 23:28:38,490 mme_vla_suite.pseudo_labeling.topreward_qwen_scorer INFO: Prefix 2/8 (end=14, n_frames=4/15): reward=-21.1250 (mean, 1 tok)
2026-04-29 23:28:45,395 mme_vla_suite.pseudo_labeling.topreward_qwen_scorer INFO: Prefix 3/8 (end=23, n_frames=5/24): reward=-18.2500 (mean, 1 tok)
2026-04-29 23:28:52,338 mme_vla_suite.pseudo_labeling.topreward_qwen_scorer INFO: Prefix 4/8 (end=31, n_frames=6/32): reward=-19.6250 (mean, 1 tok)
2026-04-29 23:28:59,275 mme_vla_suite.pseudo_labeling.topreward_qwen_scorer INFO: Prefix 5/8 (end=40, n_frames=8/41): reward=-17.5000 (mean, 1 tok)
2026-04-29 23:29:06,203 mme_vla_suite.pseudo_labeling.topreward_qwen_scorer INFO: Prefix 6/8 (end=48, n_frames=10/49): reward=-17.2500 (mean, 1 tok)
2026-04-29 23:29:13,109 mme_vla_suite.pseudo_labeling.topreward_qwen_scorer INFO: Prefix 7/8 (end=57, n_frames=12/58): reward=-18.1250 (mean, 1 tok)
2026-04-29 23:29:20,062 mme_vla_suite.pseudo_labeling.topreward_qwen_scorer INFO: Prefix 8/8 (end=66, n_frames=13/67): reward=-18.3750 (mean, 1 tok)
2026-04-29 23:29:27,909 mme_vla_suite.pseudo_labeling.topreward_qwen_scorer INFO: Prefix 1/8 (end=6, n_frames=4/7): reward=-21.2500 (mean, 1 tok)
2026-04-29 23:29:34,798 mme_vla_suite.pseudo_labeling.topreward_qwen_scorer INFO: Prefix 2/8 (end=14, n_frames=4/15): reward=-21.0000 (mean, 1 tok)
2026-04-29 23:29:41,722 mme_vla_suite.pseudo_labeling.topreward_qwen_scorer INFO: Prefix 3/8 (end=23, n_frames=5/24): reward=-20.5000 (mean, 1 tok)
2026-04-29 23:29:48,648 mme_vla_suite.pseudo_labeling.topreward_qwen_scorer INFO: Prefix 4/8 (end=32, n_frames=7/33): reward=-20.0000 (mean, 1 tok)
2026-04-29 23:29:55,590 mme_vla_suite.pseudo_labeling.topreward_qwen_scorer INFO: Prefix 5/8 (end=41, n_frames=8/42): reward=-20.3750 (mean, 1 tok)
2026-04-29 23:30:02,520 mme_vla_suite.pseudo_labeling.topreward_qwen_scorer INFO: Prefix 6/8 (end=50, n_frames=10/51): reward=-19.7500 (mean, 1 tok)
2026-04-29 23:30:09,435 mme_vla_suite.pseudo_labeling.topreward_qwen_scorer INFO: Prefix 7/8 (end=59, n_frames=12/60): reward=-18.0000 (mean, 1 tok)
2026-04-29 23:30:16,352 mme_vla_suite.pseudo_labeling.topreward_qwen_scorer INFO: Prefix 8/8 (end=68, n_frames=14/69): reward=-19.5000 (mean, 1 tok)
2026-04-29 23:30:24,170 mme_vla_suite.pseudo_labeling.topreward_qwen_scorer INFO: Prefix 1/8 (end=6, n_frames=4/7): reward=-19.6250 (mean, 1 tok)
2026-04-29 23:30:31,074 mme_vla_suite.pseudo_labeling.topreward_qwen_scorer INFO: Prefix 2/8 (end=14, n_frames=4/15): reward=-20.5000 (mean, 1 tok)
2026-04-29 23:30:37,994 mme_vla_suite.pseudo_labeling.topreward_qwen_scorer INFO: Prefix 3/8 (end=22, n_frames=5/23): reward=-18.2500 (mean, 1 tok)
2026-04-29 23:30:44,919 mme_vla_suite.pseudo_labeling.topreward_qwen_scorer INFO: Prefix 4/8 (end=31, n_frames=6/32): reward=-18.2500 (mean, 1 tok)
2026-04-29 23:30:51,809 mme_vla_suite.pseudo_labeling.topreward_qwen_scorer INFO: Prefix 5/8 (end=39, n_frames=8/40): reward=-17.6250 (mean, 1 tok)
2026-04-29 23:30:58,693 mme_vla_suite.pseudo_labeling.topreward_qwen_scorer INFO: Prefix 6/8 (end=48, n_frames=10/49): reward=-17.7500 (mean, 1 tok)
2026-04-29 23:31:05,562 mme_vla_suite.pseudo_labeling.topreward_qwen_scorer INFO: Prefix 7/8 (end=56, n_frames=11/57): reward=-17.7500 (mean, 1 tok)
2026-04-29 23:31:12,498 mme_vla_suite.pseudo_labeling.topreward_qwen_scorer INFO: Prefix 8/8 (end=65, n_frames=13/66): reward=-19.2500 (mean, 1 tok)
2026-04-29 23:31:20,394 mme_vla_suite.pseudo_labeling.topreward_qwen_scorer INFO: Prefix 1/8 (end=6, n_frames=4/7): reward=-22.7500 (mean, 1 tok)
2026-04-29 23:31:27,295 mme_vla_suite.pseudo_labeling.topreward_qwen_scorer INFO: Prefix 2/8 (end=14, n_frames=4/15): reward=-21.1250 (mean, 1 tok)
2026-04-29 23:31:34,194 mme_vla_suite.pseudo_labeling.topreward_qwen_scorer INFO: Prefix 3/8 (end=22, n_frames=5/23): reward=-18.2500 (mean, 1 tok)
2026-04-29 23:31:41,105 mme_vla_suite.pseudo_labeling.topreward_qwen_scorer INFO: Prefix 4/8 (end=30, n_frames=6/31): reward=-18.8750 (mean, 1 tok)
2026-04-29 23:31:47,981 mme_vla_suite.pseudo_labeling.topreward_qwen_scorer INFO: Prefix 5/8 (end=38, n_frames=8/39): reward=-18.5000 (mean, 1 tok)
2026-04-29 23:31:54,892 mme_vla_suite.pseudo_labeling.topreward_qwen_scorer INFO: Prefix 6/8 (end=46, n_frames=9/47): reward=-19.6250 (mean, 1 tok)
2026-04-29 23:32:01,843 mme_vla_suite.pseudo_labeling.topreward_qwen_scorer INFO: Prefix 7/8 (end=54, n_frames=11/55): reward=-19.0000 (mean, 1 tok)
2026-04-29 23:32:08,763 mme_vla_suite.pseudo_labeling.topreward_qwen_scorer INFO: Prefix 8/8 (end=63, n_frames=13/64): reward=-20.7500 (mean, 1 tok)
2026-04-29 23:32:16,320 mme_vla_suite.pseudo_labeling.topreward_qwen_scorer INFO: Prefix 1/8 (end=10, n_frames=4/11): reward=-22.2500 (mean, 1 tok)
2026-04-29 23:32:23,289 mme_vla_suite.pseudo_labeling.topreward_qwen_scorer INFO: Prefix 2/8 (end=23, n_frames=5/24): reward=-18.2500 (mean, 1 tok)
2026-04-29 23:32:30,248 mme_vla_suite.pseudo_labeling.topreward_qwen_scorer INFO: Prefix 3/8 (end=37, n_frames=8/38): reward=-18.2500 (mean, 1 tok)
2026-04-29 23:32:37,174 mme_vla_suite.pseudo_labeling.topreward_qwen_scorer INFO: Prefix 4/8 (end=51, n_frames=10/52): reward=-18.6250 (mean, 1 tok)
2026-04-29 23:32:44,120 mme_vla_suite.pseudo_labeling.topreward_qwen_scorer INFO: Prefix 5/8 (end=65, n_frames=13/66): reward=-19.1250 (mean, 1 tok)
2026-04-29 23:32:51,105 mme_vla_suite.pseudo_labeling.topreward_qwen_scorer INFO: Prefix 6/8 (end=79, n_frames=16/80): reward=-19.1250 (mean, 1 tok)
2026-04-29 23:32:58,081 mme_vla_suite.pseudo_labeling.topreward_qwen_scorer INFO: Prefix 7/8 (end=93, n_frames=19/94): reward=-20.2500 (mean, 1 tok)
2026-04-29 23:33:05,138 mme_vla_suite.pseudo_labeling.topreward_qwen_scorer INFO: Prefix 8/8 (end=107, n_frames=22/108): reward=-21.1250 (mean, 1 tok)
2026-04-29 23:33:12,831 mme_vla_suite.pseudo_labeling.topreward_qwen_scorer INFO: Prefix 1/8 (end=11, n_frames=4/12): reward=-19.5000 (mean, 1 tok)
2026-04-29 23:33:19,837 mme_vla_suite.pseudo_labeling.topreward_qwen_scorer INFO: Prefix 2/8 (end=26, n_frames=5/27): reward=-20.0000 (mean, 1 tok)
2026-04-29 23:33:26,802 mme_vla_suite.pseudo_labeling.topreward_qwen_scorer INFO: Prefix 3/8 (end=41, n_frames=8/42): reward=-18.7500 (mean, 1 tok)
2026-04-29 23:33:33,804 mme_vla_suite.pseudo_labeling.topreward_qwen_scorer INFO: Prefix 4/8 (end=56, n_frames=11/57): reward=-16.5000 (mean, 1 tok)
2026-04-29 23:33:40,822 mme_vla_suite.pseudo_labeling.topreward_qwen_scorer INFO: Prefix 5/8 (end=71, n_frames=14/72): reward=-16.0000 (mean, 1 tok)
2026-04-29 23:33:47,872 mme_vla_suite.pseudo_labeling.topreward_qwen_scorer INFO: Prefix 6/8 (end=86, n_frames=17/87): reward=-16.6250 (mean, 1 tok)
2026-04-29 23:33:54,938 mme_vla_suite.pseudo_labeling.topreward_qwen_scorer INFO: Prefix 7/8 (end=101, n_frames=20/102): reward=-16.8750 (mean, 1 tok)
2026-04-29 23:34:02,006 mme_vla_suite.pseudo_labeling.topreward_qwen_scorer INFO: Prefix 8/8 (end=117, n_frames=24/118): reward=-15.7500 (mean, 1 tok)
2026-04-29 23:34:10,187 mme_vla_suite.pseudo_labeling.topreward_qwen_scorer INFO: Prefix 1/8 (end=8, n_frames=4/9): reward=-19.5000 (mean, 1 tok)
2026-04-29 23:34:17,155 mme_vla_suite.pseudo_labeling.topreward_qwen_scorer INFO: Prefix 2/8 (end=19, n_frames=4/20): reward=-17.6250 (mean, 1 tok)
2026-04-29 23:34:24,098 mme_vla_suite.pseudo_labeling.topreward_qwen_scorer INFO: Prefix 3/8 (end=30, n_frames=6/31): reward=-17.5000 (mean, 1 tok)
2026-04-29 23:34:31,112 mme_vla_suite.pseudo_labeling.topreward_qwen_scorer INFO: Prefix 4/8 (end=41, n_frames=8/42): reward=-18.3750 (mean, 1 tok)
2026-04-29 23:34:38,067 mme_vla_suite.pseudo_labeling.topreward_qwen_scorer INFO: Prefix 5/8 (end=53, n_frames=11/54): reward=-18.3750 (mean, 1 tok)
2026-04-29 23:34:45,043 mme_vla_suite.pseudo_labeling.topreward_qwen_scorer INFO: Prefix 6/8 (end=64, n_frames=13/65): reward=-16.7500 (mean, 1 tok)
2026-04-29 23:34:52,035 mme_vla_suite.pseudo_labeling.topreward_qwen_scorer INFO: Prefix 7/8 (end=75, n_frames=15/76): reward=-17.0000 (mean, 1 tok)
2026-04-29 23:34:59,079 mme_vla_suite.pseudo_labeling.topreward_qwen_scorer INFO: Prefix 8/8 (end=87, n_frames=18/88): reward=-17.6250 (mean, 1 tok)
2026-04-29 23:35:07,015 mme_vla_suite.pseudo_labeling.topreward_qwen_scorer INFO: Prefix 1/8 (end=7, n_frames=4/8): reward=-21.3750 (mean, 1 tok)
2026-04-29 23:35:13,955 mme_vla_suite.pseudo_labeling.topreward_qwen_scorer INFO: Prefix 2/8 (end=16, n_frames=4/17): reward=-21.2500 (mean, 1 tok)
2026-04-29 23:35:20,881 mme_vla_suite.pseudo_labeling.topreward_qwen_scorer INFO: Prefix 3/8 (end=25, n_frames=5/26): reward=-21.2500 (mean, 1 tok)
2026-04-29 23:35:27,843 mme_vla_suite.pseudo_labeling.topreward_qwen_scorer INFO: Prefix 4/8 (end=34, n_frames=7/35): reward=-20.8750 (mean, 1 tok)
2026-04-29 23:35:34,818 mme_vla_suite.pseudo_labeling.topreward_qwen_scorer INFO: Prefix 5/8 (end=43, n_frames=9/44): reward=-20.1250 (mean, 1 tok)
2026-04-29 23:35:41,774 mme_vla_suite.pseudo_labeling.topreward_qwen_scorer INFO: Prefix 6/8 (end=52, n_frames=11/53): reward=-19.7500 (mean, 1 tok)
2026-04-29 23:35:48,726 mme_vla_suite.pseudo_labeling.topreward_qwen_scorer INFO: Prefix 7/8 (end=61, n_frames=12/62): reward=-19.8750 (mean, 1 tok)
2026-04-29 23:35:55,676 mme_vla_suite.pseudo_labeling.topreward_qwen_scorer INFO: Prefix 8/8 (end=71, n_frames=14/72): reward=-20.2500 (mean, 1 tok)
2026-04-29 23:36:03,329 mme_vla_suite.pseudo_labeling.topreward_qwen_scorer INFO: Prefix 1/8 (end=5, n_frames=4/6): reward=-21.2500 (mean, 1 tok)
2026-04-29 23:36:10,285 mme_vla_suite.pseudo_labeling.topreward_qwen_scorer INFO: Prefix 2/8 (end=11, n_frames=4/12): reward=-21.7500 (mean, 1 tok)
2026-04-29 23:36:17,222 mme_vla_suite.pseudo_labeling.topreward_qwen_scorer INFO: Prefix 3/8 (end=18, n_frames=4/19): reward=-20.7500 (mean, 1 tok)
2026-04-29 23:36:24,173 mme_vla_suite.pseudo_labeling.topreward_qwen_scorer INFO: Prefix 4/8 (end=25, n_frames=5/26): reward=-17.0000 (mean, 1 tok)
2026-04-29 23:36:31,106 mme_vla_suite.pseudo_labeling.topreward_qwen_scorer INFO: Prefix 5/8 (end=31, n_frames=6/32): reward=-17.7500 (mean, 1 tok)
2026-04-29 23:36:38,044 mme_vla_suite.pseudo_labeling.topreward_qwen_scorer INFO: Prefix 6/8 (end=38, n_frames=8/39): reward=-17.2500 (mean, 1 tok)
2026-04-29 23:36:45,033 mme_vla_suite.pseudo_labeling.topreward_qwen_scorer INFO: Prefix 7/8 (end=45, n_frames=9/46): reward=-17.0000 (mean, 1 tok)
2026-04-29 23:36:52,031 mme_vla_suite.pseudo_labeling.topreward_qwen_scorer INFO: Prefix 8/8 (end=52, n_frames=11/53): reward=-17.3750 (mean, 1 tok)
2026-04-29 23:36:59,989 mme_vla_suite.pseudo_labeling.topreward_qwen_scorer INFO: Prefix 1/8 (end=7, n_frames=4/8): reward=-21.5000 (mean, 1 tok)
2026-04-29 23:37:06,910 mme_vla_suite.pseudo_labeling.topreward_qwen_scorer INFO: Prefix 2/8 (end=16, n_frames=4/17): reward=-21.5000 (mean, 1 tok)
2026-04-29 23:37:13,761 mme_vla_suite.pseudo_labeling.topreward_qwen_scorer INFO: Prefix 3/8 (end=25, n_frames=5/26): reward=-21.0000 (mean, 1 tok)
2026-04-29 23:37:20,753 mme_vla_suite.pseudo_labeling.topreward_qwen_scorer INFO: Prefix 4/8 (end=35, n_frames=7/36): reward=-21.2500 (mean, 1 tok)
2026-04-29 23:37:27,735 mme_vla_suite.pseudo_labeling.topreward_qwen_scorer INFO: Prefix 5/8 (end=44, n_frames=9/45): reward=-19.2500 (mean, 1 tok)
2026-04-29 23:37:34,672 mme_vla_suite.pseudo_labeling.topreward_qwen_scorer INFO: Prefix 6/8 (end=54, n_frames=11/55): reward=-19.7500 (mean, 1 tok)
2026-04-29 23:37:41,665 mme_vla_suite.pseudo_labeling.topreward_qwen_scorer INFO: Prefix 7/8 (end=63, n_frames=13/64): reward=-19.0000 (mean, 1 tok)
2026-04-29 23:37:48,743 mme_vla_suite.pseudo_labeling.topreward_qwen_scorer INFO: Prefix 8/8 (end=73, n_frames=15/74): reward=-18.6250 (mean, 1 tok)
2026-04-29 23:37:56,703 mme_vla_suite.pseudo_labeling.topreward_qwen_scorer INFO: Prefix 1/8 (end=5, n_frames=4/6): reward=-20.8750 (mean, 1 tok)
2026-04-29 23:38:03,700 mme_vla_suite.pseudo_labeling.topreward_qwen_scorer INFO: Prefix 2/8 (end=12, n_frames=4/13): reward=-20.5000 (mean, 1 tok)
2026-04-29 23:38:10,834 mme_vla_suite.pseudo_labeling.topreward_qwen_scorer INFO: Prefix 3/8 (end=19, n_frames=4/20): reward=-19.8750 (mean, 1 tok)
2026-04-29 23:38:17,816 mme_vla_suite.pseudo_labeling.topreward_qwen_scorer INFO: Prefix 4/8 (end=26, n_frames=5/27): reward=-17.7500 (mean, 1 tok)
2026-04-29 23:38:24,827 mme_vla_suite.pseudo_labeling.topreward_qwen_scorer INFO: Prefix 5/8 (end=33, n_frames=7/34): reward=-16.3750 (mean, 1 tok)
2026-04-29 23:38:31,754 mme_vla_suite.pseudo_labeling.topreward_qwen_scorer INFO: Prefix 6/8 (end=40, n_frames=8/41): reward=-16.5000 (mean, 1 tok)
2026-04-29 23:38:38,673 mme_vla_suite.pseudo_labeling.topreward_qwen_scorer INFO: Prefix 7/8 (end=47, n_frames=10/48): reward=-16.3750 (mean, 1 tok)
2026-04-29 23:38:45,638 mme_vla_suite.pseudo_labeling.topreward_qwen_scorer INFO: Prefix 8/8 (end=54, n_frames=11/55): reward=-18.3750 (mean, 1 tok)
2026-04-29 23:38:53,387 mme_vla_suite.pseudo_labeling.topreward_qwen_scorer INFO: Prefix 1/8 (end=6, n_frames=4/7): reward=-22.6250 (mean, 1 tok)
2026-04-29 23:39:00,267 mme_vla_suite.pseudo_labeling.topreward_qwen_scorer INFO: Prefix 2/8 (end=13, n_frames=4/14): reward=-22.1250 (mean, 1 tok)
2026-04-29 23:39:07,168 mme_vla_suite.pseudo_labeling.topreward_qwen_scorer INFO: Prefix 3/8 (end=21, n_frames=4/22): reward=-20.1250 (mean, 1 tok)
2026-04-29 23:39:14,057 mme_vla_suite.pseudo_labeling.topreward_qwen_scorer INFO: Prefix 4/8 (end=29, n_frames=6/30): reward=-17.8750 (mean, 1 tok)
2026-04-29 23:39:20,973 mme_vla_suite.pseudo_labeling.topreward_qwen_scorer INFO: Prefix 5/8 (end=36, n_frames=7/37): reward=-18.2500 (mean, 1 tok)
2026-04-29 23:39:27,870 mme_vla_suite.pseudo_labeling.topreward_qwen_scorer INFO: Prefix 6/8 (end=44, n_frames=9/45): reward=-17.8750 (mean, 1 tok)
2026-04-29 23:39:34,785 mme_vla_suite.pseudo_labeling.topreward_qwen_scorer INFO: Prefix 7/8 (end=52, n_frames=11/53): reward=-17.7500 (mean, 1 tok)
2026-04-29 23:39:41,693 mme_vla_suite.pseudo_labeling.topreward_qwen_scorer INFO: Prefix 8/8 (end=60, n_frames=12/61): reward=-19.7500 (mean, 1 tok)
2026-04-29 23:39:49,331 mme_vla_suite.pseudo_labeling.topreward_qwen_scorer INFO: Prefix 1/8 (end=9, n_frames=4/10): reward=-23.0000 (mean, 1 tok)
2026-04-29 23:39:56,264 mme_vla_suite.pseudo_labeling.topreward_qwen_scorer INFO: Prefix 2/8 (end=21, n_frames=4/22): reward=-20.1250 (mean, 1 tok)
2026-04-29 23:40:03,218 mme_vla_suite.pseudo_labeling.topreward_qwen_scorer INFO: Prefix 3/8 (end=33, n_frames=7/34): reward=-17.7500 (mean, 1 tok)
2026-04-29 23:40:10,150 mme_vla_suite.pseudo_labeling.topreward_qwen_scorer INFO: Prefix 4/8 (end=45, n_frames=9/46): reward=-17.8750 (mean, 1 tok)
2026-04-29 23:40:17,093 mme_vla_suite.pseudo_labeling.topreward_qwen_scorer INFO: Prefix 5/8 (end=58, n_frames=12/59): reward=-19.7500 (mean, 1 tok)
2026-04-29 23:40:23,996 mme_vla_suite.pseudo_labeling.topreward_qwen_scorer INFO: Prefix 6/8 (end=70, n_frames=14/71): reward=-19.2500 (mean, 1 tok)
2026-04-29 23:40:30,914 mme_vla_suite.pseudo_labeling.topreward_qwen_scorer INFO: Prefix 7/8 (end=82, n_frames=17/83): reward=-19.6250 (mean, 1 tok)
2026-04-29 23:40:37,875 mme_vla_suite.pseudo_labeling.topreward_qwen_scorer INFO: Prefix 8/8 (end=95, n_frames=19/96): reward=-19.1250 (mean, 1 tok)
2026-04-29 23:40:45,741 mme_vla_suite.pseudo_labeling.topreward_qwen_scorer INFO: Prefix 1/8 (end=11, n_frames=4/12): reward=-20.3750 (mean, 1 tok)
2026-04-29 23:40:52,706 mme_vla_suite.pseudo_labeling.topreward_qwen_scorer INFO: Prefix 2/8 (end=25, n_frames=5/26): reward=-20.3750 (mean, 1 tok)
2026-04-29 23:40:59,620 mme_vla_suite.pseudo_labeling.topreward_qwen_scorer INFO: Prefix 3/8 (end=40, n_frames=8/41): reward=-18.3750 (mean, 1 tok)
2026-04-29 23:41:06,765 mme_vla_suite.pseudo_labeling.topreward_qwen_scorer INFO: Prefix 4/8 (end=55, n_frames=11/56): reward=-16.5000 (mean, 1 tok)
2026-04-29 23:41:13,745 mme_vla_suite.pseudo_labeling.topreward_qwen_scorer INFO: Prefix 5/8 (end=69, n_frames=14/70): reward=-17.0000 (mean, 1 tok)
2026-04-29 23:41:20,818 mme_vla_suite.pseudo_labeling.topreward_qwen_scorer INFO: Prefix 6/8 (end=84, n_frames=17/85): reward=-16.3750 (mean, 1 tok)
2026-04-29 23:41:27,905 mme_vla_suite.pseudo_labeling.topreward_qwen_scorer INFO: Prefix 7/8 (end=99, n_frames=20/100): reward=-15.8750 (mean, 1 tok)
2026-04-29 23:41:35,017 mme_vla_suite.pseudo_labeling.topreward_qwen_scorer INFO: Prefix 8/8 (end=114, n_frames=23/115): reward=-14.8750 (mean, 1 tok)
2026-04-29 23:41:42,882 mme_vla_suite.pseudo_labeling.topreward_qwen_scorer INFO: Prefix 1/8 (end=8, n_frames=4/9): reward=-20.8750 (mean, 1 tok)
2026-04-29 23:41:49,884 mme_vla_suite.pseudo_labeling.topreward_qwen_scorer INFO: Prefix 2/8 (end=18, n_frames=4/19): reward=-18.7500 (mean, 1 tok)
2026-04-29 23:41:56,887 mme_vla_suite.pseudo_labeling.topreward_qwen_scorer INFO: Prefix 3/8 (end=29, n_frames=6/30): reward=-19.0000 (mean, 1 tok)
2026-04-29 23:42:03,888 mme_vla_suite.pseudo_labeling.topreward_qwen_scorer INFO: Prefix 4/8 (end=39, n_frames=8/40): reward=-18.3750 (mean, 1 tok)
2026-04-29 23:42:10,885 mme_vla_suite.pseudo_labeling.topreward_qwen_scorer INFO: Prefix 5/8 (end=50, n_frames=10/51): reward=-17.3750 (mean, 1 tok)
2026-04-29 23:42:17,868 mme_vla_suite.pseudo_labeling.topreward_qwen_scorer INFO: Prefix 6/8 (end=60, n_frames=12/61): reward=-17.5000 (mean, 1 tok)
2026-04-29 23:42:24,852 mme_vla_suite.pseudo_labeling.topreward_qwen_scorer INFO: Prefix 7/8 (end=71, n_frames=14/72): reward=-17.3750 (mean, 1 tok)
2026-04-29 23:42:31,845 mme_vla_suite.pseudo_labeling.topreward_qwen_scorer INFO: Prefix 8/8 (end=82, n_frames=17/83): reward=-18.8750 (mean, 1 tok)
2026-04-29 23:42:39,631 mme_vla_suite.pseudo_labeling.topreward_qwen_scorer INFO: Prefix 1/8 (end=7, n_frames=4/8): reward=-20.6250 (mean, 1 tok)
2026-04-29 23:42:46,592 mme_vla_suite.pseudo_labeling.topreward_qwen_scorer INFO: Prefix 2/8 (end=15, n_frames=4/16): reward=-21.0000 (mean, 1 tok)
2026-04-29 23:42:53,553 mme_vla_suite.pseudo_labeling.topreward_qwen_scorer INFO: Prefix 3/8 (end=24, n_frames=5/25): reward=-20.1250 (mean, 1 tok)
2026-04-29 23:43:00,532 mme_vla_suite.pseudo_labeling.topreward_qwen_scorer INFO: Prefix 4/8 (end=33, n_frames=7/34): reward=-19.5000 (mean, 1 tok)
2026-04-29 23:43:07,491 mme_vla_suite.pseudo_labeling.topreward_qwen_scorer INFO: Prefix 5/8 (end=42, n_frames=9/43): reward=-18.2500 (mean, 1 tok)
2026-04-29 23:43:14,387 mme_vla_suite.pseudo_labeling.topreward_qwen_scorer INFO: Prefix 6/8 (end=51, n_frames=10/52): reward=-18.3750 (mean, 1 tok)
2026-04-29 23:43:21,292 mme_vla_suite.pseudo_labeling.topreward_qwen_scorer INFO: Prefix 7/8 (end=60, n_frames=12/61): reward=-18.0000 (mean, 1 tok)
2026-04-29 23:43:28,220 mme_vla_suite.pseudo_labeling.topreward_qwen_scorer INFO: Prefix 8/8 (end=69, n_frames=14/70): reward=-18.5000 (mean, 1 tok)
2026-04-29 23:43:35,985 mme_vla_suite.pseudo_labeling.topreward_qwen_scorer INFO: Prefix 1/8 (end=5, n_frames=4/6): reward=-20.7500 (mean, 1 tok)
2026-04-29 23:43:42,828 mme_vla_suite.pseudo_labeling.topreward_qwen_scorer INFO: Prefix 2/8 (end=12, n_frames=4/13): reward=-19.1250 (mean, 1 tok)
2026-04-29 23:43:49,760 mme_vla_suite.pseudo_labeling.topreward_qwen_scorer INFO: Prefix 3/8 (end=19, n_frames=4/20): reward=-17.8750 (mean, 1 tok)
2026-04-29 23:43:56,635 mme_vla_suite.pseudo_labeling.topreward_qwen_scorer INFO: Prefix 4/8 (end=26, n_frames=5/27): reward=-18.2500 (mean, 1 tok)
2026-04-29 23:44:03,564 mme_vla_suite.pseudo_labeling.topreward_qwen_scorer INFO: Prefix 5/8 (end=33, n_frames=7/34): reward=-17.7500 (mean, 1 tok)
2026-04-29 23:44:10,518 mme_vla_suite.pseudo_labeling.topreward_qwen_scorer INFO: Prefix 6/8 (end=40, n_frames=8/41): reward=-17.8750 (mean, 1 tok)
2026-04-29 23:44:17,481 mme_vla_suite.pseudo_labeling.topreward_qwen_scorer INFO: Prefix 7/8 (end=47, n_frames=10/48): reward=-18.0000 (mean, 1 tok)
2026-04-29 23:44:24,514 mme_vla_suite.pseudo_labeling.topreward_qwen_scorer INFO: Prefix 8/8 (end=55, n_frames=11/56): reward=-17.3750 (mean, 1 tok)
2026-04-29 23:44:32,230 mme_vla_suite.pseudo_labeling.topreward_qwen_scorer INFO: Prefix 1/8 (end=7, n_frames=4/8): reward=-20.5000 (mean, 1 tok)
2026-04-29 23:44:39,023 mme_vla_suite.pseudo_labeling.topreward_qwen_scorer INFO: Prefix 2/8 (end=15, n_frames=4/16): reward=-19.8750 (mean, 1 tok)
2026-04-29 23:44:45,877 mme_vla_suite.pseudo_labeling.topreward_qwen_scorer INFO: Prefix 3/8 (end=24, n_frames=5/25): reward=-20.2500 (mean, 1 tok)
2026-04-29 23:44:52,791 mme_vla_suite.pseudo_labeling.topreward_qwen_scorer INFO: Prefix 4/8 (end=33, n_frames=7/34): reward=-19.6250 (mean, 1 tok)
2026-04-29 23:44:59,685 mme_vla_suite.pseudo_labeling.topreward_qwen_scorer INFO: Prefix 5/8 (end=42, n_frames=9/43): reward=-18.3750 (mean, 1 tok)
2026-04-29 23:45:06,544 mme_vla_suite.pseudo_labeling.topreward_qwen_scorer INFO: Prefix 6/8 (end=51, n_frames=10/52): reward=-18.1250 (mean, 1 tok)
2026-04-29 23:45:13,410 mme_vla_suite.pseudo_labeling.topreward_qwen_scorer INFO: Prefix 7/8 (end=60, n_frames=12/61): reward=-18.0000 (mean, 1 tok)
2026-04-29 23:45:20,289 mme_vla_suite.pseudo_labeling.topreward_qwen_scorer INFO: Prefix 8/8 (end=69, n_frames=14/70): reward=-18.1250 (mean, 1 tok)
2026-04-29 23:45:28,221 mme_vla_suite.pseudo_labeling.topreward_qwen_scorer INFO: Prefix 1/8 (end=6, n_frames=4/7): reward=-20.3750 (mean, 1 tok)
2026-04-29 23:45:35,122 mme_vla_suite.pseudo_labeling.topreward_qwen_scorer INFO: Prefix 2/8 (end=14, n_frames=4/15): reward=-19.8750 (mean, 1 tok)
2026-04-29 23:45:42,003 mme_vla_suite.pseudo_labeling.topreward_qwen_scorer INFO: Prefix 3/8 (end=23, n_frames=5/24): reward=-17.3750 (mean, 1 tok)
2026-04-29 23:45:48,875 mme_vla_suite.pseudo_labeling.topreward_qwen_scorer INFO: Prefix 4/8 (end=31, n_frames=6/32): reward=-17.8750 (mean, 1 tok)
2026-04-29 23:45:55,828 mme_vla_suite.pseudo_labeling.topreward_qwen_scorer INFO: Prefix 5/8 (end=40, n_frames=8/41): reward=-17.5000 (mean, 1 tok)
2026-04-29 23:46:02,803 mme_vla_suite.pseudo_labeling.topreward_qwen_scorer INFO: Prefix 6/8 (end=48, n_frames=10/49): reward=-17.3750 (mean, 1 tok)
2026-04-29 23:46:09,734 mme_vla_suite.pseudo_labeling.topreward_qwen_scorer INFO: Prefix 7/8 (end=57, n_frames=12/58): reward=-17.1250 (mean, 1 tok)
2026-04-29 23:46:16,659 mme_vla_suite.pseudo_labeling.topreward_qwen_scorer INFO: Prefix 8/8 (end=66, n_frames=13/67): reward=-17.5000 (mean, 1 tok)
2026-04-29 23:46:24,388 mme_vla_suite.pseudo_labeling.topreward_qwen_scorer INFO: Prefix 1/8 (end=6, n_frames=4/7): reward=-20.8750 (mean, 1 tok)
2026-04-29 23:46:31,252 mme_vla_suite.pseudo_labeling.topreward_qwen_scorer INFO: Prefix 2/8 (end=14, n_frames=4/15): reward=-20.8750 (mean, 1 tok)
2026-04-29 23:46:38,116 mme_vla_suite.pseudo_labeling.topreward_qwen_scorer INFO: Prefix 3/8 (end=22, n_frames=5/23): reward=-19.7500 (mean, 1 tok)
2026-04-29 23:46:44,970 mme_vla_suite.pseudo_labeling.topreward_qwen_scorer INFO: Prefix 4/8 (end=30, n_frames=6/31): reward=-20.0000 (mean, 1 tok)
2026-04-29 23:46:51,839 mme_vla_suite.pseudo_labeling.topreward_qwen_scorer INFO: Prefix 5/8 (end=39, n_frames=8/40): reward=-20.0000 (mean, 1 tok)
2026-04-29 23:46:58,703 mme_vla_suite.pseudo_labeling.topreward_qwen_scorer INFO: Prefix 6/8 (end=47, n_frames=10/48): reward=-19.7500 (mean, 1 tok)
2026-04-29 23:47:05,565 mme_vla_suite.pseudo_labeling.topreward_qwen_scorer INFO: Prefix 7/8 (end=55, n_frames=11/56): reward=-20.5000 (mean, 1 tok)
2026-04-29 23:47:12,437 mme_vla_suite.pseudo_labeling.topreward_qwen_scorer INFO: Prefix 8/8 (end=64, n_frames=13/65): reward=-19.3750 (mean, 1 tok)
2026-04-29 23:47:20,220 mme_vla_suite.pseudo_labeling.topreward_qwen_scorer INFO: Prefix 1/8 (end=10, n_frames=4/11): reward=-20.8750 (mean, 1 tok)
2026-04-29 23:47:27,082 mme_vla_suite.pseudo_labeling.topreward_qwen_scorer INFO: Prefix 2/8 (end=23, n_frames=5/24): reward=-19.8750 (mean, 1 tok)
2026-04-29 23:47:33,930 mme_vla_suite.pseudo_labeling.topreward_qwen_scorer INFO: Prefix 3/8 (end=36, n_frames=7/37): reward=-20.0000 (mean, 1 tok)
2026-04-29 23:47:40,809 mme_vla_suite.pseudo_labeling.topreward_qwen_scorer INFO: Prefix 4/8 (end=49, n_frames=10/50): reward=-19.6250 (mean, 1 tok)
2026-04-29 23:47:47,698 mme_vla_suite.pseudo_labeling.topreward_qwen_scorer INFO: Prefix 5/8 (end=62, n_frames=13/63): reward=-20.1250 (mean, 1 tok)
2026-04-29 23:47:54,619 mme_vla_suite.pseudo_labeling.topreward_qwen_scorer INFO: Prefix 6/8 (end=75, n_frames=15/76): reward=-20.1250 (mean, 1 tok)
2026-04-29 23:48:01,555 mme_vla_suite.pseudo_labeling.topreward_qwen_scorer INFO: Prefix 7/8 (end=88, n_frames=18/89): reward=-19.6250 (mean, 1 tok)
2026-04-29 23:48:08,485 mme_vla_suite.pseudo_labeling.topreward_qwen_scorer INFO: Prefix 8/8 (end=102, n_frames=21/103): reward=-19.7500 (mean, 1 tok)
