/coc/testnvme/shalbe3/miniconda/envs/robomme/lib/python3.11/site-packages/torch/cuda/__init__.py:63: FutureWarning: The pynvml package is deprecated. Please install nvidia-ml-py instead. If you did not install pynvml directly, please report this to the maintainers of the package that installed pynvml for you.
  import pynvml  # type: ignore[import]
`torch_dtype` is deprecated! Use `dtype` instead!
You are attempting to use Flash Attention 2 without specifying a torch dtype. This might lead to unexpected behaviour
2026-04-30 00:43:06,198 mme_vla_suite.pseudo_labeling.topreward_qwen_scorer WARNING: flash_attention_2 unavailable (/coc/testnvme/shalbe3/miniconda/envs/robomme/lib/python3.11/site-packages/flash_attn_2_cuda.cpython-311-x86_64-linux-gnu.so: undefined symbol: _ZNK3c106SymInt6sym_neERKS0_), using default attention
Loading checkpoint shards:   0%|          | 0/4 [00:00<?, ?it/s]Loading checkpoint shards:  25%|██▌       | 1/4 [00:01<00:03,  1.25s/it]Loading checkpoint shards:  50%|█████     | 2/4 [00:02<00:02,  1.26s/it]Loading checkpoint shards:  75%|███████▌  | 3/4 [00:03<00:01,  1.23s/it]Loading checkpoint shards: 100%|██████████| 4/4 [00:04<00:00,  1.03s/it]Loading checkpoint shards: 100%|██████████| 4/4 [00:04<00:00,  1.11s/it]
Asked to sample `fps` frames per second but no video metadata was provided which is required when sampling with `fps`. Defaulting to `fps=24`. Please provide `video_metadata` for more accurate results.
2026-04-30 00:43:20,273 mme_vla_suite.pseudo_labeling.topreward_qwen_scorer INFO: Prefix 1/8 (end=11, n_frames=4/12): reward=-23.2500 (mean, 1 tok)
2026-04-30 00:43:27,179 mme_vla_suite.pseudo_labeling.topreward_qwen_scorer INFO: Prefix 2/8 (end=26, n_frames=5/27): reward=-23.3750 (mean, 1 tok)
2026-04-30 00:43:34,094 mme_vla_suite.pseudo_labeling.topreward_qwen_scorer INFO: Prefix 3/8 (end=41, n_frames=8/42): reward=-19.7500 (mean, 1 tok)
2026-04-30 00:43:41,028 mme_vla_suite.pseudo_labeling.topreward_qwen_scorer INFO: Prefix 4/8 (end=56, n_frames=11/57): reward=-20.7500 (mean, 1 tok)
2026-04-30 00:43:48,002 mme_vla_suite.pseudo_labeling.topreward_qwen_scorer INFO: Prefix 5/8 (end=71, n_frames=14/72): reward=-19.7500 (mean, 1 tok)
2026-04-30 00:43:54,979 mme_vla_suite.pseudo_labeling.topreward_qwen_scorer INFO: Prefix 6/8 (end=86, n_frames=17/87): reward=-20.1250 (mean, 1 tok)
2026-04-30 00:44:01,965 mme_vla_suite.pseudo_labeling.topreward_qwen_scorer INFO: Prefix 7/8 (end=101, n_frames=20/102): reward=-17.5000 (mean, 1 tok)
2026-04-30 00:44:08,997 mme_vla_suite.pseudo_labeling.topreward_qwen_scorer INFO: Prefix 8/8 (end=117, n_frames=24/118): reward=-19.0000 (mean, 1 tok)
2026-04-30 00:44:16,676 mme_vla_suite.pseudo_labeling.topreward_qwen_scorer INFO: Prefix 1/8 (end=8, n_frames=4/9): reward=-20.7500 (mean, 1 tok)
2026-04-30 00:44:23,614 mme_vla_suite.pseudo_labeling.topreward_qwen_scorer INFO: Prefix 2/8 (end=18, n_frames=4/19): reward=-19.3750 (mean, 1 tok)
2026-04-30 00:44:30,544 mme_vla_suite.pseudo_labeling.topreward_qwen_scorer INFO: Prefix 3/8 (end=28, n_frames=6/29): reward=-20.1250 (mean, 1 tok)
2026-04-30 00:44:37,519 mme_vla_suite.pseudo_labeling.topreward_qwen_scorer INFO: Prefix 4/8 (end=38, n_frames=8/39): reward=-21.3750 (mean, 1 tok)
2026-04-30 00:44:44,484 mme_vla_suite.pseudo_labeling.topreward_qwen_scorer INFO: Prefix 5/8 (end=48, n_frames=10/49): reward=-21.1250 (mean, 1 tok)
2026-04-30 00:44:51,458 mme_vla_suite.pseudo_labeling.topreward_qwen_scorer INFO: Prefix 6/8 (end=58, n_frames=12/59): reward=-18.0000 (mean, 1 tok)
2026-04-30 00:44:58,430 mme_vla_suite.pseudo_labeling.topreward_qwen_scorer INFO: Prefix 7/8 (end=68, n_frames=14/69): reward=-18.1250 (mean, 1 tok)
2026-04-30 00:45:05,386 mme_vla_suite.pseudo_labeling.topreward_qwen_scorer INFO: Prefix 8/8 (end=79, n_frames=16/80): reward=-18.0000 (mean, 1 tok)
2026-04-30 00:45:12,981 mme_vla_suite.pseudo_labeling.topreward_qwen_scorer INFO: Prefix 1/8 (end=9, n_frames=4/10): reward=-20.3750 (mean, 1 tok)
2026-04-30 00:45:19,868 mme_vla_suite.pseudo_labeling.topreward_qwen_scorer INFO: Prefix 2/8 (end=21, n_frames=4/22): reward=-19.5000 (mean, 1 tok)
2026-04-30 00:45:26,773 mme_vla_suite.pseudo_labeling.topreward_qwen_scorer INFO: Prefix 3/8 (end=34, n_frames=7/35): reward=-21.3750 (mean, 1 tok)
2026-04-30 00:45:33,719 mme_vla_suite.pseudo_labeling.topreward_qwen_scorer INFO: Prefix 4/8 (end=47, n_frames=10/48): reward=-21.3750 (mean, 1 tok)
2026-04-30 00:45:40,641 mme_vla_suite.pseudo_labeling.topreward_qwen_scorer INFO: Prefix 5/8 (end=59, n_frames=12/60): reward=-18.1250 (mean, 1 tok)
2026-04-30 00:45:47,589 mme_vla_suite.pseudo_labeling.topreward_qwen_scorer INFO: Prefix 6/8 (end=72, n_frames=15/73): reward=-17.8750 (mean, 1 tok)
2026-04-30 00:45:54,549 mme_vla_suite.pseudo_labeling.topreward_qwen_scorer INFO: Prefix 7/8 (end=85, n_frames=17/86): reward=-17.3750 (mean, 1 tok)
2026-04-30 00:46:01,531 mme_vla_suite.pseudo_labeling.topreward_qwen_scorer INFO: Prefix 8/8 (end=98, n_frames=20/99): reward=-17.6250 (mean, 1 tok)
2026-04-30 00:46:09,293 mme_vla_suite.pseudo_labeling.topreward_qwen_scorer INFO: Prefix 1/8 (end=10, n_frames=4/11): reward=-23.6250 (mean, 1 tok)
2026-04-30 00:46:16,149 mme_vla_suite.pseudo_labeling.topreward_qwen_scorer INFO: Prefix 2/8 (end=23, n_frames=5/24): reward=-23.6250 (mean, 1 tok)
2026-04-30 00:46:23,019 mme_vla_suite.pseudo_labeling.topreward_qwen_scorer INFO: Prefix 3/8 (end=37, n_frames=8/38): reward=-20.5000 (mean, 1 tok)
2026-04-30 00:46:29,904 mme_vla_suite.pseudo_labeling.topreward_qwen_scorer INFO: Prefix 4/8 (end=50, n_frames=10/51): reward=-21.1250 (mean, 1 tok)
2026-04-30 00:46:36,824 mme_vla_suite.pseudo_labeling.topreward_qwen_scorer INFO: Prefix 5/8 (end=64, n_frames=13/65): reward=-20.8750 (mean, 1 tok)
2026-04-30 00:46:43,818 mme_vla_suite.pseudo_labeling.topreward_qwen_scorer INFO: Prefix 6/8 (end=77, n_frames=16/78): reward=-22.1250 (mean, 1 tok)
2026-04-30 00:46:50,866 mme_vla_suite.pseudo_labeling.topreward_qwen_scorer INFO: Prefix 7/8 (end=91, n_frames=18/92): reward=-22.0000 (mean, 1 tok)
2026-04-30 00:46:57,926 mme_vla_suite.pseudo_labeling.topreward_qwen_scorer INFO: Prefix 8/8 (end=105, n_frames=21/106): reward=-17.5000 (mean, 1 tok)
2026-04-30 00:47:06,008 mme_vla_suite.pseudo_labeling.topreward_qwen_scorer INFO: Prefix 1/8 (end=11, n_frames=4/12): reward=-19.6250 (mean, 1 tok)
2026-04-30 00:47:12,916 mme_vla_suite.pseudo_labeling.topreward_qwen_scorer INFO: Prefix 2/8 (end=25, n_frames=5/26): reward=-18.3750 (mean, 1 tok)
2026-04-30 00:47:19,815 mme_vla_suite.pseudo_labeling.topreward_qwen_scorer INFO: Prefix 3/8 (end=39, n_frames=8/40): reward=-18.5000 (mean, 1 tok)
2026-04-30 00:47:26,736 mme_vla_suite.pseudo_labeling.topreward_qwen_scorer INFO: Prefix 4/8 (end=53, n_frames=11/54): reward=-18.8750 (mean, 1 tok)
2026-04-30 00:47:33,671 mme_vla_suite.pseudo_labeling.topreward_qwen_scorer INFO: Prefix 5/8 (end=68, n_frames=14/69): reward=-20.2500 (mean, 1 tok)
2026-04-30 00:47:40,600 mme_vla_suite.pseudo_labeling.topreward_qwen_scorer INFO: Prefix 6/8 (end=82, n_frames=17/83): reward=-19.8750 (mean, 1 tok)
2026-04-30 00:47:47,587 mme_vla_suite.pseudo_labeling.topreward_qwen_scorer INFO: Prefix 7/8 (end=96, n_frames=19/97): reward=-19.5000 (mean, 1 tok)
2026-04-30 00:47:54,574 mme_vla_suite.pseudo_labeling.topreward_qwen_scorer INFO: Prefix 8/8 (end=111, n_frames=22/112): reward=-20.7500 (mean, 1 tok)
2026-04-30 00:48:02,126 mme_vla_suite.pseudo_labeling.topreward_qwen_scorer INFO: Prefix 1/8 (end=11, n_frames=4/12): reward=-19.6250 (mean, 1 tok)
2026-04-30 00:48:08,995 mme_vla_suite.pseudo_labeling.topreward_qwen_scorer INFO: Prefix 2/8 (end=25, n_frames=5/26): reward=-18.3750 (mean, 1 tok)
2026-04-30 00:48:15,914 mme_vla_suite.pseudo_labeling.topreward_qwen_scorer INFO: Prefix 3/8 (end=39, n_frames=8/40): reward=-18.5000 (mean, 1 tok)
2026-04-30 00:48:22,843 mme_vla_suite.pseudo_labeling.topreward_qwen_scorer INFO: Prefix 4/8 (end=54, n_frames=11/55): reward=-18.8750 (mean, 1 tok)
2026-04-30 00:48:29,782 mme_vla_suite.pseudo_labeling.topreward_qwen_scorer INFO: Prefix 5/8 (end=68, n_frames=14/69): reward=-20.2500 (mean, 1 tok)
2026-04-30 00:48:36,715 mme_vla_suite.pseudo_labeling.topreward_qwen_scorer INFO: Prefix 6/8 (end=83, n_frames=17/84): reward=-19.7500 (mean, 1 tok)
2026-04-30 00:48:43,686 mme_vla_suite.pseudo_labeling.topreward_qwen_scorer INFO: Prefix 7/8 (end=97, n_frames=20/98): reward=-18.8750 (mean, 1 tok)
2026-04-30 00:48:50,702 mme_vla_suite.pseudo_labeling.topreward_qwen_scorer INFO: Prefix 8/8 (end=112, n_frames=23/113): reward=-20.6250 (mean, 1 tok)
2026-04-30 00:48:58,341 mme_vla_suite.pseudo_labeling.topreward_qwen_scorer INFO: Prefix 1/8 (end=13, n_frames=4/14): reward=-23.0000 (mean, 1 tok)
2026-04-30 00:49:05,326 mme_vla_suite.pseudo_labeling.topreward_qwen_scorer INFO: Prefix 2/8 (end=29, n_frames=6/30): reward=-22.8750 (mean, 1 tok)
2026-04-30 00:49:12,209 mme_vla_suite.pseudo_labeling.topreward_qwen_scorer INFO: Prefix 3/8 (end=46, n_frames=9/47): reward=-22.1250 (mean, 1 tok)
2026-04-30 00:49:19,223 mme_vla_suite.pseudo_labeling.topreward_qwen_scorer INFO: Prefix 4/8 (end=62, n_frames=13/63): reward=-22.7500 (mean, 1 tok)
2026-04-30 00:49:26,175 mme_vla_suite.pseudo_labeling.topreward_qwen_scorer INFO: Prefix 5/8 (end=79, n_frames=16/80): reward=-19.6250 (mean, 1 tok)
2026-04-30 00:49:33,107 mme_vla_suite.pseudo_labeling.topreward_qwen_scorer INFO: Prefix 6/8 (end=95, n_frames=19/96): reward=-19.0000 (mean, 1 tok)
2026-04-30 00:49:40,106 mme_vla_suite.pseudo_labeling.topreward_qwen_scorer INFO: Prefix 7/8 (end=112, n_frames=23/113): reward=-20.1250 (mean, 1 tok)
2026-04-30 00:49:47,173 mme_vla_suite.pseudo_labeling.topreward_qwen_scorer INFO: Prefix 8/8 (end=129, n_frames=26/130): reward=-19.1250 (mean, 1 tok)
2026-04-30 00:49:55,010 mme_vla_suite.pseudo_labeling.topreward_qwen_scorer INFO: Prefix 1/8 (end=15, n_frames=4/16): reward=-18.7500 (mean, 1 tok)
2026-04-30 00:50:01,994 mme_vla_suite.pseudo_labeling.topreward_qwen_scorer INFO: Prefix 2/8 (end=35, n_frames=7/36): reward=-17.5000 (mean, 1 tok)
2026-04-30 00:50:09,069 mme_vla_suite.pseudo_labeling.topreward_qwen_scorer INFO: Prefix 3/8 (end=55, n_frames=11/56): reward=-18.1250 (mean, 1 tok)
2026-04-30 00:50:16,105 mme_vla_suite.pseudo_labeling.topreward_qwen_scorer INFO: Prefix 4/8 (end=76, n_frames=15/77): reward=-19.7500 (mean, 1 tok)
2026-04-30 00:50:23,175 mme_vla_suite.pseudo_labeling.topreward_qwen_scorer INFO: Prefix 5/8 (end=96, n_frames=19/97): reward=-19.3750 (mean, 1 tok)
2026-04-30 00:50:30,311 mme_vla_suite.pseudo_labeling.topreward_qwen_scorer INFO: Prefix 6/8 (end=117, n_frames=24/118): reward=-19.1250 (mean, 1 tok)
2026-04-30 00:50:37,499 mme_vla_suite.pseudo_labeling.topreward_qwen_scorer INFO: Prefix 7/8 (end=137, n_frames=28/138): reward=-18.5000 (mean, 1 tok)
2026-04-30 00:50:44,589 mme_vla_suite.pseudo_labeling.topreward_qwen_scorer INFO: Prefix 8/8 (end=158, n_frames=32/159): reward=-17.0000 (mean, 1 tok)
2026-04-30 00:50:52,088 mme_vla_suite.pseudo_labeling.topreward_qwen_scorer INFO: Prefix 1/8 (end=16, n_frames=4/17): reward=-19.3750 (mean, 1 tok)
2026-04-30 00:50:58,976 mme_vla_suite.pseudo_labeling.topreward_qwen_scorer INFO: Prefix 2/8 (end=36, n_frames=7/37): reward=-17.5000 (mean, 1 tok)
2026-04-30 00:51:05,884 mme_vla_suite.pseudo_labeling.topreward_qwen_scorer INFO: Prefix 3/8 (end=57, n_frames=12/58): reward=-18.2500 (mean, 1 tok)
2026-04-30 00:51:12,812 mme_vla_suite.pseudo_labeling.topreward_qwen_scorer INFO: Prefix 4/8 (end=78, n_frames=16/79): reward=-19.5000 (mean, 1 tok)
2026-04-30 00:51:19,766 mme_vla_suite.pseudo_labeling.topreward_qwen_scorer INFO: Prefix 5/8 (end=99, n_frames=20/100): reward=-18.6250 (mean, 1 tok)
2026-04-30 00:51:26,775 mme_vla_suite.pseudo_labeling.topreward_qwen_scorer INFO: Prefix 6/8 (end=120, n_frames=24/121): reward=-18.8750 (mean, 1 tok)
2026-04-30 00:51:33,826 mme_vla_suite.pseudo_labeling.topreward_qwen_scorer INFO: Prefix 7/8 (end=141, n_frames=28/142): reward=-19.2500 (mean, 1 tok)
slurmstepd: error: *** STEP 3033765.0 ON heistotron CANCELLED AT 2026-04-30T00:51:38 ***
slurmstepd: error: *** JOB 3033765 ON heistotron CANCELLED AT 2026-04-30T00:51:38 ***
