/coc/testnvme/shalbe3/miniconda/envs/robomme/lib/python3.11/site-packages/torch/cuda/__init__.py:63: FutureWarning: The pynvml package is deprecated. Please install nvidia-ml-py instead. If you did not install pynvml directly, please report this to the maintainers of the package that installed pynvml for you.
  import pynvml  # type: ignore[import]
`torch_dtype` is deprecated! Use `dtype` instead!
You are attempting to use Flash Attention 2 without specifying a torch dtype. This might lead to unexpected behaviour
2026-04-29 23:22:50,221 mme_vla_suite.pseudo_labeling.topreward_qwen_scorer WARNING: flash_attention_2 unavailable (/coc/testnvme/shalbe3/miniconda/envs/robomme/lib/python3.11/site-packages/flash_attn_2_cuda.cpython-311-x86_64-linux-gnu.so: undefined symbol: _ZNK3c106SymInt6sym_neERKS0_), using default attention
Loading checkpoint shards:   0%|          | 0/4 [00:00<?, ?it/s]Loading checkpoint shards:  25%|██▌       | 1/4 [00:13<00:41, 13.78s/it]Loading checkpoint shards:  50%|█████     | 2/4 [00:27<00:27, 13.64s/it]Loading checkpoint shards:  75%|███████▌  | 3/4 [00:40<00:13, 13.53s/it]Loading checkpoint shards: 100%|██████████| 4/4 [00:48<00:00, 11.15s/it]Loading checkpoint shards: 100%|██████████| 4/4 [00:48<00:00, 12.06s/it]
Asked to sample `fps` frames per second but no video metadata was provided which is required when sampling with `fps`. Defaulting to `fps=24`. Please provide `video_metadata` for more accurate results.
2026-04-29 23:23:48,909 mme_vla_suite.pseudo_labeling.topreward_qwen_scorer INFO: Prefix 1/8 (end=12, n_frames=4/13): reward=-18.3750 (mean, 1 tok)
2026-04-29 23:23:55,858 mme_vla_suite.pseudo_labeling.topreward_qwen_scorer INFO: Prefix 2/8 (end=28, n_frames=6/29): reward=-20.7500 (mean, 1 tok)
2026-04-29 23:24:02,808 mme_vla_suite.pseudo_labeling.topreward_qwen_scorer INFO: Prefix 3/8 (end=44, n_frames=9/45): reward=-19.0000 (mean, 1 tok)
2026-04-29 23:24:09,782 mme_vla_suite.pseudo_labeling.topreward_qwen_scorer INFO: Prefix 4/8 (end=60, n_frames=12/61): reward=-19.0000 (mean, 1 tok)
2026-04-29 23:24:16,781 mme_vla_suite.pseudo_labeling.topreward_qwen_scorer INFO: Prefix 5/8 (end=76, n_frames=15/77): reward=-18.6250 (mean, 1 tok)
2026-04-29 23:24:23,792 mme_vla_suite.pseudo_labeling.topreward_qwen_scorer INFO: Prefix 6/8 (end=92, n_frames=19/93): reward=-18.5000 (mean, 1 tok)
2026-04-29 23:24:30,950 mme_vla_suite.pseudo_labeling.topreward_qwen_scorer INFO: Prefix 7/8 (end=108, n_frames=22/109): reward=-18.8750 (mean, 1 tok)
2026-04-29 23:24:38,073 mme_vla_suite.pseudo_labeling.topreward_qwen_scorer INFO: Prefix 8/8 (end=124, n_frames=25/125): reward=-17.8750 (mean, 1 tok)
2026-04-29 23:24:46,448 mme_vla_suite.pseudo_labeling.topreward_qwen_scorer INFO: Prefix 1/8 (end=19, n_frames=4/20): reward=-15.5000 (mean, 1 tok)
2026-04-29 23:24:53,659 mme_vla_suite.pseudo_labeling.topreward_qwen_scorer INFO: Prefix 2/8 (end=44, n_frames=9/45): reward=-14.2500 (mean, 1 tok)
2026-04-29 23:25:00,620 mme_vla_suite.pseudo_labeling.topreward_qwen_scorer INFO: Prefix 3/8 (end=69, n_frames=14/70): reward=-14.8750 (mean, 1 tok)
2026-04-29 23:25:07,602 mme_vla_suite.pseudo_labeling.topreward_qwen_scorer INFO: Prefix 4/8 (end=94, n_frames=19/95): reward=-12.6250 (mean, 1 tok)
2026-04-29 23:25:14,675 mme_vla_suite.pseudo_labeling.topreward_qwen_scorer INFO: Prefix 5/8 (end=119, n_frames=24/120): reward=-13.0000 (mean, 1 tok)
2026-04-29 23:25:21,914 mme_vla_suite.pseudo_labeling.topreward_qwen_scorer INFO: Prefix 6/8 (end=144, n_frames=29/145): reward=-13.5000 (mean, 1 tok)
2026-04-29 23:25:29,110 mme_vla_suite.pseudo_labeling.topreward_qwen_scorer INFO: Prefix 7/8 (end=169, n_frames=34/170): reward=-12.5000 (mean, 1 tok)
2026-04-29 23:25:36,303 mme_vla_suite.pseudo_labeling.topreward_qwen_scorer INFO: Prefix 8/8 (end=195, n_frames=39/196): reward=-11.5000 (mean, 1 tok)
2026-04-29 23:25:44,439 mme_vla_suite.pseudo_labeling.topreward_qwen_scorer INFO: Prefix 1/8 (end=7, n_frames=4/8): reward=-18.5000 (mean, 1 tok)
2026-04-29 23:25:51,347 mme_vla_suite.pseudo_labeling.topreward_qwen_scorer INFO: Prefix 2/8 (end=16, n_frames=4/17): reward=-18.0000 (mean, 1 tok)
2026-04-29 23:25:58,255 mme_vla_suite.pseudo_labeling.topreward_qwen_scorer INFO: Prefix 3/8 (end=25, n_frames=5/26): reward=-17.2500 (mean, 1 tok)
2026-04-29 23:26:05,258 mme_vla_suite.pseudo_labeling.topreward_qwen_scorer INFO: Prefix 4/8 (end=34, n_frames=7/35): reward=-17.2500 (mean, 1 tok)
2026-04-29 23:26:12,452 mme_vla_suite.pseudo_labeling.topreward_qwen_scorer INFO: Prefix 5/8 (end=43, n_frames=9/44): reward=-17.0000 (mean, 1 tok)
2026-04-29 23:26:19,664 mme_vla_suite.pseudo_labeling.topreward_qwen_scorer INFO: Prefix 6/8 (end=52, n_frames=11/53): reward=-16.0000 (mean, 1 tok)
2026-04-29 23:26:26,765 mme_vla_suite.pseudo_labeling.topreward_qwen_scorer INFO: Prefix 7/8 (end=61, n_frames=12/62): reward=-17.0000 (mean, 1 tok)
2026-04-29 23:26:34,111 mme_vla_suite.pseudo_labeling.topreward_qwen_scorer INFO: Prefix 8/8 (end=70, n_frames=14/71): reward=-17.0000 (mean, 1 tok)
2026-04-29 23:26:41,818 mme_vla_suite.pseudo_labeling.topreward_qwen_scorer INFO: Prefix 1/8 (end=10, n_frames=4/11): reward=-17.1250 (mean, 1 tok)
2026-04-29 23:26:49,001 mme_vla_suite.pseudo_labeling.topreward_qwen_scorer INFO: Prefix 2/8 (end=23, n_frames=5/24): reward=-16.6250 (mean, 1 tok)
2026-04-29 23:26:56,210 mme_vla_suite.pseudo_labeling.topreward_qwen_scorer INFO: Prefix 3/8 (end=36, n_frames=7/37): reward=-16.5000 (mean, 1 tok)
2026-04-29 23:27:03,149 mme_vla_suite.pseudo_labeling.topreward_qwen_scorer INFO: Prefix 4/8 (end=49, n_frames=10/50): reward=-15.6250 (mean, 1 tok)
2026-04-29 23:27:10,110 mme_vla_suite.pseudo_labeling.topreward_qwen_scorer INFO: Prefix 5/8 (end=63, n_frames=13/64): reward=-15.3750 (mean, 1 tok)
2026-04-29 23:27:17,084 mme_vla_suite.pseudo_labeling.topreward_qwen_scorer INFO: Prefix 6/8 (end=76, n_frames=15/77): reward=-15.3750 (mean, 1 tok)
2026-04-29 23:27:24,095 mme_vla_suite.pseudo_labeling.topreward_qwen_scorer INFO: Prefix 7/8 (end=89, n_frames=18/90): reward=-14.1250 (mean, 1 tok)
2026-04-29 23:27:31,115 mme_vla_suite.pseudo_labeling.topreward_qwen_scorer INFO: Prefix 8/8 (end=103, n_frames=21/104): reward=-14.1250 (mean, 1 tok)
2026-04-29 23:27:38,812 mme_vla_suite.pseudo_labeling.topreward_qwen_scorer INFO: Prefix 1/8 (end=5, n_frames=4/6): reward=-19.0000 (mean, 1 tok)
2026-04-29 23:27:45,706 mme_vla_suite.pseudo_labeling.topreward_qwen_scorer INFO: Prefix 2/8 (end=12, n_frames=4/13): reward=-19.1250 (mean, 1 tok)
2026-04-29 23:27:52,630 mme_vla_suite.pseudo_labeling.topreward_qwen_scorer INFO: Prefix 3/8 (end=19, n_frames=4/20): reward=-19.1250 (mean, 1 tok)
2026-04-29 23:27:59,544 mme_vla_suite.pseudo_labeling.topreward_qwen_scorer INFO: Prefix 4/8 (end=26, n_frames=5/27): reward=-18.2500 (mean, 1 tok)
2026-04-29 23:28:06,448 mme_vla_suite.pseudo_labeling.topreward_qwen_scorer INFO: Prefix 5/8 (end=33, n_frames=7/34): reward=-19.3750 (mean, 1 tok)
2026-04-29 23:28:13,375 mme_vla_suite.pseudo_labeling.topreward_qwen_scorer INFO: Prefix 6/8 (end=40, n_frames=8/41): reward=-19.8750 (mean, 1 tok)
2026-04-29 23:28:20,368 mme_vla_suite.pseudo_labeling.topreward_qwen_scorer INFO: Prefix 7/8 (end=47, n_frames=10/48): reward=-17.2500 (mean, 1 tok)
2026-04-29 23:28:27,450 mme_vla_suite.pseudo_labeling.topreward_qwen_scorer INFO: Prefix 8/8 (end=55, n_frames=11/56): reward=-16.3750 (mean, 1 tok)
2026-04-29 23:28:35,451 mme_vla_suite.pseudo_labeling.topreward_qwen_scorer INFO: Prefix 1/8 (end=8, n_frames=4/9): reward=-17.6250 (mean, 1 tok)
2026-04-29 23:28:42,624 mme_vla_suite.pseudo_labeling.topreward_qwen_scorer INFO: Prefix 2/8 (end=19, n_frames=4/20): reward=-17.2500 (mean, 1 tok)
2026-04-29 23:28:49,800 mme_vla_suite.pseudo_labeling.topreward_qwen_scorer INFO: Prefix 3/8 (end=30, n_frames=6/31): reward=-15.7500 (mean, 1 tok)
2026-04-29 23:28:56,720 mme_vla_suite.pseudo_labeling.topreward_qwen_scorer INFO: Prefix 4/8 (end=41, n_frames=8/42): reward=-15.3750 (mean, 1 tok)
2026-04-29 23:29:03,835 mme_vla_suite.pseudo_labeling.topreward_qwen_scorer INFO: Prefix 5/8 (end=52, n_frames=11/53): reward=-14.5000 (mean, 1 tok)
2026-04-29 23:29:10,824 mme_vla_suite.pseudo_labeling.topreward_qwen_scorer INFO: Prefix 6/8 (end=63, n_frames=13/64): reward=-14.7500 (mean, 1 tok)
2026-04-29 23:29:17,888 mme_vla_suite.pseudo_labeling.topreward_qwen_scorer INFO: Prefix 7/8 (end=74, n_frames=15/75): reward=-13.5000 (mean, 1 tok)
2026-04-29 23:29:24,864 mme_vla_suite.pseudo_labeling.topreward_qwen_scorer INFO: Prefix 8/8 (end=85, n_frames=17/86): reward=-13.8750 (mean, 1 tok)
2026-04-29 23:29:32,537 mme_vla_suite.pseudo_labeling.topreward_qwen_scorer INFO: Prefix 1/8 (end=10, n_frames=4/11): reward=-17.3750 (mean, 1 tok)
2026-04-29 23:29:39,447 mme_vla_suite.pseudo_labeling.topreward_qwen_scorer INFO: Prefix 2/8 (end=22, n_frames=5/23): reward=-17.3750 (mean, 1 tok)
2026-04-29 23:29:46,426 mme_vla_suite.pseudo_labeling.topreward_qwen_scorer INFO: Prefix 3/8 (end=35, n_frames=7/36): reward=-15.2500 (mean, 1 tok)
2026-04-29 23:29:53,538 mme_vla_suite.pseudo_labeling.topreward_qwen_scorer INFO: Prefix 4/8 (end=48, n_frames=10/49): reward=-15.6250 (mean, 1 tok)
2026-04-29 23:30:00,483 mme_vla_suite.pseudo_labeling.topreward_qwen_scorer INFO: Prefix 5/8 (end=60, n_frames=12/61): reward=-13.6250 (mean, 1 tok)
2026-04-29 23:30:07,704 mme_vla_suite.pseudo_labeling.topreward_qwen_scorer INFO: Prefix 6/8 (end=73, n_frames=15/74): reward=-13.5000 (mean, 1 tok)
2026-04-29 23:30:14,708 mme_vla_suite.pseudo_labeling.topreward_qwen_scorer INFO: Prefix 7/8 (end=86, n_frames=17/87): reward=-13.3750 (mean, 1 tok)
2026-04-29 23:30:21,696 mme_vla_suite.pseudo_labeling.topreward_qwen_scorer INFO: Prefix 8/8 (end=99, n_frames=20/100): reward=-13.3750 (mean, 1 tok)
2026-04-29 23:30:29,584 mme_vla_suite.pseudo_labeling.topreward_qwen_scorer INFO: Prefix 1/8 (end=11, n_frames=4/12): reward=-21.1250 (mean, 1 tok)
2026-04-29 23:30:36,847 mme_vla_suite.pseudo_labeling.topreward_qwen_scorer INFO: Prefix 2/8 (end=26, n_frames=5/27): reward=-22.2500 (mean, 1 tok)
2026-04-29 23:30:43,965 mme_vla_suite.pseudo_labeling.topreward_qwen_scorer INFO: Prefix 3/8 (end=41, n_frames=8/42): reward=-20.1250 (mean, 1 tok)
2026-04-29 23:30:50,919 mme_vla_suite.pseudo_labeling.topreward_qwen_scorer INFO: Prefix 4/8 (end=56, n_frames=11/57): reward=-19.3750 (mean, 1 tok)
2026-04-29 23:30:57,989 mme_vla_suite.pseudo_labeling.topreward_qwen_scorer INFO: Prefix 5/8 (end=71, n_frames=14/72): reward=-19.3750 (mean, 1 tok)
2026-04-29 23:31:05,180 mme_vla_suite.pseudo_labeling.topreward_qwen_scorer INFO: Prefix 6/8 (end=86, n_frames=17/87): reward=-19.0000 (mean, 1 tok)
2026-04-29 23:31:12,361 mme_vla_suite.pseudo_labeling.topreward_qwen_scorer INFO: Prefix 7/8 (end=101, n_frames=20/102): reward=-19.5000 (mean, 1 tok)
2026-04-29 23:31:19,573 mme_vla_suite.pseudo_labeling.topreward_qwen_scorer INFO: Prefix 8/8 (end=116, n_frames=23/117): reward=-19.2500 (mean, 1 tok)
2026-04-29 23:31:27,661 mme_vla_suite.pseudo_labeling.topreward_qwen_scorer INFO: Prefix 1/8 (end=10, n_frames=4/11): reward=-19.5000 (mean, 1 tok)
2026-04-29 23:31:34,829 mme_vla_suite.pseudo_labeling.topreward_qwen_scorer INFO: Prefix 2/8 (end=23, n_frames=5/24): reward=-19.0000 (mean, 1 tok)
2026-04-29 23:31:42,009 mme_vla_suite.pseudo_labeling.topreward_qwen_scorer INFO: Prefix 3/8 (end=37, n_frames=8/38): reward=-18.3750 (mean, 1 tok)
2026-04-29 23:31:48,961 mme_vla_suite.pseudo_labeling.topreward_qwen_scorer INFO: Prefix 4/8 (end=51, n_frames=10/52): reward=-18.0000 (mean, 1 tok)
2026-04-29 23:31:56,132 mme_vla_suite.pseudo_labeling.topreward_qwen_scorer INFO: Prefix 5/8 (end=65, n_frames=13/66): reward=-18.7500 (mean, 1 tok)
2026-04-29 23:32:03,087 mme_vla_suite.pseudo_labeling.topreward_qwen_scorer INFO: Prefix 6/8 (end=79, n_frames=16/80): reward=-23.0000 (mean, 1 tok)
2026-04-29 23:32:10,069 mme_vla_suite.pseudo_labeling.topreward_qwen_scorer INFO: Prefix 7/8 (end=93, n_frames=19/94): reward=-14.6250 (mean, 1 tok)
2026-04-29 23:32:17,277 mme_vla_suite.pseudo_labeling.topreward_qwen_scorer INFO: Prefix 8/8 (end=107, n_frames=22/108): reward=-16.1250 (mean, 1 tok)
2026-04-29 23:32:25,201 mme_vla_suite.pseudo_labeling.topreward_qwen_scorer INFO: Prefix 1/8 (end=5, n_frames=4/6): reward=-19.5000 (mean, 1 tok)
2026-04-29 23:32:32,370 mme_vla_suite.pseudo_labeling.topreward_qwen_scorer INFO: Prefix 2/8 (end=12, n_frames=4/13): reward=-18.5000 (mean, 1 tok)
2026-04-29 23:32:39,507 mme_vla_suite.pseudo_labeling.topreward_qwen_scorer INFO: Prefix 3/8 (end=19, n_frames=4/20): reward=-17.5000 (mean, 1 tok)
2026-04-29 23:32:46,652 mme_vla_suite.pseudo_labeling.topreward_qwen_scorer INFO: Prefix 4/8 (end=26, n_frames=5/27): reward=-18.0000 (mean, 1 tok)
2026-04-29 23:32:53,664 mme_vla_suite.pseudo_labeling.topreward_qwen_scorer INFO: Prefix 5/8 (end=33, n_frames=7/34): reward=-18.5000 (mean, 1 tok)
2026-04-29 23:33:00,582 mme_vla_suite.pseudo_labeling.topreward_qwen_scorer INFO: Prefix 6/8 (end=40, n_frames=8/41): reward=-18.3750 (mean, 1 tok)
2026-04-29 23:33:07,498 mme_vla_suite.pseudo_labeling.topreward_qwen_scorer INFO: Prefix 7/8 (end=47, n_frames=10/48): reward=-18.2500 (mean, 1 tok)
2026-04-29 23:33:14,445 mme_vla_suite.pseudo_labeling.topreward_qwen_scorer INFO: Prefix 8/8 (end=55, n_frames=11/56): reward=-19.2500 (mean, 1 tok)
2026-04-29 23:33:22,205 mme_vla_suite.pseudo_labeling.topreward_qwen_scorer INFO: Prefix 1/8 (end=8, n_frames=4/9): reward=-17.5000 (mean, 1 tok)
2026-04-29 23:33:29,080 mme_vla_suite.pseudo_labeling.topreward_qwen_scorer INFO: Prefix 2/8 (end=18, n_frames=4/19): reward=-16.7500 (mean, 1 tok)
2026-04-29 23:33:35,962 mme_vla_suite.pseudo_labeling.topreward_qwen_scorer INFO: Prefix 3/8 (end=29, n_frames=6/30): reward=-16.8750 (mean, 1 tok)
2026-04-29 23:33:42,895 mme_vla_suite.pseudo_labeling.topreward_qwen_scorer INFO: Prefix 4/8 (end=39, n_frames=8/40): reward=-16.2500 (mean, 1 tok)
2026-04-29 23:33:49,858 mme_vla_suite.pseudo_labeling.topreward_qwen_scorer INFO: Prefix 5/8 (end=50, n_frames=10/51): reward=-15.2500 (mean, 1 tok)
2026-04-29 23:33:56,797 mme_vla_suite.pseudo_labeling.topreward_qwen_scorer INFO: Prefix 6/8 (end=60, n_frames=12/61): reward=-16.0000 (mean, 1 tok)
2026-04-29 23:34:03,755 mme_vla_suite.pseudo_labeling.topreward_qwen_scorer INFO: Prefix 7/8 (end=71, n_frames=14/72): reward=-16.6250 (mean, 1 tok)
2026-04-29 23:34:10,766 mme_vla_suite.pseudo_labeling.topreward_qwen_scorer INFO: Prefix 8/8 (end=82, n_frames=17/83): reward=-14.5000 (mean, 1 tok)
2026-04-29 23:34:18,772 mme_vla_suite.pseudo_labeling.topreward_qwen_scorer INFO: Prefix 1/8 (end=9, n_frames=4/10): reward=-17.3750 (mean, 1 tok)
2026-04-29 23:34:25,906 mme_vla_suite.pseudo_labeling.topreward_qwen_scorer INFO: Prefix 2/8 (end=21, n_frames=4/22): reward=-16.8750 (mean, 1 tok)
2026-04-29 23:34:33,106 mme_vla_suite.pseudo_labeling.topreward_qwen_scorer INFO: Prefix 3/8 (end=33, n_frames=7/34): reward=-16.2500 (mean, 1 tok)
2026-04-29 23:34:40,059 mme_vla_suite.pseudo_labeling.topreward_qwen_scorer INFO: Prefix 4/8 (end=45, n_frames=9/46): reward=-15.3750 (mean, 1 tok)
2026-04-29 23:34:47,006 mme_vla_suite.pseudo_labeling.topreward_qwen_scorer INFO: Prefix 5/8 (end=57, n_frames=12/58): reward=-16.5000 (mean, 1 tok)
2026-04-29 23:34:53,979 mme_vla_suite.pseudo_labeling.topreward_qwen_scorer INFO: Prefix 6/8 (end=69, n_frames=14/70): reward=-16.1250 (mean, 1 tok)
2026-04-29 23:35:01,001 mme_vla_suite.pseudo_labeling.topreward_qwen_scorer INFO: Prefix 7/8 (end=81, n_frames=16/82): reward=-15.7500 (mean, 1 tok)
2026-04-29 23:35:08,238 mme_vla_suite.pseudo_labeling.topreward_qwen_scorer INFO: Prefix 8/8 (end=94, n_frames=19/95): reward=-15.3750 (mean, 1 tok)
2026-04-29 23:35:16,462 mme_vla_suite.pseudo_labeling.topreward_qwen_scorer INFO: Prefix 1/8 (end=11, n_frames=4/12): reward=-20.2500 (mean, 1 tok)
2026-04-29 23:35:23,614 mme_vla_suite.pseudo_labeling.topreward_qwen_scorer INFO: Prefix 2/8 (end=25, n_frames=5/26): reward=-19.8750 (mean, 1 tok)
2026-04-29 23:35:30,553 mme_vla_suite.pseudo_labeling.topreward_qwen_scorer INFO: Prefix 3/8 (end=40, n_frames=8/41): reward=-18.8750 (mean, 1 tok)
2026-04-29 23:35:37,485 mme_vla_suite.pseudo_labeling.topreward_qwen_scorer INFO: Prefix 4/8 (end=55, n_frames=11/56): reward=-18.3750 (mean, 1 tok)
2026-04-29 23:35:44,422 mme_vla_suite.pseudo_labeling.topreward_qwen_scorer INFO: Prefix 5/8 (end=69, n_frames=14/70): reward=-18.6250 (mean, 1 tok)
2026-04-29 23:35:51,465 mme_vla_suite.pseudo_labeling.topreward_qwen_scorer INFO: Prefix 6/8 (end=84, n_frames=17/85): reward=-19.8750 (mean, 1 tok)
2026-04-29 23:35:58,479 mme_vla_suite.pseudo_labeling.topreward_qwen_scorer INFO: Prefix 7/8 (end=99, n_frames=20/100): reward=-18.8750 (mean, 1 tok)
2026-04-29 23:36:05,746 mme_vla_suite.pseudo_labeling.topreward_qwen_scorer INFO: Prefix 8/8 (end=114, n_frames=23/115): reward=-18.3750 (mean, 1 tok)
2026-04-29 23:36:13,607 mme_vla_suite.pseudo_labeling.topreward_qwen_scorer INFO: Prefix 1/8 (end=9, n_frames=4/10): reward=-15.8750 (mean, 1 tok)
2026-04-29 23:36:20,735 mme_vla_suite.pseudo_labeling.topreward_qwen_scorer INFO: Prefix 2/8 (end=21, n_frames=4/22): reward=-15.7500 (mean, 1 tok)
2026-04-29 23:36:27,620 mme_vla_suite.pseudo_labeling.topreward_qwen_scorer INFO: Prefix 3/8 (end=33, n_frames=7/34): reward=-15.5000 (mean, 1 tok)
2026-04-29 23:36:34,734 mme_vla_suite.pseudo_labeling.topreward_qwen_scorer INFO: Prefix 4/8 (end=45, n_frames=9/46): reward=-16.1250 (mean, 1 tok)
2026-04-29 23:36:41,680 mme_vla_suite.pseudo_labeling.topreward_qwen_scorer INFO: Prefix 5/8 (end=58, n_frames=12/59): reward=-15.8750 (mean, 1 tok)
2026-04-29 23:36:48,630 mme_vla_suite.pseudo_labeling.topreward_qwen_scorer INFO: Prefix 6/8 (end=70, n_frames=14/71): reward=-15.6250 (mean, 1 tok)
2026-04-29 23:36:55,605 mme_vla_suite.pseudo_labeling.topreward_qwen_scorer INFO: Prefix 7/8 (end=82, n_frames=17/83): reward=-14.6250 (mean, 1 tok)
2026-04-29 23:37:02,600 mme_vla_suite.pseudo_labeling.topreward_qwen_scorer INFO: Prefix 8/8 (end=95, n_frames=19/96): reward=-15.3750 (mean, 1 tok)
2026-04-29 23:37:10,295 mme_vla_suite.pseudo_labeling.topreward_qwen_scorer INFO: Prefix 1/8 (end=10, n_frames=4/11): reward=-15.6250 (mean, 1 tok)
2026-04-29 23:37:17,288 mme_vla_suite.pseudo_labeling.topreward_qwen_scorer INFO: Prefix 2/8 (end=24, n_frames=5/25): reward=-15.2500 (mean, 1 tok)
2026-04-29 23:37:24,379 mme_vla_suite.pseudo_labeling.topreward_qwen_scorer INFO: Prefix 3/8 (end=38, n_frames=8/39): reward=-15.0000 (mean, 1 tok)
2026-04-29 23:37:31,493 mme_vla_suite.pseudo_labeling.topreward_qwen_scorer INFO: Prefix 4/8 (end=52, n_frames=11/53): reward=-15.8750 (mean, 1 tok)
2026-04-29 23:37:38,588 mme_vla_suite.pseudo_labeling.topreward_qwen_scorer INFO: Prefix 5/8 (end=66, n_frames=13/67): reward=-15.7500 (mean, 1 tok)
2026-04-29 23:37:45,659 mme_vla_suite.pseudo_labeling.topreward_qwen_scorer INFO: Prefix 6/8 (end=80, n_frames=16/81): reward=-15.1250 (mean, 1 tok)
2026-04-29 23:37:52,809 mme_vla_suite.pseudo_labeling.topreward_qwen_scorer INFO: Prefix 7/8 (end=94, n_frames=19/95): reward=-15.3750 (mean, 1 tok)
2026-04-29 23:38:00,005 mme_vla_suite.pseudo_labeling.topreward_qwen_scorer INFO: Prefix 8/8 (end=108, n_frames=22/109): reward=-15.0000 (mean, 1 tok)
