/coc/testnvme/shalbe3/miniconda/envs/robomme/lib/python3.11/site-packages/torch/cuda/__init__.py:63: FutureWarning: The pynvml package is deprecated. Please install nvidia-ml-py instead. If you did not install pynvml directly, please report this to the maintainers of the package that installed pynvml for you.
  import pynvml  # type: ignore[import]
`torch_dtype` is deprecated! Use `dtype` instead!
You are attempting to use Flash Attention 2 without specifying a torch dtype. This might lead to unexpected behaviour
2026-04-30 01:03:00,532 mme_vla_suite.pseudo_labeling.topreward_qwen_scorer WARNING: flash_attention_2 unavailable (/coc/testnvme/shalbe3/miniconda/envs/robomme/lib/python3.11/site-packages/flash_attn_2_cuda.cpython-311-x86_64-linux-gnu.so: undefined symbol: _ZNK3c106SymInt6sym_neERKS0_), using default attention
Loading checkpoint shards:   0%|          | 0/4 [00:00<?, ?it/s]Loading checkpoint shards:  25%|██▌       | 1/4 [00:00<00:02,  1.00it/s]Loading checkpoint shards:  50%|█████     | 2/4 [00:02<00:02,  1.01s/it]Loading checkpoint shards:  75%|███████▌  | 3/4 [00:03<00:01,  1.04s/it]Loading checkpoint shards: 100%|██████████| 4/4 [00:03<00:00,  1.15it/s]Loading checkpoint shards: 100%|██████████| 4/4 [00:03<00:00,  1.08it/s]
Asked to sample `fps` frames per second but no video metadata was provided which is required when sampling with `fps`. Defaulting to `fps=24`. Please provide `video_metadata` for more accurate results.
2026-04-30 01:03:14,253 mme_vla_suite.pseudo_labeling.topreward_qwen_scorer INFO: Prefix 1/8 (end=5, n_frames=4/6): reward=-19.2500 (mean, 1 tok)
2026-04-30 01:03:21,327 mme_vla_suite.pseudo_labeling.topreward_qwen_scorer INFO: Prefix 2/8 (end=11, n_frames=4/12): reward=-19.6250 (mean, 1 tok)
2026-04-30 01:03:28,238 mme_vla_suite.pseudo_labeling.topreward_qwen_scorer INFO: Prefix 3/8 (end=18, n_frames=4/19): reward=-19.5000 (mean, 1 tok)
2026-04-30 01:03:35,069 mme_vla_suite.pseudo_labeling.topreward_qwen_scorer INFO: Prefix 4/8 (end=25, n_frames=5/26): reward=-19.7500 (mean, 1 tok)
2026-04-30 01:03:41,966 mme_vla_suite.pseudo_labeling.topreward_qwen_scorer INFO: Prefix 5/8 (end=32, n_frames=7/33): reward=-19.6250 (mean, 1 tok)
2026-04-30 01:03:49,001 mme_vla_suite.pseudo_labeling.topreward_qwen_scorer INFO: Prefix 6/8 (end=39, n_frames=8/40): reward=-19.1250 (mean, 1 tok)
2026-04-30 01:03:55,976 mme_vla_suite.pseudo_labeling.topreward_qwen_scorer INFO: Prefix 7/8 (end=46, n_frames=9/47): reward=-18.0000 (mean, 1 tok)
2026-04-30 01:04:02,850 mme_vla_suite.pseudo_labeling.topreward_qwen_scorer INFO: Prefix 8/8 (end=53, n_frames=11/54): reward=-18.1250 (mean, 1 tok)
2026-04-30 01:04:10,649 mme_vla_suite.pseudo_labeling.topreward_qwen_scorer INFO: Prefix 1/8 (end=33, n_frames=7/34): reward=-21.5000 (mean, 1 tok)
2026-04-30 01:04:17,565 mme_vla_suite.pseudo_labeling.topreward_qwen_scorer INFO: Prefix 2/8 (end=76, n_frames=15/77): reward=-20.5000 (mean, 1 tok)
2026-04-30 01:04:24,547 mme_vla_suite.pseudo_labeling.topreward_qwen_scorer INFO: Prefix 3/8 (end=119, n_frames=24/120): reward=-20.3750 (mean, 1 tok)
2026-04-30 01:04:31,612 mme_vla_suite.pseudo_labeling.topreward_qwen_scorer INFO: Prefix 4/8 (end=162, n_frames=33/163): reward=-19.2500 (mean, 1 tok)
2026-04-30 01:04:38,737 mme_vla_suite.pseudo_labeling.topreward_qwen_scorer INFO: Prefix 5/8 (end=205, n_frames=41/206): reward=-19.2500 (mean, 1 tok)
2026-04-30 01:04:45,886 mme_vla_suite.pseudo_labeling.topreward_qwen_scorer INFO: Prefix 6/8 (end=248, n_frames=50/249): reward=-19.0000 (mean, 1 tok)
2026-04-30 01:04:53,108 mme_vla_suite.pseudo_labeling.topreward_qwen_scorer INFO: Prefix 7/8 (end=291, n_frames=58/292): reward=-19.1250 (mean, 1 tok)
2026-04-30 01:05:03,830 mme_vla_suite.pseudo_labeling.topreward_qwen_scorer INFO: Prefix 8/8 (end=335, n_frames=67/336): reward=-20.5000 (mean, 1 tok)
2026-04-30 01:05:11,184 mme_vla_suite.pseudo_labeling.topreward_qwen_scorer INFO: Prefix 1/8 (end=4, n_frames=4/5): reward=-20.0000 (mean, 1 tok)
2026-04-30 01:05:18,001 mme_vla_suite.pseudo_labeling.topreward_qwen_scorer INFO: Prefix 2/8 (end=7, n_frames=4/8): reward=-19.7500 (mean, 1 tok)
2026-04-30 01:05:24,805 mme_vla_suite.pseudo_labeling.topreward_qwen_scorer INFO: Prefix 3/8 (end=10, n_frames=4/11): reward=-19.6250 (mean, 1 tok)
2026-04-30 01:05:31,605 mme_vla_suite.pseudo_labeling.topreward_qwen_scorer INFO: Prefix 4/8 (end=13, n_frames=4/14): reward=-19.5000 (mean, 1 tok)
2026-04-30 01:05:38,408 mme_vla_suite.pseudo_labeling.topreward_qwen_scorer INFO: Prefix 5/8 (end=17, n_frames=4/18): reward=-20.0000 (mean, 1 tok)
2026-04-30 01:05:45,207 mme_vla_suite.pseudo_labeling.topreward_qwen_scorer INFO: Prefix 6/8 (end=20, n_frames=4/21): reward=-19.7500 (mean, 1 tok)
2026-04-30 01:05:52,032 mme_vla_suite.pseudo_labeling.topreward_qwen_scorer INFO: Prefix 7/8 (end=23, n_frames=5/24): reward=-18.6250 (mean, 1 tok)
2026-04-30 01:05:58,871 mme_vla_suite.pseudo_labeling.topreward_qwen_scorer INFO: Prefix 8/8 (end=27, n_frames=6/28): reward=-18.6250 (mean, 1 tok)
2026-04-30 01:06:06,526 mme_vla_suite.pseudo_labeling.topreward_qwen_scorer INFO: Prefix 1/8 (end=6, n_frames=4/7): reward=-19.7500 (mean, 1 tok)
2026-04-30 01:06:13,328 mme_vla_suite.pseudo_labeling.topreward_qwen_scorer INFO: Prefix 2/8 (end=14, n_frames=4/15): reward=-20.0000 (mean, 1 tok)
2026-04-30 01:06:20,133 mme_vla_suite.pseudo_labeling.topreward_qwen_scorer INFO: Prefix 3/8 (end=22, n_frames=5/23): reward=-19.0000 (mean, 1 tok)
2026-04-30 01:06:26,961 mme_vla_suite.pseudo_labeling.topreward_qwen_scorer INFO: Prefix 4/8 (end=30, n_frames=6/31): reward=-18.1250 (mean, 1 tok)
2026-04-30 01:06:33,791 mme_vla_suite.pseudo_labeling.topreward_qwen_scorer INFO: Prefix 5/8 (end=38, n_frames=8/39): reward=-19.0000 (mean, 1 tok)
2026-04-30 01:06:40,627 mme_vla_suite.pseudo_labeling.topreward_qwen_scorer INFO: Prefix 6/8 (end=46, n_frames=9/47): reward=-17.1250 (mean, 1 tok)
2026-04-30 01:06:47,671 mme_vla_suite.pseudo_labeling.topreward_qwen_scorer INFO: Prefix 7/8 (end=54, n_frames=11/55): reward=-17.2500 (mean, 1 tok)
2026-04-30 01:06:54,535 mme_vla_suite.pseudo_labeling.topreward_qwen_scorer INFO: Prefix 8/8 (end=62, n_frames=13/63): reward=-17.8750 (mean, 1 tok)
2026-04-30 01:07:02,098 mme_vla_suite.pseudo_labeling.topreward_qwen_scorer INFO: Prefix 1/8 (end=5, n_frames=4/6): reward=-21.0000 (mean, 1 tok)
2026-04-30 01:07:08,909 mme_vla_suite.pseudo_labeling.topreward_qwen_scorer INFO: Prefix 2/8 (end=11, n_frames=4/12): reward=-20.5000 (mean, 1 tok)
2026-04-30 01:07:15,720 mme_vla_suite.pseudo_labeling.topreward_qwen_scorer INFO: Prefix 3/8 (end=18, n_frames=4/19): reward=-20.8750 (mean, 1 tok)
2026-04-30 01:07:22,551 mme_vla_suite.pseudo_labeling.topreward_qwen_scorer INFO: Prefix 4/8 (end=25, n_frames=5/26): reward=-20.1250 (mean, 1 tok)
2026-04-30 01:07:29,372 mme_vla_suite.pseudo_labeling.topreward_qwen_scorer INFO: Prefix 5/8 (end=31, n_frames=6/32): reward=-20.1250 (mean, 1 tok)
2026-04-30 01:07:36,188 mme_vla_suite.pseudo_labeling.topreward_qwen_scorer INFO: Prefix 6/8 (end=38, n_frames=8/39): reward=-18.7500 (mean, 1 tok)
2026-04-30 01:07:43,443 mme_vla_suite.pseudo_labeling.topreward_qwen_scorer INFO: Prefix 7/8 (end=45, n_frames=9/46): reward=-17.3750 (mean, 1 tok)
2026-04-30 01:07:50,293 mme_vla_suite.pseudo_labeling.topreward_qwen_scorer INFO: Prefix 8/8 (end=52, n_frames=11/53): reward=-17.5000 (mean, 1 tok)
2026-04-30 01:07:58,012 mme_vla_suite.pseudo_labeling.topreward_qwen_scorer INFO: Prefix 1/8 (end=10, n_frames=4/11): reward=-20.7500 (mean, 1 tok)
2026-04-30 01:08:04,815 mme_vla_suite.pseudo_labeling.topreward_qwen_scorer INFO: Prefix 2/8 (end=23, n_frames=5/24): reward=-20.5000 (mean, 1 tok)
2026-04-30 01:08:11,641 mme_vla_suite.pseudo_labeling.topreward_qwen_scorer INFO: Prefix 3/8 (end=36, n_frames=7/37): reward=-20.6250 (mean, 1 tok)
2026-04-30 01:08:18,521 mme_vla_suite.pseudo_labeling.topreward_qwen_scorer INFO: Prefix 4/8 (end=49, n_frames=10/50): reward=-20.6250 (mean, 1 tok)
2026-04-30 01:08:25,902 mme_vla_suite.pseudo_labeling.topreward_qwen_scorer INFO: Prefix 5/8 (end=62, n_frames=13/63): reward=-21.2500 (mean, 1 tok)
2026-04-30 01:08:32,872 mme_vla_suite.pseudo_labeling.topreward_qwen_scorer INFO: Prefix 6/8 (end=75, n_frames=15/76): reward=-21.1250 (mean, 1 tok)
2026-04-30 01:08:39,884 mme_vla_suite.pseudo_labeling.topreward_qwen_scorer INFO: Prefix 7/8 (end=88, n_frames=18/89): reward=-20.6250 (mean, 1 tok)
2026-04-30 01:08:46,771 mme_vla_suite.pseudo_labeling.topreward_qwen_scorer INFO: Prefix 8/8 (end=101, n_frames=20/102): reward=-21.0000 (mean, 1 tok)
2026-04-30 01:08:54,835 mme_vla_suite.pseudo_labeling.topreward_qwen_scorer INFO: Prefix 1/8 (end=4, n_frames=4/5): reward=-21.6250 (mean, 1 tok)
2026-04-30 01:09:02,242 mme_vla_suite.pseudo_labeling.topreward_qwen_scorer INFO: Prefix 2/8 (end=7, n_frames=4/8): reward=-21.0000 (mean, 1 tok)
2026-04-30 01:09:09,703 mme_vla_suite.pseudo_labeling.topreward_qwen_scorer INFO: Prefix 3/8 (end=10, n_frames=4/11): reward=-21.1250 (mean, 1 tok)
2026-04-30 01:09:17,082 mme_vla_suite.pseudo_labeling.topreward_qwen_scorer INFO: Prefix 4/8 (end=13, n_frames=4/14): reward=-20.3750 (mean, 1 tok)
2026-04-30 01:09:24,295 mme_vla_suite.pseudo_labeling.topreward_qwen_scorer INFO: Prefix 5/8 (end=16, n_frames=4/17): reward=-20.2500 (mean, 1 tok)
2026-04-30 01:09:31,105 mme_vla_suite.pseudo_labeling.topreward_qwen_scorer INFO: Prefix 6/8 (end=19, n_frames=4/20): reward=-20.2500 (mean, 1 tok)
2026-04-30 01:09:37,927 mme_vla_suite.pseudo_labeling.topreward_qwen_scorer INFO: Prefix 7/8 (end=22, n_frames=5/23): reward=-19.2500 (mean, 1 tok)
2026-04-30 01:09:44,754 mme_vla_suite.pseudo_labeling.topreward_qwen_scorer INFO: Prefix 8/8 (end=26, n_frames=5/27): reward=-17.8750 (mean, 1 tok)
2026-04-30 01:09:52,382 mme_vla_suite.pseudo_labeling.topreward_qwen_scorer INFO: Prefix 1/8 (end=6, n_frames=4/7): reward=-21.6250 (mean, 1 tok)
2026-04-30 01:09:59,190 mme_vla_suite.pseudo_labeling.topreward_qwen_scorer INFO: Prefix 2/8 (end=13, n_frames=4/14): reward=-20.3750 (mean, 1 tok)
2026-04-30 01:10:06,009 mme_vla_suite.pseudo_labeling.topreward_qwen_scorer INFO: Prefix 3/8 (end=21, n_frames=4/22): reward=-19.8750 (mean, 1 tok)
2026-04-30 01:10:12,827 mme_vla_suite.pseudo_labeling.topreward_qwen_scorer INFO: Prefix 4/8 (end=28, n_frames=6/29): reward=-20.0000 (mean, 1 tok)
2026-04-30 01:10:19,654 mme_vla_suite.pseudo_labeling.topreward_qwen_scorer INFO: Prefix 5/8 (end=36, n_frames=7/37): reward=-19.2500 (mean, 1 tok)
2026-04-30 01:10:26,515 mme_vla_suite.pseudo_labeling.topreward_qwen_scorer INFO: Prefix 6/8 (end=43, n_frames=9/44): reward=-18.0000 (mean, 1 tok)
2026-04-30 01:10:33,379 mme_vla_suite.pseudo_labeling.topreward_qwen_scorer INFO: Prefix 7/8 (end=51, n_frames=10/52): reward=-18.6250 (mean, 1 tok)
2026-04-30 01:10:40,240 mme_vla_suite.pseudo_labeling.topreward_qwen_scorer INFO: Prefix 8/8 (end=59, n_frames=12/60): reward=-19.1250 (mean, 1 tok)
2026-04-30 01:10:47,893 mme_vla_suite.pseudo_labeling.topreward_qwen_scorer INFO: Prefix 1/8 (end=5, n_frames=4/6): reward=-21.0000 (mean, 1 tok)
2026-04-30 01:10:54,696 mme_vla_suite.pseudo_labeling.topreward_qwen_scorer INFO: Prefix 2/8 (end=12, n_frames=4/13): reward=-21.2500 (mean, 1 tok)
2026-04-30 01:11:01,518 mme_vla_suite.pseudo_labeling.topreward_qwen_scorer INFO: Prefix 3/8 (end=19, n_frames=4/20): reward=-21.5000 (mean, 1 tok)
2026-04-30 01:11:08,327 mme_vla_suite.pseudo_labeling.topreward_qwen_scorer INFO: Prefix 4/8 (end=26, n_frames=5/27): reward=-21.5000 (mean, 1 tok)
2026-04-30 01:11:15,140 mme_vla_suite.pseudo_labeling.topreward_qwen_scorer INFO: Prefix 5/8 (end=33, n_frames=7/34): reward=-22.0000 (mean, 1 tok)
2026-04-30 01:11:21,959 mme_vla_suite.pseudo_labeling.topreward_qwen_scorer INFO: Prefix 6/8 (end=40, n_frames=8/41): reward=-21.3750 (mean, 1 tok)
2026-04-30 01:11:28,814 mme_vla_suite.pseudo_labeling.topreward_qwen_scorer INFO: Prefix 7/8 (end=47, n_frames=10/48): reward=-19.5000 (mean, 1 tok)
2026-04-30 01:11:35,657 mme_vla_suite.pseudo_labeling.topreward_qwen_scorer INFO: Prefix 8/8 (end=55, n_frames=11/56): reward=-19.2500 (mean, 1 tok)
2026-04-30 01:11:43,336 mme_vla_suite.pseudo_labeling.topreward_qwen_scorer INFO: Prefix 1/2 (end=4, n_frames=4/5): reward=-20.5000 (mean, 1 tok)
2026-04-30 01:11:50,164 mme_vla_suite.pseudo_labeling.topreward_qwen_scorer INFO: Prefix 2/2 (end=5, n_frames=4/6): reward=-20.6250 (mean, 1 tok)
2026-04-30 01:11:57,797 mme_vla_suite.pseudo_labeling.topreward_qwen_scorer INFO: Prefix 1/8 (end=4, n_frames=4/5): reward=-20.3750 (mean, 1 tok)
2026-04-30 01:12:04,618 mme_vla_suite.pseudo_labeling.topreward_qwen_scorer INFO: Prefix 2/8 (end=7, n_frames=4/8): reward=-21.1250 (mean, 1 tok)
2026-04-30 01:12:11,428 mme_vla_suite.pseudo_labeling.topreward_qwen_scorer INFO: Prefix 3/8 (end=10, n_frames=4/11): reward=-20.5000 (mean, 1 tok)
2026-04-30 01:12:18,244 mme_vla_suite.pseudo_labeling.topreward_qwen_scorer INFO: Prefix 4/8 (end=14, n_frames=4/15): reward=-20.8750 (mean, 1 tok)
2026-04-30 01:12:25,065 mme_vla_suite.pseudo_labeling.topreward_qwen_scorer INFO: Prefix 5/8 (end=17, n_frames=4/18): reward=-20.6250 (mean, 1 tok)
2026-04-30 01:12:31,868 mme_vla_suite.pseudo_labeling.topreward_qwen_scorer INFO: Prefix 6/8 (end=21, n_frames=4/22): reward=-20.0000 (mean, 1 tok)
2026-04-30 01:12:38,669 mme_vla_suite.pseudo_labeling.topreward_qwen_scorer INFO: Prefix 7/8 (end=24, n_frames=5/25): reward=-18.5000 (mean, 1 tok)
2026-04-30 01:12:45,462 mme_vla_suite.pseudo_labeling.topreward_qwen_scorer INFO: Prefix 8/8 (end=28, n_frames=6/29): reward=-18.6250 (mean, 1 tok)
2026-04-30 01:12:53,133 mme_vla_suite.pseudo_labeling.topreward_qwen_scorer INFO: Prefix 1/8 (end=7, n_frames=4/8): reward=-21.1250 (mean, 1 tok)
2026-04-30 01:12:59,960 mme_vla_suite.pseudo_labeling.topreward_qwen_scorer INFO: Prefix 2/8 (end=16, n_frames=4/17): reward=-20.6250 (mean, 1 tok)
2026-04-30 01:13:06,774 mme_vla_suite.pseudo_labeling.topreward_qwen_scorer INFO: Prefix 3/8 (end=25, n_frames=5/26): reward=-18.3750 (mean, 1 tok)
2026-04-30 01:13:13,584 mme_vla_suite.pseudo_labeling.topreward_qwen_scorer INFO: Prefix 4/8 (end=35, n_frames=7/36): reward=-17.8750 (mean, 1 tok)
2026-04-30 01:13:20,525 mme_vla_suite.pseudo_labeling.topreward_qwen_scorer INFO: Prefix 5/8 (end=44, n_frames=9/45): reward=-16.8750 (mean, 1 tok)
2026-04-30 01:13:27,352 mme_vla_suite.pseudo_labeling.topreward_qwen_scorer INFO: Prefix 6/8 (end=54, n_frames=11/55): reward=-16.6250 (mean, 1 tok)
2026-04-30 01:13:34,179 mme_vla_suite.pseudo_labeling.topreward_qwen_scorer INFO: Prefix 7/8 (end=63, n_frames=13/64): reward=-17.2500 (mean, 1 tok)
2026-04-30 01:13:41,117 mme_vla_suite.pseudo_labeling.topreward_qwen_scorer INFO: Prefix 8/8 (end=73, n_frames=15/74): reward=-17.5000 (mean, 1 tok)
