/coc/testnvme/shalbe3/miniconda/envs/robomme/lib/python3.11/site-packages/torch/cuda/__init__.py:63: FutureWarning: The pynvml package is deprecated. Please install nvidia-ml-py instead. If you did not install pynvml directly, please report this to the maintainers of the package that installed pynvml for you.
  import pynvml  # type: ignore[import]
`torch_dtype` is deprecated! Use `dtype` instead!
You are attempting to use Flash Attention 2 without specifying a torch dtype. This might lead to unexpected behaviour
2026-04-30 01:45:24,350 mme_vla_suite.pseudo_labeling.topreward_qwen_scorer WARNING: flash_attention_2 unavailable (/coc/testnvme/shalbe3/miniconda/envs/robomme/lib/python3.11/site-packages/flash_attn_2_cuda.cpython-311-x86_64-linux-gnu.so: undefined symbol: _ZNK3c106SymInt6sym_neERKS0_), using default attention
Loading checkpoint shards:   0%|          | 0/4 [00:00<?, ?it/s]Loading checkpoint shards:  25%|██▌       | 1/4 [00:14<00:43, 14.57s/it]Loading checkpoint shards:  50%|█████     | 2/4 [00:27<00:27, 13.72s/it]Loading checkpoint shards:  75%|███████▌  | 3/4 [00:41<00:13, 13.78s/it]Loading checkpoint shards: 100%|██████████| 4/4 [00:48<00:00, 11.26s/it]Loading checkpoint shards: 100%|██████████| 4/4 [00:48<00:00, 12.24s/it]
Asked to sample `fps` frames per second but no video metadata was provided which is required when sampling with `fps`. Defaulting to `fps=24`. Please provide `video_metadata` for more accurate results.
2026-04-30 01:46:23,197 mme_vla_suite.pseudo_labeling.topreward_qwen_scorer INFO: Prefix 1/8 (end=5, n_frames=4/6): reward=-20.1250 (mean, 1 tok)
2026-04-30 01:46:30,181 mme_vla_suite.pseudo_labeling.topreward_qwen_scorer INFO: Prefix 2/8 (end=11, n_frames=4/12): reward=-18.8750 (mean, 1 tok)
2026-04-30 01:46:37,098 mme_vla_suite.pseudo_labeling.topreward_qwen_scorer INFO: Prefix 3/8 (end=17, n_frames=4/18): reward=-18.1250 (mean, 1 tok)
2026-04-30 01:46:44,035 mme_vla_suite.pseudo_labeling.topreward_qwen_scorer INFO: Prefix 4/8 (end=23, n_frames=5/24): reward=-19.1250 (mean, 1 tok)
2026-04-30 01:46:50,974 mme_vla_suite.pseudo_labeling.topreward_qwen_scorer INFO: Prefix 5/8 (end=30, n_frames=6/31): reward=-19.6250 (mean, 1 tok)
2026-04-30 01:46:57,902 mme_vla_suite.pseudo_labeling.topreward_qwen_scorer INFO: Prefix 6/8 (end=36, n_frames=7/37): reward=-19.5000 (mean, 1 tok)
2026-04-30 01:47:04,849 mme_vla_suite.pseudo_labeling.topreward_qwen_scorer INFO: Prefix 7/8 (end=42, n_frames=9/43): reward=-18.0000 (mean, 1 tok)
2026-04-30 01:47:11,836 mme_vla_suite.pseudo_labeling.topreward_qwen_scorer INFO: Prefix 8/8 (end=49, n_frames=10/50): reward=-18.2500 (mean, 1 tok)
2026-04-30 01:47:20,118 mme_vla_suite.pseudo_labeling.topreward_qwen_scorer INFO: Prefix 1/8 (end=5, n_frames=4/6): reward=-20.6250 (mean, 1 tok)
2026-04-30 01:47:27,083 mme_vla_suite.pseudo_labeling.topreward_qwen_scorer INFO: Prefix 2/8 (end=11, n_frames=4/12): reward=-20.1250 (mean, 1 tok)
2026-04-30 01:47:34,032 mme_vla_suite.pseudo_labeling.topreward_qwen_scorer INFO: Prefix 3/8 (end=17, n_frames=4/18): reward=-20.2500 (mean, 1 tok)
2026-04-30 01:47:40,968 mme_vla_suite.pseudo_labeling.topreward_qwen_scorer INFO: Prefix 4/8 (end=23, n_frames=5/24): reward=-19.8750 (mean, 1 tok)
2026-04-30 01:47:47,933 mme_vla_suite.pseudo_labeling.topreward_qwen_scorer INFO: Prefix 5/8 (end=30, n_frames=6/31): reward=-19.8750 (mean, 1 tok)
2026-04-30 01:47:54,876 mme_vla_suite.pseudo_labeling.topreward_qwen_scorer INFO: Prefix 6/8 (end=36, n_frames=7/37): reward=-20.2500 (mean, 1 tok)
2026-04-30 01:48:01,864 mme_vla_suite.pseudo_labeling.topreward_qwen_scorer INFO: Prefix 7/8 (end=42, n_frames=9/43): reward=-19.8750 (mean, 1 tok)
2026-04-30 01:48:08,828 mme_vla_suite.pseudo_labeling.topreward_qwen_scorer INFO: Prefix 8/8 (end=49, n_frames=10/50): reward=-19.8750 (mean, 1 tok)
2026-04-30 01:48:17,119 mme_vla_suite.pseudo_labeling.topreward_qwen_scorer INFO: Prefix 1/8 (end=5, n_frames=4/6): reward=-19.8750 (mean, 1 tok)
2026-04-30 01:48:24,143 mme_vla_suite.pseudo_labeling.topreward_qwen_scorer INFO: Prefix 2/8 (end=11, n_frames=4/12): reward=-18.5000 (mean, 1 tok)
2026-04-30 01:48:31,138 mme_vla_suite.pseudo_labeling.topreward_qwen_scorer INFO: Prefix 3/8 (end=17, n_frames=4/18): reward=-18.5000 (mean, 1 tok)
2026-04-30 01:48:38,236 mme_vla_suite.pseudo_labeling.topreward_qwen_scorer INFO: Prefix 4/8 (end=23, n_frames=5/24): reward=-18.0000 (mean, 1 tok)
2026-04-30 01:48:45,225 mme_vla_suite.pseudo_labeling.topreward_qwen_scorer INFO: Prefix 5/8 (end=30, n_frames=6/31): reward=-18.2500 (mean, 1 tok)
2026-04-30 01:48:52,199 mme_vla_suite.pseudo_labeling.topreward_qwen_scorer INFO: Prefix 6/8 (end=36, n_frames=7/37): reward=-18.3750 (mean, 1 tok)
2026-04-30 01:48:59,185 mme_vla_suite.pseudo_labeling.topreward_qwen_scorer INFO: Prefix 7/8 (end=42, n_frames=9/43): reward=-18.1250 (mean, 1 tok)
2026-04-30 01:49:06,146 mme_vla_suite.pseudo_labeling.topreward_qwen_scorer INFO: Prefix 8/8 (end=49, n_frames=10/50): reward=-18.2500 (mean, 1 tok)
2026-04-30 01:49:14,061 mme_vla_suite.pseudo_labeling.topreward_qwen_scorer INFO: Prefix 1/8 (end=5, n_frames=4/6): reward=-20.0000 (mean, 1 tok)
2026-04-30 01:49:21,005 mme_vla_suite.pseudo_labeling.topreward_qwen_scorer INFO: Prefix 2/8 (end=11, n_frames=4/12): reward=-20.0000 (mean, 1 tok)
2026-04-30 01:49:27,948 mme_vla_suite.pseudo_labeling.topreward_qwen_scorer INFO: Prefix 3/8 (end=17, n_frames=4/18): reward=-20.5000 (mean, 1 tok)
2026-04-30 01:49:34,902 mme_vla_suite.pseudo_labeling.topreward_qwen_scorer INFO: Prefix 4/8 (end=23, n_frames=5/24): reward=-20.5000 (mean, 1 tok)
2026-04-30 01:49:41,848 mme_vla_suite.pseudo_labeling.topreward_qwen_scorer INFO: Prefix 5/8 (end=30, n_frames=6/31): reward=-19.8750 (mean, 1 tok)
2026-04-30 01:49:48,793 mme_vla_suite.pseudo_labeling.topreward_qwen_scorer INFO: Prefix 6/8 (end=36, n_frames=7/37): reward=-20.1250 (mean, 1 tok)
2026-04-30 01:49:55,738 mme_vla_suite.pseudo_labeling.topreward_qwen_scorer INFO: Prefix 7/8 (end=42, n_frames=9/43): reward=-20.7500 (mean, 1 tok)
2026-04-30 01:50:02,689 mme_vla_suite.pseudo_labeling.topreward_qwen_scorer INFO: Prefix 8/8 (end=49, n_frames=10/50): reward=-19.8750 (mean, 1 tok)
2026-04-30 01:50:10,930 mme_vla_suite.pseudo_labeling.topreward_qwen_scorer INFO: Prefix 1/8 (end=4, n_frames=4/5): reward=-20.5000 (mean, 1 tok)
2026-04-30 01:50:17,890 mme_vla_suite.pseudo_labeling.topreward_qwen_scorer INFO: Prefix 2/8 (end=9, n_frames=4/10): reward=-18.6250 (mean, 1 tok)
2026-04-30 01:50:24,851 mme_vla_suite.pseudo_labeling.topreward_qwen_scorer INFO: Prefix 3/8 (end=14, n_frames=4/15): reward=-18.3750 (mean, 1 tok)
2026-04-30 01:50:31,944 mme_vla_suite.pseudo_labeling.topreward_qwen_scorer INFO: Prefix 4/8 (end=20, n_frames=4/21): reward=-18.8750 (mean, 1 tok)
2026-04-30 01:50:38,910 mme_vla_suite.pseudo_labeling.topreward_qwen_scorer INFO: Prefix 5/8 (end=25, n_frames=5/26): reward=-18.1250 (mean, 1 tok)
2026-04-30 01:50:45,882 mme_vla_suite.pseudo_labeling.topreward_qwen_scorer INFO: Prefix 6/8 (end=31, n_frames=6/32): reward=-18.1250 (mean, 1 tok)
2026-04-30 01:50:52,859 mme_vla_suite.pseudo_labeling.topreward_qwen_scorer INFO: Prefix 7/8 (end=36, n_frames=7/37): reward=-18.1250 (mean, 1 tok)
2026-04-30 01:50:59,869 mme_vla_suite.pseudo_labeling.topreward_qwen_scorer INFO: Prefix 8/8 (end=42, n_frames=9/43): reward=-18.2500 (mean, 1 tok)
2026-04-30 01:51:08,043 mme_vla_suite.pseudo_labeling.topreward_qwen_scorer INFO: Prefix 1/8 (end=5, n_frames=4/6): reward=-20.1250 (mean, 1 tok)
2026-04-30 01:51:15,138 mme_vla_suite.pseudo_labeling.topreward_qwen_scorer INFO: Prefix 2/8 (end=11, n_frames=4/12): reward=-18.7500 (mean, 1 tok)
2026-04-30 01:51:22,124 mme_vla_suite.pseudo_labeling.topreward_qwen_scorer INFO: Prefix 3/8 (end=17, n_frames=4/18): reward=-18.5000 (mean, 1 tok)
2026-04-30 01:51:29,190 mme_vla_suite.pseudo_labeling.topreward_qwen_scorer INFO: Prefix 4/8 (end=23, n_frames=5/24): reward=-17.8750 (mean, 1 tok)
2026-04-30 01:51:36,178 mme_vla_suite.pseudo_labeling.topreward_qwen_scorer INFO: Prefix 5/8 (end=30, n_frames=6/31): reward=-18.3750 (mean, 1 tok)
2026-04-30 01:51:43,321 mme_vla_suite.pseudo_labeling.topreward_qwen_scorer INFO: Prefix 6/8 (end=36, n_frames=7/37): reward=-18.1250 (mean, 1 tok)
2026-04-30 01:51:50,442 mme_vla_suite.pseudo_labeling.topreward_qwen_scorer INFO: Prefix 7/8 (end=42, n_frames=9/43): reward=-18.2500 (mean, 1 tok)
2026-04-30 01:51:57,446 mme_vla_suite.pseudo_labeling.topreward_qwen_scorer INFO: Prefix 8/8 (end=49, n_frames=10/50): reward=-17.8750 (mean, 1 tok)
2026-04-30 01:52:05,294 mme_vla_suite.pseudo_labeling.topreward_qwen_scorer INFO: Prefix 1/8 (end=5, n_frames=4/6): reward=-19.5000 (mean, 1 tok)
2026-04-30 01:52:12,364 mme_vla_suite.pseudo_labeling.topreward_qwen_scorer INFO: Prefix 2/8 (end=11, n_frames=4/12): reward=-19.0000 (mean, 1 tok)
2026-04-30 01:52:19,321 mme_vla_suite.pseudo_labeling.topreward_qwen_scorer INFO: Prefix 3/8 (end=17, n_frames=4/18): reward=-18.2500 (mean, 1 tok)
2026-04-30 01:52:26,415 mme_vla_suite.pseudo_labeling.topreward_qwen_scorer INFO: Prefix 4/8 (end=23, n_frames=5/24): reward=-18.8750 (mean, 1 tok)
2026-04-30 01:52:33,386 mme_vla_suite.pseudo_labeling.topreward_qwen_scorer INFO: Prefix 5/8 (end=30, n_frames=6/31): reward=-18.6250 (mean, 1 tok)
2026-04-30 01:52:40,370 mme_vla_suite.pseudo_labeling.topreward_qwen_scorer INFO: Prefix 6/8 (end=36, n_frames=7/37): reward=-19.1250 (mean, 1 tok)
2026-04-30 01:52:47,366 mme_vla_suite.pseudo_labeling.topreward_qwen_scorer INFO: Prefix 7/8 (end=42, n_frames=9/43): reward=-19.2500 (mean, 1 tok)
2026-04-30 01:52:54,326 mme_vla_suite.pseudo_labeling.topreward_qwen_scorer INFO: Prefix 8/8 (end=49, n_frames=10/50): reward=-18.7500 (mean, 1 tok)
2026-04-30 01:53:02,424 mme_vla_suite.pseudo_labeling.topreward_qwen_scorer INFO: Prefix 1/8 (end=5, n_frames=4/6): reward=-20.1250 (mean, 1 tok)
2026-04-30 01:53:09,363 mme_vla_suite.pseudo_labeling.topreward_qwen_scorer INFO: Prefix 2/8 (end=11, n_frames=4/12): reward=-19.2500 (mean, 1 tok)
2026-04-30 01:53:16,299 mme_vla_suite.pseudo_labeling.topreward_qwen_scorer INFO: Prefix 3/8 (end=17, n_frames=4/18): reward=-18.2500 (mean, 1 tok)
2026-04-30 01:53:23,230 mme_vla_suite.pseudo_labeling.topreward_qwen_scorer INFO: Prefix 4/8 (end=23, n_frames=5/24): reward=-17.6250 (mean, 1 tok)
2026-04-30 01:53:30,182 mme_vla_suite.pseudo_labeling.topreward_qwen_scorer INFO: Prefix 5/8 (end=30, n_frames=6/31): reward=-18.0000 (mean, 1 tok)
2026-04-30 01:53:37,167 mme_vla_suite.pseudo_labeling.topreward_qwen_scorer INFO: Prefix 6/8 (end=36, n_frames=7/37): reward=-17.8750 (mean, 1 tok)
2026-04-30 01:53:44,184 mme_vla_suite.pseudo_labeling.topreward_qwen_scorer INFO: Prefix 7/8 (end=42, n_frames=9/43): reward=-17.7500 (mean, 1 tok)
2026-04-30 01:53:51,193 mme_vla_suite.pseudo_labeling.topreward_qwen_scorer INFO: Prefix 8/8 (end=49, n_frames=10/50): reward=-17.6250 (mean, 1 tok)
2026-04-30 01:53:59,512 mme_vla_suite.pseudo_labeling.topreward_qwen_scorer INFO: Prefix 1/8 (end=10, n_frames=4/11): reward=-17.5000 (mean, 1 tok)
2026-04-30 01:54:06,453 mme_vla_suite.pseudo_labeling.topreward_qwen_scorer INFO: Prefix 2/8 (end=22, n_frames=5/23): reward=-17.3750 (mean, 1 tok)
2026-04-30 01:54:13,416 mme_vla_suite.pseudo_labeling.topreward_qwen_scorer INFO: Prefix 3/8 (end=35, n_frames=7/36): reward=-18.0000 (mean, 1 tok)
2026-04-30 01:54:20,363 mme_vla_suite.pseudo_labeling.topreward_qwen_scorer INFO: Prefix 4/8 (end=48, n_frames=10/49): reward=-18.2500 (mean, 1 tok)
2026-04-30 01:54:27,365 mme_vla_suite.pseudo_labeling.topreward_qwen_scorer INFO: Prefix 5/8 (end=60, n_frames=12/61): reward=-17.6250 (mean, 1 tok)
2026-04-30 01:54:34,382 mme_vla_suite.pseudo_labeling.topreward_qwen_scorer INFO: Prefix 6/8 (end=73, n_frames=15/74): reward=-19.6250 (mean, 1 tok)
2026-04-30 01:54:41,344 mme_vla_suite.pseudo_labeling.topreward_qwen_scorer INFO: Prefix 7/8 (end=86, n_frames=17/87): reward=-19.3750 (mean, 1 tok)
2026-04-30 01:54:48,307 mme_vla_suite.pseudo_labeling.topreward_qwen_scorer INFO: Prefix 8/8 (end=99, n_frames=20/100): reward=-18.3750 (mean, 1 tok)
2026-04-30 01:54:56,446 mme_vla_suite.pseudo_labeling.topreward_qwen_scorer INFO: Prefix 1/8 (end=4, n_frames=4/5): reward=-20.0000 (mean, 1 tok)
2026-04-30 01:55:03,351 mme_vla_suite.pseudo_labeling.topreward_qwen_scorer INFO: Prefix 2/8 (end=9, n_frames=4/10): reward=-20.0000 (mean, 1 tok)
2026-04-30 01:55:10,223 mme_vla_suite.pseudo_labeling.topreward_qwen_scorer INFO: Prefix 3/8 (end=14, n_frames=4/15): reward=-19.3750 (mean, 1 tok)
2026-04-30 01:55:17,114 mme_vla_suite.pseudo_labeling.topreward_qwen_scorer INFO: Prefix 4/8 (end=20, n_frames=4/21): reward=-20.1250 (mean, 1 tok)
2026-04-30 01:55:24,072 mme_vla_suite.pseudo_labeling.topreward_qwen_scorer INFO: Prefix 5/8 (end=25, n_frames=5/26): reward=-20.8750 (mean, 1 tok)
2026-04-30 01:55:31,032 mme_vla_suite.pseudo_labeling.topreward_qwen_scorer INFO: Prefix 6/8 (end=31, n_frames=6/32): reward=-20.7500 (mean, 1 tok)
2026-04-30 01:55:37,960 mme_vla_suite.pseudo_labeling.topreward_qwen_scorer INFO: Prefix 7/8 (end=36, n_frames=7/37): reward=-22.0000 (mean, 1 tok)
2026-04-30 01:55:44,908 mme_vla_suite.pseudo_labeling.topreward_qwen_scorer INFO: Prefix 8/8 (end=42, n_frames=9/43): reward=-21.5000 (mean, 1 tok)
2026-04-30 01:55:52,851 mme_vla_suite.pseudo_labeling.topreward_qwen_scorer INFO: Prefix 1/8 (end=5, n_frames=4/6): reward=-20.3750 (mean, 1 tok)
2026-04-30 01:55:59,776 mme_vla_suite.pseudo_labeling.topreward_qwen_scorer INFO: Prefix 2/8 (end=11, n_frames=4/12): reward=-19.8750 (mean, 1 tok)
2026-04-30 01:56:06,693 mme_vla_suite.pseudo_labeling.topreward_qwen_scorer INFO: Prefix 3/8 (end=17, n_frames=4/18): reward=-19.8750 (mean, 1 tok)
2026-04-30 01:56:13,610 mme_vla_suite.pseudo_labeling.topreward_qwen_scorer INFO: Prefix 4/8 (end=23, n_frames=5/24): reward=-20.7500 (mean, 1 tok)
2026-04-30 01:56:20,536 mme_vla_suite.pseudo_labeling.topreward_qwen_scorer INFO: Prefix 5/8 (end=30, n_frames=6/31): reward=-20.3750 (mean, 1 tok)
2026-04-30 01:56:27,501 mme_vla_suite.pseudo_labeling.topreward_qwen_scorer INFO: Prefix 6/8 (end=36, n_frames=7/37): reward=-22.0000 (mean, 1 tok)
2026-04-30 01:56:34,555 mme_vla_suite.pseudo_labeling.topreward_qwen_scorer INFO: Prefix 7/8 (end=42, n_frames=9/43): reward=-21.5000 (mean, 1 tok)
2026-04-30 01:56:41,537 mme_vla_suite.pseudo_labeling.topreward_qwen_scorer INFO: Prefix 8/8 (end=49, n_frames=10/50): reward=-20.3750 (mean, 1 tok)
2026-04-30 01:56:49,638 mme_vla_suite.pseudo_labeling.topreward_qwen_scorer INFO: Prefix 1/8 (end=9, n_frames=4/10): reward=-19.1250 (mean, 1 tok)
2026-04-30 01:56:56,521 mme_vla_suite.pseudo_labeling.topreward_qwen_scorer INFO: Prefix 2/8 (end=20, n_frames=4/21): reward=-19.0000 (mean, 1 tok)
2026-04-30 01:57:03,451 mme_vla_suite.pseudo_labeling.topreward_qwen_scorer INFO: Prefix 3/8 (end=32, n_frames=7/33): reward=-18.7500 (mean, 1 tok)
2026-04-30 01:57:10,355 mme_vla_suite.pseudo_labeling.topreward_qwen_scorer INFO: Prefix 4/8 (end=44, n_frames=9/45): reward=-19.6250 (mean, 1 tok)
2026-04-30 01:57:17,306 mme_vla_suite.pseudo_labeling.topreward_qwen_scorer INFO: Prefix 5/8 (end=56, n_frames=11/57): reward=-18.5000 (mean, 1 tok)
2026-04-30 01:57:24,306 mme_vla_suite.pseudo_labeling.topreward_qwen_scorer INFO: Prefix 6/8 (end=68, n_frames=14/69): reward=-19.3750 (mean, 1 tok)
2026-04-30 01:57:31,229 mme_vla_suite.pseudo_labeling.topreward_qwen_scorer INFO: Prefix 7/8 (end=80, n_frames=16/81): reward=-18.7500 (mean, 1 tok)
2026-04-30 01:57:38,226 mme_vla_suite.pseudo_labeling.topreward_qwen_scorer INFO: Prefix 8/8 (end=92, n_frames=19/93): reward=-18.2500 (mean, 1 tok)
2026-04-30 01:57:46,295 mme_vla_suite.pseudo_labeling.topreward_qwen_scorer INFO: Prefix 1/8 (end=10, n_frames=4/11): reward=-19.1250 (mean, 1 tok)
2026-04-30 01:57:53,177 mme_vla_suite.pseudo_labeling.topreward_qwen_scorer INFO: Prefix 2/8 (end=22, n_frames=5/23): reward=-18.2500 (mean, 1 tok)
2026-04-30 01:58:00,061 mme_vla_suite.pseudo_labeling.topreward_qwen_scorer INFO: Prefix 3/8 (end=35, n_frames=7/36): reward=-19.0000 (mean, 1 tok)
2026-04-30 01:58:06,963 mme_vla_suite.pseudo_labeling.topreward_qwen_scorer INFO: Prefix 4/8 (end=48, n_frames=10/49): reward=-19.3750 (mean, 1 tok)
2026-04-30 01:58:13,875 mme_vla_suite.pseudo_labeling.topreward_qwen_scorer INFO: Prefix 5/8 (end=60, n_frames=12/61): reward=-19.7500 (mean, 1 tok)
2026-04-30 01:58:20,816 mme_vla_suite.pseudo_labeling.topreward_qwen_scorer INFO: Prefix 6/8 (end=73, n_frames=15/74): reward=-18.6250 (mean, 1 tok)
2026-04-30 01:58:27,855 mme_vla_suite.pseudo_labeling.topreward_qwen_scorer INFO: Prefix 7/8 (end=86, n_frames=17/87): reward=-18.6250 (mean, 1 tok)
2026-04-30 01:58:34,929 mme_vla_suite.pseudo_labeling.topreward_qwen_scorer INFO: Prefix 8/8 (end=99, n_frames=20/100): reward=-18.8750 (mean, 1 tok)
