/coc/testnvme/shalbe3/miniconda/envs/robomme/lib/python3.11/site-packages/torch/cuda/__init__.py:63: FutureWarning: The pynvml package is deprecated. Please install nvidia-ml-py instead. If you did not install pynvml directly, please report this to the maintainers of the package that installed pynvml for you.
  import pynvml  # type: ignore[import]
`torch_dtype` is deprecated! Use `dtype` instead!
You are attempting to use Flash Attention 2 without specifying a torch dtype. This might lead to unexpected behaviour
2026-04-30 00:59:14,308 mme_vla_suite.pseudo_labeling.topreward_qwen_scorer WARNING: flash_attention_2 unavailable (/coc/testnvme/shalbe3/miniconda/envs/robomme/lib/python3.11/site-packages/flash_attn_2_cuda.cpython-311-x86_64-linux-gnu.so: undefined symbol: _ZNK3c106SymInt6sym_neERKS0_), using default attention
Loading checkpoint shards:   0%|          | 0/4 [00:00<?, ?it/s]Loading checkpoint shards:  25%|██▌       | 1/4 [00:15<00:45, 15.10s/it]Loading checkpoint shards:  50%|█████     | 2/4 [00:30<00:29, 14.99s/it]Loading checkpoint shards:  75%|███████▌  | 3/4 [00:44<00:14, 14.92s/it]Loading checkpoint shards: 100%|██████████| 4/4 [00:52<00:00, 12.23s/it]Loading checkpoint shards: 100%|██████████| 4/4 [00:52<00:00, 13.24s/it]
Asked to sample `fps` frames per second but no video metadata was provided which is required when sampling with `fps`. Defaulting to `fps=24`. Please provide `video_metadata` for more accurate results.
2026-04-30 01:00:17,722 mme_vla_suite.pseudo_labeling.topreward_qwen_scorer INFO: Prefix 1/8 (end=12, n_frames=4/13): reward=-20.0000 (mean, 1 tok)
2026-04-30 01:00:24,722 mme_vla_suite.pseudo_labeling.topreward_qwen_scorer INFO: Prefix 2/8 (end=27, n_frames=6/28): reward=-19.8750 (mean, 1 tok)
2026-04-30 01:00:31,726 mme_vla_suite.pseudo_labeling.topreward_qwen_scorer INFO: Prefix 3/8 (end=42, n_frames=9/43): reward=-18.2500 (mean, 1 tok)
2026-04-30 01:00:38,738 mme_vla_suite.pseudo_labeling.topreward_qwen_scorer INFO: Prefix 4/8 (end=58, n_frames=12/59): reward=-16.7500 (mean, 1 tok)
2026-04-30 01:00:45,795 mme_vla_suite.pseudo_labeling.topreward_qwen_scorer INFO: Prefix 5/8 (end=73, n_frames=15/74): reward=-19.3750 (mean, 1 tok)
2026-04-30 01:00:52,850 mme_vla_suite.pseudo_labeling.topreward_qwen_scorer INFO: Prefix 6/8 (end=89, n_frames=18/90): reward=-19.0000 (mean, 1 tok)
2026-04-30 01:00:59,903 mme_vla_suite.pseudo_labeling.topreward_qwen_scorer INFO: Prefix 7/8 (end=104, n_frames=21/105): reward=-19.0000 (mean, 1 tok)
2026-04-30 01:01:07,002 mme_vla_suite.pseudo_labeling.topreward_qwen_scorer INFO: Prefix 8/8 (end=120, n_frames=24/121): reward=-20.0000 (mean, 1 tok)
2026-04-30 01:01:14,706 mme_vla_suite.pseudo_labeling.topreward_qwen_scorer INFO: Prefix 1/8 (end=9, n_frames=4/10): reward=-22.0000 (mean, 1 tok)
2026-04-30 01:01:21,638 mme_vla_suite.pseudo_labeling.topreward_qwen_scorer INFO: Prefix 2/8 (end=21, n_frames=4/22): reward=-22.8750 (mean, 1 tok)
2026-04-30 01:01:28,584 mme_vla_suite.pseudo_labeling.topreward_qwen_scorer INFO: Prefix 3/8 (end=33, n_frames=7/34): reward=-22.7500 (mean, 1 tok)
2026-04-30 01:01:35,538 mme_vla_suite.pseudo_labeling.topreward_qwen_scorer INFO: Prefix 4/8 (end=46, n_frames=9/47): reward=-21.7500 (mean, 1 tok)
2026-04-30 01:01:42,505 mme_vla_suite.pseudo_labeling.topreward_qwen_scorer INFO: Prefix 5/8 (end=58, n_frames=12/59): reward=-20.1250 (mean, 1 tok)
2026-04-30 01:01:49,492 mme_vla_suite.pseudo_labeling.topreward_qwen_scorer INFO: Prefix 6/8 (end=71, n_frames=14/72): reward=-20.7500 (mean, 1 tok)
2026-04-30 01:01:56,484 mme_vla_suite.pseudo_labeling.topreward_qwen_scorer INFO: Prefix 7/8 (end=83, n_frames=17/84): reward=-19.7500 (mean, 1 tok)
2026-04-30 01:02:03,475 mme_vla_suite.pseudo_labeling.topreward_qwen_scorer INFO: Prefix 8/8 (end=96, n_frames=19/97): reward=-21.8750 (mean, 1 tok)
2026-04-30 01:02:11,624 mme_vla_suite.pseudo_labeling.topreward_qwen_scorer INFO: Prefix 1/8 (end=19, n_frames=4/20): reward=-23.6250 (mean, 1 tok)
slurmstepd: error: *** STEP 3033802.0 ON heistotron CANCELLED AT 2026-04-30T01:02:15 ***
slurmstepd: error: *** JOB 3033802 ON heistotron CANCELLED AT 2026-04-30T01:02:15 ***
