/coc/testnvme/shalbe3/miniconda/envs/robomme/lib/python3.11/site-packages/torch/cuda/__init__.py:63: FutureWarning: The pynvml package is deprecated. Please install nvidia-ml-py instead. If you did not install pynvml directly, please report this to the maintainers of the package that installed pynvml for you.
  import pynvml  # type: ignore[import]
`torch_dtype` is deprecated! Use `dtype` instead!
You are attempting to use Flash Attention 2 without specifying a torch dtype. This might lead to unexpected behaviour
2026-04-29 18:50:59,088 mme_vla_suite.pseudo_labeling.topreward_qwen_scorer WARNING: flash_attention_2 unavailable (/coc/testnvme/shalbe3/miniconda/envs/robomme/lib/python3.11/site-packages/flash_attn_2_cuda.cpython-311-x86_64-linux-gnu.so: undefined symbol: _ZNK3c106SymInt6sym_neERKS0_), using default attention
Loading checkpoint shards:   0%|          | 0/4 [00:00<?, ?it/s]Loading checkpoint shards:  25%|██▌       | 1/4 [00:09<00:27,  9.28s/it]Loading checkpoint shards:  50%|█████     | 2/4 [00:19<00:19,  9.80s/it]Loading checkpoint shards:  75%|███████▌  | 3/4 [00:29<00:09,  9.93s/it]Loading checkpoint shards: 100%|██████████| 4/4 [00:35<00:00,  8.18s/it]Loading checkpoint shards: 100%|██████████| 4/4 [00:35<00:00,  8.76s/it]
Asked to sample `fps` frames per second but no video metadata was provided which is required when sampling with `fps`. Defaulting to `fps=24`. Please provide `video_metadata` for more accurate results.
2026-04-29 18:51:43,641 mme_vla_suite.pseudo_labeling.topreward_qwen_scorer INFO: Prefix 1/16 (end=10, n_frames=4/11): reward=-18.7500 (mean, 1 tok)
2026-04-29 18:51:50,121 mme_vla_suite.pseudo_labeling.topreward_qwen_scorer INFO: Prefix 2/16 (end=16, n_frames=5/17): reward=-19.0000 (mean, 1 tok)
2026-04-29 18:51:56,601 mme_vla_suite.pseudo_labeling.topreward_qwen_scorer INFO: Prefix 3/16 (end=22, n_frames=7/23): reward=-19.0000 (mean, 1 tok)
2026-04-29 18:52:03,099 mme_vla_suite.pseudo_labeling.topreward_qwen_scorer INFO: Prefix 4/16 (end=29, n_frames=9/30): reward=-18.2500 (mean, 1 tok)
2026-04-29 18:52:09,597 mme_vla_suite.pseudo_labeling.topreward_qwen_scorer INFO: Prefix 5/16 (end=35, n_frames=11/36): reward=-16.7500 (mean, 1 tok)
2026-04-29 18:52:16,104 mme_vla_suite.pseudo_labeling.topreward_qwen_scorer INFO: Prefix 6/16 (end=42, n_frames=13/43): reward=-14.8750 (mean, 1 tok)
2026-04-29 18:52:22,638 mme_vla_suite.pseudo_labeling.topreward_qwen_scorer INFO: Prefix 7/16 (end=48, n_frames=15/49): reward=-15.1250 (mean, 1 tok)
2026-04-29 18:52:29,173 mme_vla_suite.pseudo_labeling.topreward_qwen_scorer INFO: Prefix 8/16 (end=55, n_frames=17/56): reward=-14.6250 (mean, 1 tok)
2026-04-29 18:52:35,739 mme_vla_suite.pseudo_labeling.topreward_qwen_scorer INFO: Prefix 9/16 (end=61, n_frames=19/62): reward=-14.6250 (mean, 1 tok)
2026-04-29 18:52:42,314 mme_vla_suite.pseudo_labeling.topreward_qwen_scorer INFO: Prefix 10/16 (end=68, n_frames=21/69): reward=-14.1250 (mean, 1 tok)
2026-04-29 18:52:48,890 mme_vla_suite.pseudo_labeling.topreward_qwen_scorer INFO: Prefix 11/16 (end=74, n_frames=22/75): reward=-13.3750 (mean, 1 tok)
2026-04-29 18:52:55,504 mme_vla_suite.pseudo_labeling.topreward_qwen_scorer INFO: Prefix 12/16 (end=81, n_frames=25/82): reward=-14.0000 (mean, 1 tok)
2026-04-29 18:53:02,054 mme_vla_suite.pseudo_labeling.topreward_qwen_scorer INFO: Prefix 13/16 (end=87, n_frames=26/88): reward=-14.5000 (mean, 1 tok)
2026-04-29 18:53:08,652 mme_vla_suite.pseudo_labeling.topreward_qwen_scorer INFO: Prefix 14/16 (end=94, n_frames=28/95): reward=-12.5000 (mean, 1 tok)
2026-04-29 18:53:15,266 mme_vla_suite.pseudo_labeling.topreward_qwen_scorer INFO: Prefix 15/16 (end=100, n_frames=30/101): reward=-11.6250 (mean, 1 tok)
2026-04-29 18:53:21,929 mme_vla_suite.pseudo_labeling.topreward_qwen_scorer INFO: Prefix 16/16 (end=107, n_frames=32/108): reward=-11.2500 (mean, 1 tok)
2026-04-29 18:53:29,302 mme_vla_suite.pseudo_labeling.topreward_qwen_scorer INFO: Prefix 1/16 (end=6, n_frames=4/7): reward=-18.2500 (mean, 1 tok)
2026-04-29 18:53:35,765 mme_vla_suite.pseudo_labeling.topreward_qwen_scorer INFO: Prefix 2/16 (end=10, n_frames=4/11): reward=-17.1250 (mean, 1 tok)
2026-04-29 18:53:42,206 mme_vla_suite.pseudo_labeling.topreward_qwen_scorer INFO: Prefix 3/16 (end=14, n_frames=4/15): reward=-18.6250 (mean, 1 tok)
2026-04-29 18:53:48,663 mme_vla_suite.pseudo_labeling.topreward_qwen_scorer INFO: Prefix 4/16 (end=18, n_frames=6/19): reward=-17.3750 (mean, 1 tok)
2026-04-29 18:53:55,102 mme_vla_suite.pseudo_labeling.topreward_qwen_scorer INFO: Prefix 5/16 (end=22, n_frames=7/23): reward=-18.5000 (mean, 1 tok)
2026-04-29 18:54:01,558 mme_vla_suite.pseudo_labeling.topreward_qwen_scorer INFO: Prefix 6/16 (end=26, n_frames=8/27): reward=-17.0000 (mean, 1 tok)
2026-04-29 18:54:08,031 mme_vla_suite.pseudo_labeling.topreward_qwen_scorer INFO: Prefix 7/16 (end=30, n_frames=9/31): reward=-18.6250 (mean, 1 tok)
2026-04-29 18:54:14,493 mme_vla_suite.pseudo_labeling.topreward_qwen_scorer INFO: Prefix 8/16 (end=34, n_frames=10/35): reward=-18.1250 (mean, 1 tok)
2026-04-29 18:54:20,972 mme_vla_suite.pseudo_labeling.topreward_qwen_scorer INFO: Prefix 9/16 (end=38, n_frames=12/39): reward=-18.2500 (mean, 1 tok)
2026-04-29 18:54:27,436 mme_vla_suite.pseudo_labeling.topreward_qwen_scorer INFO: Prefix 10/16 (end=42, n_frames=13/43): reward=-17.3750 (mean, 1 tok)
2026-04-29 18:54:33,908 mme_vla_suite.pseudo_labeling.topreward_qwen_scorer INFO: Prefix 11/16 (end=46, n_frames=14/47): reward=-18.2500 (mean, 1 tok)
2026-04-29 18:54:40,423 mme_vla_suite.pseudo_labeling.topreward_qwen_scorer INFO: Prefix 12/16 (end=50, n_frames=15/51): reward=-17.7500 (mean, 1 tok)
2026-04-29 18:54:46,915 mme_vla_suite.pseudo_labeling.topreward_qwen_scorer INFO: Prefix 13/16 (end=54, n_frames=16/55): reward=-18.2500 (mean, 1 tok)
2026-04-29 18:54:53,444 mme_vla_suite.pseudo_labeling.topreward_qwen_scorer INFO: Prefix 14/16 (end=58, n_frames=18/59): reward=-16.2500 (mean, 1 tok)
2026-04-29 18:54:59,989 mme_vla_suite.pseudo_labeling.topreward_qwen_scorer INFO: Prefix 15/16 (end=62, n_frames=19/63): reward=-17.1250 (mean, 1 tok)
2026-04-29 18:55:06,527 mme_vla_suite.pseudo_labeling.topreward_qwen_scorer INFO: Prefix 16/16 (end=66, n_frames=20/67): reward=-16.5000 (mean, 1 tok)
2026-04-29 18:55:14,236 mme_vla_suite.pseudo_labeling.topreward_qwen_scorer INFO: Prefix 1/16 (end=10, n_frames=4/11): reward=-19.2500 (mean, 1 tok)
2026-04-29 18:55:20,782 mme_vla_suite.pseudo_labeling.topreward_qwen_scorer INFO: Prefix 2/16 (end=16, n_frames=5/17): reward=-18.1250 (mean, 1 tok)
2026-04-29 18:55:27,355 mme_vla_suite.pseudo_labeling.topreward_qwen_scorer INFO: Prefix 3/16 (end=22, n_frames=7/23): reward=-17.3750 (mean, 1 tok)
2026-04-29 18:55:33,926 mme_vla_suite.pseudo_labeling.topreward_qwen_scorer INFO: Prefix 4/16 (end=28, n_frames=9/29): reward=-17.0000 (mean, 1 tok)
2026-04-29 18:55:40,534 mme_vla_suite.pseudo_labeling.topreward_qwen_scorer INFO: Prefix 5/16 (end=34, n_frames=10/35): reward=-17.1250 (mean, 1 tok)
2026-04-29 18:55:47,126 mme_vla_suite.pseudo_labeling.topreward_qwen_scorer INFO: Prefix 6/16 (end=41, n_frames=13/42): reward=-16.1250 (mean, 1 tok)
2026-04-29 18:55:53,714 mme_vla_suite.pseudo_labeling.topreward_qwen_scorer INFO: Prefix 7/16 (end=47, n_frames=14/48): reward=-16.7500 (mean, 1 tok)
2026-04-29 18:56:00,193 mme_vla_suite.pseudo_labeling.topreward_qwen_scorer INFO: Prefix 8/16 (end=53, n_frames=16/54): reward=-16.5000 (mean, 1 tok)
2026-04-29 18:56:06,797 mme_vla_suite.pseudo_labeling.topreward_qwen_scorer INFO: Prefix 9/16 (end=59, n_frames=18/60): reward=-15.6250 (mean, 1 tok)
2026-04-29 18:56:13,477 mme_vla_suite.pseudo_labeling.topreward_qwen_scorer INFO: Prefix 10/16 (end=65, n_frames=20/66): reward=-15.0000 (mean, 1 tok)
2026-04-29 18:56:20,030 mme_vla_suite.pseudo_labeling.topreward_qwen_scorer INFO: Prefix 11/16 (end=72, n_frames=22/73): reward=-16.7500 (mean, 1 tok)
2026-04-29 18:56:26,694 mme_vla_suite.pseudo_labeling.topreward_qwen_scorer INFO: Prefix 12/16 (end=78, n_frames=24/79): reward=-16.1250 (mean, 1 tok)
2026-04-29 18:56:33,343 mme_vla_suite.pseudo_labeling.topreward_qwen_scorer INFO: Prefix 13/16 (end=84, n_frames=26/85): reward=-16.1250 (mean, 1 tok)
2026-04-29 18:56:39,940 mme_vla_suite.pseudo_labeling.topreward_qwen_scorer INFO: Prefix 14/16 (end=90, n_frames=27/91): reward=-14.2500 (mean, 1 tok)
2026-04-29 18:56:46,551 mme_vla_suite.pseudo_labeling.topreward_qwen_scorer INFO: Prefix 15/16 (end=96, n_frames=29/97): reward=-13.6250 (mean, 1 tok)
2026-04-29 18:56:53,185 mme_vla_suite.pseudo_labeling.topreward_qwen_scorer INFO: Prefix 16/16 (end=103, n_frames=31/104): reward=-13.6250 (mean, 1 tok)
2026-04-29 18:57:00,473 mme_vla_suite.pseudo_labeling.topreward_qwen_scorer INFO: Prefix 1/16 (end=7, n_frames=4/8): reward=-17.2500 (mean, 1 tok)
2026-04-29 18:57:06,889 mme_vla_suite.pseudo_labeling.topreward_qwen_scorer INFO: Prefix 2/16 (end=11, n_frames=4/12): reward=-16.7500 (mean, 1 tok)
2026-04-29 18:57:13,315 mme_vla_suite.pseudo_labeling.topreward_qwen_scorer INFO: Prefix 3/16 (end=15, n_frames=5/16): reward=-15.7500 (mean, 1 tok)
2026-04-29 18:57:19,758 mme_vla_suite.pseudo_labeling.topreward_qwen_scorer INFO: Prefix 4/16 (end=20, n_frames=6/21): reward=-16.3750 (mean, 1 tok)
2026-04-29 18:57:26,211 mme_vla_suite.pseudo_labeling.topreward_qwen_scorer INFO: Prefix 5/16 (end=24, n_frames=8/25): reward=-16.6250 (mean, 1 tok)
2026-04-29 18:57:32,693 mme_vla_suite.pseudo_labeling.topreward_qwen_scorer INFO: Prefix 6/16 (end=29, n_frames=9/30): reward=-17.8750 (mean, 1 tok)
2026-04-29 18:57:39,144 mme_vla_suite.pseudo_labeling.topreward_qwen_scorer INFO: Prefix 7/16 (end=33, n_frames=10/34): reward=-18.3750 (mean, 1 tok)
2026-04-29 18:57:45,608 mme_vla_suite.pseudo_labeling.topreward_qwen_scorer INFO: Prefix 8/16 (end=38, n_frames=12/39): reward=-18.6250 (mean, 1 tok)
2026-04-29 18:57:52,097 mme_vla_suite.pseudo_labeling.topreward_qwen_scorer INFO: Prefix 9/16 (end=42, n_frames=13/43): reward=-19.2500 (mean, 1 tok)
2026-04-29 18:57:58,573 mme_vla_suite.pseudo_labeling.topreward_qwen_scorer INFO: Prefix 10/16 (end=47, n_frames=14/48): reward=-17.7500 (mean, 1 tok)
2026-04-29 18:58:05,062 mme_vla_suite.pseudo_labeling.topreward_qwen_scorer INFO: Prefix 11/16 (end=51, n_frames=16/52): reward=-18.0000 (mean, 1 tok)
2026-04-29 18:58:11,568 mme_vla_suite.pseudo_labeling.topreward_qwen_scorer INFO: Prefix 12/16 (end=56, n_frames=17/57): reward=-17.7500 (mean, 1 tok)
2026-04-29 18:58:18,069 mme_vla_suite.pseudo_labeling.topreward_qwen_scorer INFO: Prefix 13/16 (end=60, n_frames=18/61): reward=-18.2500 (mean, 1 tok)
2026-04-29 18:58:24,605 mme_vla_suite.pseudo_labeling.topreward_qwen_scorer INFO: Prefix 14/16 (end=65, n_frames=20/66): reward=-19.2500 (mean, 1 tok)
2026-04-29 18:58:31,153 mme_vla_suite.pseudo_labeling.topreward_qwen_scorer INFO: Prefix 15/16 (end=69, n_frames=21/70): reward=-17.6250 (mean, 1 tok)
2026-04-29 18:58:37,712 mme_vla_suite.pseudo_labeling.topreward_qwen_scorer INFO: Prefix 16/16 (end=74, n_frames=22/75): reward=-18.5000 (mean, 1 tok)
2026-04-29 18:58:45,161 mme_vla_suite.pseudo_labeling.topreward_qwen_scorer INFO: Prefix 1/24 (end=22, n_frames=7/23): reward=-18.3750 (mean, 1 tok)
2026-04-29 18:58:51,644 mme_vla_suite.pseudo_labeling.topreward_qwen_scorer INFO: Prefix 2/24 (end=30, n_frames=9/31): reward=-17.8750 (mean, 1 tok)
2026-04-29 18:58:58,124 mme_vla_suite.pseudo_labeling.topreward_qwen_scorer INFO: Prefix 3/24 (end=39, n_frames=12/40): reward=-18.0000 (mean, 1 tok)
2026-04-29 18:59:04,605 mme_vla_suite.pseudo_labeling.topreward_qwen_scorer INFO: Prefix 4/24 (end=48, n_frames=15/49): reward=-19.1250 (mean, 1 tok)
2026-04-29 18:59:11,112 mme_vla_suite.pseudo_labeling.topreward_qwen_scorer INFO: Prefix 5/24 (end=57, n_frames=17/58): reward=-18.2500 (mean, 1 tok)
2026-04-29 18:59:17,655 mme_vla_suite.pseudo_labeling.topreward_qwen_scorer INFO: Prefix 6/24 (end=66, n_frames=20/67): reward=-17.3750 (mean, 1 tok)
2026-04-29 18:59:24,240 mme_vla_suite.pseudo_labeling.topreward_qwen_scorer INFO: Prefix 7/24 (end=75, n_frames=23/76): reward=-18.0000 (mean, 1 tok)
2026-04-29 18:59:30,856 mme_vla_suite.pseudo_labeling.topreward_qwen_scorer INFO: Prefix 8/24 (end=84, n_frames=26/85): reward=-17.6250 (mean, 1 tok)
2026-04-29 18:59:37,468 mme_vla_suite.pseudo_labeling.topreward_qwen_scorer INFO: Prefix 9/24 (end=93, n_frames=28/94): reward=-18.2500 (mean, 1 tok)
2026-04-29 18:59:44,105 mme_vla_suite.pseudo_labeling.topreward_qwen_scorer INFO: Prefix 10/24 (end=102, n_frames=31/103): reward=-16.8750 (mean, 1 tok)
2026-04-29 18:59:50,806 mme_vla_suite.pseudo_labeling.topreward_qwen_scorer INFO: Prefix 11/24 (end=111, n_frames=34/112): reward=-17.1250 (mean, 1 tok)
2026-04-29 18:59:57,512 mme_vla_suite.pseudo_labeling.topreward_qwen_scorer INFO: Prefix 12/24 (end=120, n_frames=36/121): reward=-17.1250 (mean, 1 tok)
2026-04-29 19:00:04,272 mme_vla_suite.pseudo_labeling.topreward_qwen_scorer INFO: Prefix 13/24 (end=128, n_frames=39/129): reward=-16.5000 (mean, 1 tok)
2026-04-29 19:00:11,046 mme_vla_suite.pseudo_labeling.topreward_qwen_scorer INFO: Prefix 14/24 (end=137, n_frames=41/138): reward=-15.8750 (mean, 1 tok)
2026-04-29 19:00:17,820 mme_vla_suite.pseudo_labeling.topreward_qwen_scorer INFO: Prefix 15/24 (end=146, n_frames=44/147): reward=-15.8750 (mean, 1 tok)
2026-04-29 19:00:24,594 mme_vla_suite.pseudo_labeling.topreward_qwen_scorer INFO: Prefix 16/24 (end=155, n_frames=47/156): reward=-15.8750 (mean, 1 tok)
2026-04-29 19:00:31,389 mme_vla_suite.pseudo_labeling.topreward_qwen_scorer INFO: Prefix 17/24 (end=164, n_frames=50/165): reward=-16.0000 (mean, 1 tok)
2026-04-29 19:00:38,217 mme_vla_suite.pseudo_labeling.topreward_qwen_scorer INFO: Prefix 18/24 (end=173, n_frames=52/174): reward=-16.0000 (mean, 1 tok)
2026-04-29 19:00:45,074 mme_vla_suite.pseudo_labeling.topreward_qwen_scorer INFO: Prefix 19/24 (end=182, n_frames=55/183): reward=-16.1250 (mean, 1 tok)
2026-04-29 19:00:51,931 mme_vla_suite.pseudo_labeling.topreward_qwen_scorer INFO: Prefix 20/24 (end=191, n_frames=58/192): reward=-17.1250 (mean, 1 tok)
2026-04-29 19:01:02,001 mme_vla_suite.pseudo_labeling.topreward_qwen_scorer INFO: Prefix 21/24 (end=200, n_frames=60/201): reward=-16.0000 (mean, 1 tok)
2026-04-29 19:01:12,116 mme_vla_suite.pseudo_labeling.topreward_qwen_scorer INFO: Prefix 22/24 (end=209, n_frames=63/210): reward=-14.0000 (mean, 1 tok)
2026-04-29 19:01:22,276 mme_vla_suite.pseudo_labeling.topreward_qwen_scorer INFO: Prefix 23/24 (end=218, n_frames=66/219): reward=-14.6250 (mean, 1 tok)
2026-04-29 19:01:32,483 mme_vla_suite.pseudo_labeling.topreward_qwen_scorer INFO: Prefix 24/24 (end=227, n_frames=68/228): reward=-14.3750 (mean, 1 tok)
2026-04-29 19:01:40,024 mme_vla_suite.pseudo_labeling.topreward_qwen_scorer INFO: Prefix 1/16 (end=8, n_frames=4/9): reward=-21.1250 (mean, 1 tok)
2026-04-29 19:01:46,466 mme_vla_suite.pseudo_labeling.topreward_qwen_scorer INFO: Prefix 2/16 (end=13, n_frames=4/14): reward=-20.6250 (mean, 1 tok)
2026-04-29 19:01:52,911 mme_vla_suite.pseudo_labeling.topreward_qwen_scorer INFO: Prefix 3/16 (end=18, n_frames=6/19): reward=-21.0000 (mean, 1 tok)
2026-04-29 19:01:59,383 mme_vla_suite.pseudo_labeling.topreward_qwen_scorer INFO: Prefix 4/16 (end=23, n_frames=7/24): reward=-20.1250 (mean, 1 tok)
2026-04-29 19:02:05,839 mme_vla_suite.pseudo_labeling.topreward_qwen_scorer INFO: Prefix 5/16 (end=28, n_frames=9/29): reward=-18.1250 (mean, 1 tok)
2026-04-29 19:02:12,328 mme_vla_suite.pseudo_labeling.topreward_qwen_scorer INFO: Prefix 6/16 (end=34, n_frames=10/35): reward=-19.5000 (mean, 1 tok)
2026-04-29 19:02:18,823 mme_vla_suite.pseudo_labeling.topreward_qwen_scorer INFO: Prefix 7/16 (end=39, n_frames=12/40): reward=-18.1250 (mean, 1 tok)
2026-04-29 19:02:25,293 mme_vla_suite.pseudo_labeling.topreward_qwen_scorer INFO: Prefix 8/16 (end=44, n_frames=14/45): reward=-18.6250 (mean, 1 tok)
2026-04-29 19:02:31,782 mme_vla_suite.pseudo_labeling.topreward_qwen_scorer INFO: Prefix 9/16 (end=49, n_frames=15/50): reward=-18.7500 (mean, 1 tok)
2026-04-29 19:02:38,241 mme_vla_suite.pseudo_labeling.topreward_qwen_scorer INFO: Prefix 10/16 (end=54, n_frames=16/55): reward=-18.5000 (mean, 1 tok)
2026-04-29 19:02:44,734 mme_vla_suite.pseudo_labeling.topreward_qwen_scorer INFO: Prefix 11/16 (end=60, n_frames=18/61): reward=-18.6250 (mean, 1 tok)
2026-04-29 19:02:51,242 mme_vla_suite.pseudo_labeling.topreward_qwen_scorer INFO: Prefix 12/16 (end=65, n_frames=20/66): reward=-17.5000 (mean, 1 tok)
2026-04-29 19:02:57,804 mme_vla_suite.pseudo_labeling.topreward_qwen_scorer INFO: Prefix 13/16 (end=70, n_frames=21/71): reward=-19.3750 (mean, 1 tok)
2026-04-29 19:03:04,350 mme_vla_suite.pseudo_labeling.topreward_qwen_scorer INFO: Prefix 14/16 (end=75, n_frames=23/76): reward=-18.2500 (mean, 1 tok)
2026-04-29 19:03:10,900 mme_vla_suite.pseudo_labeling.topreward_qwen_scorer INFO: Prefix 15/16 (end=80, n_frames=24/81): reward=-18.7500 (mean, 1 tok)
2026-04-29 19:03:17,507 mme_vla_suite.pseudo_labeling.topreward_qwen_scorer INFO: Prefix 16/16 (end=86, n_frames=26/87): reward=-19.1250 (mean, 1 tok)
2026-04-29 19:03:24,998 mme_vla_suite.pseudo_labeling.topreward_qwen_scorer INFO: Prefix 1/16 (end=10, n_frames=4/11): reward=-18.7500 (mean, 1 tok)
2026-04-29 19:03:31,501 mme_vla_suite.pseudo_labeling.topreward_qwen_scorer INFO: Prefix 2/16 (end=16, n_frames=5/17): reward=-17.6250 (mean, 1 tok)
2026-04-29 19:03:38,072 mme_vla_suite.pseudo_labeling.topreward_qwen_scorer INFO: Prefix 3/16 (end=22, n_frames=7/23): reward=-17.0000 (mean, 1 tok)
2026-04-29 19:03:44,675 mme_vla_suite.pseudo_labeling.topreward_qwen_scorer INFO: Prefix 4/16 (end=28, n_frames=9/29): reward=-16.0000 (mean, 1 tok)
2026-04-29 19:03:51,243 mme_vla_suite.pseudo_labeling.topreward_qwen_scorer INFO: Prefix 5/16 (end=34, n_frames=10/35): reward=-13.3750 (mean, 1 tok)
2026-04-29 19:03:57,839 mme_vla_suite.pseudo_labeling.topreward_qwen_scorer INFO: Prefix 6/16 (end=40, n_frames=12/41): reward=-14.3750 (mean, 1 tok)
2026-04-29 19:04:04,417 mme_vla_suite.pseudo_labeling.topreward_qwen_scorer INFO: Prefix 7/16 (end=46, n_frames=14/47): reward=-15.6250 (mean, 1 tok)
2026-04-29 19:04:11,030 mme_vla_suite.pseudo_labeling.topreward_qwen_scorer INFO: Prefix 8/16 (end=52, n_frames=16/53): reward=-14.3750 (mean, 1 tok)
2026-04-29 19:04:17,650 mme_vla_suite.pseudo_labeling.topreward_qwen_scorer INFO: Prefix 9/16 (end=58, n_frames=18/59): reward=-13.2500 (mean, 1 tok)
2026-04-29 19:04:24,283 mme_vla_suite.pseudo_labeling.topreward_qwen_scorer INFO: Prefix 10/16 (end=64, n_frames=20/65): reward=-12.2500 (mean, 1 tok)
2026-04-29 19:04:30,963 mme_vla_suite.pseudo_labeling.topreward_qwen_scorer INFO: Prefix 11/16 (end=70, n_frames=21/71): reward=-13.2500 (mean, 1 tok)
2026-04-29 19:04:37,523 mme_vla_suite.pseudo_labeling.topreward_qwen_scorer INFO: Prefix 12/16 (end=76, n_frames=23/77): reward=-14.1250 (mean, 1 tok)
2026-04-29 19:04:44,237 mme_vla_suite.pseudo_labeling.topreward_qwen_scorer INFO: Prefix 13/16 (end=82, n_frames=25/83): reward=-12.2500 (mean, 1 tok)
2026-04-29 19:04:50,875 mme_vla_suite.pseudo_labeling.topreward_qwen_scorer INFO: Prefix 14/16 (end=88, n_frames=27/89): reward=-13.5000 (mean, 1 tok)
2026-04-29 19:04:57,593 mme_vla_suite.pseudo_labeling.topreward_qwen_scorer INFO: Prefix 15/16 (end=94, n_frames=28/95): reward=-12.5000 (mean, 1 tok)
2026-04-29 19:05:04,274 mme_vla_suite.pseudo_labeling.topreward_qwen_scorer INFO: Prefix 16/16 (end=100, n_frames=30/101): reward=-10.3750 (mean, 1 tok)
2026-04-29 19:05:11,694 mme_vla_suite.pseudo_labeling.topreward_qwen_scorer INFO: Prefix 1/16 (end=6, n_frames=4/7): reward=-19.6250 (mean, 1 tok)
2026-04-29 19:05:18,123 mme_vla_suite.pseudo_labeling.topreward_qwen_scorer INFO: Prefix 2/16 (end=9, n_frames=4/10): reward=-19.3750 (mean, 1 tok)
2026-04-29 19:05:24,548 mme_vla_suite.pseudo_labeling.topreward_qwen_scorer INFO: Prefix 3/16 (end=13, n_frames=4/14): reward=-19.0000 (mean, 1 tok)
2026-04-29 19:05:30,980 mme_vla_suite.pseudo_labeling.topreward_qwen_scorer INFO: Prefix 4/16 (end=17, n_frames=5/18): reward=-18.7500 (mean, 1 tok)
2026-04-29 19:05:37,416 mme_vla_suite.pseudo_labeling.topreward_qwen_scorer INFO: Prefix 5/16 (end=21, n_frames=7/22): reward=-18.7500 (mean, 1 tok)
2026-04-29 19:05:43,846 mme_vla_suite.pseudo_labeling.topreward_qwen_scorer INFO: Prefix 6/16 (end=25, n_frames=8/26): reward=-18.6250 (mean, 1 tok)
2026-04-29 19:05:50,304 mme_vla_suite.pseudo_labeling.topreward_qwen_scorer INFO: Prefix 7/16 (end=29, n_frames=9/30): reward=-18.6250 (mean, 1 tok)
2026-04-29 19:05:56,772 mme_vla_suite.pseudo_labeling.topreward_qwen_scorer INFO: Prefix 8/16 (end=33, n_frames=10/34): reward=-18.6250 (mean, 1 tok)
2026-04-29 19:06:03,265 mme_vla_suite.pseudo_labeling.topreward_qwen_scorer INFO: Prefix 9/16 (end=37, n_frames=11/38): reward=-17.8750 (mean, 1 tok)
2026-04-29 19:06:09,760 mme_vla_suite.pseudo_labeling.topreward_qwen_scorer INFO: Prefix 10/16 (end=41, n_frames=13/42): reward=-18.0000 (mean, 1 tok)
2026-04-29 19:06:16,242 mme_vla_suite.pseudo_labeling.topreward_qwen_scorer INFO: Prefix 11/16 (end=45, n_frames=14/46): reward=-17.5000 (mean, 1 tok)
2026-04-29 19:06:22,700 mme_vla_suite.pseudo_labeling.topreward_qwen_scorer INFO: Prefix 12/16 (end=49, n_frames=15/50): reward=-18.5000 (mean, 1 tok)
2026-04-29 19:06:29,177 mme_vla_suite.pseudo_labeling.topreward_qwen_scorer INFO: Prefix 13/16 (end=53, n_frames=16/54): reward=-18.0000 (mean, 1 tok)
2026-04-29 19:06:35,671 mme_vla_suite.pseudo_labeling.topreward_qwen_scorer INFO: Prefix 14/16 (end=57, n_frames=17/58): reward=-18.0000 (mean, 1 tok)
2026-04-29 19:06:42,185 mme_vla_suite.pseudo_labeling.topreward_qwen_scorer INFO: Prefix 15/16 (end=61, n_frames=19/62): reward=-18.6250 (mean, 1 tok)
2026-04-29 19:06:48,730 mme_vla_suite.pseudo_labeling.topreward_qwen_scorer INFO: Prefix 16/16 (end=65, n_frames=20/66): reward=-19.2500 (mean, 1 tok)
2026-04-29 19:06:56,045 mme_vla_suite.pseudo_labeling.topreward_qwen_scorer INFO: Prefix 1/16 (end=6, n_frames=4/7): reward=-20.0000 (mean, 1 tok)
2026-04-29 19:07:02,460 mme_vla_suite.pseudo_labeling.topreward_qwen_scorer INFO: Prefix 2/16 (end=10, n_frames=4/11): reward=-20.0000 (mean, 1 tok)
2026-04-29 19:07:08,923 mme_vla_suite.pseudo_labeling.topreward_qwen_scorer INFO: Prefix 3/16 (end=14, n_frames=4/15): reward=-19.7500 (mean, 1 tok)
2026-04-29 19:07:15,390 mme_vla_suite.pseudo_labeling.topreward_qwen_scorer INFO: Prefix 4/16 (end=18, n_frames=6/19): reward=-19.2500 (mean, 1 tok)
2026-04-29 19:07:21,841 mme_vla_suite.pseudo_labeling.topreward_qwen_scorer INFO: Prefix 5/16 (end=22, n_frames=7/23): reward=-19.3750 (mean, 1 tok)
2026-04-29 19:07:28,330 mme_vla_suite.pseudo_labeling.topreward_qwen_scorer INFO: Prefix 6/16 (end=26, n_frames=8/27): reward=-19.5000 (mean, 1 tok)
2026-04-29 19:07:34,778 mme_vla_suite.pseudo_labeling.topreward_qwen_scorer INFO: Prefix 7/16 (end=30, n_frames=9/31): reward=-17.8750 (mean, 1 tok)
2026-04-29 19:07:41,254 mme_vla_suite.pseudo_labeling.topreward_qwen_scorer INFO: Prefix 8/16 (end=34, n_frames=10/35): reward=-18.7500 (mean, 1 tok)
2026-04-29 19:07:47,705 mme_vla_suite.pseudo_labeling.topreward_qwen_scorer INFO: Prefix 9/16 (end=39, n_frames=12/40): reward=-18.2500 (mean, 1 tok)
2026-04-29 19:07:54,186 mme_vla_suite.pseudo_labeling.topreward_qwen_scorer INFO: Prefix 10/16 (end=43, n_frames=13/44): reward=-18.0000 (mean, 1 tok)
2026-04-29 19:08:00,678 mme_vla_suite.pseudo_labeling.topreward_qwen_scorer INFO: Prefix 11/16 (end=47, n_frames=14/48): reward=-17.6250 (mean, 1 tok)
2026-04-29 19:08:07,155 mme_vla_suite.pseudo_labeling.topreward_qwen_scorer INFO: Prefix 12/16 (end=51, n_frames=16/52): reward=-18.6250 (mean, 1 tok)
2026-04-29 19:08:13,657 mme_vla_suite.pseudo_labeling.topreward_qwen_scorer INFO: Prefix 13/16 (end=55, n_frames=17/56): reward=-17.6250 (mean, 1 tok)
2026-04-29 19:08:20,137 mme_vla_suite.pseudo_labeling.topreward_qwen_scorer INFO: Prefix 14/16 (end=59, n_frames=18/60): reward=-16.6250 (mean, 1 tok)
2026-04-29 19:08:26,630 mme_vla_suite.pseudo_labeling.topreward_qwen_scorer INFO: Prefix 15/16 (end=63, n_frames=19/64): reward=-17.1250 (mean, 1 tok)
2026-04-29 19:08:33,158 mme_vla_suite.pseudo_labeling.topreward_qwen_scorer INFO: Prefix 16/16 (end=68, n_frames=21/69): reward=-16.7500 (mean, 1 tok)
2026-04-29 19:08:40,561 mme_vla_suite.pseudo_labeling.topreward_qwen_scorer INFO: Prefix 1/16 (end=10, n_frames=4/11): reward=-20.0000 (mean, 1 tok)
2026-04-29 19:08:46,997 mme_vla_suite.pseudo_labeling.topreward_qwen_scorer INFO: Prefix 2/16 (end=16, n_frames=5/17): reward=-19.0000 (mean, 1 tok)
2026-04-29 19:08:53,461 mme_vla_suite.pseudo_labeling.topreward_qwen_scorer INFO: Prefix 3/16 (end=22, n_frames=7/23): reward=-19.3750 (mean, 1 tok)
2026-04-29 19:08:59,950 mme_vla_suite.pseudo_labeling.topreward_qwen_scorer INFO: Prefix 4/16 (end=28, n_frames=9/29): reward=-18.3750 (mean, 1 tok)
2026-04-29 19:09:06,497 mme_vla_suite.pseudo_labeling.topreward_qwen_scorer INFO: Prefix 5/16 (end=34, n_frames=10/35): reward=-18.7500 (mean, 1 tok)
2026-04-29 19:09:12,987 mme_vla_suite.pseudo_labeling.topreward_qwen_scorer INFO: Prefix 6/16 (end=41, n_frames=13/42): reward=-17.6250 (mean, 1 tok)
2026-04-29 19:09:19,453 mme_vla_suite.pseudo_labeling.topreward_qwen_scorer INFO: Prefix 7/16 (end=47, n_frames=14/48): reward=-17.6250 (mean, 1 tok)
2026-04-29 19:09:25,938 mme_vla_suite.pseudo_labeling.topreward_qwen_scorer INFO: Prefix 8/16 (end=53, n_frames=16/54): reward=-17.7500 (mean, 1 tok)
2026-04-29 19:09:32,432 mme_vla_suite.pseudo_labeling.topreward_qwen_scorer INFO: Prefix 9/16 (end=59, n_frames=18/60): reward=-16.6250 (mean, 1 tok)
2026-04-29 19:09:38,907 mme_vla_suite.pseudo_labeling.topreward_qwen_scorer INFO: Prefix 10/16 (end=65, n_frames=20/66): reward=-17.0000 (mean, 1 tok)
2026-04-29 19:09:45,448 mme_vla_suite.pseudo_labeling.topreward_qwen_scorer INFO: Prefix 11/16 (end=72, n_frames=22/73): reward=-16.6250 (mean, 1 tok)
2026-04-29 19:09:52,098 mme_vla_suite.pseudo_labeling.topreward_qwen_scorer INFO: Prefix 12/16 (end=78, n_frames=24/79): reward=-17.5000 (mean, 1 tok)
2026-04-29 19:09:58,669 mme_vla_suite.pseudo_labeling.topreward_qwen_scorer INFO: Prefix 13/16 (end=84, n_frames=26/85): reward=-16.6250 (mean, 1 tok)
2026-04-29 19:10:05,242 mme_vla_suite.pseudo_labeling.topreward_qwen_scorer INFO: Prefix 14/16 (end=90, n_frames=27/91): reward=-16.6250 (mean, 1 tok)
2026-04-29 19:10:11,828 mme_vla_suite.pseudo_labeling.topreward_qwen_scorer INFO: Prefix 15/16 (end=96, n_frames=29/97): reward=-15.8750 (mean, 1 tok)
2026-04-29 19:10:18,443 mme_vla_suite.pseudo_labeling.topreward_qwen_scorer INFO: Prefix 16/16 (end=103, n_frames=31/104): reward=-16.6250 (mean, 1 tok)
2026-04-29 19:10:26,039 mme_vla_suite.pseudo_labeling.topreward_qwen_scorer INFO: Prefix 1/16 (end=11, n_frames=4/12): reward=-17.1250 (mean, 1 tok)
2026-04-29 19:10:32,464 mme_vla_suite.pseudo_labeling.topreward_qwen_scorer INFO: Prefix 2/16 (end=17, n_frames=5/18): reward=-17.7500 (mean, 1 tok)
2026-04-29 19:10:38,918 mme_vla_suite.pseudo_labeling.topreward_qwen_scorer INFO: Prefix 3/16 (end=24, n_frames=8/25): reward=-17.7500 (mean, 1 tok)
2026-04-29 19:10:45,384 mme_vla_suite.pseudo_labeling.topreward_qwen_scorer INFO: Prefix 4/16 (end=30, n_frames=9/31): reward=-16.8750 (mean, 1 tok)
2026-04-29 19:10:51,861 mme_vla_suite.pseudo_labeling.topreward_qwen_scorer INFO: Prefix 5/16 (end=37, n_frames=11/38): reward=-14.2500 (mean, 1 tok)
2026-04-29 19:10:58,345 mme_vla_suite.pseudo_labeling.topreward_qwen_scorer INFO: Prefix 6/16 (end=44, n_frames=14/45): reward=-15.1250 (mean, 1 tok)
2026-04-29 19:11:04,821 mme_vla_suite.pseudo_labeling.topreward_qwen_scorer INFO: Prefix 7/16 (end=50, n_frames=15/51): reward=-13.7500 (mean, 1 tok)
2026-04-29 19:11:11,295 mme_vla_suite.pseudo_labeling.topreward_qwen_scorer INFO: Prefix 8/16 (end=57, n_frames=17/58): reward=-13.2500 (mean, 1 tok)
2026-04-29 19:11:17,828 mme_vla_suite.pseudo_labeling.topreward_qwen_scorer INFO: Prefix 9/16 (end=63, n_frames=19/64): reward=-14.2500 (mean, 1 tok)
2026-04-29 19:11:24,453 mme_vla_suite.pseudo_labeling.topreward_qwen_scorer INFO: Prefix 10/16 (end=70, n_frames=21/71): reward=-13.6250 (mean, 1 tok)
2026-04-29 19:11:31,029 mme_vla_suite.pseudo_labeling.topreward_qwen_scorer INFO: Prefix 11/16 (end=77, n_frames=23/78): reward=-13.7500 (mean, 1 tok)
2026-04-29 19:11:37,797 mme_vla_suite.pseudo_labeling.topreward_qwen_scorer INFO: Prefix 12/16 (end=83, n_frames=25/84): reward=-13.3750 (mean, 1 tok)
2026-04-29 19:11:44,430 mme_vla_suite.pseudo_labeling.topreward_qwen_scorer INFO: Prefix 13/16 (end=90, n_frames=27/91): reward=-14.3750 (mean, 1 tok)
2026-04-29 19:11:51,046 mme_vla_suite.pseudo_labeling.topreward_qwen_scorer INFO: Prefix 14/16 (end=96, n_frames=29/97): reward=-11.2500 (mean, 1 tok)
2026-04-29 19:11:57,695 mme_vla_suite.pseudo_labeling.topreward_qwen_scorer INFO: Prefix 15/16 (end=103, n_frames=31/104): reward=-10.5000 (mean, 1 tok)
2026-04-29 19:12:04,347 mme_vla_suite.pseudo_labeling.topreward_qwen_scorer INFO: Prefix 16/16 (end=110, n_frames=33/111): reward=-11.2500 (mean, 1 tok)
2026-04-29 19:12:11,889 mme_vla_suite.pseudo_labeling.topreward_qwen_scorer INFO: Prefix 1/16 (end=6, n_frames=4/7): reward=-20.6250 (mean, 1 tok)
2026-04-29 19:12:18,345 mme_vla_suite.pseudo_labeling.topreward_qwen_scorer INFO: Prefix 2/16 (end=10, n_frames=4/11): reward=-21.1250 (mean, 1 tok)
2026-04-29 19:12:24,806 mme_vla_suite.pseudo_labeling.topreward_qwen_scorer INFO: Prefix 3/16 (end=14, n_frames=4/15): reward=-19.8750 (mean, 1 tok)
2026-04-29 19:12:31,265 mme_vla_suite.pseudo_labeling.topreward_qwen_scorer INFO: Prefix 4/16 (end=18, n_frames=6/19): reward=-19.3750 (mean, 1 tok)
2026-04-29 19:12:37,748 mme_vla_suite.pseudo_labeling.topreward_qwen_scorer INFO: Prefix 5/16 (end=22, n_frames=7/23): reward=-19.5000 (mean, 1 tok)
2026-04-29 19:12:44,219 mme_vla_suite.pseudo_labeling.topreward_qwen_scorer INFO: Prefix 6/16 (end=26, n_frames=8/27): reward=-19.2500 (mean, 1 tok)
2026-04-29 19:12:50,683 mme_vla_suite.pseudo_labeling.topreward_qwen_scorer INFO: Prefix 7/16 (end=30, n_frames=9/31): reward=-17.6250 (mean, 1 tok)
2026-04-29 19:12:57,148 mme_vla_suite.pseudo_labeling.topreward_qwen_scorer INFO: Prefix 8/16 (end=34, n_frames=10/35): reward=-18.0000 (mean, 1 tok)
2026-04-29 19:13:03,643 mme_vla_suite.pseudo_labeling.topreward_qwen_scorer INFO: Prefix 9/16 (end=38, n_frames=12/39): reward=-18.6250 (mean, 1 tok)
2026-04-29 19:13:10,116 mme_vla_suite.pseudo_labeling.topreward_qwen_scorer INFO: Prefix 10/16 (end=42, n_frames=13/43): reward=-16.3750 (mean, 1 tok)
2026-04-29 19:13:16,607 mme_vla_suite.pseudo_labeling.topreward_qwen_scorer INFO: Prefix 11/16 (end=46, n_frames=14/47): reward=-16.8750 (mean, 1 tok)
2026-04-29 19:13:23,088 mme_vla_suite.pseudo_labeling.topreward_qwen_scorer INFO: Prefix 12/16 (end=50, n_frames=15/51): reward=-19.8750 (mean, 1 tok)
2026-04-29 19:13:29,582 mme_vla_suite.pseudo_labeling.topreward_qwen_scorer INFO: Prefix 13/16 (end=54, n_frames=16/55): reward=-19.6250 (mean, 1 tok)
2026-04-29 19:13:36,078 mme_vla_suite.pseudo_labeling.topreward_qwen_scorer INFO: Prefix 14/16 (end=58, n_frames=18/59): reward=-18.8750 (mean, 1 tok)
2026-04-29 19:13:42,595 mme_vla_suite.pseudo_labeling.topreward_qwen_scorer INFO: Prefix 15/16 (end=62, n_frames=19/63): reward=-18.8750 (mean, 1 tok)
2026-04-29 19:13:49,157 mme_vla_suite.pseudo_labeling.topreward_qwen_scorer INFO: Prefix 16/16 (end=67, n_frames=20/68): reward=-19.2500 (mean, 1 tok)
2026-04-29 19:13:56,649 mme_vla_suite.pseudo_labeling.topreward_qwen_scorer INFO: Prefix 1/16 (end=10, n_frames=4/11): reward=-17.5000 (mean, 1 tok)
2026-04-29 19:14:03,196 mme_vla_suite.pseudo_labeling.topreward_qwen_scorer INFO: Prefix 2/16 (end=16, n_frames=5/17): reward=-17.2500 (mean, 1 tok)
2026-04-29 19:14:09,745 mme_vla_suite.pseudo_labeling.topreward_qwen_scorer INFO: Prefix 3/16 (end=22, n_frames=7/23): reward=-16.6250 (mean, 1 tok)
2026-04-29 19:14:16,314 mme_vla_suite.pseudo_labeling.topreward_qwen_scorer INFO: Prefix 4/16 (end=29, n_frames=9/30): reward=-16.1250 (mean, 1 tok)
2026-04-29 19:14:22,907 mme_vla_suite.pseudo_labeling.topreward_qwen_scorer INFO: Prefix 5/16 (end=35, n_frames=11/36): reward=-15.3750 (mean, 1 tok)
2026-04-29 19:14:29,509 mme_vla_suite.pseudo_labeling.topreward_qwen_scorer INFO: Prefix 6/16 (end=42, n_frames=13/43): reward=-16.6250 (mean, 1 tok)
2026-04-29 19:14:36,092 mme_vla_suite.pseudo_labeling.topreward_qwen_scorer INFO: Prefix 7/16 (end=48, n_frames=15/49): reward=-16.1250 (mean, 1 tok)
2026-04-29 19:14:42,698 mme_vla_suite.pseudo_labeling.topreward_qwen_scorer INFO: Prefix 8/16 (end=55, n_frames=17/56): reward=-15.7500 (mean, 1 tok)
2026-04-29 19:14:49,342 mme_vla_suite.pseudo_labeling.topreward_qwen_scorer INFO: Prefix 9/16 (end=61, n_frames=19/62): reward=-15.7500 (mean, 1 tok)
2026-04-29 19:14:55,892 mme_vla_suite.pseudo_labeling.topreward_qwen_scorer INFO: Prefix 10/16 (end=68, n_frames=21/69): reward=-14.8750 (mean, 1 tok)
2026-04-29 19:15:02,483 mme_vla_suite.pseudo_labeling.topreward_qwen_scorer INFO: Prefix 11/16 (end=74, n_frames=22/75): reward=-14.2500 (mean, 1 tok)
2026-04-29 19:15:09,235 mme_vla_suite.pseudo_labeling.topreward_qwen_scorer INFO: Prefix 12/16 (end=81, n_frames=25/82): reward=-14.8750 (mean, 1 tok)
2026-04-29 19:15:16,020 mme_vla_suite.pseudo_labeling.topreward_qwen_scorer INFO: Prefix 13/16 (end=87, n_frames=26/88): reward=-15.1250 (mean, 1 tok)
2026-04-29 19:15:22,847 mme_vla_suite.pseudo_labeling.topreward_qwen_scorer INFO: Prefix 14/16 (end=94, n_frames=28/95): reward=-14.5000 (mean, 1 tok)
2026-04-29 19:15:29,535 mme_vla_suite.pseudo_labeling.topreward_qwen_scorer INFO: Prefix 15/16 (end=100, n_frames=30/101): reward=-13.8750 (mean, 1 tok)
2026-04-29 19:15:36,241 mme_vla_suite.pseudo_labeling.topreward_qwen_scorer INFO: Prefix 16/16 (end=107, n_frames=32/108): reward=-13.3750 (mean, 1 tok)
2026-04-29 19:15:43,566 mme_vla_suite.pseudo_labeling.topreward_qwen_scorer INFO: Prefix 1/16 (end=8, n_frames=4/9): reward=-19.8750 (mean, 1 tok)
2026-04-29 19:15:50,056 mme_vla_suite.pseudo_labeling.topreward_qwen_scorer INFO: Prefix 2/16 (end=12, n_frames=4/13): reward=-19.3750 (mean, 1 tok)
2026-04-29 19:15:56,513 mme_vla_suite.pseudo_labeling.topreward_qwen_scorer INFO: Prefix 3/16 (end=17, n_frames=5/18): reward=-17.2500 (mean, 1 tok)
2026-04-29 19:16:02,984 mme_vla_suite.pseudo_labeling.topreward_qwen_scorer INFO: Prefix 4/16 (end=22, n_frames=7/23): reward=-15.8750 (mean, 1 tok)
2026-04-29 19:16:09,437 mme_vla_suite.pseudo_labeling.topreward_qwen_scorer INFO: Prefix 5/16 (end=27, n_frames=8/28): reward=-19.3750 (mean, 1 tok)
2026-04-29 19:16:15,896 mme_vla_suite.pseudo_labeling.topreward_qwen_scorer INFO: Prefix 6/16 (end=32, n_frames=10/33): reward=-17.3750 (mean, 1 tok)
2026-04-29 19:16:22,379 mme_vla_suite.pseudo_labeling.topreward_qwen_scorer INFO: Prefix 7/16 (end=37, n_frames=11/38): reward=-17.6250 (mean, 1 tok)
2026-04-29 19:16:28,862 mme_vla_suite.pseudo_labeling.topreward_qwen_scorer INFO: Prefix 8/16 (end=42, n_frames=13/43): reward=-18.1250 (mean, 1 tok)
2026-04-29 19:16:35,361 mme_vla_suite.pseudo_labeling.topreward_qwen_scorer INFO: Prefix 9/16 (end=46, n_frames=14/47): reward=-18.7500 (mean, 1 tok)
2026-04-29 19:16:41,845 mme_vla_suite.pseudo_labeling.topreward_qwen_scorer INFO: Prefix 10/16 (end=51, n_frames=16/52): reward=-16.7500 (mean, 1 tok)
2026-04-29 19:16:48,341 mme_vla_suite.pseudo_labeling.topreward_qwen_scorer INFO: Prefix 11/16 (end=56, n_frames=17/57): reward=-15.2500 (mean, 1 tok)
2026-04-29 19:16:54,863 mme_vla_suite.pseudo_labeling.topreward_qwen_scorer INFO: Prefix 12/16 (end=61, n_frames=19/62): reward=-15.7500 (mean, 1 tok)
2026-04-29 19:17:01,424 mme_vla_suite.pseudo_labeling.topreward_qwen_scorer INFO: Prefix 13/16 (end=66, n_frames=20/67): reward=-19.1250 (mean, 1 tok)
2026-04-29 19:17:07,990 mme_vla_suite.pseudo_labeling.topreward_qwen_scorer INFO: Prefix 14/16 (end=71, n_frames=22/72): reward=-18.3750 (mean, 1 tok)
2026-04-29 19:17:14,581 mme_vla_suite.pseudo_labeling.topreward_qwen_scorer INFO: Prefix 15/16 (end=76, n_frames=23/77): reward=-18.7500 (mean, 1 tok)
2026-04-29 19:17:21,207 mme_vla_suite.pseudo_labeling.topreward_qwen_scorer INFO: Prefix 16/16 (end=81, n_frames=25/82): reward=-18.8750 (mean, 1 tok)
2026-04-29 19:17:28,553 mme_vla_suite.pseudo_labeling.topreward_qwen_scorer INFO: Prefix 1/16 (end=10, n_frames=4/11): reward=-18.5000 (mean, 1 tok)
2026-04-29 19:17:35,008 mme_vla_suite.pseudo_labeling.topreward_qwen_scorer INFO: Prefix 2/16 (end=15, n_frames=5/16): reward=-17.6250 (mean, 1 tok)
2026-04-29 19:17:41,601 mme_vla_suite.pseudo_labeling.topreward_qwen_scorer INFO: Prefix 3/16 (end=21, n_frames=7/22): reward=-17.6250 (mean, 1 tok)
2026-04-29 19:17:48,195 mme_vla_suite.pseudo_labeling.topreward_qwen_scorer INFO: Prefix 4/16 (end=27, n_frames=8/28): reward=-16.1250 (mean, 1 tok)
2026-04-29 19:17:54,695 mme_vla_suite.pseudo_labeling.topreward_qwen_scorer INFO: Prefix 5/16 (end=33, n_frames=10/34): reward=-15.2500 (mean, 1 tok)
2026-04-29 19:18:01,179 mme_vla_suite.pseudo_labeling.topreward_qwen_scorer INFO: Prefix 6/16 (end=39, n_frames=12/40): reward=-15.6250 (mean, 1 tok)
2026-04-29 19:18:07,806 mme_vla_suite.pseudo_labeling.topreward_qwen_scorer INFO: Prefix 7/16 (end=45, n_frames=14/46): reward=-15.5000 (mean, 1 tok)
2026-04-29 19:18:14,318 mme_vla_suite.pseudo_labeling.topreward_qwen_scorer INFO: Prefix 8/16 (end=51, n_frames=16/52): reward=-15.5000 (mean, 1 tok)
2026-04-29 19:18:20,911 mme_vla_suite.pseudo_labeling.topreward_qwen_scorer INFO: Prefix 9/16 (end=57, n_frames=17/58): reward=-15.2500 (mean, 1 tok)
2026-04-29 19:18:27,544 mme_vla_suite.pseudo_labeling.topreward_qwen_scorer INFO: Prefix 10/16 (end=63, n_frames=19/64): reward=-14.6250 (mean, 1 tok)
2026-04-29 19:18:34,207 mme_vla_suite.pseudo_labeling.topreward_qwen_scorer INFO: Prefix 11/16 (end=69, n_frames=21/70): reward=-13.3750 (mean, 1 tok)
2026-04-29 19:18:40,777 mme_vla_suite.pseudo_labeling.topreward_qwen_scorer INFO: Prefix 12/16 (end=75, n_frames=23/76): reward=-13.3750 (mean, 1 tok)
2026-04-29 19:18:47,500 mme_vla_suite.pseudo_labeling.topreward_qwen_scorer INFO: Prefix 13/16 (end=81, n_frames=25/82): reward=-13.5000 (mean, 1 tok)
2026-04-29 19:18:54,109 mme_vla_suite.pseudo_labeling.topreward_qwen_scorer INFO: Prefix 14/16 (end=87, n_frames=26/88): reward=-13.2500 (mean, 1 tok)
2026-04-29 19:19:00,803 mme_vla_suite.pseudo_labeling.topreward_qwen_scorer INFO: Prefix 15/16 (end=93, n_frames=28/94): reward=-14.3750 (mean, 1 tok)
2026-04-29 19:19:07,431 mme_vla_suite.pseudo_labeling.topreward_qwen_scorer INFO: Prefix 16/16 (end=99, n_frames=30/100): reward=-13.7500 (mean, 1 tok)
2026-04-29 19:19:14,617 mme_vla_suite.pseudo_labeling.topreward_qwen_scorer INFO: Prefix 1/16 (end=7, n_frames=4/8): reward=-20.0000 (mean, 1 tok)
2026-04-29 19:19:21,086 mme_vla_suite.pseudo_labeling.topreward_qwen_scorer INFO: Prefix 2/16 (end=11, n_frames=4/12): reward=-20.6250 (mean, 1 tok)
2026-04-29 19:19:27,534 mme_vla_suite.pseudo_labeling.topreward_qwen_scorer INFO: Prefix 3/16 (end=15, n_frames=5/16): reward=-17.8750 (mean, 1 tok)
2026-04-29 19:19:34,065 mme_vla_suite.pseudo_labeling.topreward_qwen_scorer INFO: Prefix 4/16 (end=19, n_frames=6/20): reward=-18.3750 (mean, 1 tok)
2026-04-29 19:19:40,515 mme_vla_suite.pseudo_labeling.topreward_qwen_scorer INFO: Prefix 5/16 (end=24, n_frames=8/25): reward=-18.5000 (mean, 1 tok)
2026-04-29 19:19:46,990 mme_vla_suite.pseudo_labeling.topreward_qwen_scorer INFO: Prefix 6/16 (end=28, n_frames=9/29): reward=-17.5000 (mean, 1 tok)
2026-04-29 19:19:53,485 mme_vla_suite.pseudo_labeling.topreward_qwen_scorer INFO: Prefix 7/16 (end=32, n_frames=10/33): reward=-17.1250 (mean, 1 tok)
2026-04-29 19:19:59,976 mme_vla_suite.pseudo_labeling.topreward_qwen_scorer INFO: Prefix 8/16 (end=36, n_frames=11/37): reward=-17.1250 (mean, 1 tok)
2026-04-29 19:20:06,456 mme_vla_suite.pseudo_labeling.topreward_qwen_scorer INFO: Prefix 9/16 (end=41, n_frames=13/42): reward=-16.1250 (mean, 1 tok)
2026-04-29 19:20:12,940 mme_vla_suite.pseudo_labeling.topreward_qwen_scorer INFO: Prefix 10/16 (end=45, n_frames=14/46): reward=-15.3750 (mean, 1 tok)
2026-04-29 19:20:19,432 mme_vla_suite.pseudo_labeling.topreward_qwen_scorer INFO: Prefix 11/16 (end=49, n_frames=15/50): reward=-16.7500 (mean, 1 tok)
2026-04-29 19:20:25,923 mme_vla_suite.pseudo_labeling.topreward_qwen_scorer INFO: Prefix 12/16 (end=53, n_frames=16/54): reward=-17.5000 (mean, 1 tok)
2026-04-29 19:20:32,525 mme_vla_suite.pseudo_labeling.topreward_qwen_scorer INFO: Prefix 13/16 (end=58, n_frames=18/59): reward=-16.2500 (mean, 1 tok)
2026-04-29 19:20:39,046 mme_vla_suite.pseudo_labeling.topreward_qwen_scorer INFO: Prefix 14/16 (end=62, n_frames=19/63): reward=-18.7500 (mean, 1 tok)
2026-04-29 19:20:45,617 mme_vla_suite.pseudo_labeling.topreward_qwen_scorer INFO: Prefix 15/16 (end=66, n_frames=20/67): reward=-18.1250 (mean, 1 tok)
2026-04-29 19:20:52,195 mme_vla_suite.pseudo_labeling.topreward_qwen_scorer INFO: Prefix 16/16 (end=71, n_frames=22/72): reward=-19.1250 (mean, 1 tok)
2026-04-29 19:20:59,741 mme_vla_suite.pseudo_labeling.topreward_qwen_scorer INFO: Prefix 1/16 (end=6, n_frames=4/7): reward=-22.0000 (mean, 1 tok)
2026-04-29 19:21:06,205 mme_vla_suite.pseudo_labeling.topreward_qwen_scorer INFO: Prefix 2/16 (end=9, n_frames=4/10): reward=-21.8750 (mean, 1 tok)
2026-04-29 19:21:12,650 mme_vla_suite.pseudo_labeling.topreward_qwen_scorer INFO: Prefix 3/16 (end=13, n_frames=4/14): reward=-20.5000 (mean, 1 tok)
2026-04-29 19:21:19,121 mme_vla_suite.pseudo_labeling.topreward_qwen_scorer INFO: Prefix 4/16 (end=17, n_frames=5/18): reward=-19.5000 (mean, 1 tok)
2026-04-29 19:21:25,600 mme_vla_suite.pseudo_labeling.topreward_qwen_scorer INFO: Prefix 5/16 (end=21, n_frames=7/22): reward=-20.3750 (mean, 1 tok)
2026-04-29 19:21:32,023 mme_vla_suite.pseudo_labeling.topreward_qwen_scorer INFO: Prefix 6/16 (end=25, n_frames=8/26): reward=-19.7500 (mean, 1 tok)
2026-04-29 19:21:38,494 mme_vla_suite.pseudo_labeling.topreward_qwen_scorer INFO: Prefix 7/16 (end=29, n_frames=9/30): reward=-18.2500 (mean, 1 tok)
2026-04-29 19:21:45,009 mme_vla_suite.pseudo_labeling.topreward_qwen_scorer INFO: Prefix 8/16 (end=33, n_frames=10/34): reward=-18.7500 (mean, 1 tok)
2026-04-29 19:21:51,485 mme_vla_suite.pseudo_labeling.topreward_qwen_scorer INFO: Prefix 9/16 (end=37, n_frames=11/38): reward=-18.0000 (mean, 1 tok)
2026-04-29 19:21:57,973 mme_vla_suite.pseudo_labeling.topreward_qwen_scorer INFO: Prefix 10/16 (end=41, n_frames=13/42): reward=-19.0000 (mean, 1 tok)
2026-04-29 19:22:04,456 mme_vla_suite.pseudo_labeling.topreward_qwen_scorer INFO: Prefix 11/16 (end=45, n_frames=14/46): reward=-18.8750 (mean, 1 tok)
2026-04-29 19:22:10,950 mme_vla_suite.pseudo_labeling.topreward_qwen_scorer INFO: Prefix 12/16 (end=49, n_frames=15/50): reward=-18.2500 (mean, 1 tok)
2026-04-29 19:22:17,447 mme_vla_suite.pseudo_labeling.topreward_qwen_scorer INFO: Prefix 13/16 (end=53, n_frames=16/54): reward=-18.6250 (mean, 1 tok)
2026-04-29 19:22:23,953 mme_vla_suite.pseudo_labeling.topreward_qwen_scorer INFO: Prefix 14/16 (end=57, n_frames=17/58): reward=-18.0000 (mean, 1 tok)
2026-04-29 19:22:30,469 mme_vla_suite.pseudo_labeling.topreward_qwen_scorer INFO: Prefix 15/16 (end=61, n_frames=19/62): reward=-18.5000 (mean, 1 tok)
2026-04-29 19:22:36,972 mme_vla_suite.pseudo_labeling.topreward_qwen_scorer INFO: Prefix 16/16 (end=65, n_frames=20/66): reward=-18.2500 (mean, 1 tok)
2026-04-29 19:22:44,240 mme_vla_suite.pseudo_labeling.topreward_qwen_scorer INFO: Prefix 1/16 (end=10, n_frames=4/11): reward=-21.5000 (mean, 1 tok)
2026-04-29 19:22:50,714 mme_vla_suite.pseudo_labeling.topreward_qwen_scorer INFO: Prefix 2/16 (end=16, n_frames=5/17): reward=-19.3750 (mean, 1 tok)
2026-04-29 19:22:57,176 mme_vla_suite.pseudo_labeling.topreward_qwen_scorer INFO: Prefix 3/16 (end=22, n_frames=7/23): reward=-19.5000 (mean, 1 tok)
2026-04-29 19:23:03,649 mme_vla_suite.pseudo_labeling.topreward_qwen_scorer INFO: Prefix 4/16 (end=28, n_frames=9/29): reward=-18.1250 (mean, 1 tok)
2026-04-29 19:23:10,134 mme_vla_suite.pseudo_labeling.topreward_qwen_scorer INFO: Prefix 5/16 (end=34, n_frames=10/35): reward=-18.7500 (mean, 1 tok)
2026-04-29 19:23:16,622 mme_vla_suite.pseudo_labeling.topreward_qwen_scorer INFO: Prefix 6/16 (end=41, n_frames=13/42): reward=-19.0000 (mean, 1 tok)
2026-04-29 19:23:23,096 mme_vla_suite.pseudo_labeling.topreward_qwen_scorer INFO: Prefix 7/16 (end=47, n_frames=14/48): reward=-18.2500 (mean, 1 tok)
2026-04-29 19:23:29,686 mme_vla_suite.pseudo_labeling.topreward_qwen_scorer INFO: Prefix 8/16 (end=53, n_frames=16/54): reward=-18.6250 (mean, 1 tok)
2026-04-29 19:23:36,182 mme_vla_suite.pseudo_labeling.topreward_qwen_scorer INFO: Prefix 9/16 (end=59, n_frames=18/60): reward=-18.2500 (mean, 1 tok)
2026-04-29 19:23:42,726 mme_vla_suite.pseudo_labeling.topreward_qwen_scorer INFO: Prefix 10/16 (end=65, n_frames=20/66): reward=-18.2500 (mean, 1 tok)
2026-04-29 19:23:49,252 mme_vla_suite.pseudo_labeling.topreward_qwen_scorer INFO: Prefix 11/16 (end=72, n_frames=22/73): reward=-18.8750 (mean, 1 tok)
2026-04-29 19:23:55,820 mme_vla_suite.pseudo_labeling.topreward_qwen_scorer INFO: Prefix 12/16 (end=78, n_frames=24/79): reward=-19.6250 (mean, 1 tok)
2026-04-29 19:24:02,462 mme_vla_suite.pseudo_labeling.topreward_qwen_scorer INFO: Prefix 13/16 (end=84, n_frames=26/85): reward=-18.5000 (mean, 1 tok)
2026-04-29 19:24:09,079 mme_vla_suite.pseudo_labeling.topreward_qwen_scorer INFO: Prefix 14/16 (end=90, n_frames=27/91): reward=-18.0000 (mean, 1 tok)
2026-04-29 19:24:15,673 mme_vla_suite.pseudo_labeling.topreward_qwen_scorer INFO: Prefix 15/16 (end=96, n_frames=29/97): reward=-18.0000 (mean, 1 tok)
2026-04-29 19:24:22,270 mme_vla_suite.pseudo_labeling.topreward_qwen_scorer INFO: Prefix 16/16 (end=103, n_frames=31/104): reward=-18.2500 (mean, 1 tok)
2026-04-29 19:24:29,693 mme_vla_suite.pseudo_labeling.topreward_qwen_scorer INFO: Prefix 1/16 (end=10, n_frames=4/11): reward=-17.8750 (mean, 1 tok)
2026-04-29 19:24:36,156 mme_vla_suite.pseudo_labeling.topreward_qwen_scorer INFO: Prefix 2/16 (end=16, n_frames=5/17): reward=-18.1250 (mean, 1 tok)
2026-04-29 19:24:42,622 mme_vla_suite.pseudo_labeling.topreward_qwen_scorer INFO: Prefix 3/16 (end=22, n_frames=7/23): reward=-18.1250 (mean, 1 tok)
2026-04-29 19:24:49,122 mme_vla_suite.pseudo_labeling.topreward_qwen_scorer INFO: Prefix 4/16 (end=28, n_frames=9/29): reward=-17.5000 (mean, 1 tok)
2026-04-29 19:24:55,638 mme_vla_suite.pseudo_labeling.topreward_qwen_scorer INFO: Prefix 5/16 (end=35, n_frames=11/36): reward=-15.8750 (mean, 1 tok)
2026-04-29 19:25:02,132 mme_vla_suite.pseudo_labeling.topreward_qwen_scorer INFO: Prefix 6/16 (end=41, n_frames=13/42): reward=-15.5000 (mean, 1 tok)
2026-04-29 19:25:08,625 mme_vla_suite.pseudo_labeling.topreward_qwen_scorer INFO: Prefix 7/16 (end=47, n_frames=14/48): reward=-15.7500 (mean, 1 tok)
2026-04-29 19:25:15,128 mme_vla_suite.pseudo_labeling.topreward_qwen_scorer INFO: Prefix 8/16 (end=53, n_frames=16/54): reward=-15.2500 (mean, 1 tok)
2026-04-29 19:25:21,631 mme_vla_suite.pseudo_labeling.topreward_qwen_scorer INFO: Prefix 9/16 (end=60, n_frames=18/61): reward=-15.1250 (mean, 1 tok)
2026-04-29 19:25:28,147 mme_vla_suite.pseudo_labeling.topreward_qwen_scorer INFO: Prefix 10/16 (end=66, n_frames=20/67): reward=-14.3750 (mean, 1 tok)
2026-04-29 19:25:34,713 mme_vla_suite.pseudo_labeling.topreward_qwen_scorer INFO: Prefix 11/16 (end=72, n_frames=22/73): reward=-14.8750 (mean, 1 tok)
2026-04-29 19:25:41,289 mme_vla_suite.pseudo_labeling.topreward_qwen_scorer INFO: Prefix 12/16 (end=78, n_frames=24/79): reward=-15.3750 (mean, 1 tok)
2026-04-29 19:25:47,894 mme_vla_suite.pseudo_labeling.topreward_qwen_scorer INFO: Prefix 13/16 (end=85, n_frames=26/86): reward=-14.6250 (mean, 1 tok)
2026-04-29 19:25:54,537 mme_vla_suite.pseudo_labeling.topreward_qwen_scorer INFO: Prefix 14/16 (end=91, n_frames=28/92): reward=-14.1250 (mean, 1 tok)
2026-04-29 19:26:01,160 mme_vla_suite.pseudo_labeling.topreward_qwen_scorer INFO: Prefix 15/16 (end=97, n_frames=29/98): reward=-12.8750 (mean, 1 tok)
2026-04-29 19:26:07,807 mme_vla_suite.pseudo_labeling.topreward_qwen_scorer INFO: Prefix 16/16 (end=104, n_frames=32/105): reward=-12.8750 (mean, 1 tok)
2026-04-29 19:26:15,132 mme_vla_suite.pseudo_labeling.topreward_qwen_scorer INFO: Prefix 1/8 (end=5, n_frames=4/6): reward=-19.3750 (mean, 1 tok)
2026-04-29 19:26:21,585 mme_vla_suite.pseudo_labeling.topreward_qwen_scorer INFO: Prefix 2/8 (end=11, n_frames=4/12): reward=-18.5000 (mean, 1 tok)
2026-04-29 19:26:28,045 mme_vla_suite.pseudo_labeling.topreward_qwen_scorer INFO: Prefix 3/8 (end=17, n_frames=5/18): reward=-18.0000 (mean, 1 tok)
2026-04-29 19:26:34,529 mme_vla_suite.pseudo_labeling.topreward_qwen_scorer INFO: Prefix 4/8 (end=23, n_frames=7/24): reward=-20.0000 (mean, 1 tok)
2026-04-29 19:26:41,007 mme_vla_suite.pseudo_labeling.topreward_qwen_scorer INFO: Prefix 5/8 (end=30, n_frames=9/31): reward=-17.6250 (mean, 1 tok)
2026-04-29 19:26:47,478 mme_vla_suite.pseudo_labeling.topreward_qwen_scorer INFO: Prefix 6/8 (end=36, n_frames=11/37): reward=-17.0000 (mean, 1 tok)
2026-04-29 19:26:53,957 mme_vla_suite.pseudo_labeling.topreward_qwen_scorer INFO: Prefix 7/8 (end=42, n_frames=13/43): reward=-16.3750 (mean, 1 tok)
2026-04-29 19:27:00,476 mme_vla_suite.pseudo_labeling.topreward_qwen_scorer INFO: Prefix 8/8 (end=49, n_frames=15/50): reward=-17.7500 (mean, 1 tok)
2026-04-29 19:27:07,738 mme_vla_suite.pseudo_labeling.topreward_qwen_scorer INFO: Prefix 1/16 (end=10, n_frames=4/11): reward=-18.3750 (mean, 1 tok)
2026-04-29 19:27:14,174 mme_vla_suite.pseudo_labeling.topreward_qwen_scorer INFO: Prefix 2/16 (end=15, n_frames=5/16): reward=-18.5000 (mean, 1 tok)
2026-04-29 19:27:20,625 mme_vla_suite.pseudo_labeling.topreward_qwen_scorer INFO: Prefix 3/16 (end=21, n_frames=7/22): reward=-17.7500 (mean, 1 tok)
2026-04-29 19:27:27,089 mme_vla_suite.pseudo_labeling.topreward_qwen_scorer INFO: Prefix 4/16 (end=27, n_frames=8/28): reward=-17.0000 (mean, 1 tok)
2026-04-29 19:27:33,552 mme_vla_suite.pseudo_labeling.topreward_qwen_scorer INFO: Prefix 5/16 (end=33, n_frames=10/34): reward=-16.2500 (mean, 1 tok)
2026-04-29 19:27:40,039 mme_vla_suite.pseudo_labeling.topreward_qwen_scorer INFO: Prefix 6/16 (end=39, n_frames=12/40): reward=-15.8750 (mean, 1 tok)
2026-04-29 19:27:46,505 mme_vla_suite.pseudo_labeling.topreward_qwen_scorer INFO: Prefix 7/16 (end=45, n_frames=14/46): reward=-16.5000 (mean, 1 tok)
2026-04-29 19:27:52,994 mme_vla_suite.pseudo_labeling.topreward_qwen_scorer INFO: Prefix 8/16 (end=51, n_frames=16/52): reward=-15.1250 (mean, 1 tok)
2026-04-29 19:27:59,502 mme_vla_suite.pseudo_labeling.topreward_qwen_scorer INFO: Prefix 9/16 (end=57, n_frames=17/58): reward=-15.2500 (mean, 1 tok)
2026-04-29 19:28:06,015 mme_vla_suite.pseudo_labeling.topreward_qwen_scorer INFO: Prefix 10/16 (end=63, n_frames=19/64): reward=-15.2500 (mean, 1 tok)
2026-04-29 19:28:12,583 mme_vla_suite.pseudo_labeling.topreward_qwen_scorer INFO: Prefix 11/16 (end=69, n_frames=21/70): reward=-15.6250 (mean, 1 tok)
2026-04-29 19:28:19,170 mme_vla_suite.pseudo_labeling.topreward_qwen_scorer INFO: Prefix 12/16 (end=75, n_frames=23/76): reward=-16.1250 (mean, 1 tok)
2026-04-29 19:28:25,800 mme_vla_suite.pseudo_labeling.topreward_qwen_scorer INFO: Prefix 13/16 (end=81, n_frames=25/82): reward=-15.7500 (mean, 1 tok)
2026-04-29 19:28:32,381 mme_vla_suite.pseudo_labeling.topreward_qwen_scorer INFO: Prefix 14/16 (end=87, n_frames=26/88): reward=-15.6250 (mean, 1 tok)
2026-04-29 19:28:38,988 mme_vla_suite.pseudo_labeling.topreward_qwen_scorer INFO: Prefix 15/16 (end=93, n_frames=28/94): reward=-15.3750 (mean, 1 tok)
2026-04-29 19:28:45,604 mme_vla_suite.pseudo_labeling.topreward_qwen_scorer INFO: Prefix 16/16 (end=99, n_frames=30/100): reward=-14.1250 (mean, 1 tok)
2026-04-29 19:28:53,040 mme_vla_suite.pseudo_labeling.topreward_qwen_scorer INFO: Prefix 1/16 (end=7, n_frames=4/8): reward=-21.1250 (mean, 1 tok)
2026-04-29 19:28:59,496 mme_vla_suite.pseudo_labeling.topreward_qwen_scorer INFO: Prefix 2/16 (end=11, n_frames=4/12): reward=-18.5000 (mean, 1 tok)
2026-04-29 19:29:05,990 mme_vla_suite.pseudo_labeling.topreward_qwen_scorer INFO: Prefix 3/16 (end=15, n_frames=5/16): reward=-17.5000 (mean, 1 tok)
2026-04-29 19:29:12,444 mme_vla_suite.pseudo_labeling.topreward_qwen_scorer INFO: Prefix 4/16 (end=19, n_frames=6/20): reward=-19.0000 (mean, 1 tok)
2026-04-29 19:29:18,920 mme_vla_suite.pseudo_labeling.topreward_qwen_scorer INFO: Prefix 5/16 (end=23, n_frames=7/24): reward=-17.7500 (mean, 1 tok)
2026-04-29 19:29:25,392 mme_vla_suite.pseudo_labeling.topreward_qwen_scorer INFO: Prefix 6/16 (end=27, n_frames=8/28): reward=-18.6250 (mean, 1 tok)
2026-04-29 19:29:31,868 mme_vla_suite.pseudo_labeling.topreward_qwen_scorer INFO: Prefix 7/16 (end=31, n_frames=10/32): reward=-17.6250 (mean, 1 tok)
2026-04-29 19:29:38,365 mme_vla_suite.pseudo_labeling.topreward_qwen_scorer INFO: Prefix 8/16 (end=35, n_frames=11/36): reward=-17.5000 (mean, 1 tok)
2026-04-29 19:29:44,848 mme_vla_suite.pseudo_labeling.topreward_qwen_scorer INFO: Prefix 9/16 (end=40, n_frames=12/41): reward=-17.0000 (mean, 1 tok)
2026-04-29 19:29:51,338 mme_vla_suite.pseudo_labeling.topreward_qwen_scorer INFO: Prefix 10/16 (end=44, n_frames=14/45): reward=-18.1250 (mean, 1 tok)
2026-04-29 19:29:57,833 mme_vla_suite.pseudo_labeling.topreward_qwen_scorer INFO: Prefix 11/16 (end=48, n_frames=15/49): reward=-17.3750 (mean, 1 tok)
2026-04-29 19:30:04,316 mme_vla_suite.pseudo_labeling.topreward_qwen_scorer INFO: Prefix 12/16 (end=52, n_frames=16/53): reward=-17.7500 (mean, 1 tok)
2026-04-29 19:30:10,830 mme_vla_suite.pseudo_labeling.topreward_qwen_scorer INFO: Prefix 13/16 (end=56, n_frames=17/57): reward=-17.2500 (mean, 1 tok)
2026-04-29 19:30:17,321 mme_vla_suite.pseudo_labeling.topreward_qwen_scorer INFO: Prefix 14/16 (end=60, n_frames=18/61): reward=-15.7500 (mean, 1 tok)
2026-04-29 19:30:23,942 mme_vla_suite.pseudo_labeling.topreward_qwen_scorer INFO: Prefix 15/16 (end=64, n_frames=20/65): reward=-19.0000 (mean, 1 tok)
2026-04-29 19:30:30,550 mme_vla_suite.pseudo_labeling.topreward_qwen_scorer INFO: Prefix 16/16 (end=69, n_frames=21/70): reward=-18.7500 (mean, 1 tok)
2026-04-29 19:30:38,109 mme_vla_suite.pseudo_labeling.topreward_qwen_scorer INFO: Prefix 1/16 (end=10, n_frames=4/11): reward=-18.7500 (mean, 1 tok)
2026-04-29 19:30:44,559 mme_vla_suite.pseudo_labeling.topreward_qwen_scorer INFO: Prefix 2/16 (end=16, n_frames=5/17): reward=-18.3750 (mean, 1 tok)
2026-04-29 19:30:51,029 mme_vla_suite.pseudo_labeling.topreward_qwen_scorer INFO: Prefix 3/16 (end=22, n_frames=7/23): reward=-17.6250 (mean, 1 tok)
2026-04-29 19:30:57,511 mme_vla_suite.pseudo_labeling.topreward_qwen_scorer INFO: Prefix 4/16 (end=29, n_frames=9/30): reward=-17.5000 (mean, 1 tok)
2026-04-29 19:31:04,007 mme_vla_suite.pseudo_labeling.topreward_qwen_scorer INFO: Prefix 5/16 (end=35, n_frames=11/36): reward=-17.0000 (mean, 1 tok)
2026-04-29 19:31:10,485 mme_vla_suite.pseudo_labeling.topreward_qwen_scorer INFO: Prefix 6/16 (end=41, n_frames=13/42): reward=-17.6250 (mean, 1 tok)
2026-04-29 19:31:16,983 mme_vla_suite.pseudo_labeling.topreward_qwen_scorer INFO: Prefix 7/16 (end=48, n_frames=15/49): reward=-17.0000 (mean, 1 tok)
2026-04-29 19:31:23,484 mme_vla_suite.pseudo_labeling.topreward_qwen_scorer INFO: Prefix 8/16 (end=54, n_frames=16/55): reward=-16.6250 (mean, 1 tok)
2026-04-29 19:31:29,970 mme_vla_suite.pseudo_labeling.topreward_qwen_scorer INFO: Prefix 9/16 (end=60, n_frames=18/61): reward=-16.5000 (mean, 1 tok)
2026-04-29 19:31:36,471 mme_vla_suite.pseudo_labeling.topreward_qwen_scorer INFO: Prefix 10/16 (end=67, n_frames=20/68): reward=-16.3750 (mean, 1 tok)
2026-04-29 19:31:43,032 mme_vla_suite.pseudo_labeling.topreward_qwen_scorer INFO: Prefix 11/16 (end=73, n_frames=22/74): reward=-16.6250 (mean, 1 tok)
2026-04-29 19:31:49,603 mme_vla_suite.pseudo_labeling.topreward_qwen_scorer INFO: Prefix 12/16 (end=79, n_frames=24/80): reward=-17.2500 (mean, 1 tok)
2026-04-29 19:31:56,216 mme_vla_suite.pseudo_labeling.topreward_qwen_scorer INFO: Prefix 13/16 (end=86, n_frames=26/87): reward=-16.6250 (mean, 1 tok)
2026-04-29 19:32:02,835 mme_vla_suite.pseudo_labeling.topreward_qwen_scorer INFO: Prefix 14/16 (end=92, n_frames=28/93): reward=-16.5000 (mean, 1 tok)
2026-04-29 19:32:09,456 mme_vla_suite.pseudo_labeling.topreward_qwen_scorer INFO: Prefix 15/16 (end=98, n_frames=30/99): reward=-14.8750 (mean, 1 tok)
2026-04-29 19:32:16,094 mme_vla_suite.pseudo_labeling.topreward_qwen_scorer INFO: Prefix 16/16 (end=105, n_frames=32/106): reward=-14.8750 (mean, 1 tok)
2026-04-29 19:32:23,352 mme_vla_suite.pseudo_labeling.topreward_qwen_scorer INFO: Prefix 1/8 (end=5, n_frames=4/6): reward=-20.1250 (mean, 1 tok)
2026-04-29 19:32:29,804 mme_vla_suite.pseudo_labeling.topreward_qwen_scorer INFO: Prefix 2/8 (end=12, n_frames=4/13): reward=-19.8750 (mean, 1 tok)
2026-04-29 19:32:36,269 mme_vla_suite.pseudo_labeling.topreward_qwen_scorer INFO: Prefix 3/8 (end=20, n_frames=6/21): reward=-18.1250 (mean, 1 tok)
2026-04-29 19:32:42,745 mme_vla_suite.pseudo_labeling.topreward_qwen_scorer INFO: Prefix 4/8 (end=27, n_frames=8/28): reward=-19.7500 (mean, 1 tok)
2026-04-29 19:32:49,261 mme_vla_suite.pseudo_labeling.topreward_qwen_scorer INFO: Prefix 5/8 (end=35, n_frames=11/36): reward=-18.7500 (mean, 1 tok)
2026-04-29 19:32:55,750 mme_vla_suite.pseudo_labeling.topreward_qwen_scorer INFO: Prefix 6/8 (end=42, n_frames=13/43): reward=-20.6250 (mean, 1 tok)
2026-04-29 19:33:02,262 mme_vla_suite.pseudo_labeling.topreward_qwen_scorer INFO: Prefix 7/8 (end=50, n_frames=15/51): reward=-19.1250 (mean, 1 tok)
2026-04-29 19:33:08,771 mme_vla_suite.pseudo_labeling.topreward_qwen_scorer INFO: Prefix 8/8 (end=58, n_frames=18/59): reward=-19.8750 (mean, 1 tok)
2026-04-29 19:33:15,944 mme_vla_suite.pseudo_labeling.topreward_qwen_scorer INFO: Prefix 1/16 (end=6, n_frames=4/7): reward=-21.1250 (mean, 1 tok)
2026-04-29 19:33:22,395 mme_vla_suite.pseudo_labeling.topreward_qwen_scorer INFO: Prefix 2/16 (end=9, n_frames=4/10): reward=-20.5000 (mean, 1 tok)
2026-04-29 19:33:28,860 mme_vla_suite.pseudo_labeling.topreward_qwen_scorer INFO: Prefix 3/16 (end=13, n_frames=4/14): reward=-20.8750 (mean, 1 tok)
2026-04-29 19:33:35,322 mme_vla_suite.pseudo_labeling.topreward_qwen_scorer INFO: Prefix 4/16 (end=16, n_frames=5/17): reward=-19.6250 (mean, 1 tok)
2026-04-29 19:33:41,799 mme_vla_suite.pseudo_labeling.topreward_qwen_scorer INFO: Prefix 5/16 (end=20, n_frames=6/21): reward=-19.7500 (mean, 1 tok)
2026-04-29 19:33:48,268 mme_vla_suite.pseudo_labeling.topreward_qwen_scorer INFO: Prefix 6/16 (end=24, n_frames=8/25): reward=-19.3750 (mean, 1 tok)
2026-04-29 19:33:54,746 mme_vla_suite.pseudo_labeling.topreward_qwen_scorer INFO: Prefix 7/16 (end=27, n_frames=8/28): reward=-19.8750 (mean, 1 tok)
2026-04-29 19:34:01,213 mme_vla_suite.pseudo_labeling.topreward_qwen_scorer INFO: Prefix 8/16 (end=31, n_frames=10/32): reward=-18.8750 (mean, 1 tok)
2026-04-29 19:34:07,688 mme_vla_suite.pseudo_labeling.topreward_qwen_scorer INFO: Prefix 9/16 (end=34, n_frames=10/35): reward=-19.0000 (mean, 1 tok)
2026-04-29 19:34:14,187 mme_vla_suite.pseudo_labeling.topreward_qwen_scorer INFO: Prefix 10/16 (end=38, n_frames=12/39): reward=-19.2500 (mean, 1 tok)
2026-04-29 19:34:20,663 mme_vla_suite.pseudo_labeling.topreward_qwen_scorer INFO: Prefix 11/16 (end=42, n_frames=13/43): reward=-19.5000 (mean, 1 tok)
2026-04-29 19:34:27,134 mme_vla_suite.pseudo_labeling.topreward_qwen_scorer INFO: Prefix 12/16 (end=45, n_frames=14/46): reward=-19.5000 (mean, 1 tok)
2026-04-29 19:34:33,620 mme_vla_suite.pseudo_labeling.topreward_qwen_scorer INFO: Prefix 13/16 (end=49, n_frames=15/50): reward=-18.7500 (mean, 1 tok)
2026-04-29 19:34:40,125 mme_vla_suite.pseudo_labeling.topreward_qwen_scorer INFO: Prefix 14/16 (end=52, n_frames=16/53): reward=-18.6250 (mean, 1 tok)
2026-04-29 19:34:46,660 mme_vla_suite.pseudo_labeling.topreward_qwen_scorer INFO: Prefix 15/16 (end=56, n_frames=17/57): reward=-18.1250 (mean, 1 tok)
2026-04-29 19:34:53,188 mme_vla_suite.pseudo_labeling.topreward_qwen_scorer INFO: Prefix 16/16 (end=60, n_frames=18/61): reward=-18.0000 (mean, 1 tok)
2026-04-29 19:35:00,929 mme_vla_suite.pseudo_labeling.topreward_qwen_scorer INFO: Prefix 1/16 (end=9, n_frames=4/10): reward=-20.5000 (mean, 1 tok)
2026-04-29 19:35:07,369 mme_vla_suite.pseudo_labeling.topreward_qwen_scorer INFO: Prefix 2/16 (end=14, n_frames=4/15): reward=-20.3750 (mean, 1 tok)
2026-04-29 19:35:13,851 mme_vla_suite.pseudo_labeling.topreward_qwen_scorer INFO: Prefix 3/16 (end=20, n_frames=6/21): reward=-19.7500 (mean, 1 tok)
2026-04-29 19:35:20,301 mme_vla_suite.pseudo_labeling.topreward_qwen_scorer INFO: Prefix 4/16 (end=26, n_frames=8/27): reward=-19.7500 (mean, 1 tok)
2026-04-29 19:35:26,793 mme_vla_suite.pseudo_labeling.topreward_qwen_scorer INFO: Prefix 5/16 (end=32, n_frames=10/33): reward=-18.8750 (mean, 1 tok)
2026-04-29 19:35:33,270 mme_vla_suite.pseudo_labeling.topreward_qwen_scorer INFO: Prefix 6/16 (end=38, n_frames=12/39): reward=-19.2500 (mean, 1 tok)
2026-04-29 19:35:39,765 mme_vla_suite.pseudo_labeling.topreward_qwen_scorer INFO: Prefix 7/16 (end=44, n_frames=14/45): reward=-20.1250 (mean, 1 tok)
2026-04-29 19:35:46,245 mme_vla_suite.pseudo_labeling.topreward_qwen_scorer INFO: Prefix 8/16 (end=50, n_frames=15/51): reward=-19.6250 (mean, 1 tok)
2026-04-29 19:35:52,759 mme_vla_suite.pseudo_labeling.topreward_qwen_scorer INFO: Prefix 9/16 (end=56, n_frames=17/57): reward=-18.1250 (mean, 1 tok)
2026-04-29 19:35:59,266 mme_vla_suite.pseudo_labeling.topreward_qwen_scorer INFO: Prefix 10/16 (end=62, n_frames=19/63): reward=-18.7500 (mean, 1 tok)
2026-04-29 19:36:05,784 mme_vla_suite.pseudo_labeling.topreward_qwen_scorer INFO: Prefix 11/16 (end=68, n_frames=21/69): reward=-19.3750 (mean, 1 tok)
2026-04-29 19:36:12,283 mme_vla_suite.pseudo_labeling.topreward_qwen_scorer INFO: Prefix 12/16 (end=74, n_frames=22/75): reward=-18.7500 (mean, 1 tok)
2026-04-29 19:36:18,859 mme_vla_suite.pseudo_labeling.topreward_qwen_scorer INFO: Prefix 13/16 (end=80, n_frames=24/81): reward=-17.5000 (mean, 1 tok)
2026-04-29 19:36:25,485 mme_vla_suite.pseudo_labeling.topreward_qwen_scorer INFO: Prefix 14/16 (end=86, n_frames=26/87): reward=-18.3750 (mean, 1 tok)
2026-04-29 19:36:32,096 mme_vla_suite.pseudo_labeling.topreward_qwen_scorer INFO: Prefix 15/16 (end=92, n_frames=28/93): reward=-18.5000 (mean, 1 tok)
2026-04-29 19:36:38,648 mme_vla_suite.pseudo_labeling.topreward_qwen_scorer INFO: Prefix 16/16 (end=98, n_frames=30/99): reward=-17.8750 (mean, 1 tok)
