/coc/testnvme/shalbe3/miniconda/envs/robomme/lib/python3.11/site-packages/torch/cuda/__init__.py:63: FutureWarning: The pynvml package is deprecated. Please install nvidia-ml-py instead. If you did not install pynvml directly, please report this to the maintainers of the package that installed pynvml for you.
  import pynvml  # type: ignore[import]
`torch_dtype` is deprecated! Use `dtype` instead!
You are attempting to use Flash Attention 2 without specifying a torch dtype. This might lead to unexpected behaviour
2026-04-30 00:59:13,372 mme_vla_suite.pseudo_labeling.topreward_qwen_scorer WARNING: flash_attention_2 unavailable (/coc/testnvme/shalbe3/miniconda/envs/robomme/lib/python3.11/site-packages/flash_attn_2_cuda.cpython-311-x86_64-linux-gnu.so: undefined symbol: _ZNK3c106SymInt6sym_neERKS0_), using default attention
Loading checkpoint shards:   0%|          | 0/4 [00:00<?, ?it/s]Loading checkpoint shards:  25%|██▌       | 1/4 [00:15<00:45, 15.00s/it]Loading checkpoint shards:  50%|█████     | 2/4 [00:29<00:29, 14.72s/it]Loading checkpoint shards:  75%|███████▌  | 3/4 [00:44<00:14, 14.87s/it]Loading checkpoint shards: 100%|██████████| 4/4 [00:52<00:00, 12.17s/it]Loading checkpoint shards: 100%|██████████| 4/4 [00:52<00:00, 13.15s/it]
Asked to sample `fps` frames per second but no video metadata was provided which is required when sampling with `fps`. Defaulting to `fps=24`. Please provide `video_metadata` for more accurate results.
2026-04-30 01:00:16,207 mme_vla_suite.pseudo_labeling.topreward_qwen_scorer INFO: Prefix 1/8 (end=12, n_frames=4/13): reward=-18.3750 (mean, 1 tok)
2026-04-30 01:00:23,228 mme_vla_suite.pseudo_labeling.topreward_qwen_scorer INFO: Prefix 2/8 (end=28, n_frames=6/29): reward=-20.7500 (mean, 1 tok)
2026-04-30 01:00:30,113 mme_vla_suite.pseudo_labeling.topreward_qwen_scorer INFO: Prefix 3/8 (end=44, n_frames=9/45): reward=-19.0000 (mean, 1 tok)
2026-04-30 01:00:37,047 mme_vla_suite.pseudo_labeling.topreward_qwen_scorer INFO: Prefix 4/8 (end=60, n_frames=12/61): reward=-19.0000 (mean, 1 tok)
2026-04-30 01:00:44,034 mme_vla_suite.pseudo_labeling.topreward_qwen_scorer INFO: Prefix 5/8 (end=76, n_frames=15/77): reward=-18.6250 (mean, 1 tok)
2026-04-30 01:00:51,166 mme_vla_suite.pseudo_labeling.topreward_qwen_scorer INFO: Prefix 6/8 (end=92, n_frames=19/93): reward=-18.5000 (mean, 1 tok)
2026-04-30 01:00:58,182 mme_vla_suite.pseudo_labeling.topreward_qwen_scorer INFO: Prefix 7/8 (end=108, n_frames=22/109): reward=-18.8750 (mean, 1 tok)
2026-04-30 01:01:05,212 mme_vla_suite.pseudo_labeling.topreward_qwen_scorer INFO: Prefix 8/8 (end=124, n_frames=25/125): reward=-17.8750 (mean, 1 tok)
2026-04-30 01:01:13,235 mme_vla_suite.pseudo_labeling.topreward_qwen_scorer INFO: Prefix 1/8 (end=19, n_frames=4/20): reward=-15.5000 (mean, 1 tok)
2026-04-30 01:01:20,147 mme_vla_suite.pseudo_labeling.topreward_qwen_scorer INFO: Prefix 2/8 (end=44, n_frames=9/45): reward=-14.2500 (mean, 1 tok)
2026-04-30 01:01:27,028 mme_vla_suite.pseudo_labeling.topreward_qwen_scorer INFO: Prefix 3/8 (end=69, n_frames=14/70): reward=-14.8750 (mean, 1 tok)
2026-04-30 01:01:33,976 mme_vla_suite.pseudo_labeling.topreward_qwen_scorer INFO: Prefix 4/8 (end=94, n_frames=19/95): reward=-12.6250 (mean, 1 tok)
2026-04-30 01:01:41,110 mme_vla_suite.pseudo_labeling.topreward_qwen_scorer INFO: Prefix 5/8 (end=119, n_frames=24/120): reward=-13.0000 (mean, 1 tok)
2026-04-30 01:01:48,190 mme_vla_suite.pseudo_labeling.topreward_qwen_scorer INFO: Prefix 6/8 (end=144, n_frames=29/145): reward=-13.5000 (mean, 1 tok)
2026-04-30 01:01:55,329 mme_vla_suite.pseudo_labeling.topreward_qwen_scorer INFO: Prefix 7/8 (end=169, n_frames=34/170): reward=-12.5000 (mean, 1 tok)
2026-04-30 01:02:02,484 mme_vla_suite.pseudo_labeling.topreward_qwen_scorer INFO: Prefix 8/8 (end=195, n_frames=39/196): reward=-11.5000 (mean, 1 tok)
2026-04-30 01:02:10,352 mme_vla_suite.pseudo_labeling.topreward_qwen_scorer INFO: Prefix 1/8 (end=7, n_frames=4/8): reward=-18.5000 (mean, 1 tok)
slurmstepd: error: *** JOB 3033806 ON omgwth CANCELLED AT 2026-04-30T01:02:15 ***
slurmstepd: error: *** STEP 3033806.0 ON omgwth CANCELLED AT 2026-04-30T01:02:15 ***
