/coc/testnvme/shalbe3/miniconda/envs/robomme/lib/python3.11/site-packages/torch/cuda/__init__.py:63: FutureWarning: The pynvml package is deprecated. Please install nvidia-ml-py instead. If you did not install pynvml directly, please report this to the maintainers of the package that installed pynvml for you.
  import pynvml  # type: ignore[import]
`torch_dtype` is deprecated! Use `dtype` instead!
You are attempting to use Flash Attention 2 without specifying a torch dtype. This might lead to unexpected behaviour
2026-04-30 00:59:11,107 mme_vla_suite.pseudo_labeling.topreward_qwen_scorer WARNING: flash_attention_2 unavailable (/coc/testnvme/shalbe3/miniconda/envs/robomme/lib/python3.11/site-packages/flash_attn_2_cuda.cpython-311-x86_64-linux-gnu.so: undefined symbol: _ZNK3c106SymInt6sym_neERKS0_), using default attention
Loading checkpoint shards:   0%|          | 0/4 [00:00<?, ?it/s]Loading checkpoint shards:  25%|██▌       | 1/4 [00:01<00:03,  1.20s/it]Loading checkpoint shards:  50%|█████     | 2/4 [00:02<00:02,  1.18s/it]Loading checkpoint shards:  75%|███████▌  | 3/4 [00:03<00:01,  1.22s/it]Loading checkpoint shards: 100%|██████████| 4/4 [00:04<00:00,  1.02s/it]Loading checkpoint shards: 100%|██████████| 4/4 [00:04<00:00,  1.09s/it]
Asked to sample `fps` frames per second but no video metadata was provided which is required when sampling with `fps`. Defaulting to `fps=24`. Please provide `video_metadata` for more accurate results.
2026-04-30 00:59:25,218 mme_vla_suite.pseudo_labeling.topreward_qwen_scorer INFO: Prefix 1/8 (end=19, n_frames=4/20): reward=-18.6250 (mean, 1 tok)
2026-04-30 00:59:32,129 mme_vla_suite.pseudo_labeling.topreward_qwen_scorer INFO: Prefix 2/8 (end=43, n_frames=9/44): reward=-17.1250 (mean, 1 tok)
2026-04-30 00:59:39,053 mme_vla_suite.pseudo_labeling.topreward_qwen_scorer INFO: Prefix 3/8 (end=68, n_frames=14/69): reward=-16.1250 (mean, 1 tok)
2026-04-30 00:59:45,998 mme_vla_suite.pseudo_labeling.topreward_qwen_scorer INFO: Prefix 4/8 (end=93, n_frames=19/94): reward=-17.1250 (mean, 1 tok)
2026-04-30 00:59:52,990 mme_vla_suite.pseudo_labeling.topreward_qwen_scorer INFO: Prefix 5/8 (end=118, n_frames=24/119): reward=-16.3750 (mean, 1 tok)
2026-04-30 01:00:00,034 mme_vla_suite.pseudo_labeling.topreward_qwen_scorer INFO: Prefix 6/8 (end=143, n_frames=29/144): reward=-15.0000 (mean, 1 tok)
2026-04-30 01:00:07,080 mme_vla_suite.pseudo_labeling.topreward_qwen_scorer INFO: Prefix 7/8 (end=168, n_frames=34/169): reward=-15.1250 (mean, 1 tok)
2026-04-30 01:00:14,212 mme_vla_suite.pseudo_labeling.topreward_qwen_scorer INFO: Prefix 8/8 (end=193, n_frames=39/194): reward=-14.0000 (mean, 1 tok)
2026-04-30 01:00:22,086 mme_vla_suite.pseudo_labeling.topreward_qwen_scorer INFO: Prefix 1/8 (end=7, n_frames=4/8): reward=-19.7500 (mean, 1 tok)
2026-04-30 01:00:28,923 mme_vla_suite.pseudo_labeling.topreward_qwen_scorer INFO: Prefix 2/8 (end=15, n_frames=4/16): reward=-19.8750 (mean, 1 tok)
2026-04-30 01:00:35,784 mme_vla_suite.pseudo_labeling.topreward_qwen_scorer INFO: Prefix 3/8 (end=24, n_frames=5/25): reward=-20.7500 (mean, 1 tok)
2026-04-30 01:00:42,653 mme_vla_suite.pseudo_labeling.topreward_qwen_scorer INFO: Prefix 4/8 (end=33, n_frames=7/34): reward=-19.0000 (mean, 1 tok)
2026-04-30 01:00:49,499 mme_vla_suite.pseudo_labeling.topreward_qwen_scorer INFO: Prefix 5/8 (end=42, n_frames=9/43): reward=-19.6250 (mean, 1 tok)
2026-04-30 01:00:56,361 mme_vla_suite.pseudo_labeling.topreward_qwen_scorer INFO: Prefix 6/8 (end=51, n_frames=10/52): reward=-18.7500 (mean, 1 tok)
2026-04-30 01:01:03,239 mme_vla_suite.pseudo_labeling.topreward_qwen_scorer INFO: Prefix 7/8 (end=60, n_frames=12/61): reward=-20.5000 (mean, 1 tok)
2026-04-30 01:01:10,129 mme_vla_suite.pseudo_labeling.topreward_qwen_scorer INFO: Prefix 8/8 (end=69, n_frames=14/70): reward=-20.0000 (mean, 1 tok)
2026-04-30 01:01:17,964 mme_vla_suite.pseudo_labeling.topreward_qwen_scorer INFO: Prefix 1/8 (end=8, n_frames=4/9): reward=-19.5000 (mean, 1 tok)
2026-04-30 01:01:24,811 mme_vla_suite.pseudo_labeling.topreward_qwen_scorer INFO: Prefix 2/8 (end=19, n_frames=4/20): reward=-19.8750 (mean, 1 tok)
2026-04-30 01:01:31,655 mme_vla_suite.pseudo_labeling.topreward_qwen_scorer INFO: Prefix 3/8 (end=30, n_frames=6/31): reward=-20.1250 (mean, 1 tok)
2026-04-30 01:01:38,513 mme_vla_suite.pseudo_labeling.topreward_qwen_scorer INFO: Prefix 4/8 (end=41, n_frames=8/42): reward=-18.7500 (mean, 1 tok)
2026-04-30 01:01:45,391 mme_vla_suite.pseudo_labeling.topreward_qwen_scorer INFO: Prefix 5/8 (end=53, n_frames=11/54): reward=-19.3750 (mean, 1 tok)
2026-04-30 01:01:52,279 mme_vla_suite.pseudo_labeling.topreward_qwen_scorer INFO: Prefix 6/8 (end=64, n_frames=13/65): reward=-19.8750 (mean, 1 tok)
2026-04-30 01:01:59,182 mme_vla_suite.pseudo_labeling.topreward_qwen_scorer INFO: Prefix 7/8 (end=75, n_frames=15/76): reward=-19.3750 (mean, 1 tok)
2026-04-30 01:02:06,079 mme_vla_suite.pseudo_labeling.topreward_qwen_scorer INFO: Prefix 8/8 (end=87, n_frames=18/88): reward=-19.6250 (mean, 1 tok)
2026-04-30 01:02:13,696 mme_vla_suite.pseudo_labeling.topreward_qwen_scorer INFO: Prefix 1/8 (end=11, n_frames=4/12): reward=-18.8750 (mean, 1 tok)
slurmstepd: error: *** STEP 3033811.0 ON spd-13 CANCELLED AT 2026-04-30T01:02:15 ***
slurmstepd: error: *** JOB 3033811 ON spd-13 CANCELLED AT 2026-04-30T01:02:15 ***
