/coc/testnvme/shalbe3/miniconda/envs/robomme/lib/python3.11/site-packages/torch/cuda/__init__.py:63: FutureWarning: The pynvml package is deprecated. Please install nvidia-ml-py instead. If you did not install pynvml directly, please report this to the maintainers of the package that installed pynvml for you.
  import pynvml  # type: ignore[import]
`torch_dtype` is deprecated! Use `dtype` instead!
You are attempting to use Flash Attention 2 without specifying a torch dtype. This might lead to unexpected behaviour
2026-04-30 00:37:22,911 mme_vla_suite.pseudo_labeling.topreward_qwen_scorer WARNING: flash_attention_2 unavailable (/coc/testnvme/shalbe3/miniconda/envs/robomme/lib/python3.11/site-packages/flash_attn_2_cuda.cpython-311-x86_64-linux-gnu.so: undefined symbol: _ZNK3c106SymInt6sym_neERKS0_), using default attention
Loading checkpoint shards:   0%|          | 0/4 [00:00<?, ?it/s]Loading checkpoint shards:  25%|██▌       | 1/4 [00:09<00:27,  9.12s/it]Loading checkpoint shards:  50%|█████     | 2/4 [00:19<00:19,  9.71s/it]Loading checkpoint shards:  75%|███████▌  | 3/4 [00:28<00:09,  9.54s/it]Loading checkpoint shards: 100%|██████████| 4/4 [00:33<00:00,  7.77s/it]Loading checkpoint shards: 100%|██████████| 4/4 [00:33<00:00,  8.41s/it]
Asked to sample `fps` frames per second but no video metadata was provided which is required when sampling with `fps`. Defaulting to `fps=24`. Please provide `video_metadata` for more accurate results.
2026-04-30 00:38:06,772 mme_vla_suite.pseudo_labeling.topreward_qwen_scorer INFO: Prefix 1/8 (end=4, n_frames=4/5): reward=-19.7500 (mean, 1 tok)
2026-04-30 00:38:13,800 mme_vla_suite.pseudo_labeling.topreward_qwen_scorer INFO: Prefix 2/8 (end=9, n_frames=4/10): reward=-19.1250 (mean, 1 tok)
2026-04-30 00:38:20,960 mme_vla_suite.pseudo_labeling.topreward_qwen_scorer INFO: Prefix 3/8 (end=14, n_frames=4/15): reward=-17.6250 (mean, 1 tok)
2026-04-30 00:38:28,049 mme_vla_suite.pseudo_labeling.topreward_qwen_scorer INFO: Prefix 4/8 (end=19, n_frames=4/20): reward=-16.7500 (mean, 1 tok)
2026-04-30 00:38:35,022 mme_vla_suite.pseudo_labeling.topreward_qwen_scorer INFO: Prefix 5/8 (end=24, n_frames=5/25): reward=-17.1250 (mean, 1 tok)
2026-04-30 00:38:42,010 mme_vla_suite.pseudo_labeling.topreward_qwen_scorer INFO: Prefix 6/8 (end=29, n_frames=6/30): reward=-17.1250 (mean, 1 tok)
2026-04-30 00:38:48,870 mme_vla_suite.pseudo_labeling.topreward_qwen_scorer INFO: Prefix 7/8 (end=34, n_frames=7/35): reward=-17.3750 (mean, 1 tok)
2026-04-30 00:38:55,750 mme_vla_suite.pseudo_labeling.topreward_qwen_scorer INFO: Prefix 8/8 (end=40, n_frames=8/41): reward=-17.1250 (mean, 1 tok)
2026-04-30 00:39:03,444 mme_vla_suite.pseudo_labeling.topreward_qwen_scorer INFO: Prefix 1/8 (end=4, n_frames=4/5): reward=-21.1250 (mean, 1 tok)
2026-04-30 00:39:10,295 mme_vla_suite.pseudo_labeling.topreward_qwen_scorer INFO: Prefix 2/8 (end=7, n_frames=4/8): reward=-21.1250 (mean, 1 tok)
2026-04-30 00:39:17,188 mme_vla_suite.pseudo_labeling.topreward_qwen_scorer INFO: Prefix 3/8 (end=10, n_frames=4/11): reward=-20.7500 (mean, 1 tok)
2026-04-30 00:39:24,056 mme_vla_suite.pseudo_labeling.topreward_qwen_scorer INFO: Prefix 4/8 (end=13, n_frames=4/14): reward=-18.2500 (mean, 1 tok)
2026-04-30 00:39:30,959 mme_vla_suite.pseudo_labeling.topreward_qwen_scorer INFO: Prefix 5/8 (end=16, n_frames=4/17): reward=-17.6250 (mean, 1 tok)
2026-04-30 00:39:37,840 mme_vla_suite.pseudo_labeling.topreward_qwen_scorer INFO: Prefix 6/8 (end=19, n_frames=4/20): reward=-18.2500 (mean, 1 tok)
2026-04-30 00:39:44,759 mme_vla_suite.pseudo_labeling.topreward_qwen_scorer INFO: Prefix 7/8 (end=22, n_frames=5/23): reward=-18.2500 (mean, 1 tok)
2026-04-30 00:39:51,708 mme_vla_suite.pseudo_labeling.topreward_qwen_scorer INFO: Prefix 8/8 (end=26, n_frames=5/27): reward=-18.5000 (mean, 1 tok)
2026-04-30 00:39:59,365 mme_vla_suite.pseudo_labeling.topreward_qwen_scorer INFO: Prefix 1/8 (end=4, n_frames=4/5): reward=-22.5000 (mean, 1 tok)
2026-04-30 00:40:06,265 mme_vla_suite.pseudo_labeling.topreward_qwen_scorer INFO: Prefix 2/8 (end=9, n_frames=4/10): reward=-21.7500 (mean, 1 tok)
2026-04-30 00:40:13,153 mme_vla_suite.pseudo_labeling.topreward_qwen_scorer INFO: Prefix 3/8 (end=15, n_frames=4/16): reward=-21.3750 (mean, 1 tok)
2026-04-30 00:40:20,057 mme_vla_suite.pseudo_labeling.topreward_qwen_scorer INFO: Prefix 4/8 (end=21, n_frames=4/22): reward=-20.1250 (mean, 1 tok)
2026-04-30 00:40:27,079 mme_vla_suite.pseudo_labeling.topreward_qwen_scorer INFO: Prefix 5/8 (end=26, n_frames=5/27): reward=-19.3750 (mean, 1 tok)
2026-04-30 00:40:34,120 mme_vla_suite.pseudo_labeling.topreward_qwen_scorer INFO: Prefix 6/8 (end=32, n_frames=7/33): reward=-20.0000 (mean, 1 tok)
2026-04-30 00:40:41,200 mme_vla_suite.pseudo_labeling.topreward_qwen_scorer INFO: Prefix 7/8 (end=38, n_frames=8/39): reward=-19.7500 (mean, 1 tok)
2026-04-30 00:40:48,235 mme_vla_suite.pseudo_labeling.topreward_qwen_scorer INFO: Prefix 8/8 (end=44, n_frames=9/45): reward=-20.8750 (mean, 1 tok)
2026-04-30 00:40:59,144 mme_vla_suite.pseudo_labeling.topreward_qwen_scorer INFO: Prefix 1/8 (end=4, n_frames=4/5): reward=-21.7500 (mean, 1 tok)
2026-04-30 00:41:06,062 mme_vla_suite.pseudo_labeling.topreward_qwen_scorer INFO: Prefix 2/8 (end=7, n_frames=4/8): reward=-20.2500 (mean, 1 tok)
2026-04-30 00:41:13,154 mme_vla_suite.pseudo_labeling.topreward_qwen_scorer INFO: Prefix 3/8 (end=10, n_frames=4/11): reward=-20.3750 (mean, 1 tok)
2026-04-30 00:41:20,089 mme_vla_suite.pseudo_labeling.topreward_qwen_scorer INFO: Prefix 4/8 (end=13, n_frames=4/14): reward=-20.0000 (mean, 1 tok)
2026-04-30 00:41:26,995 mme_vla_suite.pseudo_labeling.topreward_qwen_scorer INFO: Prefix 5/8 (end=16, n_frames=4/17): reward=-18.6250 (mean, 1 tok)
2026-04-30 00:41:33,962 mme_vla_suite.pseudo_labeling.topreward_qwen_scorer INFO: Prefix 6/8 (end=19, n_frames=4/20): reward=-18.7500 (mean, 1 tok)
2026-04-30 00:41:41,288 mme_vla_suite.pseudo_labeling.topreward_qwen_scorer INFO: Prefix 7/8 (end=22, n_frames=5/23): reward=-18.7500 (mean, 1 tok)
slurmstepd: error: *** STEP 3033747.0 ON spd-13 CANCELLED AT 2026-04-30T00:41:45 ***
slurmstepd: error: *** JOB 3033747 ON spd-13 CANCELLED AT 2026-04-30T00:41:45 ***
