/coc/testnvme/shalbe3/miniconda/envs/robomme/lib/python3.11/site-packages/torch/cuda/__init__.py:63: FutureWarning: The pynvml package is deprecated. Please install nvidia-ml-py instead. If you did not install pynvml directly, please report this to the maintainers of the package that installed pynvml for you.
  import pynvml  # type: ignore[import]
`torch_dtype` is deprecated! Use `dtype` instead!
You are attempting to use Flash Attention 2 without specifying a torch dtype. This might lead to unexpected behaviour
2026-04-30 00:59:13,568 mme_vla_suite.pseudo_labeling.topreward_qwen_scorer WARNING: flash_attention_2 unavailable (/coc/testnvme/shalbe3/miniconda/envs/robomme/lib/python3.11/site-packages/flash_attn_2_cuda.cpython-311-x86_64-linux-gnu.so: undefined symbol: _ZNK3c106SymInt6sym_neERKS0_), using default attention
Loading checkpoint shards:   0%|          | 0/4 [00:00<?, ?it/s]Loading checkpoint shards:  25%|██▌       | 1/4 [00:01<00:03,  1.12s/it]Loading checkpoint shards:  50%|█████     | 2/4 [00:02<00:02,  1.07s/it]Loading checkpoint shards:  75%|███████▌  | 3/4 [00:03<00:01,  1.08s/it]Loading checkpoint shards: 100%|██████████| 4/4 [00:03<00:00,  1.11it/s]Loading checkpoint shards: 100%|██████████| 4/4 [00:03<00:00,  1.03it/s]
Asked to sample `fps` frames per second but no video metadata was provided which is required when sampling with `fps`. Defaulting to `fps=24`. Please provide `video_metadata` for more accurate results.
2026-04-30 00:59:27,022 mme_vla_suite.pseudo_labeling.topreward_qwen_scorer INFO: Prefix 1/8 (end=17, n_frames=4/18): reward=-20.7500 (mean, 1 tok)
2026-04-30 00:59:33,928 mme_vla_suite.pseudo_labeling.topreward_qwen_scorer INFO: Prefix 2/8 (end=40, n_frames=8/41): reward=-16.1250 (mean, 1 tok)
2026-04-30 00:59:40,860 mme_vla_suite.pseudo_labeling.topreward_qwen_scorer INFO: Prefix 3/8 (end=63, n_frames=13/64): reward=-15.7500 (mean, 1 tok)
2026-04-30 00:59:47,803 mme_vla_suite.pseudo_labeling.topreward_qwen_scorer INFO: Prefix 4/8 (end=86, n_frames=17/87): reward=-15.3750 (mean, 1 tok)
2026-04-30 00:59:54,772 mme_vla_suite.pseudo_labeling.topreward_qwen_scorer INFO: Prefix 5/8 (end=109, n_frames=22/110): reward=-16.5000 (mean, 1 tok)
2026-04-30 01:00:01,817 mme_vla_suite.pseudo_labeling.topreward_qwen_scorer INFO: Prefix 6/8 (end=132, n_frames=27/133): reward=-15.0000 (mean, 1 tok)
2026-04-30 01:00:08,881 mme_vla_suite.pseudo_labeling.topreward_qwen_scorer INFO: Prefix 7/8 (end=155, n_frames=31/156): reward=-14.5000 (mean, 1 tok)
2026-04-30 01:00:15,992 mme_vla_suite.pseudo_labeling.topreward_qwen_scorer INFO: Prefix 8/8 (end=178, n_frames=36/179): reward=-14.2500 (mean, 1 tok)
2026-04-30 01:00:23,754 mme_vla_suite.pseudo_labeling.topreward_qwen_scorer INFO: Prefix 1/8 (end=4, n_frames=4/5): reward=-18.8750 (mean, 1 tok)
2026-04-30 01:00:30,595 mme_vla_suite.pseudo_labeling.topreward_qwen_scorer INFO: Prefix 2/8 (end=8, n_frames=4/9): reward=-18.3750 (mean, 1 tok)
2026-04-30 01:00:37,427 mme_vla_suite.pseudo_labeling.topreward_qwen_scorer INFO: Prefix 3/8 (end=12, n_frames=4/13): reward=-18.0000 (mean, 1 tok)
2026-04-30 01:00:44,268 mme_vla_suite.pseudo_labeling.topreward_qwen_scorer INFO: Prefix 4/8 (end=16, n_frames=4/17): reward=-17.6250 (mean, 1 tok)
2026-04-30 01:00:51,101 mme_vla_suite.pseudo_labeling.topreward_qwen_scorer INFO: Prefix 5/8 (end=21, n_frames=4/22): reward=-17.6250 (mean, 1 tok)
2026-04-30 01:00:57,953 mme_vla_suite.pseudo_labeling.topreward_qwen_scorer INFO: Prefix 6/8 (end=25, n_frames=5/26): reward=-17.0000 (mean, 1 tok)
2026-04-30 01:01:04,789 mme_vla_suite.pseudo_labeling.topreward_qwen_scorer INFO: Prefix 7/8 (end=29, n_frames=6/30): reward=-17.6250 (mean, 1 tok)
2026-04-30 01:01:11,642 mme_vla_suite.pseudo_labeling.topreward_qwen_scorer INFO: Prefix 8/8 (end=34, n_frames=7/35): reward=-19.5000 (mean, 1 tok)
2026-04-30 01:01:18,986 mme_vla_suite.pseudo_labeling.topreward_qwen_scorer INFO: Prefix 1/8 (end=4, n_frames=4/5): reward=-20.0000 (mean, 1 tok)
2026-04-30 01:01:25,806 mme_vla_suite.pseudo_labeling.topreward_qwen_scorer INFO: Prefix 2/8 (end=8, n_frames=4/9): reward=-18.5000 (mean, 1 tok)
2026-04-30 01:01:32,651 mme_vla_suite.pseudo_labeling.topreward_qwen_scorer INFO: Prefix 3/8 (end=13, n_frames=4/14): reward=-18.7500 (mean, 1 tok)
2026-04-30 01:01:39,489 mme_vla_suite.pseudo_labeling.topreward_qwen_scorer INFO: Prefix 4/8 (end=18, n_frames=4/19): reward=-16.8750 (mean, 1 tok)
2026-04-30 01:01:46,346 mme_vla_suite.pseudo_labeling.topreward_qwen_scorer INFO: Prefix 5/8 (end=22, n_frames=5/23): reward=-17.7500 (mean, 1 tok)
2026-04-30 01:01:53,210 mme_vla_suite.pseudo_labeling.topreward_qwen_scorer INFO: Prefix 6/8 (end=27, n_frames=6/28): reward=-18.2500 (mean, 1 tok)
2026-04-30 01:02:00,084 mme_vla_suite.pseudo_labeling.topreward_qwen_scorer INFO: Prefix 7/8 (end=32, n_frames=7/33): reward=-18.5000 (mean, 1 tok)
2026-04-30 01:02:06,931 mme_vla_suite.pseudo_labeling.topreward_qwen_scorer INFO: Prefix 8/8 (end=37, n_frames=8/38): reward=-18.6250 (mean, 1 tok)
2026-04-30 01:02:14,497 mme_vla_suite.pseudo_labeling.topreward_qwen_scorer INFO: Prefix 1/8 (end=4, n_frames=4/5): reward=-20.0000 (mean, 1 tok)
slurmstepd: error: *** STEP 3033810.0 ON spd-13 CANCELLED AT 2026-04-30T01:02:15 ***
slurmstepd: error: *** JOB 3033810 ON spd-13 CANCELLED AT 2026-04-30T01:02:15 ***
