/coc/testnvme/shalbe3/miniconda/envs/robomme/lib/python3.11/site-packages/torch/cuda/__init__.py:63: FutureWarning: The pynvml package is deprecated. Please install nvidia-ml-py instead. If you did not install pynvml directly, please report this to the maintainers of the package that installed pynvml for you.
  import pynvml  # type: ignore[import]
`torch_dtype` is deprecated! Use `dtype` instead!
You are attempting to use Flash Attention 2 without specifying a torch dtype. This might lead to unexpected behaviour
2026-04-30 00:43:00,523 mme_vla_suite.pseudo_labeling.topreward_qwen_scorer WARNING: flash_attention_2 unavailable (/coc/testnvme/shalbe3/miniconda/envs/robomme/lib/python3.11/site-packages/flash_attn_2_cuda.cpython-311-x86_64-linux-gnu.so: undefined symbol: _ZNK3c106SymInt6sym_neERKS0_), using default attention
Loading checkpoint shards:   0%|          | 0/4 [00:00<?, ?it/s]Loading checkpoint shards:  25%|██▌       | 1/4 [00:01<00:04,  1.54s/it]Loading checkpoint shards:  50%|█████     | 2/4 [00:02<00:02,  1.27s/it]Loading checkpoint shards:  75%|███████▌  | 3/4 [00:03<00:01,  1.19s/it]Loading checkpoint shards: 100%|██████████| 4/4 [00:04<00:00,  1.02it/s]Loading checkpoint shards: 100%|██████████| 4/4 [00:04<00:00,  1.09s/it]
Asked to sample `fps` frames per second but no video metadata was provided which is required when sampling with `fps`. Defaulting to `fps=24`. Please provide `video_metadata` for more accurate results.
2026-04-30 00:43:14,828 mme_vla_suite.pseudo_labeling.topreward_qwen_scorer INFO: Prefix 1/8 (end=17, n_frames=4/18): reward=-24.7500 (mean, 1 tok)
2026-04-30 00:43:21,540 mme_vla_suite.pseudo_labeling.topreward_qwen_scorer INFO: Prefix 2/8 (end=40, n_frames=8/41): reward=-24.0000 (mean, 1 tok)
2026-04-30 00:43:28,284 mme_vla_suite.pseudo_labeling.topreward_qwen_scorer INFO: Prefix 3/8 (end=63, n_frames=13/64): reward=-24.5000 (mean, 1 tok)
2026-04-30 00:43:35,066 mme_vla_suite.pseudo_labeling.topreward_qwen_scorer INFO: Prefix 4/8 (end=86, n_frames=17/87): reward=-25.2500 (mean, 1 tok)
2026-04-30 00:43:42,004 mme_vla_suite.pseudo_labeling.topreward_qwen_scorer INFO: Prefix 5/8 (end=109, n_frames=22/110): reward=-24.5000 (mean, 1 tok)
2026-04-30 00:43:49,011 mme_vla_suite.pseudo_labeling.topreward_qwen_scorer INFO: Prefix 6/8 (end=132, n_frames=27/133): reward=-24.3750 (mean, 1 tok)
2026-04-30 00:43:55,887 mme_vla_suite.pseudo_labeling.topreward_qwen_scorer INFO: Prefix 7/8 (end=155, n_frames=31/156): reward=-22.2500 (mean, 1 tok)
2026-04-30 00:44:02,800 mme_vla_suite.pseudo_labeling.topreward_qwen_scorer INFO: Prefix 8/8 (end=178, n_frames=36/179): reward=-18.1250 (mean, 1 tok)
2026-04-30 00:44:10,368 mme_vla_suite.pseudo_labeling.topreward_qwen_scorer INFO: Prefix 1/8 (end=4, n_frames=4/5): reward=-20.6250 (mean, 1 tok)
2026-04-30 00:44:17,030 mme_vla_suite.pseudo_labeling.topreward_qwen_scorer INFO: Prefix 2/8 (end=10, n_frames=4/11): reward=-19.5000 (mean, 1 tok)
2026-04-30 00:44:23,698 mme_vla_suite.pseudo_labeling.topreward_qwen_scorer INFO: Prefix 3/8 (end=16, n_frames=4/17): reward=-21.2500 (mean, 1 tok)
2026-04-30 00:44:30,441 mme_vla_suite.pseudo_labeling.topreward_qwen_scorer INFO: Prefix 4/8 (end=22, n_frames=5/23): reward=-21.5000 (mean, 1 tok)
2026-04-30 00:44:37,089 mme_vla_suite.pseudo_labeling.topreward_qwen_scorer INFO: Prefix 5/8 (end=28, n_frames=6/29): reward=-21.0000 (mean, 1 tok)
2026-04-30 00:44:43,757 mme_vla_suite.pseudo_labeling.topreward_qwen_scorer INFO: Prefix 6/8 (end=34, n_frames=7/35): reward=-21.6250 (mean, 1 tok)
2026-04-30 00:44:50,448 mme_vla_suite.pseudo_labeling.topreward_qwen_scorer INFO: Prefix 7/8 (end=40, n_frames=8/41): reward=-22.0000 (mean, 1 tok)
2026-04-30 00:44:57,136 mme_vla_suite.pseudo_labeling.topreward_qwen_scorer INFO: Prefix 8/8 (end=46, n_frames=9/47): reward=-19.5000 (mean, 1 tok)
2026-04-30 00:45:04,571 mme_vla_suite.pseudo_labeling.topreward_qwen_scorer INFO: Prefix 1/8 (end=9, n_frames=4/10): reward=-25.7500 (mean, 1 tok)
2026-04-30 00:45:11,242 mme_vla_suite.pseudo_labeling.topreward_qwen_scorer INFO: Prefix 2/8 (end=21, n_frames=4/22): reward=-25.5000 (mean, 1 tok)
2026-04-30 00:45:17,919 mme_vla_suite.pseudo_labeling.topreward_qwen_scorer INFO: Prefix 3/8 (end=33, n_frames=7/34): reward=-25.0000 (mean, 1 tok)
2026-04-30 00:45:24,615 mme_vla_suite.pseudo_labeling.topreward_qwen_scorer INFO: Prefix 4/8 (end=46, n_frames=9/47): reward=-24.3750 (mean, 1 tok)
2026-04-30 00:45:31,319 mme_vla_suite.pseudo_labeling.topreward_qwen_scorer INFO: Prefix 5/8 (end=58, n_frames=12/59): reward=-24.0000 (mean, 1 tok)
2026-04-30 00:45:38,189 mme_vla_suite.pseudo_labeling.topreward_qwen_scorer INFO: Prefix 6/8 (end=71, n_frames=14/72): reward=-24.7500 (mean, 1 tok)
2026-04-30 00:45:45,080 mme_vla_suite.pseudo_labeling.topreward_qwen_scorer INFO: Prefix 7/8 (end=83, n_frames=17/84): reward=-23.5000 (mean, 1 tok)
2026-04-30 00:45:51,860 mme_vla_suite.pseudo_labeling.topreward_qwen_scorer INFO: Prefix 8/8 (end=96, n_frames=19/97): reward=-18.7500 (mean, 1 tok)
2026-04-30 00:45:59,364 mme_vla_suite.pseudo_labeling.topreward_qwen_scorer INFO: Prefix 1/8 (end=10, n_frames=4/11): reward=-25.8750 (mean, 1 tok)
2026-04-30 00:46:06,039 mme_vla_suite.pseudo_labeling.topreward_qwen_scorer INFO: Prefix 2/8 (end=23, n_frames=5/24): reward=-25.0000 (mean, 1 tok)
2026-04-30 00:46:12,717 mme_vla_suite.pseudo_labeling.topreward_qwen_scorer INFO: Prefix 3/8 (end=37, n_frames=8/38): reward=-25.3750 (mean, 1 tok)
2026-04-30 00:46:19,406 mme_vla_suite.pseudo_labeling.topreward_qwen_scorer INFO: Prefix 4/8 (end=51, n_frames=10/52): reward=-24.5000 (mean, 1 tok)
2026-04-30 00:46:26,106 mme_vla_suite.pseudo_labeling.topreward_qwen_scorer INFO: Prefix 5/8 (end=64, n_frames=13/65): reward=-24.6250 (mean, 1 tok)
2026-04-30 00:46:32,823 mme_vla_suite.pseudo_labeling.topreward_qwen_scorer INFO: Prefix 6/8 (end=78, n_frames=16/79): reward=-25.1250 (mean, 1 tok)
2026-04-30 00:46:39,538 mme_vla_suite.pseudo_labeling.topreward_qwen_scorer INFO: Prefix 7/8 (end=92, n_frames=19/93): reward=-17.8750 (mean, 1 tok)
2026-04-30 00:46:46,347 mme_vla_suite.pseudo_labeling.topreward_qwen_scorer INFO: Prefix 8/8 (end=106, n_frames=21/107): reward=-18.8750 (mean, 1 tok)
2026-04-30 00:46:54,078 mme_vla_suite.pseudo_labeling.topreward_qwen_scorer INFO: Prefix 1/8 (end=9, n_frames=4/10): reward=-24.5000 (mean, 1 tok)
2026-04-30 00:47:00,712 mme_vla_suite.pseudo_labeling.topreward_qwen_scorer INFO: Prefix 2/8 (end=21, n_frames=4/22): reward=-24.5000 (mean, 1 tok)
2026-04-30 00:47:07,380 mme_vla_suite.pseudo_labeling.topreward_qwen_scorer INFO: Prefix 3/8 (end=34, n_frames=7/35): reward=-23.7500 (mean, 1 tok)
2026-04-30 00:47:14,040 mme_vla_suite.pseudo_labeling.topreward_qwen_scorer INFO: Prefix 4/8 (end=47, n_frames=10/48): reward=-23.0000 (mean, 1 tok)
2026-04-30 00:47:20,686 mme_vla_suite.pseudo_labeling.topreward_qwen_scorer INFO: Prefix 5/8 (end=59, n_frames=12/60): reward=-23.3750 (mean, 1 tok)
2026-04-30 00:47:27,524 mme_vla_suite.pseudo_labeling.topreward_qwen_scorer INFO: Prefix 6/8 (end=72, n_frames=15/73): reward=-23.3750 (mean, 1 tok)
2026-04-30 00:47:34,215 mme_vla_suite.pseudo_labeling.topreward_qwen_scorer INFO: Prefix 7/8 (end=85, n_frames=17/86): reward=-23.6250 (mean, 1 tok)
2026-04-30 00:47:40,955 mme_vla_suite.pseudo_labeling.topreward_qwen_scorer INFO: Prefix 8/8 (end=98, n_frames=20/99): reward=-19.7500 (mean, 1 tok)
2026-04-30 00:47:48,349 mme_vla_suite.pseudo_labeling.topreward_qwen_scorer INFO: Prefix 1/8 (end=11, n_frames=4/12): reward=-24.5000 (mean, 1 tok)
2026-04-30 00:47:54,982 mme_vla_suite.pseudo_labeling.topreward_qwen_scorer INFO: Prefix 2/8 (end=25, n_frames=5/26): reward=-24.3750 (mean, 1 tok)
2026-04-30 00:48:01,594 mme_vla_suite.pseudo_labeling.topreward_qwen_scorer INFO: Prefix 3/8 (end=39, n_frames=8/40): reward=-23.5000 (mean, 1 tok)
2026-04-30 00:48:08,246 mme_vla_suite.pseudo_labeling.topreward_qwen_scorer INFO: Prefix 4/8 (end=53, n_frames=11/54): reward=-23.2500 (mean, 1 tok)
2026-04-30 00:48:14,923 mme_vla_suite.pseudo_labeling.topreward_qwen_scorer INFO: Prefix 5/8 (end=67, n_frames=14/68): reward=-23.3750 (mean, 1 tok)
2026-04-30 00:48:21,594 mme_vla_suite.pseudo_labeling.topreward_qwen_scorer INFO: Prefix 6/8 (end=81, n_frames=16/82): reward=-23.8750 (mean, 1 tok)
2026-04-30 00:48:28,308 mme_vla_suite.pseudo_labeling.topreward_qwen_scorer INFO: Prefix 7/8 (end=95, n_frames=19/96): reward=-20.0000 (mean, 1 tok)
2026-04-30 00:48:35,225 mme_vla_suite.pseudo_labeling.topreward_qwen_scorer INFO: Prefix 8/8 (end=110, n_frames=22/111): reward=-19.0000 (mean, 1 tok)
2026-04-30 00:48:42,971 mme_vla_suite.pseudo_labeling.topreward_qwen_scorer INFO: Prefix 1/8 (end=9, n_frames=4/10): reward=-24.2500 (mean, 1 tok)
2026-04-30 00:48:49,730 mme_vla_suite.pseudo_labeling.topreward_qwen_scorer INFO: Prefix 2/8 (end=21, n_frames=4/22): reward=-24.2500 (mean, 1 tok)
2026-04-30 00:48:56,372 mme_vla_suite.pseudo_labeling.topreward_qwen_scorer INFO: Prefix 3/8 (end=33, n_frames=7/34): reward=-24.1250 (mean, 1 tok)
2026-04-30 00:49:03,024 mme_vla_suite.pseudo_labeling.topreward_qwen_scorer INFO: Prefix 4/8 (end=45, n_frames=9/46): reward=-23.3750 (mean, 1 tok)
2026-04-30 00:49:09,654 mme_vla_suite.pseudo_labeling.topreward_qwen_scorer INFO: Prefix 5/8 (end=57, n_frames=12/58): reward=-23.1250 (mean, 1 tok)
2026-04-30 00:49:16,302 mme_vla_suite.pseudo_labeling.topreward_qwen_scorer INFO: Prefix 6/8 (end=69, n_frames=14/70): reward=-24.0000 (mean, 1 tok)
2026-04-30 00:49:22,954 mme_vla_suite.pseudo_labeling.topreward_qwen_scorer INFO: Prefix 7/8 (end=81, n_frames=16/82): reward=-24.1250 (mean, 1 tok)
2026-04-30 00:49:29,628 mme_vla_suite.pseudo_labeling.topreward_qwen_scorer INFO: Prefix 8/8 (end=94, n_frames=19/95): reward=-19.0000 (mean, 1 tok)
2026-04-30 00:49:37,394 mme_vla_suite.pseudo_labeling.topreward_qwen_scorer INFO: Prefix 1/8 (end=10, n_frames=4/11): reward=-24.2500 (mean, 1 tok)
2026-04-30 00:49:44,185 mme_vla_suite.pseudo_labeling.topreward_qwen_scorer INFO: Prefix 2/8 (end=23, n_frames=5/24): reward=-24.0000 (mean, 1 tok)
2026-04-30 00:49:50,940 mme_vla_suite.pseudo_labeling.topreward_qwen_scorer INFO: Prefix 3/8 (end=36, n_frames=7/37): reward=-23.5000 (mean, 1 tok)
2026-04-30 00:49:57,739 mme_vla_suite.pseudo_labeling.topreward_qwen_scorer INFO: Prefix 4/8 (end=49, n_frames=10/50): reward=-23.5000 (mean, 1 tok)
2026-04-30 00:50:04,557 mme_vla_suite.pseudo_labeling.topreward_qwen_scorer INFO: Prefix 5/8 (end=62, n_frames=13/63): reward=-24.1250 (mean, 1 tok)
2026-04-30 00:50:11,216 mme_vla_suite.pseudo_labeling.topreward_qwen_scorer INFO: Prefix 6/8 (end=75, n_frames=15/76): reward=-24.1250 (mean, 1 tok)
2026-04-30 00:50:17,943 mme_vla_suite.pseudo_labeling.topreward_qwen_scorer INFO: Prefix 7/8 (end=88, n_frames=18/89): reward=-20.0000 (mean, 1 tok)
2026-04-30 00:50:24,699 mme_vla_suite.pseudo_labeling.topreward_qwen_scorer INFO: Prefix 8/8 (end=101, n_frames=20/102): reward=-19.6250 (mean, 1 tok)
