/coc/testnvme/shalbe3/miniconda/envs/robomme/lib/python3.11/site-packages/torch/cuda/__init__.py:63: FutureWarning: The pynvml package is deprecated. Please install nvidia-ml-py instead. If you did not install pynvml directly, please report this to the maintainers of the package that installed pynvml for you.
  import pynvml  # type: ignore[import]
`torch_dtype` is deprecated! Use `dtype` instead!
You are attempting to use Flash Attention 2 without specifying a torch dtype. This might lead to unexpected behaviour
2026-04-29 18:54:06,998 mme_vla_suite.pseudo_labeling.topreward_qwen_scorer WARNING: flash_attention_2 unavailable (/coc/testnvme/shalbe3/miniconda/envs/robomme/lib/python3.11/site-packages/flash_attn_2_cuda.cpython-311-x86_64-linux-gnu.so: undefined symbol: _ZNK3c106SymInt6sym_neERKS0_), using default attention
Loading checkpoint shards:   0%|          | 0/4 [00:00<?, ?it/s]Loading checkpoint shards:  25%|██▌       | 1/4 [00:08<00:25,  8.58s/it]Loading checkpoint shards:  50%|█████     | 2/4 [00:17<00:17,  8.59s/it]Loading checkpoint shards:  75%|███████▌  | 3/4 [00:26<00:08,  8.72s/it]Loading checkpoint shards: 100%|██████████| 4/4 [00:30<00:00,  7.16s/it]Loading checkpoint shards: 100%|██████████| 4/4 [00:30<00:00,  7.71s/it]
Asked to sample `fps` frames per second but no video metadata was provided which is required when sampling with `fps`. Defaulting to `fps=24`. Please provide `video_metadata` for more accurate results.
2026-04-29 18:54:48,464 mme_vla_suite.pseudo_labeling.topreward_qwen_scorer INFO: Prefix 1/16 (end=11, n_frames=4/12): reward=-23.2500 (mean, 1 tok)
2026-04-29 18:54:55,353 mme_vla_suite.pseudo_labeling.topreward_qwen_scorer INFO: Prefix 2/16 (end=18, n_frames=6/19): reward=-23.3750 (mean, 1 tok)
2026-04-29 18:55:02,273 mme_vla_suite.pseudo_labeling.topreward_qwen_scorer INFO: Prefix 3/16 (end=25, n_frames=8/26): reward=-23.3750 (mean, 1 tok)
2026-04-29 18:55:09,178 mme_vla_suite.pseudo_labeling.topreward_qwen_scorer INFO: Prefix 4/16 (end=32, n_frames=10/33): reward=-21.6250 (mean, 1 tok)
2026-04-29 18:55:16,108 mme_vla_suite.pseudo_labeling.topreward_qwen_scorer INFO: Prefix 5/16 (end=39, n_frames=12/40): reward=-20.6250 (mean, 1 tok)
2026-04-29 18:55:23,029 mme_vla_suite.pseudo_labeling.topreward_qwen_scorer INFO: Prefix 6/16 (end=46, n_frames=14/47): reward=-20.5000 (mean, 1 tok)
2026-04-29 18:55:29,998 mme_vla_suite.pseudo_labeling.topreward_qwen_scorer INFO: Prefix 7/16 (end=53, n_frames=16/54): reward=-21.2500 (mean, 1 tok)
2026-04-29 18:55:36,949 mme_vla_suite.pseudo_labeling.topreward_qwen_scorer INFO: Prefix 8/16 (end=60, n_frames=18/61): reward=-20.0000 (mean, 1 tok)
2026-04-29 18:55:43,899 mme_vla_suite.pseudo_labeling.topreward_qwen_scorer INFO: Prefix 9/16 (end=67, n_frames=20/68): reward=-20.7500 (mean, 1 tok)
2026-04-29 18:55:50,909 mme_vla_suite.pseudo_labeling.topreward_qwen_scorer INFO: Prefix 10/16 (end=74, n_frames=22/75): reward=-19.3750 (mean, 1 tok)
2026-04-29 18:55:57,872 mme_vla_suite.pseudo_labeling.topreward_qwen_scorer INFO: Prefix 11/16 (end=81, n_frames=25/82): reward=-20.2500 (mean, 1 tok)
2026-04-29 18:56:04,828 mme_vla_suite.pseudo_labeling.topreward_qwen_scorer INFO: Prefix 12/16 (end=88, n_frames=27/89): reward=-19.6250 (mean, 1 tok)
2026-04-29 18:56:11,838 mme_vla_suite.pseudo_labeling.topreward_qwen_scorer INFO: Prefix 13/16 (end=95, n_frames=29/96): reward=-16.7500 (mean, 1 tok)
2026-04-29 18:56:18,818 mme_vla_suite.pseudo_labeling.topreward_qwen_scorer INFO: Prefix 14/16 (end=102, n_frames=31/103): reward=-17.5000 (mean, 1 tok)
2026-04-29 18:56:25,862 mme_vla_suite.pseudo_labeling.topreward_qwen_scorer INFO: Prefix 15/16 (end=109, n_frames=33/110): reward=-18.6250 (mean, 1 tok)
2026-04-29 18:56:32,915 mme_vla_suite.pseudo_labeling.topreward_qwen_scorer INFO: Prefix 16/16 (end=117, n_frames=35/118): reward=-17.7500 (mean, 1 tok)
2026-04-29 18:56:40,786 mme_vla_suite.pseudo_labeling.topreward_qwen_scorer INFO: Prefix 1/16 (end=8, n_frames=4/9): reward=-20.7500 (mean, 1 tok)
2026-04-29 18:56:47,559 mme_vla_suite.pseudo_labeling.topreward_qwen_scorer INFO: Prefix 2/16 (end=12, n_frames=4/13): reward=-20.5000 (mean, 1 tok)
2026-04-29 18:56:54,344 mme_vla_suite.pseudo_labeling.topreward_qwen_scorer INFO: Prefix 3/16 (end=17, n_frames=5/18): reward=-19.7500 (mean, 1 tok)
2026-04-29 18:57:01,099 mme_vla_suite.pseudo_labeling.topreward_qwen_scorer INFO: Prefix 4/16 (end=22, n_frames=7/23): reward=-19.6250 (mean, 1 tok)
2026-04-29 18:57:07,878 mme_vla_suite.pseudo_labeling.topreward_qwen_scorer INFO: Prefix 5/16 (end=26, n_frames=8/27): reward=-19.5000 (mean, 1 tok)
2026-04-29 18:57:14,623 mme_vla_suite.pseudo_labeling.topreward_qwen_scorer INFO: Prefix 6/16 (end=31, n_frames=10/32): reward=-20.2500 (mean, 1 tok)
2026-04-29 18:57:21,371 mme_vla_suite.pseudo_labeling.topreward_qwen_scorer INFO: Prefix 7/16 (end=36, n_frames=11/37): reward=-20.6250 (mean, 1 tok)
2026-04-29 18:57:28,176 mme_vla_suite.pseudo_labeling.topreward_qwen_scorer INFO: Prefix 8/16 (end=41, n_frames=13/42): reward=-21.2500 (mean, 1 tok)
2026-04-29 18:57:34,995 mme_vla_suite.pseudo_labeling.topreward_qwen_scorer INFO: Prefix 9/16 (end=45, n_frames=14/46): reward=-21.7500 (mean, 1 tok)
2026-04-29 18:57:41,834 mme_vla_suite.pseudo_labeling.topreward_qwen_scorer INFO: Prefix 10/16 (end=50, n_frames=15/51): reward=-20.8750 (mean, 1 tok)
2026-04-29 18:57:48,672 mme_vla_suite.pseudo_labeling.topreward_qwen_scorer INFO: Prefix 11/16 (end=55, n_frames=17/56): reward=-18.5000 (mean, 1 tok)
2026-04-29 18:57:55,444 mme_vla_suite.pseudo_labeling.topreward_qwen_scorer INFO: Prefix 12/16 (end=60, n_frames=18/61): reward=-18.6250 (mean, 1 tok)
2026-04-29 18:58:02,272 mme_vla_suite.pseudo_labeling.topreward_qwen_scorer INFO: Prefix 13/16 (end=64, n_frames=20/65): reward=-17.7500 (mean, 1 tok)
2026-04-29 18:58:09,158 mme_vla_suite.pseudo_labeling.topreward_qwen_scorer INFO: Prefix 14/16 (end=69, n_frames=21/70): reward=-17.6250 (mean, 1 tok)
2026-04-29 18:58:16,059 mme_vla_suite.pseudo_labeling.topreward_qwen_scorer INFO: Prefix 15/16 (end=74, n_frames=22/75): reward=-18.2500 (mean, 1 tok)
2026-04-29 18:58:22,967 mme_vla_suite.pseudo_labeling.topreward_qwen_scorer INFO: Prefix 16/16 (end=79, n_frames=24/80): reward=-17.7500 (mean, 1 tok)
2026-04-29 18:58:30,688 mme_vla_suite.pseudo_labeling.topreward_qwen_scorer INFO: Prefix 1/16 (end=9, n_frames=4/10): reward=-20.3750 (mean, 1 tok)
2026-04-29 18:58:37,460 mme_vla_suite.pseudo_labeling.topreward_qwen_scorer INFO: Prefix 2/16 (end=14, n_frames=4/15): reward=-20.1250 (mean, 1 tok)
2026-04-29 18:58:44,182 mme_vla_suite.pseudo_labeling.topreward_qwen_scorer INFO: Prefix 3/16 (end=20, n_frames=6/21): reward=-20.3750 (mean, 1 tok)
2026-04-29 18:58:50,902 mme_vla_suite.pseudo_labeling.topreward_qwen_scorer INFO: Prefix 4/16 (end=26, n_frames=8/27): reward=-19.5000 (mean, 1 tok)
2026-04-29 18:58:57,629 mme_vla_suite.pseudo_labeling.topreward_qwen_scorer INFO: Prefix 5/16 (end=32, n_frames=10/33): reward=-21.2500 (mean, 1 tok)
2026-04-29 18:59:04,527 mme_vla_suite.pseudo_labeling.topreward_qwen_scorer INFO: Prefix 6/16 (end=38, n_frames=12/39): reward=-20.8750 (mean, 1 tok)
2026-04-29 18:59:11,310 mme_vla_suite.pseudo_labeling.topreward_qwen_scorer INFO: Prefix 7/16 (end=44, n_frames=14/45): reward=-21.1250 (mean, 1 tok)
2026-04-29 18:59:18,098 mme_vla_suite.pseudo_labeling.topreward_qwen_scorer INFO: Prefix 8/16 (end=50, n_frames=15/51): reward=-20.8750 (mean, 1 tok)
2026-04-29 18:59:24,868 mme_vla_suite.pseudo_labeling.topreward_qwen_scorer INFO: Prefix 9/16 (end=56, n_frames=17/57): reward=-18.8750 (mean, 1 tok)
2026-04-29 18:59:31,707 mme_vla_suite.pseudo_labeling.topreward_qwen_scorer INFO: Prefix 10/16 (end=62, n_frames=19/63): reward=-17.7500 (mean, 1 tok)
2026-04-29 18:59:38,848 mme_vla_suite.pseudo_labeling.topreward_qwen_scorer INFO: Prefix 11/16 (end=68, n_frames=21/69): reward=-17.6250 (mean, 1 tok)
2026-04-29 18:59:45,878 mme_vla_suite.pseudo_labeling.topreward_qwen_scorer INFO: Prefix 12/16 (end=74, n_frames=22/75): reward=-18.2500 (mean, 1 tok)
2026-04-29 18:59:52,763 mme_vla_suite.pseudo_labeling.topreward_qwen_scorer INFO: Prefix 13/16 (end=80, n_frames=24/81): reward=-17.1250 (mean, 1 tok)
2026-04-29 18:59:59,726 mme_vla_suite.pseudo_labeling.topreward_qwen_scorer INFO: Prefix 14/16 (end=86, n_frames=26/87): reward=-17.1250 (mean, 1 tok)
2026-04-29 19:00:06,679 mme_vla_suite.pseudo_labeling.topreward_qwen_scorer INFO: Prefix 15/16 (end=92, n_frames=28/93): reward=-16.7500 (mean, 1 tok)
2026-04-29 19:00:13,642 mme_vla_suite.pseudo_labeling.topreward_qwen_scorer INFO: Prefix 16/16 (end=98, n_frames=30/99): reward=-16.7500 (mean, 1 tok)
2026-04-29 19:00:21,418 mme_vla_suite.pseudo_labeling.topreward_qwen_scorer INFO: Prefix 1/16 (end=10, n_frames=4/11): reward=-23.6250 (mean, 1 tok)
2026-04-29 19:00:28,174 mme_vla_suite.pseudo_labeling.topreward_qwen_scorer INFO: Prefix 2/16 (end=16, n_frames=5/17): reward=-23.6250 (mean, 1 tok)
2026-04-29 19:00:34,973 mme_vla_suite.pseudo_labeling.topreward_qwen_scorer INFO: Prefix 3/16 (end=22, n_frames=7/23): reward=-23.6250 (mean, 1 tok)
2026-04-29 19:00:41,762 mme_vla_suite.pseudo_labeling.topreward_qwen_scorer INFO: Prefix 4/16 (end=29, n_frames=9/30): reward=-21.7500 (mean, 1 tok)
2026-04-29 19:00:48,546 mme_vla_suite.pseudo_labeling.topreward_qwen_scorer INFO: Prefix 5/16 (end=35, n_frames=11/36): reward=-21.5000 (mean, 1 tok)
2026-04-29 19:00:55,327 mme_vla_suite.pseudo_labeling.topreward_qwen_scorer INFO: Prefix 6/16 (end=41, n_frames=13/42): reward=-21.5000 (mean, 1 tok)
2026-04-29 19:01:02,125 mme_vla_suite.pseudo_labeling.topreward_qwen_scorer INFO: Prefix 7/16 (end=48, n_frames=15/49): reward=-22.2500 (mean, 1 tok)
2026-04-29 19:01:08,953 mme_vla_suite.pseudo_labeling.topreward_qwen_scorer INFO: Prefix 8/16 (end=54, n_frames=16/55): reward=-22.8750 (mean, 1 tok)
2026-04-29 19:01:15,770 mme_vla_suite.pseudo_labeling.topreward_qwen_scorer INFO: Prefix 9/16 (end=60, n_frames=18/61): reward=-22.0000 (mean, 1 tok)
2026-04-29 19:01:22,636 mme_vla_suite.pseudo_labeling.topreward_qwen_scorer INFO: Prefix 10/16 (end=67, n_frames=20/68): reward=-22.3750 (mean, 1 tok)
2026-04-29 19:01:29,527 mme_vla_suite.pseudo_labeling.topreward_qwen_scorer INFO: Prefix 11/16 (end=73, n_frames=22/74): reward=-21.0000 (mean, 1 tok)
2026-04-29 19:01:36,487 mme_vla_suite.pseudo_labeling.topreward_qwen_scorer INFO: Prefix 12/16 (end=79, n_frames=24/80): reward=-21.8750 (mean, 1 tok)
2026-04-29 19:01:43,429 mme_vla_suite.pseudo_labeling.topreward_qwen_scorer INFO: Prefix 13/16 (end=86, n_frames=26/87): reward=-21.2500 (mean, 1 tok)
2026-04-29 19:01:50,322 mme_vla_suite.pseudo_labeling.topreward_qwen_scorer INFO: Prefix 14/16 (end=92, n_frames=28/93): reward=-21.0000 (mean, 1 tok)
2026-04-29 19:01:57,255 mme_vla_suite.pseudo_labeling.topreward_qwen_scorer INFO: Prefix 15/16 (end=98, n_frames=30/99): reward=-17.1250 (mean, 1 tok)
2026-04-29 19:02:04,231 mme_vla_suite.pseudo_labeling.topreward_qwen_scorer INFO: Prefix 16/16 (end=105, n_frames=32/106): reward=-16.7500 (mean, 1 tok)
2026-04-29 19:02:12,051 mme_vla_suite.pseudo_labeling.topreward_qwen_scorer INFO: Prefix 1/16 (end=11, n_frames=4/12): reward=-19.6250 (mean, 1 tok)
2026-04-29 19:02:18,775 mme_vla_suite.pseudo_labeling.topreward_qwen_scorer INFO: Prefix 2/16 (end=17, n_frames=5/18): reward=-18.7500 (mean, 1 tok)
2026-04-29 19:02:25,503 mme_vla_suite.pseudo_labeling.topreward_qwen_scorer INFO: Prefix 3/16 (end=24, n_frames=8/25): reward=-19.3750 (mean, 1 tok)
2026-04-29 19:02:32,331 mme_vla_suite.pseudo_labeling.topreward_qwen_scorer INFO: Prefix 4/16 (end=31, n_frames=10/32): reward=-18.1250 (mean, 1 tok)
2026-04-29 19:02:39,135 mme_vla_suite.pseudo_labeling.topreward_qwen_scorer INFO: Prefix 5/16 (end=37, n_frames=11/38): reward=-18.6250 (mean, 1 tok)
2026-04-29 19:02:45,951 mme_vla_suite.pseudo_labeling.topreward_qwen_scorer INFO: Prefix 6/16 (end=44, n_frames=14/45): reward=-18.3750 (mean, 1 tok)
2026-04-29 19:02:52,751 mme_vla_suite.pseudo_labeling.topreward_qwen_scorer INFO: Prefix 7/16 (end=51, n_frames=16/52): reward=-19.1250 (mean, 1 tok)
2026-04-29 19:02:59,566 mme_vla_suite.pseudo_labeling.topreward_qwen_scorer INFO: Prefix 8/16 (end=57, n_frames=17/58): reward=-18.8750 (mean, 1 tok)
2026-04-29 19:03:06,462 mme_vla_suite.pseudo_labeling.topreward_qwen_scorer INFO: Prefix 9/16 (end=64, n_frames=20/65): reward=-19.5000 (mean, 1 tok)
2026-04-29 19:03:13,363 mme_vla_suite.pseudo_labeling.topreward_qwen_scorer INFO: Prefix 10/16 (end=71, n_frames=22/72): reward=-19.2500 (mean, 1 tok)
2026-04-29 19:03:20,292 mme_vla_suite.pseudo_labeling.topreward_qwen_scorer INFO: Prefix 11/16 (end=77, n_frames=23/78): reward=-20.0000 (mean, 1 tok)
2026-04-29 19:03:27,243 mme_vla_suite.pseudo_labeling.topreward_qwen_scorer INFO: Prefix 12/16 (end=84, n_frames=26/85): reward=-21.1250 (mean, 1 tok)
2026-04-29 19:03:34,232 mme_vla_suite.pseudo_labeling.topreward_qwen_scorer INFO: Prefix 13/16 (end=91, n_frames=28/92): reward=-20.1250 (mean, 1 tok)
2026-04-29 19:03:41,191 mme_vla_suite.pseudo_labeling.topreward_qwen_scorer INFO: Prefix 14/16 (end=97, n_frames=29/98): reward=-19.1250 (mean, 1 tok)
2026-04-29 19:03:48,191 mme_vla_suite.pseudo_labeling.topreward_qwen_scorer INFO: Prefix 15/16 (end=104, n_frames=32/105): reward=-18.0000 (mean, 1 tok)
2026-04-29 19:03:55,222 mme_vla_suite.pseudo_labeling.topreward_qwen_scorer INFO: Prefix 16/16 (end=111, n_frames=34/112): reward=-19.8750 (mean, 1 tok)
2026-04-29 19:04:03,146 mme_vla_suite.pseudo_labeling.topreward_qwen_scorer INFO: Prefix 1/16 (end=11, n_frames=4/12): reward=-19.6250 (mean, 1 tok)
2026-04-29 19:04:09,930 mme_vla_suite.pseudo_labeling.topreward_qwen_scorer INFO: Prefix 2/16 (end=17, n_frames=5/18): reward=-18.7500 (mean, 1 tok)
2026-04-29 19:04:16,706 mme_vla_suite.pseudo_labeling.topreward_qwen_scorer INFO: Prefix 3/16 (end=24, n_frames=8/25): reward=-19.3750 (mean, 1 tok)
2026-04-29 19:04:23,493 mme_vla_suite.pseudo_labeling.topreward_qwen_scorer INFO: Prefix 4/16 (end=31, n_frames=10/32): reward=-18.1250 (mean, 1 tok)
2026-04-29 19:04:30,300 mme_vla_suite.pseudo_labeling.topreward_qwen_scorer INFO: Prefix 5/16 (end=37, n_frames=11/38): reward=-18.6250 (mean, 1 tok)
2026-04-29 19:04:37,075 mme_vla_suite.pseudo_labeling.topreward_qwen_scorer INFO: Prefix 6/16 (end=44, n_frames=14/45): reward=-18.3750 (mean, 1 tok)
2026-04-29 19:04:43,874 mme_vla_suite.pseudo_labeling.topreward_qwen_scorer INFO: Prefix 7/16 (end=51, n_frames=16/52): reward=-19.1250 (mean, 1 tok)
2026-04-29 19:04:50,690 mme_vla_suite.pseudo_labeling.topreward_qwen_scorer INFO: Prefix 8/16 (end=58, n_frames=18/59): reward=-19.7500 (mean, 1 tok)
2026-04-29 19:04:57,568 mme_vla_suite.pseudo_labeling.topreward_qwen_scorer INFO: Prefix 9/16 (end=64, n_frames=20/65): reward=-19.5000 (mean, 1 tok)
2026-04-29 19:05:04,429 mme_vla_suite.pseudo_labeling.topreward_qwen_scorer INFO: Prefix 10/16 (end=71, n_frames=22/72): reward=-19.2500 (mean, 1 tok)
2026-04-29 19:05:11,294 mme_vla_suite.pseudo_labeling.topreward_qwen_scorer INFO: Prefix 11/16 (end=78, n_frames=24/79): reward=-20.7500 (mean, 1 tok)
2026-04-29 19:05:18,229 mme_vla_suite.pseudo_labeling.topreward_qwen_scorer INFO: Prefix 12/16 (end=85, n_frames=26/86): reward=-20.2500 (mean, 1 tok)
2026-04-29 19:05:25,214 mme_vla_suite.pseudo_labeling.topreward_qwen_scorer INFO: Prefix 13/16 (end=91, n_frames=28/92): reward=-20.1250 (mean, 1 tok)
2026-04-29 19:05:32,149 mme_vla_suite.pseudo_labeling.topreward_qwen_scorer INFO: Prefix 14/16 (end=98, n_frames=30/99): reward=-18.5000 (mean, 1 tok)
2026-04-29 19:05:39,087 mme_vla_suite.pseudo_labeling.topreward_qwen_scorer INFO: Prefix 15/16 (end=105, n_frames=32/106): reward=-17.1250 (mean, 1 tok)
2026-04-29 19:05:46,124 mme_vla_suite.pseudo_labeling.topreward_qwen_scorer INFO: Prefix 16/16 (end=112, n_frames=34/113): reward=-19.5000 (mean, 1 tok)
2026-04-29 19:05:54,141 mme_vla_suite.pseudo_labeling.topreward_qwen_scorer INFO: Prefix 1/16 (end=13, n_frames=4/14): reward=-23.0000 (mean, 1 tok)
2026-04-29 19:06:00,883 mme_vla_suite.pseudo_labeling.topreward_qwen_scorer INFO: Prefix 2/16 (end=20, n_frames=6/21): reward=-22.8750 (mean, 1 tok)
2026-04-29 19:06:07,679 mme_vla_suite.pseudo_labeling.topreward_qwen_scorer INFO: Prefix 3/16 (end=28, n_frames=9/29): reward=-22.1250 (mean, 1 tok)
2026-04-29 19:06:14,470 mme_vla_suite.pseudo_labeling.topreward_qwen_scorer INFO: Prefix 4/16 (end=36, n_frames=11/37): reward=-22.2500 (mean, 1 tok)
2026-04-29 19:06:21,264 mme_vla_suite.pseudo_labeling.topreward_qwen_scorer INFO: Prefix 5/16 (end=43, n_frames=13/44): reward=-22.5000 (mean, 1 tok)
2026-04-29 19:06:28,146 mme_vla_suite.pseudo_labeling.topreward_qwen_scorer INFO: Prefix 6/16 (end=51, n_frames=16/52): reward=-22.6250 (mean, 1 tok)
2026-04-29 19:06:34,981 mme_vla_suite.pseudo_labeling.topreward_qwen_scorer INFO: Prefix 7/16 (end=59, n_frames=18/60): reward=-21.6250 (mean, 1 tok)
2026-04-29 19:06:41,864 mme_vla_suite.pseudo_labeling.topreward_qwen_scorer INFO: Prefix 8/16 (end=67, n_frames=20/68): reward=-20.8750 (mean, 1 tok)
2026-04-29 19:06:48,863 mme_vla_suite.pseudo_labeling.topreward_qwen_scorer INFO: Prefix 9/16 (end=74, n_frames=22/75): reward=-21.5000 (mean, 1 tok)
2026-04-29 19:06:55,809 mme_vla_suite.pseudo_labeling.topreward_qwen_scorer INFO: Prefix 10/16 (end=82, n_frames=25/83): reward=-18.3750 (mean, 1 tok)
2026-04-29 19:07:02,819 mme_vla_suite.pseudo_labeling.topreward_qwen_scorer INFO: Prefix 11/16 (end=90, n_frames=27/91): reward=-19.2500 (mean, 1 tok)
2026-04-29 19:07:09,780 mme_vla_suite.pseudo_labeling.topreward_qwen_scorer INFO: Prefix 12/16 (end=98, n_frames=30/99): reward=-18.8750 (mean, 1 tok)
2026-04-29 19:07:16,772 mme_vla_suite.pseudo_labeling.topreward_qwen_scorer INFO: Prefix 13/16 (end=105, n_frames=32/106): reward=-18.3750 (mean, 1 tok)
2026-04-29 19:07:23,812 mme_vla_suite.pseudo_labeling.topreward_qwen_scorer INFO: Prefix 14/16 (end=113, n_frames=34/114): reward=-18.7500 (mean, 1 tok)
2026-04-29 19:07:30,901 mme_vla_suite.pseudo_labeling.topreward_qwen_scorer INFO: Prefix 15/16 (end=121, n_frames=37/122): reward=-17.7500 (mean, 1 tok)
2026-04-29 19:07:37,972 mme_vla_suite.pseudo_labeling.topreward_qwen_scorer INFO: Prefix 16/16 (end=129, n_frames=39/130): reward=-17.8750 (mean, 1 tok)
2026-04-29 19:07:46,174 mme_vla_suite.pseudo_labeling.topreward_qwen_scorer INFO: Prefix 1/16 (end=15, n_frames=5/16): reward=-18.6250 (mean, 1 tok)
2026-04-29 19:07:52,907 mme_vla_suite.pseudo_labeling.topreward_qwen_scorer INFO: Prefix 2/16 (end=24, n_frames=8/25): reward=-18.7500 (mean, 1 tok)
2026-04-29 19:07:59,688 mme_vla_suite.pseudo_labeling.topreward_qwen_scorer INFO: Prefix 3/16 (end=34, n_frames=10/35): reward=-17.6250 (mean, 1 tok)
2026-04-29 19:08:06,531 mme_vla_suite.pseudo_labeling.topreward_qwen_scorer INFO: Prefix 4/16 (end=43, n_frames=13/44): reward=-18.8750 (mean, 1 tok)
2026-04-29 19:08:13,354 mme_vla_suite.pseudo_labeling.topreward_qwen_scorer INFO: Prefix 5/16 (end=53, n_frames=16/54): reward=-18.6250 (mean, 1 tok)
2026-04-29 19:08:20,244 mme_vla_suite.pseudo_labeling.topreward_qwen_scorer INFO: Prefix 6/16 (end=62, n_frames=19/63): reward=-18.5000 (mean, 1 tok)
2026-04-29 19:08:27,172 mme_vla_suite.pseudo_labeling.topreward_qwen_scorer INFO: Prefix 7/16 (end=72, n_frames=22/73): reward=-19.2500 (mean, 1 tok)
2026-04-29 19:08:34,047 mme_vla_suite.pseudo_labeling.topreward_qwen_scorer INFO: Prefix 8/16 (end=81, n_frames=25/82): reward=-18.6250 (mean, 1 tok)
2026-04-29 19:08:40,957 mme_vla_suite.pseudo_labeling.topreward_qwen_scorer INFO: Prefix 9/16 (end=91, n_frames=28/92): reward=-19.1250 (mean, 1 tok)
2026-04-29 19:08:47,851 mme_vla_suite.pseudo_labeling.topreward_qwen_scorer INFO: Prefix 10/16 (end=100, n_frames=30/101): reward=-18.0000 (mean, 1 tok)
2026-04-29 19:08:54,814 mme_vla_suite.pseudo_labeling.topreward_qwen_scorer INFO: Prefix 11/16 (end=110, n_frames=33/111): reward=-18.1250 (mean, 1 tok)
2026-04-29 19:09:01,805 mme_vla_suite.pseudo_labeling.topreward_qwen_scorer INFO: Prefix 12/16 (end=119, n_frames=36/120): reward=-18.0000 (mean, 1 tok)
2026-04-29 19:09:08,820 mme_vla_suite.pseudo_labeling.topreward_qwen_scorer INFO: Prefix 13/16 (end=129, n_frames=39/130): reward=-17.2500 (mean, 1 tok)
2026-04-29 19:09:15,925 mme_vla_suite.pseudo_labeling.topreward_qwen_scorer INFO: Prefix 14/16 (end=138, n_frames=42/139): reward=-17.2500 (mean, 1 tok)
2026-04-29 19:09:23,052 mme_vla_suite.pseudo_labeling.topreward_qwen_scorer INFO: Prefix 15/16 (end=148, n_frames=45/149): reward=-17.0000 (mean, 1 tok)
2026-04-29 19:09:30,216 mme_vla_suite.pseudo_labeling.topreward_qwen_scorer INFO: Prefix 16/16 (end=158, n_frames=48/159): reward=-16.7500 (mean, 1 tok)
2026-04-29 19:09:37,990 mme_vla_suite.pseudo_labeling.topreward_qwen_scorer INFO: Prefix 1/16 (end=16, n_frames=5/17): reward=-18.8750 (mean, 1 tok)
2026-04-29 19:09:44,774 mme_vla_suite.pseudo_labeling.topreward_qwen_scorer INFO: Prefix 2/16 (end=25, n_frames=8/26): reward=-18.5000 (mean, 1 tok)
2026-04-29 19:09:51,559 mme_vla_suite.pseudo_labeling.topreward_qwen_scorer INFO: Prefix 3/16 (end=35, n_frames=11/36): reward=-18.1250 (mean, 1 tok)
2026-04-29 19:09:58,342 mme_vla_suite.pseudo_labeling.topreward_qwen_scorer INFO: Prefix 4/16 (end=45, n_frames=14/46): reward=-17.8750 (mean, 1 tok)
2026-04-29 19:10:05,182 mme_vla_suite.pseudo_labeling.topreward_qwen_scorer INFO: Prefix 5/16 (end=54, n_frames=16/55): reward=-18.8750 (mean, 1 tok)
2026-04-29 19:10:12,046 mme_vla_suite.pseudo_labeling.topreward_qwen_scorer INFO: Prefix 6/16 (end=64, n_frames=20/65): reward=-18.1250 (mean, 1 tok)
2026-04-29 19:10:19,198 mme_vla_suite.pseudo_labeling.topreward_qwen_scorer INFO: Prefix 7/16 (end=74, n_frames=22/75): reward=-19.0000 (mean, 1 tok)
2026-04-29 19:10:26,374 mme_vla_suite.pseudo_labeling.topreward_qwen_scorer INFO: Prefix 8/16 (end=84, n_frames=26/85): reward=-19.1250 (mean, 1 tok)
2026-04-29 19:10:33,275 mme_vla_suite.pseudo_labeling.topreward_qwen_scorer INFO: Prefix 9/16 (end=93, n_frames=28/94): reward=-19.6250 (mean, 1 tok)
2026-04-29 19:10:40,244 mme_vla_suite.pseudo_labeling.topreward_qwen_scorer INFO: Prefix 10/16 (end=103, n_frames=31/104): reward=-18.5000 (mean, 1 tok)
2026-04-29 19:10:47,205 mme_vla_suite.pseudo_labeling.topreward_qwen_scorer INFO: Prefix 11/16 (end=113, n_frames=34/114): reward=-19.1250 (mean, 1 tok)
2026-04-29 19:10:54,195 mme_vla_suite.pseudo_labeling.topreward_qwen_scorer INFO: Prefix 12/16 (end=123, n_frames=37/124): reward=-18.2500 (mean, 1 tok)
2026-04-29 19:11:01,221 mme_vla_suite.pseudo_labeling.topreward_qwen_scorer INFO: Prefix 13/16 (end=132, n_frames=40/133): reward=-17.1250 (mean, 1 tok)
2026-04-29 19:11:08,349 mme_vla_suite.pseudo_labeling.topreward_qwen_scorer INFO: Prefix 14/16 (end=142, n_frames=43/143): reward=-16.8750 (mean, 1 tok)
2026-04-29 19:11:15,454 mme_vla_suite.pseudo_labeling.topreward_qwen_scorer INFO: Prefix 15/16 (end=152, n_frames=46/153): reward=-16.3750 (mean, 1 tok)
2026-04-29 19:11:22,584 mme_vla_suite.pseudo_labeling.topreward_qwen_scorer INFO: Prefix 16/16 (end=162, n_frames=49/163): reward=-16.2500 (mean, 1 tok)
