/coc/testnvme/shalbe3/miniconda/envs/robomme/lib/python3.11/site-packages/torch/cuda/__init__.py:63: FutureWarning: The pynvml package is deprecated. Please install nvidia-ml-py instead. If you did not install pynvml directly, please report this to the maintainers of the package that installed pynvml for you.
  import pynvml  # type: ignore[import]
`torch_dtype` is deprecated! Use `dtype` instead!
You are attempting to use Flash Attention 2 without specifying a torch dtype. This might lead to unexpected behaviour
2026-04-29 23:20:45,311 mme_vla_suite.pseudo_labeling.topreward_qwen_scorer WARNING: flash_attention_2 unavailable (/coc/testnvme/shalbe3/miniconda/envs/robomme/lib/python3.11/site-packages/flash_attn_2_cuda.cpython-311-x86_64-linux-gnu.so: undefined symbol: _ZNK3c106SymInt6sym_neERKS0_), using default attention
Loading checkpoint shards:   0%|          | 0/4 [00:00<?, ?it/s]Loading checkpoint shards:  25%|██▌       | 1/4 [00:11<00:35, 11.83s/it]Loading checkpoint shards:  50%|█████     | 2/4 [00:22<00:22, 11.40s/it]Loading checkpoint shards:  75%|███████▌  | 3/4 [00:34<00:11, 11.34s/it]Loading checkpoint shards: 100%|██████████| 4/4 [00:40<00:00,  9.45s/it]Loading checkpoint shards: 100%|██████████| 4/4 [00:40<00:00, 10.19s/it]
Asked to sample `fps` frames per second but no video metadata was provided which is required when sampling with `fps`. Defaulting to `fps=24`. Please provide `video_metadata` for more accurate results.
2026-04-29 23:21:32,642 mme_vla_suite.pseudo_labeling.topreward_qwen_scorer INFO: Prefix 1/8 (end=4, n_frames=4/5): reward=-19.7500 (mean, 1 tok)
2026-04-29 23:21:36,685 mme_vla_suite.pseudo_labeling.topreward_qwen_scorer INFO: Prefix 2/8 (end=9, n_frames=4/10): reward=-19.1250 (mean, 1 tok)
2026-04-29 23:21:40,727 mme_vla_suite.pseudo_labeling.topreward_qwen_scorer INFO: Prefix 3/8 (end=14, n_frames=4/15): reward=-17.6250 (mean, 1 tok)
2026-04-29 23:21:44,751 mme_vla_suite.pseudo_labeling.topreward_qwen_scorer INFO: Prefix 4/8 (end=19, n_frames=4/20): reward=-16.7500 (mean, 1 tok)
2026-04-29 23:21:48,790 mme_vla_suite.pseudo_labeling.topreward_qwen_scorer INFO: Prefix 5/8 (end=24, n_frames=5/25): reward=-17.1250 (mean, 1 tok)
2026-04-29 23:21:53,055 mme_vla_suite.pseudo_labeling.topreward_qwen_scorer INFO: Prefix 6/8 (end=29, n_frames=6/30): reward=-17.1250 (mean, 1 tok)
2026-04-29 23:21:57,137 mme_vla_suite.pseudo_labeling.topreward_qwen_scorer INFO: Prefix 7/8 (end=34, n_frames=7/35): reward=-17.3750 (mean, 1 tok)
2026-04-29 23:22:01,237 mme_vla_suite.pseudo_labeling.topreward_qwen_scorer INFO: Prefix 8/8 (end=40, n_frames=8/41): reward=-17.1250 (mean, 1 tok)
2026-04-29 23:22:05,792 mme_vla_suite.pseudo_labeling.topreward_qwen_scorer INFO: Prefix 1/8 (end=4, n_frames=4/5): reward=-21.1250 (mean, 1 tok)
2026-04-29 23:22:09,848 mme_vla_suite.pseudo_labeling.topreward_qwen_scorer INFO: Prefix 2/8 (end=7, n_frames=4/8): reward=-21.1250 (mean, 1 tok)
2026-04-29 23:22:13,901 mme_vla_suite.pseudo_labeling.topreward_qwen_scorer INFO: Prefix 3/8 (end=10, n_frames=4/11): reward=-20.7500 (mean, 1 tok)
2026-04-29 23:22:17,981 mme_vla_suite.pseudo_labeling.topreward_qwen_scorer INFO: Prefix 4/8 (end=13, n_frames=4/14): reward=-18.2500 (mean, 1 tok)
2026-04-29 23:22:22,026 mme_vla_suite.pseudo_labeling.topreward_qwen_scorer INFO: Prefix 5/8 (end=16, n_frames=4/17): reward=-17.6250 (mean, 1 tok)
2026-04-29 23:22:26,078 mme_vla_suite.pseudo_labeling.topreward_qwen_scorer INFO: Prefix 6/8 (end=19, n_frames=4/20): reward=-18.2500 (mean, 1 tok)
2026-04-29 23:22:30,156 mme_vla_suite.pseudo_labeling.topreward_qwen_scorer INFO: Prefix 7/8 (end=22, n_frames=5/23): reward=-18.2500 (mean, 1 tok)
2026-04-29 23:22:34,223 mme_vla_suite.pseudo_labeling.topreward_qwen_scorer INFO: Prefix 8/8 (end=26, n_frames=5/27): reward=-18.5000 (mean, 1 tok)
2026-04-29 23:22:38,779 mme_vla_suite.pseudo_labeling.topreward_qwen_scorer INFO: Prefix 1/8 (end=4, n_frames=4/5): reward=-22.5000 (mean, 1 tok)
2026-04-29 23:22:43,214 mme_vla_suite.pseudo_labeling.topreward_qwen_scorer INFO: Prefix 2/8 (end=9, n_frames=4/10): reward=-21.7500 (mean, 1 tok)
2026-04-29 23:22:48,445 mme_vla_suite.pseudo_labeling.topreward_qwen_scorer INFO: Prefix 3/8 (end=15, n_frames=4/16): reward=-21.3750 (mean, 1 tok)
2026-04-29 23:22:52,803 mme_vla_suite.pseudo_labeling.topreward_qwen_scorer INFO: Prefix 4/8 (end=21, n_frames=4/22): reward=-20.1250 (mean, 1 tok)
2026-04-29 23:22:56,897 mme_vla_suite.pseudo_labeling.topreward_qwen_scorer INFO: Prefix 5/8 (end=26, n_frames=5/27): reward=-19.3750 (mean, 1 tok)
2026-04-29 23:23:01,006 mme_vla_suite.pseudo_labeling.topreward_qwen_scorer INFO: Prefix 6/8 (end=32, n_frames=7/33): reward=-20.0000 (mean, 1 tok)
2026-04-29 23:23:05,107 mme_vla_suite.pseudo_labeling.topreward_qwen_scorer INFO: Prefix 7/8 (end=38, n_frames=8/39): reward=-19.7500 (mean, 1 tok)
2026-04-29 23:23:09,164 mme_vla_suite.pseudo_labeling.topreward_qwen_scorer INFO: Prefix 8/8 (end=44, n_frames=9/45): reward=-20.8750 (mean, 1 tok)
2026-04-29 23:23:13,748 mme_vla_suite.pseudo_labeling.topreward_qwen_scorer INFO: Prefix 1/8 (end=4, n_frames=4/5): reward=-21.7500 (mean, 1 tok)
2026-04-29 23:23:17,791 mme_vla_suite.pseudo_labeling.topreward_qwen_scorer INFO: Prefix 2/8 (end=7, n_frames=4/8): reward=-20.2500 (mean, 1 tok)
2026-04-29 23:23:22,387 mme_vla_suite.pseudo_labeling.topreward_qwen_scorer INFO: Prefix 3/8 (end=10, n_frames=4/11): reward=-20.3750 (mean, 1 tok)
2026-04-29 23:23:26,598 mme_vla_suite.pseudo_labeling.topreward_qwen_scorer INFO: Prefix 4/8 (end=13, n_frames=4/14): reward=-20.0000 (mean, 1 tok)
2026-04-29 23:23:30,661 mme_vla_suite.pseudo_labeling.topreward_qwen_scorer INFO: Prefix 5/8 (end=16, n_frames=4/17): reward=-18.6250 (mean, 1 tok)
2026-04-29 23:23:34,710 mme_vla_suite.pseudo_labeling.topreward_qwen_scorer INFO: Prefix 6/8 (end=19, n_frames=4/20): reward=-18.7500 (mean, 1 tok)
2026-04-29 23:23:38,766 mme_vla_suite.pseudo_labeling.topreward_qwen_scorer INFO: Prefix 7/8 (end=22, n_frames=5/23): reward=-18.7500 (mean, 1 tok)
2026-04-29 23:23:42,847 mme_vla_suite.pseudo_labeling.topreward_qwen_scorer INFO: Prefix 8/8 (end=26, n_frames=5/27): reward=-18.3750 (mean, 1 tok)
2026-04-29 23:23:47,389 mme_vla_suite.pseudo_labeling.topreward_qwen_scorer INFO: Prefix 1/8 (end=4, n_frames=4/5): reward=-21.7500 (mean, 1 tok)
2026-04-29 23:23:51,438 mme_vla_suite.pseudo_labeling.topreward_qwen_scorer INFO: Prefix 2/8 (end=9, n_frames=4/10): reward=-19.8750 (mean, 1 tok)
2026-04-29 23:23:55,476 mme_vla_suite.pseudo_labeling.topreward_qwen_scorer INFO: Prefix 3/8 (end=14, n_frames=4/15): reward=-19.5000 (mean, 1 tok)
2026-04-29 23:23:59,537 mme_vla_suite.pseudo_labeling.topreward_qwen_scorer INFO: Prefix 4/8 (end=19, n_frames=4/20): reward=-18.7500 (mean, 1 tok)
2026-04-29 23:24:03,588 mme_vla_suite.pseudo_labeling.topreward_qwen_scorer INFO: Prefix 5/8 (end=24, n_frames=5/25): reward=-18.3750 (mean, 1 tok)
2026-04-29 23:24:07,626 mme_vla_suite.pseudo_labeling.topreward_qwen_scorer INFO: Prefix 6/8 (end=29, n_frames=6/30): reward=-18.2500 (mean, 1 tok)
2026-04-29 23:24:11,694 mme_vla_suite.pseudo_labeling.topreward_qwen_scorer INFO: Prefix 7/8 (end=34, n_frames=7/35): reward=-18.8750 (mean, 1 tok)
2026-04-29 23:24:15,742 mme_vla_suite.pseudo_labeling.topreward_qwen_scorer INFO: Prefix 8/8 (end=39, n_frames=8/40): reward=-18.0000 (mean, 1 tok)
2026-04-29 23:24:20,278 mme_vla_suite.pseudo_labeling.topreward_qwen_scorer INFO: Prefix 1/8 (end=4, n_frames=4/5): reward=-17.8750 (mean, 1 tok)
2026-04-29 23:24:24,334 mme_vla_suite.pseudo_labeling.topreward_qwen_scorer INFO: Prefix 2/8 (end=8, n_frames=4/9): reward=-17.8750 (mean, 1 tok)
2026-04-29 23:24:29,470 mme_vla_suite.pseudo_labeling.topreward_qwen_scorer INFO: Prefix 3/8 (end=12, n_frames=4/13): reward=-17.6250 (mean, 1 tok)
2026-04-29 23:24:33,547 mme_vla_suite.pseudo_labeling.topreward_qwen_scorer INFO: Prefix 4/8 (end=16, n_frames=4/17): reward=-17.3750 (mean, 1 tok)
2026-04-29 23:24:37,614 mme_vla_suite.pseudo_labeling.topreward_qwen_scorer INFO: Prefix 5/8 (end=20, n_frames=4/21): reward=-16.8750 (mean, 1 tok)
2026-04-29 23:24:41,697 mme_vla_suite.pseudo_labeling.topreward_qwen_scorer INFO: Prefix 6/8 (end=24, n_frames=5/25): reward=-16.5000 (mean, 1 tok)
2026-04-29 23:24:45,775 mme_vla_suite.pseudo_labeling.topreward_qwen_scorer INFO: Prefix 7/8 (end=28, n_frames=6/29): reward=-15.2500 (mean, 1 tok)
2026-04-29 23:24:49,864 mme_vla_suite.pseudo_labeling.topreward_qwen_scorer INFO: Prefix 8/8 (end=33, n_frames=7/34): reward=-16.8750 (mean, 1 tok)
2026-04-29 23:24:54,451 mme_vla_suite.pseudo_labeling.topreward_qwen_scorer INFO: Prefix 1/8 (end=4, n_frames=4/5): reward=-19.2500 (mean, 1 tok)
2026-04-29 23:24:58,525 mme_vla_suite.pseudo_labeling.topreward_qwen_scorer INFO: Prefix 2/8 (end=8, n_frames=4/9): reward=-19.3750 (mean, 1 tok)
2026-04-29 23:25:02,999 mme_vla_suite.pseudo_labeling.topreward_qwen_scorer INFO: Prefix 3/8 (end=13, n_frames=4/14): reward=-18.6250 (mean, 1 tok)
2026-04-29 23:25:07,125 mme_vla_suite.pseudo_labeling.topreward_qwen_scorer INFO: Prefix 4/8 (end=18, n_frames=4/19): reward=-17.3750 (mean, 1 tok)
2026-04-29 23:25:11,195 mme_vla_suite.pseudo_labeling.topreward_qwen_scorer INFO: Prefix 5/8 (end=23, n_frames=5/24): reward=-16.5000 (mean, 1 tok)
2026-04-29 23:25:15,301 mme_vla_suite.pseudo_labeling.topreward_qwen_scorer INFO: Prefix 6/8 (end=28, n_frames=6/29): reward=-16.6250 (mean, 1 tok)
2026-04-29 23:25:19,439 mme_vla_suite.pseudo_labeling.topreward_qwen_scorer INFO: Prefix 7/8 (end=33, n_frames=7/34): reward=-16.1250 (mean, 1 tok)
2026-04-29 23:25:23,600 mme_vla_suite.pseudo_labeling.topreward_qwen_scorer INFO: Prefix 8/8 (end=38, n_frames=8/39): reward=-16.0000 (mean, 1 tok)
2026-04-29 23:25:28,176 mme_vla_suite.pseudo_labeling.topreward_qwen_scorer INFO: Prefix 1/8 (end=4, n_frames=4/5): reward=-21.8750 (mean, 1 tok)
2026-04-29 23:25:32,245 mme_vla_suite.pseudo_labeling.topreward_qwen_scorer INFO: Prefix 2/8 (end=9, n_frames=4/10): reward=-20.6250 (mean, 1 tok)
2026-04-29 23:25:36,372 mme_vla_suite.pseudo_labeling.topreward_qwen_scorer INFO: Prefix 3/8 (end=14, n_frames=4/15): reward=-20.5000 (mean, 1 tok)
2026-04-29 23:25:41,078 mme_vla_suite.pseudo_labeling.topreward_qwen_scorer INFO: Prefix 4/8 (end=19, n_frames=4/20): reward=-19.8750 (mean, 1 tok)
2026-04-29 23:25:45,242 mme_vla_suite.pseudo_labeling.topreward_qwen_scorer INFO: Prefix 5/8 (end=24, n_frames=5/25): reward=-19.7500 (mean, 1 tok)
2026-04-29 23:25:49,384 mme_vla_suite.pseudo_labeling.topreward_qwen_scorer INFO: Prefix 6/8 (end=29, n_frames=6/30): reward=-19.3750 (mean, 1 tok)
2026-04-29 23:25:53,518 mme_vla_suite.pseudo_labeling.topreward_qwen_scorer INFO: Prefix 7/8 (end=34, n_frames=7/35): reward=-19.1250 (mean, 1 tok)
2026-04-29 23:25:57,578 mme_vla_suite.pseudo_labeling.topreward_qwen_scorer INFO: Prefix 8/8 (end=39, n_frames=8/40): reward=-18.5000 (mean, 1 tok)
2026-04-29 23:26:02,141 mme_vla_suite.pseudo_labeling.topreward_qwen_scorer INFO: Prefix 1/8 (end=4, n_frames=4/5): reward=-22.6250 (mean, 1 tok)
2026-04-29 23:26:06,178 mme_vla_suite.pseudo_labeling.topreward_qwen_scorer INFO: Prefix 2/8 (end=6, n_frames=4/7): reward=-22.1250 (mean, 1 tok)
2026-04-29 23:26:10,241 mme_vla_suite.pseudo_labeling.topreward_qwen_scorer INFO: Prefix 3/8 (end=9, n_frames=4/10): reward=-21.8750 (mean, 1 tok)
2026-04-29 23:26:14,280 mme_vla_suite.pseudo_labeling.topreward_qwen_scorer INFO: Prefix 4/8 (end=12, n_frames=4/13): reward=-21.3750 (mean, 1 tok)
2026-04-29 23:26:18,342 mme_vla_suite.pseudo_labeling.topreward_qwen_scorer INFO: Prefix 5/8 (end=15, n_frames=4/16): reward=-21.2500 (mean, 1 tok)
2026-04-29 23:26:22,415 mme_vla_suite.pseudo_labeling.topreward_qwen_scorer INFO: Prefix 6/8 (end=18, n_frames=4/19): reward=-20.8750 (mean, 1 tok)
2026-04-29 23:26:26,456 mme_vla_suite.pseudo_labeling.topreward_qwen_scorer INFO: Prefix 7/8 (end=21, n_frames=4/22): reward=-20.6250 (mean, 1 tok)
2026-04-29 23:26:30,540 mme_vla_suite.pseudo_labeling.topreward_qwen_scorer INFO: Prefix 8/8 (end=24, n_frames=5/25): reward=-20.3750 (mean, 1 tok)
2026-04-29 23:26:35,074 mme_vla_suite.pseudo_labeling.topreward_qwen_scorer INFO: Prefix 1/8 (end=4, n_frames=4/5): reward=-22.6250 (mean, 1 tok)
2026-04-29 23:26:39,144 mme_vla_suite.pseudo_labeling.topreward_qwen_scorer INFO: Prefix 2/8 (end=8, n_frames=4/9): reward=-22.2500 (mean, 1 tok)
2026-04-29 23:26:43,259 mme_vla_suite.pseudo_labeling.topreward_qwen_scorer INFO: Prefix 3/8 (end=12, n_frames=4/13): reward=-21.3750 (mean, 1 tok)
2026-04-29 23:26:47,320 mme_vla_suite.pseudo_labeling.topreward_qwen_scorer INFO: Prefix 4/8 (end=16, n_frames=4/17): reward=-21.3750 (mean, 1 tok)
2026-04-29 23:26:51,354 mme_vla_suite.pseudo_labeling.topreward_qwen_scorer INFO: Prefix 5/8 (end=20, n_frames=4/21): reward=-20.5000 (mean, 1 tok)
2026-04-29 23:26:55,439 mme_vla_suite.pseudo_labeling.topreward_qwen_scorer INFO: Prefix 6/8 (end=24, n_frames=5/25): reward=-20.3750 (mean, 1 tok)
2026-04-29 23:27:00,647 mme_vla_suite.pseudo_labeling.topreward_qwen_scorer INFO: Prefix 7/8 (end=28, n_frames=6/29): reward=-20.0000 (mean, 1 tok)
2026-04-29 23:27:04,902 mme_vla_suite.pseudo_labeling.topreward_qwen_scorer INFO: Prefix 8/8 (end=33, n_frames=7/34): reward=-19.2500 (mean, 1 tok)
2026-04-29 23:27:09,427 mme_vla_suite.pseudo_labeling.topreward_qwen_scorer INFO: Prefix 1/8 (end=4, n_frames=4/5): reward=-18.7500 (mean, 1 tok)
2026-04-29 23:27:13,472 mme_vla_suite.pseudo_labeling.topreward_qwen_scorer INFO: Prefix 2/8 (end=8, n_frames=4/9): reward=-18.1250 (mean, 1 tok)
2026-04-29 23:27:17,596 mme_vla_suite.pseudo_labeling.topreward_qwen_scorer INFO: Prefix 3/8 (end=12, n_frames=4/13): reward=-18.7500 (mean, 1 tok)
2026-04-29 23:27:21,761 mme_vla_suite.pseudo_labeling.topreward_qwen_scorer INFO: Prefix 4/8 (end=16, n_frames=4/17): reward=-18.2500 (mean, 1 tok)
2026-04-29 23:27:25,861 mme_vla_suite.pseudo_labeling.topreward_qwen_scorer INFO: Prefix 5/8 (end=20, n_frames=4/21): reward=-18.0000 (mean, 1 tok)
2026-04-29 23:27:29,990 mme_vla_suite.pseudo_labeling.topreward_qwen_scorer INFO: Prefix 6/8 (end=24, n_frames=5/25): reward=-17.1250 (mean, 1 tok)
2026-04-29 23:27:34,126 mme_vla_suite.pseudo_labeling.topreward_qwen_scorer INFO: Prefix 7/8 (end=28, n_frames=6/29): reward=-16.8750 (mean, 1 tok)
2026-04-29 23:27:38,273 mme_vla_suite.pseudo_labeling.topreward_qwen_scorer INFO: Prefix 8/8 (end=32, n_frames=7/33): reward=-17.2500 (mean, 1 tok)
2026-04-29 23:27:42,844 mme_vla_suite.pseudo_labeling.topreward_qwen_scorer INFO: Prefix 1/8 (end=4, n_frames=4/5): reward=-20.2500 (mean, 1 tok)
2026-04-29 23:27:47,510 mme_vla_suite.pseudo_labeling.topreward_qwen_scorer INFO: Prefix 2/8 (end=7, n_frames=4/8): reward=-19.5000 (mean, 1 tok)
2026-04-29 23:27:51,626 mme_vla_suite.pseudo_labeling.topreward_qwen_scorer INFO: Prefix 3/8 (end=10, n_frames=4/11): reward=-19.2500 (mean, 1 tok)
2026-04-29 23:27:55,665 mme_vla_suite.pseudo_labeling.topreward_qwen_scorer INFO: Prefix 4/8 (end=13, n_frames=4/14): reward=-19.8750 (mean, 1 tok)
2026-04-29 23:27:59,754 mme_vla_suite.pseudo_labeling.topreward_qwen_scorer INFO: Prefix 5/8 (end=16, n_frames=4/17): reward=-17.3750 (mean, 1 tok)
2026-04-29 23:28:04,322 mme_vla_suite.pseudo_labeling.topreward_qwen_scorer INFO: Prefix 6/8 (end=19, n_frames=4/20): reward=-16.8750 (mean, 1 tok)
2026-04-29 23:28:08,378 mme_vla_suite.pseudo_labeling.topreward_qwen_scorer INFO: Prefix 7/8 (end=22, n_frames=5/23): reward=-17.3750 (mean, 1 tok)
2026-04-29 23:28:12,454 mme_vla_suite.pseudo_labeling.topreward_qwen_scorer INFO: Prefix 8/8 (end=26, n_frames=5/27): reward=-17.0000 (mean, 1 tok)
2026-04-29 23:28:17,252 mme_vla_suite.pseudo_labeling.topreward_qwen_scorer INFO: Prefix 1/8 (end=4, n_frames=4/5): reward=-20.2500 (mean, 1 tok)
2026-04-29 23:28:21,289 mme_vla_suite.pseudo_labeling.topreward_qwen_scorer INFO: Prefix 2/8 (end=8, n_frames=4/9): reward=-18.5000 (mean, 1 tok)
2026-04-29 23:28:25,357 mme_vla_suite.pseudo_labeling.topreward_qwen_scorer INFO: Prefix 3/8 (end=12, n_frames=4/13): reward=-19.7500 (mean, 1 tok)
2026-04-29 23:28:29,400 mme_vla_suite.pseudo_labeling.topreward_qwen_scorer INFO: Prefix 4/8 (end=17, n_frames=4/18): reward=-18.0000 (mean, 1 tok)
2026-04-29 23:28:33,453 mme_vla_suite.pseudo_labeling.topreward_qwen_scorer INFO: Prefix 5/8 (end=21, n_frames=4/22): reward=-16.6250 (mean, 1 tok)
2026-04-29 23:28:37,492 mme_vla_suite.pseudo_labeling.topreward_qwen_scorer INFO: Prefix 6/8 (end=26, n_frames=5/27): reward=-17.0000 (mean, 1 tok)
2026-04-29 23:28:41,572 mme_vla_suite.pseudo_labeling.topreward_qwen_scorer INFO: Prefix 7/8 (end=30, n_frames=6/31): reward=-16.1250 (mean, 1 tok)
2026-04-29 23:28:45,610 mme_vla_suite.pseudo_labeling.topreward_qwen_scorer INFO: Prefix 8/8 (end=35, n_frames=7/36): reward=-18.6250 (mean, 1 tok)
