/coc/testnvme/shalbe3/miniconda/envs/robomme/lib/python3.11/site-packages/torch/cuda/__init__.py:63: FutureWarning: The pynvml package is deprecated. Please install nvidia-ml-py instead. If you did not install pynvml directly, please report this to the maintainers of the package that installed pynvml for you.
  import pynvml  # type: ignore[import]
`torch_dtype` is deprecated! Use `dtype` instead!
You are attempting to use Flash Attention 2 without specifying a torch dtype. This might lead to unexpected behaviour
2026-04-30 00:59:10,844 mme_vla_suite.pseudo_labeling.topreward_qwen_scorer WARNING: flash_attention_2 unavailable (/coc/testnvme/shalbe3/miniconda/envs/robomme/lib/python3.11/site-packages/flash_attn_2_cuda.cpython-311-x86_64-linux-gnu.so: undefined symbol: _ZNK3c106SymInt6sym_neERKS0_), using default attention
Loading checkpoint shards:   0%|          | 0/4 [00:00<?, ?it/s]Loading checkpoint shards:  25%|██▌       | 1/4 [00:01<00:03,  1.20s/it]Loading checkpoint shards:  50%|█████     | 2/4 [00:02<00:02,  1.13s/it]Loading checkpoint shards:  75%|███████▌  | 3/4 [00:03<00:01,  1.14s/it]Loading checkpoint shards: 100%|██████████| 4/4 [00:04<00:00,  1.04it/s]Loading checkpoint shards: 100%|██████████| 4/4 [00:04<00:00,  1.03s/it]
Asked to sample `fps` frames per second but no video metadata was provided which is required when sampling with `fps`. Defaulting to `fps=24`. Please provide `video_metadata` for more accurate results.
2026-04-30 00:59:25,086 mme_vla_suite.pseudo_labeling.topreward_qwen_scorer INFO: Prefix 1/8 (end=5, n_frames=4/6): reward=-19.2500 (mean, 1 tok)
2026-04-30 00:59:31,940 mme_vla_suite.pseudo_labeling.topreward_qwen_scorer INFO: Prefix 2/8 (end=11, n_frames=4/12): reward=-19.6250 (mean, 1 tok)
2026-04-30 00:59:38,804 mme_vla_suite.pseudo_labeling.topreward_qwen_scorer INFO: Prefix 3/8 (end=18, n_frames=4/19): reward=-19.5000 (mean, 1 tok)
2026-04-30 00:59:45,668 mme_vla_suite.pseudo_labeling.topreward_qwen_scorer INFO: Prefix 4/8 (end=25, n_frames=5/26): reward=-19.7500 (mean, 1 tok)
2026-04-30 00:59:52,515 mme_vla_suite.pseudo_labeling.topreward_qwen_scorer INFO: Prefix 5/8 (end=32, n_frames=7/33): reward=-19.6250 (mean, 1 tok)
2026-04-30 00:59:59,538 mme_vla_suite.pseudo_labeling.topreward_qwen_scorer INFO: Prefix 6/8 (end=39, n_frames=8/40): reward=-19.1250 (mean, 1 tok)
2026-04-30 01:00:06,417 mme_vla_suite.pseudo_labeling.topreward_qwen_scorer INFO: Prefix 7/8 (end=46, n_frames=9/47): reward=-18.0000 (mean, 1 tok)
2026-04-30 01:00:13,385 mme_vla_suite.pseudo_labeling.topreward_qwen_scorer INFO: Prefix 8/8 (end=53, n_frames=11/54): reward=-18.1250 (mean, 1 tok)
2026-04-30 01:00:21,746 mme_vla_suite.pseudo_labeling.topreward_qwen_scorer INFO: Prefix 1/8 (end=33, n_frames=7/34): reward=-21.5000 (mean, 1 tok)
2026-04-30 01:00:28,662 mme_vla_suite.pseudo_labeling.topreward_qwen_scorer INFO: Prefix 2/8 (end=76, n_frames=15/77): reward=-20.5000 (mean, 1 tok)
2026-04-30 01:00:35,645 mme_vla_suite.pseudo_labeling.topreward_qwen_scorer INFO: Prefix 3/8 (end=119, n_frames=24/120): reward=-20.3750 (mean, 1 tok)
2026-04-30 01:00:42,713 mme_vla_suite.pseudo_labeling.topreward_qwen_scorer INFO: Prefix 4/8 (end=162, n_frames=33/163): reward=-19.2500 (mean, 1 tok)
2026-04-30 01:00:49,864 mme_vla_suite.pseudo_labeling.topreward_qwen_scorer INFO: Prefix 5/8 (end=205, n_frames=41/206): reward=-19.2500 (mean, 1 tok)
2026-04-30 01:00:57,224 mme_vla_suite.pseudo_labeling.topreward_qwen_scorer INFO: Prefix 6/8 (end=248, n_frames=50/249): reward=-19.0000 (mean, 1 tok)
2026-04-30 01:01:04,472 mme_vla_suite.pseudo_labeling.topreward_qwen_scorer INFO: Prefix 7/8 (end=291, n_frames=58/292): reward=-19.1250 (mean, 1 tok)
2026-04-30 01:01:15,233 mme_vla_suite.pseudo_labeling.topreward_qwen_scorer INFO: Prefix 8/8 (end=335, n_frames=67/336): reward=-20.5000 (mean, 1 tok)
2026-04-30 01:01:22,723 mme_vla_suite.pseudo_labeling.topreward_qwen_scorer INFO: Prefix 1/8 (end=4, n_frames=4/5): reward=-20.0000 (mean, 1 tok)
2026-04-30 01:01:29,539 mme_vla_suite.pseudo_labeling.topreward_qwen_scorer INFO: Prefix 2/8 (end=7, n_frames=4/8): reward=-19.7500 (mean, 1 tok)
2026-04-30 01:01:36,384 mme_vla_suite.pseudo_labeling.topreward_qwen_scorer INFO: Prefix 3/8 (end=10, n_frames=4/11): reward=-19.6250 (mean, 1 tok)
2026-04-30 01:01:43,228 mme_vla_suite.pseudo_labeling.topreward_qwen_scorer INFO: Prefix 4/8 (end=13, n_frames=4/14): reward=-19.5000 (mean, 1 tok)
2026-04-30 01:01:50,088 mme_vla_suite.pseudo_labeling.topreward_qwen_scorer INFO: Prefix 5/8 (end=17, n_frames=4/18): reward=-20.0000 (mean, 1 tok)
2026-04-30 01:01:56,908 mme_vla_suite.pseudo_labeling.topreward_qwen_scorer INFO: Prefix 6/8 (end=20, n_frames=4/21): reward=-19.7500 (mean, 1 tok)
2026-04-30 01:02:03,750 mme_vla_suite.pseudo_labeling.topreward_qwen_scorer INFO: Prefix 7/8 (end=23, n_frames=5/24): reward=-18.6250 (mean, 1 tok)
2026-04-30 01:02:11,078 mme_vla_suite.pseudo_labeling.topreward_qwen_scorer INFO: Prefix 8/8 (end=27, n_frames=6/28): reward=-18.6250 (mean, 1 tok)
slurmstepd: error: *** STEP 3033809.0 ON spd-13 CANCELLED AT 2026-04-30T01:02:15 ***
slurmstepd: error: *** JOB 3033809 ON spd-13 CANCELLED AT 2026-04-30T01:02:15 ***
