/coc/testnvme/shalbe3/miniconda/envs/robomme/lib/python3.11/site-packages/torch/cuda/__init__.py:63: FutureWarning: The pynvml package is deprecated. Please install nvidia-ml-py instead. If you did not install pynvml directly, please report this to the maintainers of the package that installed pynvml for you.
  import pynvml  # type: ignore[import]
`torch_dtype` is deprecated! Use `dtype` instead!
You are attempting to use Flash Attention 2 without specifying a torch dtype. This might lead to unexpected behaviour
2026-04-30 00:59:10,866 mme_vla_suite.pseudo_labeling.topreward_qwen_scorer WARNING: flash_attention_2 unavailable (/coc/testnvme/shalbe3/miniconda/envs/robomme/lib/python3.11/site-packages/flash_attn_2_cuda.cpython-311-x86_64-linux-gnu.so: undefined symbol: _ZNK3c106SymInt6sym_neERKS0_), using default attention
Loading checkpoint shards:   0%|          | 0/4 [00:00<?, ?it/s]Loading checkpoint shards:  25%|██▌       | 1/4 [00:01<00:03,  1.21s/it]Loading checkpoint shards:  50%|█████     | 2/4 [00:02<00:02,  1.12s/it]Loading checkpoint shards:  75%|███████▌  | 3/4 [00:03<00:01,  1.13s/it]Loading checkpoint shards: 100%|██████████| 4/4 [00:04<00:00,  1.07it/s]Loading checkpoint shards: 100%|██████████| 4/4 [00:04<00:00,  1.01s/it]
Asked to sample `fps` frames per second but no video metadata was provided which is required when sampling with `fps`. Defaulting to `fps=24`. Please provide `video_metadata` for more accurate results.
2026-04-30 00:59:25,064 mme_vla_suite.pseudo_labeling.topreward_qwen_scorer INFO: Prefix 1/8 (end=17, n_frames=4/18): reward=-24.7500 (mean, 1 tok)
2026-04-30 00:59:31,969 mme_vla_suite.pseudo_labeling.topreward_qwen_scorer INFO: Prefix 2/8 (end=40, n_frames=8/41): reward=-24.0000 (mean, 1 tok)
2026-04-30 00:59:38,910 mme_vla_suite.pseudo_labeling.topreward_qwen_scorer INFO: Prefix 3/8 (end=63, n_frames=13/64): reward=-24.5000 (mean, 1 tok)
2026-04-30 00:59:45,871 mme_vla_suite.pseudo_labeling.topreward_qwen_scorer INFO: Prefix 4/8 (end=86, n_frames=17/87): reward=-25.2500 (mean, 1 tok)
2026-04-30 00:59:52,842 mme_vla_suite.pseudo_labeling.topreward_qwen_scorer INFO: Prefix 5/8 (end=109, n_frames=22/110): reward=-24.5000 (mean, 1 tok)
2026-04-30 00:59:59,894 mme_vla_suite.pseudo_labeling.topreward_qwen_scorer INFO: Prefix 6/8 (end=132, n_frames=27/133): reward=-24.3750 (mean, 1 tok)
2026-04-30 01:00:06,954 mme_vla_suite.pseudo_labeling.topreward_qwen_scorer INFO: Prefix 7/8 (end=155, n_frames=31/156): reward=-22.2500 (mean, 1 tok)
2026-04-30 01:00:14,073 mme_vla_suite.pseudo_labeling.topreward_qwen_scorer INFO: Prefix 8/8 (end=178, n_frames=36/179): reward=-18.1250 (mean, 1 tok)
2026-04-30 01:00:21,833 mme_vla_suite.pseudo_labeling.topreward_qwen_scorer INFO: Prefix 1/8 (end=4, n_frames=4/5): reward=-20.6250 (mean, 1 tok)
2026-04-30 01:00:28,667 mme_vla_suite.pseudo_labeling.topreward_qwen_scorer INFO: Prefix 2/8 (end=10, n_frames=4/11): reward=-19.5000 (mean, 1 tok)
2026-04-30 01:00:35,488 mme_vla_suite.pseudo_labeling.topreward_qwen_scorer INFO: Prefix 3/8 (end=16, n_frames=4/17): reward=-21.2500 (mean, 1 tok)
2026-04-30 01:00:42,322 mme_vla_suite.pseudo_labeling.topreward_qwen_scorer INFO: Prefix 4/8 (end=22, n_frames=5/23): reward=-21.5000 (mean, 1 tok)
2026-04-30 01:00:49,152 mme_vla_suite.pseudo_labeling.topreward_qwen_scorer INFO: Prefix 5/8 (end=28, n_frames=6/29): reward=-21.0000 (mean, 1 tok)
2026-04-30 01:00:56,033 mme_vla_suite.pseudo_labeling.topreward_qwen_scorer INFO: Prefix 6/8 (end=34, n_frames=7/35): reward=-21.6250 (mean, 1 tok)
2026-04-30 01:01:02,897 mme_vla_suite.pseudo_labeling.topreward_qwen_scorer INFO: Prefix 7/8 (end=40, n_frames=8/41): reward=-22.0000 (mean, 1 tok)
2026-04-30 01:01:09,791 mme_vla_suite.pseudo_labeling.topreward_qwen_scorer INFO: Prefix 8/8 (end=46, n_frames=9/47): reward=-19.5000 (mean, 1 tok)
2026-04-30 01:01:17,350 mme_vla_suite.pseudo_labeling.topreward_qwen_scorer INFO: Prefix 1/8 (end=9, n_frames=4/10): reward=-25.7500 (mean, 1 tok)
2026-04-30 01:01:24,187 mme_vla_suite.pseudo_labeling.topreward_qwen_scorer INFO: Prefix 2/8 (end=21, n_frames=4/22): reward=-25.5000 (mean, 1 tok)
2026-04-30 01:01:31,040 mme_vla_suite.pseudo_labeling.topreward_qwen_scorer INFO: Prefix 3/8 (end=33, n_frames=7/34): reward=-25.0000 (mean, 1 tok)
2026-04-30 01:01:37,891 mme_vla_suite.pseudo_labeling.topreward_qwen_scorer INFO: Prefix 4/8 (end=46, n_frames=9/47): reward=-24.3750 (mean, 1 tok)
2026-04-30 01:01:44,754 mme_vla_suite.pseudo_labeling.topreward_qwen_scorer INFO: Prefix 5/8 (end=58, n_frames=12/59): reward=-24.0000 (mean, 1 tok)
2026-04-30 01:01:51,628 mme_vla_suite.pseudo_labeling.topreward_qwen_scorer INFO: Prefix 6/8 (end=71, n_frames=14/72): reward=-24.7500 (mean, 1 tok)
2026-04-30 01:01:58,552 mme_vla_suite.pseudo_labeling.topreward_qwen_scorer INFO: Prefix 7/8 (end=83, n_frames=17/84): reward=-23.5000 (mean, 1 tok)
2026-04-30 01:02:05,520 mme_vla_suite.pseudo_labeling.topreward_qwen_scorer INFO: Prefix 8/8 (end=96, n_frames=19/97): reward=-18.7500 (mean, 1 tok)
2026-04-30 01:02:13,278 mme_vla_suite.pseudo_labeling.topreward_qwen_scorer INFO: Prefix 1/8 (end=10, n_frames=4/11): reward=-25.8750 (mean, 1 tok)
slurmstepd: error: *** STEP 3033814.0 ON spd-13 CANCELLED AT 2026-04-30T01:02:15 ***
slurmstepd: error: *** JOB 3033814 ON spd-13 CANCELLED AT 2026-04-30T01:02:15 ***
