/coc/testnvme/shalbe3/miniconda/envs/robomme/lib/python3.11/site-packages/torch/cuda/__init__.py:63: FutureWarning: The pynvml package is deprecated. Please install nvidia-ml-py instead. If you did not install pynvml directly, please report this to the maintainers of the package that installed pynvml for you.
  import pynvml  # type: ignore[import]
`torch_dtype` is deprecated! Use `dtype` instead!
You are attempting to use Flash Attention 2 without specifying a torch dtype. This might lead to unexpected behaviour
2026-04-29 23:25:35,371 mme_vla_suite.pseudo_labeling.topreward_qwen_scorer WARNING: flash_attention_2 unavailable (/coc/testnvme/shalbe3/miniconda/envs/robomme/lib/python3.11/site-packages/flash_attn_2_cuda.cpython-311-x86_64-linux-gnu.so: undefined symbol: _ZNK3c106SymInt6sym_neERKS0_), using default attention
Loading checkpoint shards:   0%|          | 0/4 [00:00<?, ?it/s]Loading checkpoint shards:  25%|██▌       | 1/4 [00:08<00:24,  8.20s/it]Loading checkpoint shards:  50%|█████     | 2/4 [00:16<00:16,  8.25s/it]Loading checkpoint shards:  75%|███████▌  | 3/4 [00:25<00:08,  8.77s/it]Loading checkpoint shards: 100%|██████████| 4/4 [00:30<00:00,  7.30s/it]Loading checkpoint shards: 100%|██████████| 4/4 [00:30<00:00,  7.73s/it]
Asked to sample `fps` frames per second but no video metadata was provided which is required when sampling with `fps`. Defaulting to `fps=24`. Please provide `video_metadata` for more accurate results.
2026-04-29 23:26:16,489 mme_vla_suite.pseudo_labeling.topreward_qwen_scorer INFO: Prefix 1/8 (end=19, n_frames=4/20): reward=-18.6250 (mean, 1 tok)
2026-04-29 23:26:23,326 mme_vla_suite.pseudo_labeling.topreward_qwen_scorer INFO: Prefix 2/8 (end=43, n_frames=9/44): reward=-17.1250 (mean, 1 tok)
2026-04-29 23:26:30,168 mme_vla_suite.pseudo_labeling.topreward_qwen_scorer INFO: Prefix 3/8 (end=68, n_frames=14/69): reward=-16.1250 (mean, 1 tok)
2026-04-29 23:26:37,062 mme_vla_suite.pseudo_labeling.topreward_qwen_scorer INFO: Prefix 4/8 (end=93, n_frames=19/94): reward=-17.1250 (mean, 1 tok)
2026-04-29 23:26:43,979 mme_vla_suite.pseudo_labeling.topreward_qwen_scorer INFO: Prefix 5/8 (end=118, n_frames=24/119): reward=-16.3750 (mean, 1 tok)
2026-04-29 23:26:50,940 mme_vla_suite.pseudo_labeling.topreward_qwen_scorer INFO: Prefix 6/8 (end=143, n_frames=29/144): reward=-15.0000 (mean, 1 tok)
2026-04-29 23:26:57,945 mme_vla_suite.pseudo_labeling.topreward_qwen_scorer INFO: Prefix 7/8 (end=168, n_frames=34/169): reward=-15.1250 (mean, 1 tok)
2026-04-29 23:27:04,978 mme_vla_suite.pseudo_labeling.topreward_qwen_scorer INFO: Prefix 8/8 (end=193, n_frames=39/194): reward=-14.0000 (mean, 1 tok)
2026-04-29 23:27:12,709 mme_vla_suite.pseudo_labeling.topreward_qwen_scorer INFO: Prefix 1/8 (end=7, n_frames=4/8): reward=-19.7500 (mean, 1 tok)
2026-04-29 23:27:19,484 mme_vla_suite.pseudo_labeling.topreward_qwen_scorer INFO: Prefix 2/8 (end=15, n_frames=4/16): reward=-19.8750 (mean, 1 tok)
2026-04-29 23:27:26,293 mme_vla_suite.pseudo_labeling.topreward_qwen_scorer INFO: Prefix 3/8 (end=24, n_frames=5/25): reward=-20.7500 (mean, 1 tok)
2026-04-29 23:27:33,081 mme_vla_suite.pseudo_labeling.topreward_qwen_scorer INFO: Prefix 4/8 (end=33, n_frames=7/34): reward=-19.0000 (mean, 1 tok)
2026-04-29 23:27:39,875 mme_vla_suite.pseudo_labeling.topreward_qwen_scorer INFO: Prefix 5/8 (end=42, n_frames=9/43): reward=-19.6250 (mean, 1 tok)
2026-04-29 23:27:46,663 mme_vla_suite.pseudo_labeling.topreward_qwen_scorer INFO: Prefix 6/8 (end=51, n_frames=10/52): reward=-18.7500 (mean, 1 tok)
2026-04-29 23:27:53,441 mme_vla_suite.pseudo_labeling.topreward_qwen_scorer INFO: Prefix 7/8 (end=60, n_frames=12/61): reward=-20.5000 (mean, 1 tok)
2026-04-29 23:28:00,267 mme_vla_suite.pseudo_labeling.topreward_qwen_scorer INFO: Prefix 8/8 (end=69, n_frames=14/70): reward=-20.0000 (mean, 1 tok)
2026-04-29 23:28:08,001 mme_vla_suite.pseudo_labeling.topreward_qwen_scorer INFO: Prefix 1/8 (end=8, n_frames=4/9): reward=-19.5000 (mean, 1 tok)
2026-04-29 23:28:14,760 mme_vla_suite.pseudo_labeling.topreward_qwen_scorer INFO: Prefix 2/8 (end=19, n_frames=4/20): reward=-19.8750 (mean, 1 tok)
2026-04-29 23:28:21,517 mme_vla_suite.pseudo_labeling.topreward_qwen_scorer INFO: Prefix 3/8 (end=30, n_frames=6/31): reward=-20.1250 (mean, 1 tok)
2026-04-29 23:28:28,336 mme_vla_suite.pseudo_labeling.topreward_qwen_scorer INFO: Prefix 4/8 (end=41, n_frames=8/42): reward=-18.7500 (mean, 1 tok)
2026-04-29 23:28:35,192 mme_vla_suite.pseudo_labeling.topreward_qwen_scorer INFO: Prefix 5/8 (end=53, n_frames=11/54): reward=-19.3750 (mean, 1 tok)
2026-04-29 23:28:42,032 mme_vla_suite.pseudo_labeling.topreward_qwen_scorer INFO: Prefix 6/8 (end=64, n_frames=13/65): reward=-19.8750 (mean, 1 tok)
2026-04-29 23:28:48,860 mme_vla_suite.pseudo_labeling.topreward_qwen_scorer INFO: Prefix 7/8 (end=75, n_frames=15/76): reward=-19.3750 (mean, 1 tok)
2026-04-29 23:28:55,678 mme_vla_suite.pseudo_labeling.topreward_qwen_scorer INFO: Prefix 8/8 (end=87, n_frames=18/88): reward=-19.6250 (mean, 1 tok)
2026-04-29 23:29:03,444 mme_vla_suite.pseudo_labeling.topreward_qwen_scorer INFO: Prefix 1/8 (end=11, n_frames=4/12): reward=-18.8750 (mean, 1 tok)
2026-04-29 23:29:10,224 mme_vla_suite.pseudo_labeling.topreward_qwen_scorer INFO: Prefix 2/8 (end=26, n_frames=5/27): reward=-18.6250 (mean, 1 tok)
2026-04-29 23:29:16,983 mme_vla_suite.pseudo_labeling.topreward_qwen_scorer INFO: Prefix 3/8 (end=41, n_frames=8/42): reward=-17.1250 (mean, 1 tok)
2026-04-29 23:29:23,803 mme_vla_suite.pseudo_labeling.topreward_qwen_scorer INFO: Prefix 4/8 (end=56, n_frames=11/57): reward=-16.2500 (mean, 1 tok)
2026-04-29 23:29:30,599 mme_vla_suite.pseudo_labeling.topreward_qwen_scorer INFO: Prefix 5/8 (end=72, n_frames=15/73): reward=-16.1250 (mean, 1 tok)
2026-04-29 23:29:37,439 mme_vla_suite.pseudo_labeling.topreward_qwen_scorer INFO: Prefix 6/8 (end=87, n_frames=18/88): reward=-16.3750 (mean, 1 tok)
2026-04-29 23:29:44,300 mme_vla_suite.pseudo_labeling.topreward_qwen_scorer INFO: Prefix 7/8 (end=102, n_frames=21/103): reward=-15.7500 (mean, 1 tok)
2026-04-29 23:29:51,220 mme_vla_suite.pseudo_labeling.topreward_qwen_scorer INFO: Prefix 8/8 (end=118, n_frames=24/119): reward=-15.7500 (mean, 1 tok)
2026-04-29 23:29:58,543 mme_vla_suite.pseudo_labeling.topreward_qwen_scorer INFO: Prefix 1/8 (end=6, n_frames=4/7): reward=-19.5000 (mean, 1 tok)
2026-04-29 23:30:05,333 mme_vla_suite.pseudo_labeling.topreward_qwen_scorer INFO: Prefix 2/8 (end=14, n_frames=4/15): reward=-19.3750 (mean, 1 tok)
2026-04-29 23:30:12,226 mme_vla_suite.pseudo_labeling.topreward_qwen_scorer INFO: Prefix 3/8 (end=23, n_frames=5/24): reward=-17.5000 (mean, 1 tok)
2026-04-29 23:30:19,008 mme_vla_suite.pseudo_labeling.topreward_qwen_scorer INFO: Prefix 4/8 (end=31, n_frames=6/32): reward=-17.2500 (mean, 1 tok)
2026-04-29 23:30:25,793 mme_vla_suite.pseudo_labeling.topreward_qwen_scorer INFO: Prefix 5/8 (end=40, n_frames=8/41): reward=-17.3750 (mean, 1 tok)
2026-04-29 23:30:32,596 mme_vla_suite.pseudo_labeling.topreward_qwen_scorer INFO: Prefix 6/8 (end=48, n_frames=10/49): reward=-17.6250 (mean, 1 tok)
2026-04-29 23:30:39,402 mme_vla_suite.pseudo_labeling.topreward_qwen_scorer INFO: Prefix 7/8 (end=57, n_frames=12/58): reward=-18.3750 (mean, 1 tok)
2026-04-29 23:30:46,352 mme_vla_suite.pseudo_labeling.topreward_qwen_scorer INFO: Prefix 8/8 (end=66, n_frames=13/67): reward=-17.6250 (mean, 1 tok)
2026-04-29 23:30:53,975 mme_vla_suite.pseudo_labeling.topreward_qwen_scorer INFO: Prefix 1/8 (end=8, n_frames=4/9): reward=-18.3750 (mean, 1 tok)
2026-04-29 23:31:00,872 mme_vla_suite.pseudo_labeling.topreward_qwen_scorer INFO: Prefix 2/8 (end=18, n_frames=4/19): reward=-18.5000 (mean, 1 tok)
2026-04-29 23:31:07,694 mme_vla_suite.pseudo_labeling.topreward_qwen_scorer INFO: Prefix 3/8 (end=29, n_frames=6/30): reward=-17.3750 (mean, 1 tok)
2026-04-29 23:31:14,598 mme_vla_suite.pseudo_labeling.topreward_qwen_scorer INFO: Prefix 4/8 (end=40, n_frames=8/41): reward=-17.3750 (mean, 1 tok)
2026-04-29 23:31:21,459 mme_vla_suite.pseudo_labeling.topreward_qwen_scorer INFO: Prefix 5/8 (end=51, n_frames=10/52): reward=-18.8750 (mean, 1 tok)
2026-04-29 23:31:28,316 mme_vla_suite.pseudo_labeling.topreward_qwen_scorer INFO: Prefix 6/8 (end=62, n_frames=13/63): reward=-18.2500 (mean, 1 tok)
2026-04-29 23:31:35,217 mme_vla_suite.pseudo_labeling.topreward_qwen_scorer INFO: Prefix 7/8 (end=73, n_frames=15/74): reward=-17.8750 (mean, 1 tok)
2026-04-29 23:31:42,121 mme_vla_suite.pseudo_labeling.topreward_qwen_scorer INFO: Prefix 8/8 (end=84, n_frames=17/85): reward=-17.7500 (mean, 1 tok)
2026-04-29 23:31:50,053 mme_vla_suite.pseudo_labeling.topreward_qwen_scorer INFO: Prefix 1/8 (end=12, n_frames=4/13): reward=-18.6250 (mean, 1 tok)
2026-04-29 23:31:56,890 mme_vla_suite.pseudo_labeling.topreward_qwen_scorer INFO: Prefix 2/8 (end=27, n_frames=6/28): reward=-18.8750 (mean, 1 tok)
2026-04-29 23:32:03,749 mme_vla_suite.pseudo_labeling.topreward_qwen_scorer INFO: Prefix 3/8 (end=42, n_frames=9/43): reward=-16.1250 (mean, 1 tok)
2026-04-29 23:32:10,636 mme_vla_suite.pseudo_labeling.topreward_qwen_scorer INFO: Prefix 4/8 (end=57, n_frames=12/58): reward=-15.7500 (mean, 1 tok)
2026-04-29 23:32:17,540 mme_vla_suite.pseudo_labeling.topreward_qwen_scorer INFO: Prefix 5/8 (end=73, n_frames=15/74): reward=-16.1250 (mean, 1 tok)
2026-04-29 23:32:24,449 mme_vla_suite.pseudo_labeling.topreward_qwen_scorer INFO: Prefix 6/8 (end=88, n_frames=18/89): reward=-15.1250 (mean, 1 tok)
2026-04-29 23:32:31,448 mme_vla_suite.pseudo_labeling.topreward_qwen_scorer INFO: Prefix 7/8 (end=103, n_frames=21/104): reward=-15.3750 (mean, 1 tok)
2026-04-29 23:32:38,349 mme_vla_suite.pseudo_labeling.topreward_qwen_scorer INFO: Prefix 8/8 (end=119, n_frames=24/120): reward=-14.8750 (mean, 1 tok)
2026-04-29 23:32:46,045 mme_vla_suite.pseudo_labeling.topreward_qwen_scorer INFO: Prefix 1/8 (end=7, n_frames=4/8): reward=-19.5000 (mean, 1 tok)
2026-04-29 23:32:52,944 mme_vla_suite.pseudo_labeling.topreward_qwen_scorer INFO: Prefix 2/8 (end=15, n_frames=4/16): reward=-19.0000 (mean, 1 tok)
2026-04-29 23:32:59,814 mme_vla_suite.pseudo_labeling.topreward_qwen_scorer INFO: Prefix 3/8 (end=24, n_frames=5/25): reward=-18.6250 (mean, 1 tok)
2026-04-29 23:33:06,671 mme_vla_suite.pseudo_labeling.topreward_qwen_scorer INFO: Prefix 4/8 (end=33, n_frames=7/34): reward=-19.6250 (mean, 1 tok)
2026-04-29 23:33:13,551 mme_vla_suite.pseudo_labeling.topreward_qwen_scorer INFO: Prefix 5/8 (end=42, n_frames=9/43): reward=-18.5000 (mean, 1 tok)
2026-04-29 23:33:20,370 mme_vla_suite.pseudo_labeling.topreward_qwen_scorer INFO: Prefix 6/8 (end=51, n_frames=10/52): reward=-18.2500 (mean, 1 tok)
2026-04-29 23:33:27,225 mme_vla_suite.pseudo_labeling.topreward_qwen_scorer INFO: Prefix 7/8 (end=60, n_frames=12/61): reward=-17.8750 (mean, 1 tok)
2026-04-29 23:33:34,096 mme_vla_suite.pseudo_labeling.topreward_qwen_scorer INFO: Prefix 8/8 (end=69, n_frames=14/70): reward=-17.7500 (mean, 1 tok)
2026-04-29 23:33:41,831 mme_vla_suite.pseudo_labeling.topreward_qwen_scorer INFO: Prefix 1/8 (end=8, n_frames=4/9): reward=-19.1250 (mean, 1 tok)
2026-04-29 23:33:48,704 mme_vla_suite.pseudo_labeling.topreward_qwen_scorer INFO: Prefix 2/8 (end=18, n_frames=4/19): reward=-18.8750 (mean, 1 tok)
2026-04-29 23:33:55,610 mme_vla_suite.pseudo_labeling.topreward_qwen_scorer INFO: Prefix 3/8 (end=28, n_frames=6/29): reward=-18.5000 (mean, 1 tok)
2026-04-29 23:34:02,442 mme_vla_suite.pseudo_labeling.topreward_qwen_scorer INFO: Prefix 4/8 (end=39, n_frames=8/40): reward=-19.2500 (mean, 1 tok)
2026-04-29 23:34:09,244 mme_vla_suite.pseudo_labeling.topreward_qwen_scorer INFO: Prefix 5/8 (end=49, n_frames=10/50): reward=-18.3750 (mean, 1 tok)
2026-04-29 23:34:16,065 mme_vla_suite.pseudo_labeling.topreward_qwen_scorer INFO: Prefix 6/8 (end=60, n_frames=12/61): reward=-17.8750 (mean, 1 tok)
2026-04-29 23:34:22,983 mme_vla_suite.pseudo_labeling.topreward_qwen_scorer INFO: Prefix 7/8 (end=70, n_frames=14/71): reward=-18.7500 (mean, 1 tok)
2026-04-29 23:34:29,958 mme_vla_suite.pseudo_labeling.topreward_qwen_scorer INFO: Prefix 8/8 (end=81, n_frames=16/82): reward=-18.5000 (mean, 1 tok)
