/coc/testnvme/shalbe3/miniconda/envs/robomme/lib/python3.11/site-packages/torch/cuda/__init__.py:63: FutureWarning: The pynvml package is deprecated. Please install nvidia-ml-py instead. If you did not install pynvml directly, please report this to the maintainers of the package that installed pynvml for you.
  import pynvml  # type: ignore[import]
`torch_dtype` is deprecated! Use `dtype` instead!
You are attempting to use Flash Attention 2 without specifying a torch dtype. This might lead to unexpected behaviour
2026-04-29 23:20:45,655 mme_vla_suite.pseudo_labeling.topreward_qwen_scorer WARNING: flash_attention_2 unavailable (/coc/testnvme/shalbe3/miniconda/envs/robomme/lib/python3.11/site-packages/flash_attn_2_cuda.cpython-311-x86_64-linux-gnu.so: undefined symbol: _ZNK3c106SymInt6sym_neERKS0_), using default attention
Loading checkpoint shards:   0%|          | 0/4 [00:00<?, ?it/s]Loading checkpoint shards:  25%|██▌       | 1/4 [00:11<00:35, 11.69s/it]Loading checkpoint shards:  50%|█████     | 2/4 [00:22<00:22, 11.41s/it]Loading checkpoint shards:  75%|███████▌  | 3/4 [00:34<00:11, 11.35s/it]Loading checkpoint shards: 100%|██████████| 4/4 [00:40<00:00,  9.45s/it]Loading checkpoint shards: 100%|██████████| 4/4 [00:40<00:00, 10.18s/it]
Asked to sample `fps` frames per second but no video metadata was provided which is required when sampling with `fps`. Defaulting to `fps=24`. Please provide `video_metadata` for more accurate results.
2026-04-29 23:21:33,093 mme_vla_suite.pseudo_labeling.topreward_qwen_scorer INFO: Prefix 1/8 (end=11, n_frames=4/12): reward=-23.2500 (mean, 1 tok)
2026-04-29 23:21:37,332 mme_vla_suite.pseudo_labeling.topreward_qwen_scorer INFO: Prefix 2/8 (end=26, n_frames=5/27): reward=-23.3750 (mean, 1 tok)
2026-04-29 23:21:41,538 mme_vla_suite.pseudo_labeling.topreward_qwen_scorer INFO: Prefix 3/8 (end=41, n_frames=8/42): reward=-19.7500 (mean, 1 tok)
2026-04-29 23:21:45,780 mme_vla_suite.pseudo_labeling.topreward_qwen_scorer INFO: Prefix 4/8 (end=56, n_frames=11/57): reward=-20.7500 (mean, 1 tok)
2026-04-29 23:21:50,036 mme_vla_suite.pseudo_labeling.topreward_qwen_scorer INFO: Prefix 5/8 (end=71, n_frames=14/72): reward=-19.7500 (mean, 1 tok)
2026-04-29 23:21:54,309 mme_vla_suite.pseudo_labeling.topreward_qwen_scorer INFO: Prefix 6/8 (end=86, n_frames=17/87): reward=-20.1250 (mean, 1 tok)
2026-04-29 23:21:58,605 mme_vla_suite.pseudo_labeling.topreward_qwen_scorer INFO: Prefix 7/8 (end=101, n_frames=20/102): reward=-17.5000 (mean, 1 tok)
2026-04-29 23:22:02,922 mme_vla_suite.pseudo_labeling.topreward_qwen_scorer INFO: Prefix 8/8 (end=117, n_frames=24/118): reward=-19.0000 (mean, 1 tok)
2026-04-29 23:22:07,774 mme_vla_suite.pseudo_labeling.topreward_qwen_scorer INFO: Prefix 1/8 (end=8, n_frames=4/9): reward=-20.7500 (mean, 1 tok)
2026-04-29 23:22:11,987 mme_vla_suite.pseudo_labeling.topreward_qwen_scorer INFO: Prefix 2/8 (end=18, n_frames=4/19): reward=-19.3750 (mean, 1 tok)
2026-04-29 23:22:16,193 mme_vla_suite.pseudo_labeling.topreward_qwen_scorer INFO: Prefix 3/8 (end=28, n_frames=6/29): reward=-20.1250 (mean, 1 tok)
2026-04-29 23:22:20,392 mme_vla_suite.pseudo_labeling.topreward_qwen_scorer INFO: Prefix 4/8 (end=38, n_frames=8/39): reward=-21.3750 (mean, 1 tok)
2026-04-29 23:22:24,602 mme_vla_suite.pseudo_labeling.topreward_qwen_scorer INFO: Prefix 5/8 (end=48, n_frames=10/49): reward=-21.1250 (mean, 1 tok)
2026-04-29 23:22:28,829 mme_vla_suite.pseudo_labeling.topreward_qwen_scorer INFO: Prefix 6/8 (end=58, n_frames=12/59): reward=-18.0000 (mean, 1 tok)
2026-04-29 23:22:33,046 mme_vla_suite.pseudo_labeling.topreward_qwen_scorer INFO: Prefix 7/8 (end=68, n_frames=14/69): reward=-18.1250 (mean, 1 tok)
2026-04-29 23:22:37,268 mme_vla_suite.pseudo_labeling.topreward_qwen_scorer INFO: Prefix 8/8 (end=79, n_frames=16/80): reward=-18.0000 (mean, 1 tok)
2026-04-29 23:22:42,109 mme_vla_suite.pseudo_labeling.topreward_qwen_scorer INFO: Prefix 1/8 (end=9, n_frames=4/10): reward=-20.3750 (mean, 1 tok)
2026-04-29 23:22:46,287 mme_vla_suite.pseudo_labeling.topreward_qwen_scorer INFO: Prefix 2/8 (end=21, n_frames=4/22): reward=-19.5000 (mean, 1 tok)
2026-04-29 23:22:50,490 mme_vla_suite.pseudo_labeling.topreward_qwen_scorer INFO: Prefix 3/8 (end=34, n_frames=7/35): reward=-21.3750 (mean, 1 tok)
2026-04-29 23:22:54,707 mme_vla_suite.pseudo_labeling.topreward_qwen_scorer INFO: Prefix 4/8 (end=47, n_frames=10/48): reward=-21.3750 (mean, 1 tok)
2026-04-29 23:22:58,927 mme_vla_suite.pseudo_labeling.topreward_qwen_scorer INFO: Prefix 5/8 (end=59, n_frames=12/60): reward=-18.1250 (mean, 1 tok)
2026-04-29 23:23:03,177 mme_vla_suite.pseudo_labeling.topreward_qwen_scorer INFO: Prefix 6/8 (end=72, n_frames=15/73): reward=-17.8750 (mean, 1 tok)
2026-04-29 23:23:07,426 mme_vla_suite.pseudo_labeling.topreward_qwen_scorer INFO: Prefix 7/8 (end=85, n_frames=17/86): reward=-17.3750 (mean, 1 tok)
2026-04-29 23:23:11,711 mme_vla_suite.pseudo_labeling.topreward_qwen_scorer INFO: Prefix 8/8 (end=98, n_frames=20/99): reward=-17.6250 (mean, 1 tok)
2026-04-29 23:23:16,731 mme_vla_suite.pseudo_labeling.topreward_qwen_scorer INFO: Prefix 1/8 (end=10, n_frames=4/11): reward=-23.6250 (mean, 1 tok)
2026-04-29 23:23:20,946 mme_vla_suite.pseudo_labeling.topreward_qwen_scorer INFO: Prefix 2/8 (end=23, n_frames=5/24): reward=-23.6250 (mean, 1 tok)
2026-04-29 23:23:25,156 mme_vla_suite.pseudo_labeling.topreward_qwen_scorer INFO: Prefix 3/8 (end=37, n_frames=8/38): reward=-20.5000 (mean, 1 tok)
2026-04-29 23:23:29,367 mme_vla_suite.pseudo_labeling.topreward_qwen_scorer INFO: Prefix 4/8 (end=50, n_frames=10/51): reward=-21.1250 (mean, 1 tok)
2026-04-29 23:23:33,586 mme_vla_suite.pseudo_labeling.topreward_qwen_scorer INFO: Prefix 5/8 (end=64, n_frames=13/65): reward=-20.8750 (mean, 1 tok)
2026-04-29 23:23:37,814 mme_vla_suite.pseudo_labeling.topreward_qwen_scorer INFO: Prefix 6/8 (end=77, n_frames=16/78): reward=-22.1250 (mean, 1 tok)
2026-04-29 23:23:42,061 mme_vla_suite.pseudo_labeling.topreward_qwen_scorer INFO: Prefix 7/8 (end=91, n_frames=18/92): reward=-22.0000 (mean, 1 tok)
2026-04-29 23:23:46,326 mme_vla_suite.pseudo_labeling.topreward_qwen_scorer INFO: Prefix 8/8 (end=105, n_frames=21/106): reward=-17.5000 (mean, 1 tok)
2026-04-29 23:23:51,260 mme_vla_suite.pseudo_labeling.topreward_qwen_scorer INFO: Prefix 1/8 (end=11, n_frames=4/12): reward=-19.6250 (mean, 1 tok)
2026-04-29 23:23:55,474 mme_vla_suite.pseudo_labeling.topreward_qwen_scorer INFO: Prefix 2/8 (end=25, n_frames=5/26): reward=-18.3750 (mean, 1 tok)
2026-04-29 23:23:59,693 mme_vla_suite.pseudo_labeling.topreward_qwen_scorer INFO: Prefix 3/8 (end=39, n_frames=8/40): reward=-18.5000 (mean, 1 tok)
2026-04-29 23:24:03,915 mme_vla_suite.pseudo_labeling.topreward_qwen_scorer INFO: Prefix 4/8 (end=53, n_frames=11/54): reward=-18.8750 (mean, 1 tok)
2026-04-29 23:24:08,136 mme_vla_suite.pseudo_labeling.topreward_qwen_scorer INFO: Prefix 5/8 (end=68, n_frames=14/69): reward=-20.2500 (mean, 1 tok)
2026-04-29 23:24:12,378 mme_vla_suite.pseudo_labeling.topreward_qwen_scorer INFO: Prefix 6/8 (end=82, n_frames=17/83): reward=-19.8750 (mean, 1 tok)
2026-04-29 23:24:16,640 mme_vla_suite.pseudo_labeling.topreward_qwen_scorer INFO: Prefix 7/8 (end=96, n_frames=19/97): reward=-19.5000 (mean, 1 tok)
2026-04-29 23:24:20,921 mme_vla_suite.pseudo_labeling.topreward_qwen_scorer INFO: Prefix 8/8 (end=111, n_frames=22/112): reward=-20.7500 (mean, 1 tok)
2026-04-29 23:24:25,601 mme_vla_suite.pseudo_labeling.topreward_qwen_scorer INFO: Prefix 1/8 (end=11, n_frames=4/12): reward=-19.6250 (mean, 1 tok)
2026-04-29 23:24:29,813 mme_vla_suite.pseudo_labeling.topreward_qwen_scorer INFO: Prefix 2/8 (end=25, n_frames=5/26): reward=-18.3750 (mean, 1 tok)
2026-04-29 23:24:34,143 mme_vla_suite.pseudo_labeling.topreward_qwen_scorer INFO: Prefix 3/8 (end=39, n_frames=8/40): reward=-18.5000 (mean, 1 tok)
2026-04-29 23:24:38,513 mme_vla_suite.pseudo_labeling.topreward_qwen_scorer INFO: Prefix 4/8 (end=54, n_frames=11/55): reward=-18.8750 (mean, 1 tok)
2026-04-29 23:24:42,746 mme_vla_suite.pseudo_labeling.topreward_qwen_scorer INFO: Prefix 5/8 (end=68, n_frames=14/69): reward=-20.2500 (mean, 1 tok)
2026-04-29 23:24:46,994 mme_vla_suite.pseudo_labeling.topreward_qwen_scorer INFO: Prefix 6/8 (end=83, n_frames=17/84): reward=-19.7500 (mean, 1 tok)
2026-04-29 23:24:51,220 mme_vla_suite.pseudo_labeling.topreward_qwen_scorer INFO: Prefix 7/8 (end=97, n_frames=20/98): reward=-18.8750 (mean, 1 tok)
2026-04-29 23:24:55,451 mme_vla_suite.pseudo_labeling.topreward_qwen_scorer INFO: Prefix 8/8 (end=112, n_frames=23/113): reward=-20.6250 (mean, 1 tok)
2026-04-29 23:25:00,163 mme_vla_suite.pseudo_labeling.topreward_qwen_scorer INFO: Prefix 1/8 (end=13, n_frames=4/14): reward=-23.0000 (mean, 1 tok)
2026-04-29 23:25:04,322 mme_vla_suite.pseudo_labeling.topreward_qwen_scorer INFO: Prefix 2/8 (end=29, n_frames=6/30): reward=-22.8750 (mean, 1 tok)
2026-04-29 23:25:08,487 mme_vla_suite.pseudo_labeling.topreward_qwen_scorer INFO: Prefix 3/8 (end=46, n_frames=9/47): reward=-22.1250 (mean, 1 tok)
2026-04-29 23:25:12,660 mme_vla_suite.pseudo_labeling.topreward_qwen_scorer INFO: Prefix 4/8 (end=62, n_frames=13/63): reward=-22.7500 (mean, 1 tok)
2026-04-29 23:25:16,846 mme_vla_suite.pseudo_labeling.topreward_qwen_scorer INFO: Prefix 5/8 (end=79, n_frames=16/80): reward=-19.6250 (mean, 1 tok)
2026-04-29 23:25:21,050 mme_vla_suite.pseudo_labeling.topreward_qwen_scorer INFO: Prefix 6/8 (end=95, n_frames=19/96): reward=-19.0000 (mean, 1 tok)
2026-04-29 23:25:25,297 mme_vla_suite.pseudo_labeling.topreward_qwen_scorer INFO: Prefix 7/8 (end=112, n_frames=23/113): reward=-20.1250 (mean, 1 tok)
2026-04-29 23:25:29,569 mme_vla_suite.pseudo_labeling.topreward_qwen_scorer INFO: Prefix 8/8 (end=129, n_frames=26/130): reward=-19.1250 (mean, 1 tok)
2026-04-29 23:25:34,712 mme_vla_suite.pseudo_labeling.topreward_qwen_scorer INFO: Prefix 1/8 (end=15, n_frames=4/16): reward=-18.7500 (mean, 1 tok)
2026-04-29 23:25:39,003 mme_vla_suite.pseudo_labeling.topreward_qwen_scorer INFO: Prefix 2/8 (end=35, n_frames=7/36): reward=-17.5000 (mean, 1 tok)
2026-04-29 23:25:43,307 mme_vla_suite.pseudo_labeling.topreward_qwen_scorer INFO: Prefix 3/8 (end=55, n_frames=11/56): reward=-18.1250 (mean, 1 tok)
2026-04-29 23:25:47,644 mme_vla_suite.pseudo_labeling.topreward_qwen_scorer INFO: Prefix 4/8 (end=76, n_frames=15/77): reward=-19.7500 (mean, 1 tok)
2026-04-29 23:25:51,854 mme_vla_suite.pseudo_labeling.topreward_qwen_scorer INFO: Prefix 5/8 (end=96, n_frames=19/97): reward=-19.3750 (mean, 1 tok)
2026-04-29 23:25:56,101 mme_vla_suite.pseudo_labeling.topreward_qwen_scorer INFO: Prefix 6/8 (end=117, n_frames=24/118): reward=-19.1250 (mean, 1 tok)
2026-04-29 23:26:00,388 mme_vla_suite.pseudo_labeling.topreward_qwen_scorer INFO: Prefix 7/8 (end=137, n_frames=28/138): reward=-18.5000 (mean, 1 tok)
2026-04-29 23:26:04,687 mme_vla_suite.pseudo_labeling.topreward_qwen_scorer INFO: Prefix 8/8 (end=158, n_frames=32/159): reward=-17.0000 (mean, 1 tok)
2026-04-29 23:26:09,384 mme_vla_suite.pseudo_labeling.topreward_qwen_scorer INFO: Prefix 1/8 (end=16, n_frames=4/17): reward=-19.3750 (mean, 1 tok)
2026-04-29 23:26:13,551 mme_vla_suite.pseudo_labeling.topreward_qwen_scorer INFO: Prefix 2/8 (end=36, n_frames=7/37): reward=-17.5000 (mean, 1 tok)
2026-04-29 23:26:17,714 mme_vla_suite.pseudo_labeling.topreward_qwen_scorer INFO: Prefix 3/8 (end=57, n_frames=12/58): reward=-18.2500 (mean, 1 tok)
2026-04-29 23:26:21,957 mme_vla_suite.pseudo_labeling.topreward_qwen_scorer INFO: Prefix 4/8 (end=78, n_frames=16/79): reward=-19.5000 (mean, 1 tok)
2026-04-29 23:26:26,204 mme_vla_suite.pseudo_labeling.topreward_qwen_scorer INFO: Prefix 5/8 (end=99, n_frames=20/100): reward=-18.6250 (mean, 1 tok)
2026-04-29 23:26:30,491 mme_vla_suite.pseudo_labeling.topreward_qwen_scorer INFO: Prefix 6/8 (end=120, n_frames=24/121): reward=-18.8750 (mean, 1 tok)
2026-04-29 23:26:34,825 mme_vla_suite.pseudo_labeling.topreward_qwen_scorer INFO: Prefix 7/8 (end=141, n_frames=28/142): reward=-19.2500 (mean, 1 tok)
2026-04-29 23:26:39,191 mme_vla_suite.pseudo_labeling.topreward_qwen_scorer INFO: Prefix 8/8 (end=162, n_frames=33/163): reward=-16.7500 (mean, 1 tok)
