/coc/testnvme/shalbe3/miniconda/envs/robomme/lib/python3.11/site-packages/torch/cuda/__init__.py:63: FutureWarning: The pynvml package is deprecated. Please install nvidia-ml-py instead. If you did not install pynvml directly, please report this to the maintainers of the package that installed pynvml for you.
  import pynvml  # type: ignore[import]
`torch_dtype` is deprecated! Use `dtype` instead!
You are attempting to use Flash Attention 2 without specifying a torch dtype. This might lead to unexpected behaviour
2026-04-30 01:03:01,129 mme_vla_suite.pseudo_labeling.topreward_qwen_scorer WARNING: flash_attention_2 unavailable (/coc/testnvme/shalbe3/miniconda/envs/robomme/lib/python3.11/site-packages/flash_attn_2_cuda.cpython-311-x86_64-linux-gnu.so: undefined symbol: _ZNK3c106SymInt6sym_neERKS0_), using default attention
Loading checkpoint shards:   0%|          | 0/4 [00:00<?, ?it/s]Loading checkpoint shards:  25%|██▌       | 1/4 [00:01<00:03,  1.22s/it]Loading checkpoint shards:  50%|█████     | 2/4 [00:02<00:02,  1.21s/it]Loading checkpoint shards:  75%|███████▌  | 3/4 [00:03<00:01,  1.24s/it]Loading checkpoint shards: 100%|██████████| 4/4 [00:04<00:00,  1.04s/it]Loading checkpoint shards: 100%|██████████| 4/4 [00:04<00:00,  1.11s/it]
Asked to sample `fps` frames per second but no video metadata was provided which is required when sampling with `fps`. Defaulting to `fps=24`. Please provide `video_metadata` for more accurate results.
2026-04-30 01:03:15,191 mme_vla_suite.pseudo_labeling.topreward_qwen_scorer INFO: Prefix 1/8 (end=19, n_frames=4/20): reward=-18.7500 (mean, 1 tok)
2026-04-30 01:03:22,010 mme_vla_suite.pseudo_labeling.topreward_qwen_scorer INFO: Prefix 2/8 (end=44, n_frames=9/45): reward=-15.7500 (mean, 1 tok)
2026-04-30 01:03:28,876 mme_vla_suite.pseudo_labeling.topreward_qwen_scorer INFO: Prefix 3/8 (end=69, n_frames=14/70): reward=-16.6250 (mean, 1 tok)
2026-04-30 01:03:35,768 mme_vla_suite.pseudo_labeling.topreward_qwen_scorer INFO: Prefix 4/8 (end=94, n_frames=19/95): reward=-17.2500 (mean, 1 tok)
2026-04-30 01:03:42,684 mme_vla_suite.pseudo_labeling.topreward_qwen_scorer INFO: Prefix 5/8 (end=119, n_frames=24/120): reward=-16.5000 (mean, 1 tok)
2026-04-30 01:03:49,655 mme_vla_suite.pseudo_labeling.topreward_qwen_scorer INFO: Prefix 6/8 (end=144, n_frames=29/145): reward=-15.0000 (mean, 1 tok)
2026-04-30 01:03:56,646 mme_vla_suite.pseudo_labeling.topreward_qwen_scorer INFO: Prefix 7/8 (end=169, n_frames=34/170): reward=-15.0000 (mean, 1 tok)
2026-04-30 01:04:03,703 mme_vla_suite.pseudo_labeling.topreward_qwen_scorer INFO: Prefix 8/8 (end=194, n_frames=39/195): reward=-12.6250 (mean, 1 tok)
2026-04-30 01:04:11,235 mme_vla_suite.pseudo_labeling.topreward_qwen_scorer INFO: Prefix 1/8 (end=7, n_frames=4/8): reward=-19.7500 (mean, 1 tok)
2026-04-30 01:04:18,006 mme_vla_suite.pseudo_labeling.topreward_qwen_scorer INFO: Prefix 2/8 (end=16, n_frames=4/17): reward=-19.0000 (mean, 1 tok)
2026-04-30 01:04:24,774 mme_vla_suite.pseudo_labeling.topreward_qwen_scorer INFO: Prefix 3/8 (end=26, n_frames=5/27): reward=-19.3750 (mean, 1 tok)
2026-04-30 01:04:31,544 mme_vla_suite.pseudo_labeling.topreward_qwen_scorer INFO: Prefix 4/8 (end=36, n_frames=7/37): reward=-19.3750 (mean, 1 tok)
2026-04-30 01:04:38,327 mme_vla_suite.pseudo_labeling.topreward_qwen_scorer INFO: Prefix 5/8 (end=45, n_frames=9/46): reward=-18.6250 (mean, 1 tok)
2026-04-30 01:04:45,136 mme_vla_suite.pseudo_labeling.topreward_qwen_scorer INFO: Prefix 6/8 (end=55, n_frames=11/56): reward=-19.0000 (mean, 1 tok)
2026-04-30 01:04:51,936 mme_vla_suite.pseudo_labeling.topreward_qwen_scorer INFO: Prefix 7/8 (end=65, n_frames=13/66): reward=-20.7500 (mean, 1 tok)
2026-04-30 01:04:58,777 mme_vla_suite.pseudo_labeling.topreward_qwen_scorer INFO: Prefix 8/8 (end=75, n_frames=15/76): reward=-16.7500 (mean, 1 tok)
2026-04-30 01:05:06,543 mme_vla_suite.pseudo_labeling.topreward_qwen_scorer INFO: Prefix 1/8 (end=8, n_frames=4/9): reward=-19.8750 (mean, 1 tok)
2026-04-30 01:05:13,313 mme_vla_suite.pseudo_labeling.topreward_qwen_scorer INFO: Prefix 2/8 (end=19, n_frames=4/20): reward=-19.6250 (mean, 1 tok)
2026-04-30 01:05:20,087 mme_vla_suite.pseudo_labeling.topreward_qwen_scorer INFO: Prefix 3/8 (end=30, n_frames=6/31): reward=-20.7500 (mean, 1 tok)
2026-04-30 01:05:26,886 mme_vla_suite.pseudo_labeling.topreward_qwen_scorer INFO: Prefix 4/8 (end=42, n_frames=9/43): reward=-18.6250 (mean, 1 tok)
2026-04-30 01:05:33,699 mme_vla_suite.pseudo_labeling.topreward_qwen_scorer INFO: Prefix 5/8 (end=53, n_frames=11/54): reward=-18.7500 (mean, 1 tok)
2026-04-30 01:05:40,518 mme_vla_suite.pseudo_labeling.topreward_qwen_scorer INFO: Prefix 6/8 (end=65, n_frames=13/66): reward=-20.7500 (mean, 1 tok)
2026-04-30 01:05:47,352 mme_vla_suite.pseudo_labeling.topreward_qwen_scorer INFO: Prefix 7/8 (end=76, n_frames=15/77): reward=-16.7500 (mean, 1 tok)
2026-04-30 01:05:54,191 mme_vla_suite.pseudo_labeling.topreward_qwen_scorer INFO: Prefix 8/8 (end=88, n_frames=18/89): reward=-18.3750 (mean, 1 tok)
2026-04-30 01:06:01,835 mme_vla_suite.pseudo_labeling.topreward_qwen_scorer INFO: Prefix 1/8 (end=11, n_frames=4/12): reward=-17.8750 (mean, 1 tok)
2026-04-30 01:06:08,606 mme_vla_suite.pseudo_labeling.topreward_qwen_scorer INFO: Prefix 2/8 (end=26, n_frames=5/27): reward=-17.8750 (mean, 1 tok)
2026-04-30 01:06:15,398 mme_vla_suite.pseudo_labeling.topreward_qwen_scorer INFO: Prefix 3/8 (end=41, n_frames=8/42): reward=-16.5000 (mean, 1 tok)
2026-04-30 01:06:22,208 mme_vla_suite.pseudo_labeling.topreward_qwen_scorer INFO: Prefix 4/8 (end=56, n_frames=11/57): reward=-15.2500 (mean, 1 tok)
2026-04-30 01:06:29,017 mme_vla_suite.pseudo_labeling.topreward_qwen_scorer INFO: Prefix 5/8 (end=71, n_frames=14/72): reward=-16.0000 (mean, 1 tok)
2026-04-30 01:06:35,855 mme_vla_suite.pseudo_labeling.topreward_qwen_scorer INFO: Prefix 6/8 (end=86, n_frames=17/87): reward=-16.5000 (mean, 1 tok)
2026-04-30 01:06:42,743 mme_vla_suite.pseudo_labeling.topreward_qwen_scorer INFO: Prefix 7/8 (end=101, n_frames=20/102): reward=-16.5000 (mean, 1 tok)
2026-04-30 01:06:49,633 mme_vla_suite.pseudo_labeling.topreward_qwen_scorer INFO: Prefix 8/8 (end=117, n_frames=24/118): reward=-15.1250 (mean, 1 tok)
2026-04-30 01:06:57,284 mme_vla_suite.pseudo_labeling.topreward_qwen_scorer INFO: Prefix 1/8 (end=7, n_frames=4/8): reward=-19.3750 (mean, 1 tok)
2026-04-30 01:07:04,080 mme_vla_suite.pseudo_labeling.topreward_qwen_scorer INFO: Prefix 2/8 (end=16, n_frames=4/17): reward=-21.0000 (mean, 1 tok)
2026-04-30 01:07:10,883 mme_vla_suite.pseudo_labeling.topreward_qwen_scorer INFO: Prefix 3/8 (end=25, n_frames=5/26): reward=-19.8750 (mean, 1 tok)
2026-04-30 01:07:17,660 mme_vla_suite.pseudo_labeling.topreward_qwen_scorer INFO: Prefix 4/8 (end=34, n_frames=7/35): reward=-21.0000 (mean, 1 tok)
2026-04-30 01:07:24,461 mme_vla_suite.pseudo_labeling.topreward_qwen_scorer INFO: Prefix 5/8 (end=43, n_frames=9/44): reward=-19.6250 (mean, 1 tok)
2026-04-30 01:07:31,265 mme_vla_suite.pseudo_labeling.topreward_qwen_scorer INFO: Prefix 6/8 (end=52, n_frames=11/53): reward=-19.6250 (mean, 1 tok)
2026-04-30 01:07:38,076 mme_vla_suite.pseudo_labeling.topreward_qwen_scorer INFO: Prefix 7/8 (end=61, n_frames=12/62): reward=-18.2500 (mean, 1 tok)
2026-04-30 01:07:44,883 mme_vla_suite.pseudo_labeling.topreward_qwen_scorer INFO: Prefix 8/8 (end=70, n_frames=14/71): reward=-18.1250 (mean, 1 tok)
2026-04-30 01:07:52,582 mme_vla_suite.pseudo_labeling.topreward_qwen_scorer INFO: Prefix 1/8 (end=8, n_frames=4/9): reward=-18.1250 (mean, 1 tok)
2026-04-30 01:07:59,341 mme_vla_suite.pseudo_labeling.topreward_qwen_scorer INFO: Prefix 2/8 (end=18, n_frames=4/19): reward=-20.0000 (mean, 1 tok)
2026-04-30 01:08:06,098 mme_vla_suite.pseudo_labeling.topreward_qwen_scorer INFO: Prefix 3/8 (end=29, n_frames=6/30): reward=-20.0000 (mean, 1 tok)
2026-04-30 01:08:12,886 mme_vla_suite.pseudo_labeling.topreward_qwen_scorer INFO: Prefix 4/8 (end=40, n_frames=8/41): reward=-21.0000 (mean, 1 tok)
2026-04-30 01:08:19,675 mme_vla_suite.pseudo_labeling.topreward_qwen_scorer INFO: Prefix 5/8 (end=50, n_frames=10/51): reward=-18.0000 (mean, 1 tok)
2026-04-30 01:08:26,489 mme_vla_suite.pseudo_labeling.topreward_qwen_scorer INFO: Prefix 6/8 (end=61, n_frames=12/62): reward=-18.2500 (mean, 1 tok)
2026-04-30 01:08:33,306 mme_vla_suite.pseudo_labeling.topreward_qwen_scorer INFO: Prefix 7/8 (end=72, n_frames=15/73): reward=-17.2500 (mean, 1 tok)
2026-04-30 01:08:40,131 mme_vla_suite.pseudo_labeling.topreward_qwen_scorer INFO: Prefix 8/8 (end=83, n_frames=17/84): reward=-17.5000 (mean, 1 tok)
2026-04-30 01:08:47,913 mme_vla_suite.pseudo_labeling.topreward_qwen_scorer INFO: Prefix 1/8 (end=11, n_frames=4/12): reward=-20.3750 (mean, 1 tok)
2026-04-30 01:08:54,701 mme_vla_suite.pseudo_labeling.topreward_qwen_scorer INFO: Prefix 2/8 (end=25, n_frames=5/26): reward=-21.3750 (mean, 1 tok)
2026-04-30 01:09:01,489 mme_vla_suite.pseudo_labeling.topreward_qwen_scorer INFO: Prefix 3/8 (end=39, n_frames=8/40): reward=-17.6250 (mean, 1 tok)
2026-04-30 01:09:08,265 mme_vla_suite.pseudo_labeling.topreward_qwen_scorer INFO: Prefix 4/8 (end=54, n_frames=11/55): reward=-16.7500 (mean, 1 tok)
2026-04-30 01:09:15,050 mme_vla_suite.pseudo_labeling.topreward_qwen_scorer INFO: Prefix 5/8 (end=68, n_frames=14/69): reward=-16.7500 (mean, 1 tok)
2026-04-30 01:09:21,868 mme_vla_suite.pseudo_labeling.topreward_qwen_scorer INFO: Prefix 6/8 (end=83, n_frames=17/84): reward=-16.2500 (mean, 1 tok)
2026-04-30 01:09:28,768 mme_vla_suite.pseudo_labeling.topreward_qwen_scorer INFO: Prefix 7/8 (end=97, n_frames=20/98): reward=-16.1250 (mean, 1 tok)
2026-04-30 01:09:35,660 mme_vla_suite.pseudo_labeling.topreward_qwen_scorer INFO: Prefix 8/8 (end=112, n_frames=23/113): reward=-16.2500 (mean, 1 tok)
2026-04-30 01:09:43,026 mme_vla_suite.pseudo_labeling.topreward_qwen_scorer INFO: Prefix 1/8 (end=6, n_frames=4/7): reward=-19.5000 (mean, 1 tok)
2026-04-30 01:09:49,805 mme_vla_suite.pseudo_labeling.topreward_qwen_scorer INFO: Prefix 2/8 (end=14, n_frames=4/15): reward=-19.0000 (mean, 1 tok)
2026-04-30 01:09:56,580 mme_vla_suite.pseudo_labeling.topreward_qwen_scorer INFO: Prefix 3/8 (end=23, n_frames=5/24): reward=-18.2500 (mean, 1 tok)
2026-04-30 01:10:03,347 mme_vla_suite.pseudo_labeling.topreward_qwen_scorer INFO: Prefix 4/8 (end=31, n_frames=6/32): reward=-19.1250 (mean, 1 tok)
2026-04-30 01:10:10,121 mme_vla_suite.pseudo_labeling.topreward_qwen_scorer INFO: Prefix 5/8 (end=40, n_frames=8/41): reward=-18.5000 (mean, 1 tok)
2026-04-30 01:10:16,901 mme_vla_suite.pseudo_labeling.topreward_qwen_scorer INFO: Prefix 6/8 (end=48, n_frames=10/49): reward=-17.5000 (mean, 1 tok)
2026-04-30 01:10:23,710 mme_vla_suite.pseudo_labeling.topreward_qwen_scorer INFO: Prefix 7/8 (end=57, n_frames=12/58): reward=-17.5000 (mean, 1 tok)
2026-04-30 01:10:30,525 mme_vla_suite.pseudo_labeling.topreward_qwen_scorer INFO: Prefix 8/8 (end=66, n_frames=13/67): reward=-18.2500 (mean, 1 tok)
2026-04-30 01:10:38,433 mme_vla_suite.pseudo_labeling.topreward_qwen_scorer INFO: Prefix 1/8 (end=8, n_frames=4/9): reward=-19.3750 (mean, 1 tok)
2026-04-30 01:10:45,212 mme_vla_suite.pseudo_labeling.topreward_qwen_scorer INFO: Prefix 2/8 (end=18, n_frames=4/19): reward=-19.0000 (mean, 1 tok)
2026-04-30 01:10:51,996 mme_vla_suite.pseudo_labeling.topreward_qwen_scorer INFO: Prefix 3/8 (end=28, n_frames=6/29): reward=-18.5000 (mean, 1 tok)
2026-04-30 01:10:58,776 mme_vla_suite.pseudo_labeling.topreward_qwen_scorer INFO: Prefix 4/8 (end=38, n_frames=8/39): reward=-19.0000 (mean, 1 tok)
2026-04-30 01:11:05,575 mme_vla_suite.pseudo_labeling.topreward_qwen_scorer INFO: Prefix 5/8 (end=48, n_frames=10/49): reward=-17.5000 (mean, 1 tok)
2026-04-30 01:11:12,368 mme_vla_suite.pseudo_labeling.topreward_qwen_scorer INFO: Prefix 6/8 (end=58, n_frames=12/59): reward=-17.5000 (mean, 1 tok)
2026-04-30 01:11:19,169 mme_vla_suite.pseudo_labeling.topreward_qwen_scorer INFO: Prefix 7/8 (end=68, n_frames=14/69): reward=-18.3750 (mean, 1 tok)
2026-04-30 01:11:25,999 mme_vla_suite.pseudo_labeling.topreward_qwen_scorer INFO: Prefix 8/8 (end=79, n_frames=16/80): reward=-18.3750 (mean, 1 tok)
