/coc/testnvme/shalbe3/miniconda/envs/robomme/lib/python3.11/site-packages/torch/cuda/__init__.py:63: FutureWarning: The pynvml package is deprecated. Please install nvidia-ml-py instead. If you did not install pynvml directly, please report this to the maintainers of the package that installed pynvml for you.
  import pynvml  # type: ignore[import]
`torch_dtype` is deprecated! Use `dtype` instead!
You are attempting to use Flash Attention 2 without specifying a torch dtype. This might lead to unexpected behaviour
2026-04-29 18:54:33,365 mme_vla_suite.pseudo_labeling.topreward_qwen_scorer WARNING: flash_attention_2 unavailable (/coc/testnvme/shalbe3/miniconda/envs/robomme/lib/python3.11/site-packages/flash_attn_2_cuda.cpython-311-x86_64-linux-gnu.so: undefined symbol: _ZNK3c106SymInt6sym_neERKS0_), using default attention
Loading checkpoint shards:   0%|          | 0/4 [00:00<?, ?it/s]Loading checkpoint shards:  25%|██▌       | 1/4 [00:09<00:29,  9.85s/it]Loading checkpoint shards:  50%|█████     | 2/4 [00:19<00:19,  9.73s/it]Loading checkpoint shards:  75%|███████▌  | 3/4 [00:29<00:09,  9.77s/it]Loading checkpoint shards: 100%|██████████| 4/4 [00:34<00:00,  7.99s/it]Loading checkpoint shards: 100%|██████████| 4/4 [00:34<00:00,  8.65s/it]
Asked to sample `fps` frames per second but no video metadata was provided which is required when sampling with `fps`. Defaulting to `fps=24`. Please provide `video_metadata` for more accurate results.
2026-04-29 18:55:15,357 mme_vla_suite.pseudo_labeling.topreward_qwen_scorer INFO: Prefix 1/16 (end=12, n_frames=4/13): reward=-18.3750 (mean, 1 tok)
2026-04-29 18:55:20,028 mme_vla_suite.pseudo_labeling.topreward_qwen_scorer INFO: Prefix 2/16 (end=19, n_frames=6/20): reward=-19.6250 (mean, 1 tok)
2026-04-29 18:55:24,661 mme_vla_suite.pseudo_labeling.topreward_qwen_scorer INFO: Prefix 3/16 (end=26, n_frames=8/27): reward=-19.6250 (mean, 1 tok)
2026-04-29 18:55:29,356 mme_vla_suite.pseudo_labeling.topreward_qwen_scorer INFO: Prefix 4/16 (end=34, n_frames=10/35): reward=-20.2500 (mean, 1 tok)
2026-04-29 18:55:34,156 mme_vla_suite.pseudo_labeling.topreward_qwen_scorer INFO: Prefix 5/16 (end=41, n_frames=13/42): reward=-20.0000 (mean, 1 tok)
2026-04-29 18:55:38,911 mme_vla_suite.pseudo_labeling.topreward_qwen_scorer INFO: Prefix 6/16 (end=49, n_frames=15/50): reward=-19.0000 (mean, 1 tok)
2026-04-29 18:55:43,619 mme_vla_suite.pseudo_labeling.topreward_qwen_scorer INFO: Prefix 7/16 (end=56, n_frames=17/57): reward=-19.5000 (mean, 1 tok)
2026-04-29 18:55:48,406 mme_vla_suite.pseudo_labeling.topreward_qwen_scorer INFO: Prefix 8/16 (end=64, n_frames=20/65): reward=-19.0000 (mean, 1 tok)
2026-04-29 18:55:53,189 mme_vla_suite.pseudo_labeling.topreward_qwen_scorer INFO: Prefix 9/16 (end=71, n_frames=22/72): reward=-18.0000 (mean, 1 tok)
2026-04-29 18:55:57,988 mme_vla_suite.pseudo_labeling.topreward_qwen_scorer INFO: Prefix 10/16 (end=79, n_frames=24/80): reward=-18.3750 (mean, 1 tok)
2026-04-29 18:56:02,829 mme_vla_suite.pseudo_labeling.topreward_qwen_scorer INFO: Prefix 11/16 (end=86, n_frames=26/87): reward=-18.5000 (mean, 1 tok)
2026-04-29 18:56:07,720 mme_vla_suite.pseudo_labeling.topreward_qwen_scorer INFO: Prefix 12/16 (end=94, n_frames=28/95): reward=-18.8750 (mean, 1 tok)
2026-04-29 18:56:12,555 mme_vla_suite.pseudo_labeling.topreward_qwen_scorer INFO: Prefix 13/16 (end=101, n_frames=31/102): reward=-17.8750 (mean, 1 tok)
2026-04-29 18:56:17,434 mme_vla_suite.pseudo_labeling.topreward_qwen_scorer INFO: Prefix 14/16 (end=109, n_frames=33/110): reward=-18.1250 (mean, 1 tok)
2026-04-29 18:56:22,331 mme_vla_suite.pseudo_labeling.topreward_qwen_scorer INFO: Prefix 15/16 (end=116, n_frames=35/117): reward=-17.3750 (mean, 1 tok)
2026-04-29 18:56:27,249 mme_vla_suite.pseudo_labeling.topreward_qwen_scorer INFO: Prefix 16/16 (end=124, n_frames=38/125): reward=-18.3750 (mean, 1 tok)
2026-04-29 18:56:33,216 mme_vla_suite.pseudo_labeling.topreward_qwen_scorer INFO: Prefix 1/16 (end=19, n_frames=6/20): reward=-15.3750 (mean, 1 tok)
2026-04-29 18:56:37,928 mme_vla_suite.pseudo_labeling.topreward_qwen_scorer INFO: Prefix 2/16 (end=30, n_frames=9/31): reward=-14.3750 (mean, 1 tok)
2026-04-29 18:56:42,654 mme_vla_suite.pseudo_labeling.topreward_qwen_scorer INFO: Prefix 3/16 (end=42, n_frames=13/43): reward=-14.7500 (mean, 1 tok)
2026-04-29 18:56:47,420 mme_vla_suite.pseudo_labeling.topreward_qwen_scorer INFO: Prefix 4/16 (end=54, n_frames=16/55): reward=-13.6250 (mean, 1 tok)
2026-04-29 18:56:52,171 mme_vla_suite.pseudo_labeling.topreward_qwen_scorer INFO: Prefix 5/16 (end=65, n_frames=20/66): reward=-14.3750 (mean, 1 tok)
2026-04-29 18:56:57,044 mme_vla_suite.pseudo_labeling.topreward_qwen_scorer INFO: Prefix 6/16 (end=77, n_frames=23/78): reward=-13.6250 (mean, 1 tok)
2026-04-29 18:57:01,915 mme_vla_suite.pseudo_labeling.topreward_qwen_scorer INFO: Prefix 7/16 (end=89, n_frames=27/90): reward=-12.7500 (mean, 1 tok)
2026-04-29 18:57:06,788 mme_vla_suite.pseudo_labeling.topreward_qwen_scorer INFO: Prefix 8/16 (end=101, n_frames=31/102): reward=-12.5000 (mean, 1 tok)
2026-04-29 18:57:11,701 mme_vla_suite.pseudo_labeling.topreward_qwen_scorer INFO: Prefix 9/16 (end=112, n_frames=34/113): reward=-12.3750 (mean, 1 tok)
2026-04-29 18:57:16,631 mme_vla_suite.pseudo_labeling.topreward_qwen_scorer INFO: Prefix 10/16 (end=124, n_frames=38/125): reward=-12.0000 (mean, 1 tok)
2026-04-29 18:57:21,591 mme_vla_suite.pseudo_labeling.topreward_qwen_scorer INFO: Prefix 11/16 (end=136, n_frames=41/137): reward=-12.7500 (mean, 1 tok)
2026-04-29 18:57:26,594 mme_vla_suite.pseudo_labeling.topreward_qwen_scorer INFO: Prefix 12/16 (end=148, n_frames=45/149): reward=-11.8750 (mean, 1 tok)
2026-04-29 18:57:31,600 mme_vla_suite.pseudo_labeling.topreward_qwen_scorer INFO: Prefix 13/16 (end=159, n_frames=48/160): reward=-11.6250 (mean, 1 tok)
2026-04-29 18:57:36,628 mme_vla_suite.pseudo_labeling.topreward_qwen_scorer INFO: Prefix 14/16 (end=171, n_frames=52/172): reward=-11.1250 (mean, 1 tok)
2026-04-29 18:57:41,702 mme_vla_suite.pseudo_labeling.topreward_qwen_scorer INFO: Prefix 15/16 (end=183, n_frames=55/184): reward=-11.7500 (mean, 1 tok)
2026-04-29 18:57:49,093 mme_vla_suite.pseudo_labeling.topreward_qwen_scorer INFO: Prefix 16/16 (end=195, n_frames=59/196): reward=-11.2500 (mean, 1 tok)
2026-04-29 18:57:54,624 mme_vla_suite.pseudo_labeling.topreward_qwen_scorer INFO: Prefix 1/16 (end=7, n_frames=4/8): reward=-18.5000 (mean, 1 tok)
2026-04-29 18:57:59,308 mme_vla_suite.pseudo_labeling.topreward_qwen_scorer INFO: Prefix 2/16 (end=11, n_frames=4/12): reward=-17.3750 (mean, 1 tok)
2026-04-29 18:58:04,069 mme_vla_suite.pseudo_labeling.topreward_qwen_scorer INFO: Prefix 3/16 (end=15, n_frames=5/16): reward=-17.1250 (mean, 1 tok)
2026-04-29 18:58:08,851 mme_vla_suite.pseudo_labeling.topreward_qwen_scorer INFO: Prefix 4/16 (end=19, n_frames=6/20): reward=-16.7500 (mean, 1 tok)
2026-04-29 18:58:13,638 mme_vla_suite.pseudo_labeling.topreward_qwen_scorer INFO: Prefix 5/16 (end=23, n_frames=7/24): reward=-17.2500 (mean, 1 tok)
2026-04-29 18:58:18,350 mme_vla_suite.pseudo_labeling.topreward_qwen_scorer INFO: Prefix 6/16 (end=28, n_frames=9/29): reward=-17.0000 (mean, 1 tok)
2026-04-29 18:58:23,143 mme_vla_suite.pseudo_labeling.topreward_qwen_scorer INFO: Prefix 7/16 (end=32, n_frames=10/33): reward=-17.1250 (mean, 1 tok)
2026-04-29 18:58:27,871 mme_vla_suite.pseudo_labeling.topreward_qwen_scorer INFO: Prefix 8/16 (end=36, n_frames=11/37): reward=-16.3750 (mean, 1 tok)
2026-04-29 18:58:32,562 mme_vla_suite.pseudo_labeling.topreward_qwen_scorer INFO: Prefix 9/16 (end=40, n_frames=12/41): reward=-17.1250 (mean, 1 tok)
2026-04-29 18:58:37,323 mme_vla_suite.pseudo_labeling.topreward_qwen_scorer INFO: Prefix 10/16 (end=44, n_frames=14/45): reward=-18.1250 (mean, 1 tok)
2026-04-29 18:58:42,038 mme_vla_suite.pseudo_labeling.topreward_qwen_scorer INFO: Prefix 11/16 (end=49, n_frames=15/50): reward=-17.6250 (mean, 1 tok)
2026-04-29 18:58:46,767 mme_vla_suite.pseudo_labeling.topreward_qwen_scorer INFO: Prefix 12/16 (end=53, n_frames=16/54): reward=-17.7500 (mean, 1 tok)
2026-04-29 18:58:51,485 mme_vla_suite.pseudo_labeling.topreward_qwen_scorer INFO: Prefix 13/16 (end=57, n_frames=17/58): reward=-17.3750 (mean, 1 tok)
2026-04-29 18:58:56,286 mme_vla_suite.pseudo_labeling.topreward_qwen_scorer INFO: Prefix 14/16 (end=61, n_frames=19/62): reward=-17.0000 (mean, 1 tok)
2026-04-29 18:59:01,049 mme_vla_suite.pseudo_labeling.topreward_qwen_scorer INFO: Prefix 15/16 (end=65, n_frames=20/66): reward=-17.0000 (mean, 1 tok)
2026-04-29 18:59:05,833 mme_vla_suite.pseudo_labeling.topreward_qwen_scorer INFO: Prefix 16/16 (end=70, n_frames=21/71): reward=-16.6250 (mean, 1 tok)
2026-04-29 18:59:11,302 mme_vla_suite.pseudo_labeling.topreward_qwen_scorer INFO: Prefix 1/16 (end=10, n_frames=4/11): reward=-17.1250 (mean, 1 tok)
2026-04-29 18:59:16,005 mme_vla_suite.pseudo_labeling.topreward_qwen_scorer INFO: Prefix 2/16 (end=16, n_frames=5/17): reward=-16.6250 (mean, 1 tok)
2026-04-29 18:59:20,694 mme_vla_suite.pseudo_labeling.topreward_qwen_scorer INFO: Prefix 3/16 (end=22, n_frames=7/23): reward=-16.6250 (mean, 1 tok)
2026-04-29 18:59:25,363 mme_vla_suite.pseudo_labeling.topreward_qwen_scorer INFO: Prefix 4/16 (end=28, n_frames=9/29): reward=-15.8750 (mean, 1 tok)
2026-04-29 18:59:30,049 mme_vla_suite.pseudo_labeling.topreward_qwen_scorer INFO: Prefix 5/16 (end=34, n_frames=10/35): reward=-16.0000 (mean, 1 tok)
2026-04-29 18:59:34,756 mme_vla_suite.pseudo_labeling.topreward_qwen_scorer INFO: Prefix 6/16 (end=41, n_frames=13/42): reward=-17.0000 (mean, 1 tok)
2026-04-29 18:59:39,474 mme_vla_suite.pseudo_labeling.topreward_qwen_scorer INFO: Prefix 7/16 (end=47, n_frames=14/48): reward=-16.5000 (mean, 1 tok)
2026-04-29 18:59:44,219 mme_vla_suite.pseudo_labeling.topreward_qwen_scorer INFO: Prefix 8/16 (end=53, n_frames=16/54): reward=-15.8750 (mean, 1 tok)
2026-04-29 18:59:48,958 mme_vla_suite.pseudo_labeling.topreward_qwen_scorer INFO: Prefix 9/16 (end=59, n_frames=18/60): reward=-15.8750 (mean, 1 tok)
2026-04-29 18:59:53,708 mme_vla_suite.pseudo_labeling.topreward_qwen_scorer INFO: Prefix 10/16 (end=65, n_frames=20/66): reward=-15.2500 (mean, 1 tok)
2026-04-29 18:59:58,505 mme_vla_suite.pseudo_labeling.topreward_qwen_scorer INFO: Prefix 11/16 (end=72, n_frames=22/73): reward=-14.7500 (mean, 1 tok)
2026-04-29 19:00:03,316 mme_vla_suite.pseudo_labeling.topreward_qwen_scorer INFO: Prefix 12/16 (end=78, n_frames=24/79): reward=-14.8750 (mean, 1 tok)
2026-04-29 19:00:08,165 mme_vla_suite.pseudo_labeling.topreward_qwen_scorer INFO: Prefix 13/16 (end=84, n_frames=26/85): reward=-14.2500 (mean, 1 tok)
2026-04-29 19:00:12,993 mme_vla_suite.pseudo_labeling.topreward_qwen_scorer INFO: Prefix 14/16 (end=90, n_frames=27/91): reward=-14.5000 (mean, 1 tok)
2026-04-29 19:00:17,838 mme_vla_suite.pseudo_labeling.topreward_qwen_scorer INFO: Prefix 15/16 (end=96, n_frames=29/97): reward=-13.7500 (mean, 1 tok)
2026-04-29 19:00:22,697 mme_vla_suite.pseudo_labeling.topreward_qwen_scorer INFO: Prefix 16/16 (end=103, n_frames=31/104): reward=-14.3750 (mean, 1 tok)
2026-04-29 19:00:28,129 mme_vla_suite.pseudo_labeling.topreward_qwen_scorer INFO: Prefix 1/8 (end=5, n_frames=4/6): reward=-19.0000 (mean, 1 tok)
2026-04-29 19:00:32,901 mme_vla_suite.pseudo_labeling.topreward_qwen_scorer INFO: Prefix 2/8 (end=12, n_frames=4/13): reward=-19.1250 (mean, 1 tok)
2026-04-29 19:00:37,696 mme_vla_suite.pseudo_labeling.topreward_qwen_scorer INFO: Prefix 3/8 (end=19, n_frames=6/20): reward=-19.1250 (mean, 1 tok)
2026-04-29 19:00:42,511 mme_vla_suite.pseudo_labeling.topreward_qwen_scorer INFO: Prefix 4/8 (end=26, n_frames=8/27): reward=-19.3750 (mean, 1 tok)
2026-04-29 19:00:47,314 mme_vla_suite.pseudo_labeling.topreward_qwen_scorer INFO: Prefix 5/8 (end=33, n_frames=10/34): reward=-19.0000 (mean, 1 tok)
2026-04-29 19:00:52,123 mme_vla_suite.pseudo_labeling.topreward_qwen_scorer INFO: Prefix 6/8 (end=40, n_frames=12/41): reward=-18.7500 (mean, 1 tok)
2026-04-29 19:00:56,937 mme_vla_suite.pseudo_labeling.topreward_qwen_scorer INFO: Prefix 7/8 (end=47, n_frames=14/48): reward=-17.6250 (mean, 1 tok)
2026-04-29 19:01:01,758 mme_vla_suite.pseudo_labeling.topreward_qwen_scorer INFO: Prefix 8/8 (end=55, n_frames=17/56): reward=-16.7500 (mean, 1 tok)
2026-04-29 19:01:07,144 mme_vla_suite.pseudo_labeling.topreward_qwen_scorer INFO: Prefix 1/16 (end=8, n_frames=4/9): reward=-17.6250 (mean, 1 tok)
2026-04-29 19:01:11,842 mme_vla_suite.pseudo_labeling.topreward_qwen_scorer INFO: Prefix 2/16 (end=13, n_frames=4/14): reward=-17.7500 (mean, 1 tok)
2026-04-29 19:01:16,549 mme_vla_suite.pseudo_labeling.topreward_qwen_scorer INFO: Prefix 3/16 (end=18, n_frames=6/19): reward=-17.2500 (mean, 1 tok)
2026-04-29 19:01:21,250 mme_vla_suite.pseudo_labeling.topreward_qwen_scorer INFO: Prefix 4/16 (end=23, n_frames=7/24): reward=-17.0000 (mean, 1 tok)
2026-04-29 19:01:25,953 mme_vla_suite.pseudo_labeling.topreward_qwen_scorer INFO: Prefix 5/16 (end=28, n_frames=9/29): reward=-16.3750 (mean, 1 tok)
2026-04-29 19:01:30,665 mme_vla_suite.pseudo_labeling.topreward_qwen_scorer INFO: Prefix 6/16 (end=33, n_frames=10/34): reward=-16.5000 (mean, 1 tok)
2026-04-29 19:01:35,379 mme_vla_suite.pseudo_labeling.topreward_qwen_scorer INFO: Prefix 7/16 (end=38, n_frames=12/39): reward=-17.0000 (mean, 1 tok)
2026-04-29 19:01:40,095 mme_vla_suite.pseudo_labeling.topreward_qwen_scorer INFO: Prefix 8/16 (end=43, n_frames=13/44): reward=-16.1250 (mean, 1 tok)
2026-04-29 19:01:44,849 mme_vla_suite.pseudo_labeling.topreward_qwen_scorer INFO: Prefix 9/16 (end=49, n_frames=15/50): reward=-15.3750 (mean, 1 tok)
2026-04-29 19:01:49,565 mme_vla_suite.pseudo_labeling.topreward_qwen_scorer INFO: Prefix 10/16 (end=54, n_frames=16/55): reward=-15.1250 (mean, 1 tok)
2026-04-29 19:01:54,298 mme_vla_suite.pseudo_labeling.topreward_qwen_scorer INFO: Prefix 11/16 (end=59, n_frames=18/60): reward=-13.6250 (mean, 1 tok)
2026-04-29 19:01:59,040 mme_vla_suite.pseudo_labeling.topreward_qwen_scorer INFO: Prefix 12/16 (end=64, n_frames=20/65): reward=-13.8750 (mean, 1 tok)
2026-04-29 19:02:03,845 mme_vla_suite.pseudo_labeling.topreward_qwen_scorer INFO: Prefix 13/16 (end=69, n_frames=21/70): reward=-14.0000 (mean, 1 tok)
2026-04-29 19:02:08,642 mme_vla_suite.pseudo_labeling.topreward_qwen_scorer INFO: Prefix 14/16 (end=74, n_frames=22/75): reward=-14.0000 (mean, 1 tok)
2026-04-29 19:02:13,468 mme_vla_suite.pseudo_labeling.topreward_qwen_scorer INFO: Prefix 15/16 (end=79, n_frames=24/80): reward=-13.8750 (mean, 1 tok)
2026-04-29 19:02:18,339 mme_vla_suite.pseudo_labeling.topreward_qwen_scorer INFO: Prefix 16/16 (end=85, n_frames=26/86): reward=-14.1250 (mean, 1 tok)
2026-04-29 19:02:23,761 mme_vla_suite.pseudo_labeling.topreward_qwen_scorer INFO: Prefix 1/16 (end=10, n_frames=4/11): reward=-17.3750 (mean, 1 tok)
2026-04-29 19:02:28,454 mme_vla_suite.pseudo_labeling.topreward_qwen_scorer INFO: Prefix 2/16 (end=15, n_frames=5/16): reward=-17.1250 (mean, 1 tok)
2026-04-29 19:02:33,154 mme_vla_suite.pseudo_labeling.topreward_qwen_scorer INFO: Prefix 3/16 (end=21, n_frames=7/22): reward=-17.0000 (mean, 1 tok)
2026-04-29 19:02:37,836 mme_vla_suite.pseudo_labeling.topreward_qwen_scorer INFO: Prefix 4/16 (end=27, n_frames=8/28): reward=-16.5000 (mean, 1 tok)
2026-04-29 19:02:42,537 mme_vla_suite.pseudo_labeling.topreward_qwen_scorer INFO: Prefix 5/16 (end=33, n_frames=10/34): reward=-16.5000 (mean, 1 tok)
2026-04-29 19:02:47,270 mme_vla_suite.pseudo_labeling.topreward_qwen_scorer INFO: Prefix 6/16 (end=39, n_frames=12/40): reward=-16.5000 (mean, 1 tok)
2026-04-29 19:02:52,002 mme_vla_suite.pseudo_labeling.topreward_qwen_scorer INFO: Prefix 7/16 (end=45, n_frames=14/46): reward=-15.2500 (mean, 1 tok)
2026-04-29 19:02:56,735 mme_vla_suite.pseudo_labeling.topreward_qwen_scorer INFO: Prefix 8/16 (end=51, n_frames=16/52): reward=-15.1250 (mean, 1 tok)
2026-04-29 19:03:01,478 mme_vla_suite.pseudo_labeling.topreward_qwen_scorer INFO: Prefix 9/16 (end=57, n_frames=17/58): reward=-14.7500 (mean, 1 tok)
2026-04-29 19:03:06,227 mme_vla_suite.pseudo_labeling.topreward_qwen_scorer INFO: Prefix 10/16 (end=63, n_frames=19/64): reward=-14.8750 (mean, 1 tok)
2026-04-29 19:03:11,023 mme_vla_suite.pseudo_labeling.topreward_qwen_scorer INFO: Prefix 11/16 (end=69, n_frames=21/70): reward=-14.0000 (mean, 1 tok)
2026-04-29 19:03:15,822 mme_vla_suite.pseudo_labeling.topreward_qwen_scorer INFO: Prefix 12/16 (end=75, n_frames=23/76): reward=-13.8750 (mean, 1 tok)
2026-04-29 19:03:20,669 mme_vla_suite.pseudo_labeling.topreward_qwen_scorer INFO: Prefix 13/16 (end=81, n_frames=25/82): reward=-14.1250 (mean, 1 tok)
2026-04-29 19:03:25,485 mme_vla_suite.pseudo_labeling.topreward_qwen_scorer INFO: Prefix 14/16 (end=87, n_frames=26/88): reward=-12.7500 (mean, 1 tok)
2026-04-29 19:03:30,309 mme_vla_suite.pseudo_labeling.topreward_qwen_scorer INFO: Prefix 15/16 (end=93, n_frames=28/94): reward=-14.1250 (mean, 1 tok)
2026-04-29 19:03:35,164 mme_vla_suite.pseudo_labeling.topreward_qwen_scorer INFO: Prefix 16/16 (end=99, n_frames=30/100): reward=-13.5000 (mean, 1 tok)
2026-04-29 19:03:40,510 mme_vla_suite.pseudo_labeling.topreward_qwen_scorer INFO: Prefix 1/16 (end=11, n_frames=4/12): reward=-21.1250 (mean, 1 tok)
2026-04-29 19:03:45,287 mme_vla_suite.pseudo_labeling.topreward_qwen_scorer INFO: Prefix 2/16 (end=18, n_frames=6/19): reward=-20.7500 (mean, 1 tok)
2026-04-29 19:03:49,992 mme_vla_suite.pseudo_labeling.topreward_qwen_scorer INFO: Prefix 3/16 (end=25, n_frames=8/26): reward=-20.7500 (mean, 1 tok)
2026-04-29 19:03:54,692 mme_vla_suite.pseudo_labeling.topreward_qwen_scorer INFO: Prefix 4/16 (end=32, n_frames=10/33): reward=-21.7500 (mean, 1 tok)
2026-04-29 19:03:59,408 mme_vla_suite.pseudo_labeling.topreward_qwen_scorer INFO: Prefix 5/16 (end=39, n_frames=12/40): reward=-20.5000 (mean, 1 tok)
2026-04-29 19:04:04,129 mme_vla_suite.pseudo_labeling.topreward_qwen_scorer INFO: Prefix 6/16 (end=46, n_frames=14/47): reward=-20.7500 (mean, 1 tok)
2026-04-29 19:04:08,854 mme_vla_suite.pseudo_labeling.topreward_qwen_scorer INFO: Prefix 7/16 (end=53, n_frames=16/54): reward=-19.6250 (mean, 1 tok)
2026-04-29 19:04:13,577 mme_vla_suite.pseudo_labeling.topreward_qwen_scorer INFO: Prefix 8/16 (end=60, n_frames=18/61): reward=-18.6250 (mean, 1 tok)
2026-04-29 19:04:18,324 mme_vla_suite.pseudo_labeling.topreward_qwen_scorer INFO: Prefix 9/16 (end=67, n_frames=20/68): reward=-19.1250 (mean, 1 tok)
2026-04-29 19:04:23,112 mme_vla_suite.pseudo_labeling.topreward_qwen_scorer INFO: Prefix 10/16 (end=74, n_frames=22/75): reward=-18.8750 (mean, 1 tok)
2026-04-29 19:04:27,966 mme_vla_suite.pseudo_labeling.topreward_qwen_scorer INFO: Prefix 11/16 (end=81, n_frames=25/82): reward=-19.3750 (mean, 1 tok)
2026-04-29 19:04:32,804 mme_vla_suite.pseudo_labeling.topreward_qwen_scorer INFO: Prefix 12/16 (end=88, n_frames=27/89): reward=-19.8750 (mean, 1 tok)
2026-04-29 19:04:37,650 mme_vla_suite.pseudo_labeling.topreward_qwen_scorer INFO: Prefix 13/16 (end=95, n_frames=29/96): reward=-18.8750 (mean, 1 tok)
2026-04-29 19:04:42,498 mme_vla_suite.pseudo_labeling.topreward_qwen_scorer INFO: Prefix 14/16 (end=102, n_frames=31/103): reward=-19.3750 (mean, 1 tok)
2026-04-29 19:04:47,355 mme_vla_suite.pseudo_labeling.topreward_qwen_scorer INFO: Prefix 15/16 (end=109, n_frames=33/110): reward=-18.5000 (mean, 1 tok)
2026-04-29 19:04:52,224 mme_vla_suite.pseudo_labeling.topreward_qwen_scorer INFO: Prefix 16/16 (end=116, n_frames=35/117): reward=-18.1250 (mean, 1 tok)
2026-04-29 19:04:58,080 mme_vla_suite.pseudo_labeling.topreward_qwen_scorer INFO: Prefix 1/16 (end=10, n_frames=4/11): reward=-19.5000 (mean, 1 tok)
2026-04-29 19:05:02,762 mme_vla_suite.pseudo_labeling.topreward_qwen_scorer INFO: Prefix 2/16 (end=16, n_frames=5/17): reward=-19.2500 (mean, 1 tok)
2026-04-29 19:05:07,451 mme_vla_suite.pseudo_labeling.topreward_qwen_scorer INFO: Prefix 3/16 (end=22, n_frames=7/23): reward=-19.2500 (mean, 1 tok)
2026-04-29 19:05:12,138 mme_vla_suite.pseudo_labeling.topreward_qwen_scorer INFO: Prefix 4/16 (end=29, n_frames=9/30): reward=-18.2500 (mean, 1 tok)
2026-04-29 19:05:16,876 mme_vla_suite.pseudo_labeling.topreward_qwen_scorer INFO: Prefix 5/16 (end=35, n_frames=11/36): reward=-19.2500 (mean, 1 tok)
2026-04-29 19:05:21,594 mme_vla_suite.pseudo_labeling.topreward_qwen_scorer INFO: Prefix 6/16 (end=42, n_frames=13/43): reward=-19.6250 (mean, 1 tok)
2026-04-29 19:05:26,326 mme_vla_suite.pseudo_labeling.topreward_qwen_scorer INFO: Prefix 7/16 (end=48, n_frames=15/49): reward=-18.7500 (mean, 1 tok)
2026-04-29 19:05:31,064 mme_vla_suite.pseudo_labeling.topreward_qwen_scorer INFO: Prefix 8/16 (end=55, n_frames=17/56): reward=-18.3750 (mean, 1 tok)
2026-04-29 19:05:35,824 mme_vla_suite.pseudo_labeling.topreward_qwen_scorer INFO: Prefix 9/16 (end=61, n_frames=19/62): reward=-17.7500 (mean, 1 tok)
2026-04-29 19:05:40,614 mme_vla_suite.pseudo_labeling.topreward_qwen_scorer INFO: Prefix 10/16 (end=68, n_frames=21/69): reward=-17.5000 (mean, 1 tok)
2026-04-29 19:05:45,416 mme_vla_suite.pseudo_labeling.topreward_qwen_scorer INFO: Prefix 11/16 (end=74, n_frames=22/75): reward=-20.7500 (mean, 1 tok)
2026-04-29 19:05:50,265 mme_vla_suite.pseudo_labeling.topreward_qwen_scorer INFO: Prefix 12/16 (end=81, n_frames=25/82): reward=-21.5000 (mean, 1 tok)
2026-04-29 19:05:55,066 mme_vla_suite.pseudo_labeling.topreward_qwen_scorer INFO: Prefix 13/16 (end=87, n_frames=26/88): reward=-21.5000 (mean, 1 tok)
2026-04-29 19:05:59,879 mme_vla_suite.pseudo_labeling.topreward_qwen_scorer INFO: Prefix 14/16 (end=94, n_frames=28/95): reward=-20.1250 (mean, 1 tok)
2026-04-29 19:06:04,728 mme_vla_suite.pseudo_labeling.topreward_qwen_scorer INFO: Prefix 15/16 (end=100, n_frames=30/101): reward=-15.7500 (mean, 1 tok)
2026-04-29 19:06:09,586 mme_vla_suite.pseudo_labeling.topreward_qwen_scorer INFO: Prefix 16/16 (end=107, n_frames=32/108): reward=-19.1250 (mean, 1 tok)
2026-04-29 19:06:15,112 mme_vla_suite.pseudo_labeling.topreward_qwen_scorer INFO: Prefix 1/8 (end=5, n_frames=4/6): reward=-19.5000 (mean, 1 tok)
2026-04-29 19:06:19,790 mme_vla_suite.pseudo_labeling.topreward_qwen_scorer INFO: Prefix 2/8 (end=12, n_frames=4/13): reward=-18.5000 (mean, 1 tok)
2026-04-29 19:06:24,525 mme_vla_suite.pseudo_labeling.topreward_qwen_scorer INFO: Prefix 3/8 (end=19, n_frames=6/20): reward=-18.2500 (mean, 1 tok)
2026-04-29 19:06:29,229 mme_vla_suite.pseudo_labeling.topreward_qwen_scorer INFO: Prefix 4/8 (end=26, n_frames=8/27): reward=-18.7500 (mean, 1 tok)
2026-04-29 19:06:33,953 mme_vla_suite.pseudo_labeling.topreward_qwen_scorer INFO: Prefix 5/8 (end=33, n_frames=10/34): reward=-18.6250 (mean, 1 tok)
2026-04-29 19:06:38,678 mme_vla_suite.pseudo_labeling.topreward_qwen_scorer INFO: Prefix 6/8 (end=40, n_frames=12/41): reward=-19.2500 (mean, 1 tok)
2026-04-29 19:06:43,399 mme_vla_suite.pseudo_labeling.topreward_qwen_scorer INFO: Prefix 7/8 (end=47, n_frames=14/48): reward=-18.1250 (mean, 1 tok)
2026-04-29 19:06:48,139 mme_vla_suite.pseudo_labeling.topreward_qwen_scorer INFO: Prefix 8/8 (end=55, n_frames=17/56): reward=-18.7500 (mean, 1 tok)
2026-04-29 19:06:53,730 mme_vla_suite.pseudo_labeling.topreward_qwen_scorer INFO: Prefix 1/16 (end=8, n_frames=4/9): reward=-17.5000 (mean, 1 tok)
2026-04-29 19:06:58,433 mme_vla_suite.pseudo_labeling.topreward_qwen_scorer INFO: Prefix 2/16 (end=12, n_frames=4/13): reward=-17.0000 (mean, 1 tok)
2026-04-29 19:07:03,131 mme_vla_suite.pseudo_labeling.topreward_qwen_scorer INFO: Prefix 3/16 (end=17, n_frames=5/18): reward=-16.6250 (mean, 1 tok)
2026-04-29 19:07:07,831 mme_vla_suite.pseudo_labeling.topreward_qwen_scorer INFO: Prefix 4/16 (end=22, n_frames=7/23): reward=-16.3750 (mean, 1 tok)
2026-04-29 19:07:12,556 mme_vla_suite.pseudo_labeling.topreward_qwen_scorer INFO: Prefix 5/16 (end=27, n_frames=8/28): reward=-16.6250 (mean, 1 tok)
2026-04-29 19:07:17,256 mme_vla_suite.pseudo_labeling.topreward_qwen_scorer INFO: Prefix 6/16 (end=32, n_frames=10/33): reward=-16.7500 (mean, 1 tok)
2026-04-29 19:07:21,985 mme_vla_suite.pseudo_labeling.topreward_qwen_scorer INFO: Prefix 7/16 (end=37, n_frames=11/38): reward=-16.1250 (mean, 1 tok)
2026-04-29 19:07:26,693 mme_vla_suite.pseudo_labeling.topreward_qwen_scorer INFO: Prefix 8/16 (end=42, n_frames=13/43): reward=-16.6250 (mean, 1 tok)
2026-04-29 19:07:31,407 mme_vla_suite.pseudo_labeling.topreward_qwen_scorer INFO: Prefix 9/16 (end=47, n_frames=14/48): reward=-16.1250 (mean, 1 tok)
2026-04-29 19:07:36,127 mme_vla_suite.pseudo_labeling.topreward_qwen_scorer INFO: Prefix 10/16 (end=52, n_frames=16/53): reward=-15.3750 (mean, 1 tok)
2026-04-29 19:07:40,858 mme_vla_suite.pseudo_labeling.topreward_qwen_scorer INFO: Prefix 11/16 (end=57, n_frames=17/58): reward=-16.2500 (mean, 1 tok)
2026-04-29 19:07:45,593 mme_vla_suite.pseudo_labeling.topreward_qwen_scorer INFO: Prefix 12/16 (end=62, n_frames=19/63): reward=-15.8750 (mean, 1 tok)
2026-04-29 19:07:50,365 mme_vla_suite.pseudo_labeling.topreward_qwen_scorer INFO: Prefix 13/16 (end=67, n_frames=20/68): reward=-16.2500 (mean, 1 tok)
2026-04-29 19:07:55,160 mme_vla_suite.pseudo_labeling.topreward_qwen_scorer INFO: Prefix 14/16 (end=72, n_frames=22/73): reward=-15.0000 (mean, 1 tok)
2026-04-29 19:07:59,964 mme_vla_suite.pseudo_labeling.topreward_qwen_scorer INFO: Prefix 15/16 (end=77, n_frames=23/78): reward=-16.0000 (mean, 1 tok)
2026-04-29 19:08:04,814 mme_vla_suite.pseudo_labeling.topreward_qwen_scorer INFO: Prefix 16/16 (end=82, n_frames=25/83): reward=-14.7500 (mean, 1 tok)
2026-04-29 19:08:10,485 mme_vla_suite.pseudo_labeling.topreward_qwen_scorer INFO: Prefix 1/16 (end=9, n_frames=4/10): reward=-17.3750 (mean, 1 tok)
2026-04-29 19:08:15,177 mme_vla_suite.pseudo_labeling.topreward_qwen_scorer INFO: Prefix 2/16 (end=14, n_frames=4/15): reward=-17.5000 (mean, 1 tok)
2026-04-29 19:08:19,903 mme_vla_suite.pseudo_labeling.topreward_qwen_scorer INFO: Prefix 3/16 (end=20, n_frames=6/21): reward=-16.3750 (mean, 1 tok)
2026-04-29 19:08:24,603 mme_vla_suite.pseudo_labeling.topreward_qwen_scorer INFO: Prefix 4/16 (end=26, n_frames=8/27): reward=-16.8750 (mean, 1 tok)
2026-04-29 19:08:29,311 mme_vla_suite.pseudo_labeling.topreward_qwen_scorer INFO: Prefix 5/16 (end=31, n_frames=10/32): reward=-16.7500 (mean, 1 tok)
2026-04-29 19:08:34,028 mme_vla_suite.pseudo_labeling.topreward_qwen_scorer INFO: Prefix 6/16 (end=37, n_frames=11/38): reward=-16.1250 (mean, 1 tok)
2026-04-29 19:08:38,742 mme_vla_suite.pseudo_labeling.topreward_qwen_scorer INFO: Prefix 7/16 (end=43, n_frames=13/44): reward=-16.6250 (mean, 1 tok)
2026-04-29 19:08:43,473 mme_vla_suite.pseudo_labeling.topreward_qwen_scorer INFO: Prefix 8/16 (end=48, n_frames=15/49): reward=-15.8750 (mean, 1 tok)
2026-04-29 19:08:48,193 mme_vla_suite.pseudo_labeling.topreward_qwen_scorer INFO: Prefix 9/16 (end=54, n_frames=16/55): reward=-17.1250 (mean, 1 tok)
2026-04-29 19:08:52,921 mme_vla_suite.pseudo_labeling.topreward_qwen_scorer INFO: Prefix 10/16 (end=60, n_frames=18/61): reward=-15.7500 (mean, 1 tok)
2026-04-29 19:08:57,664 mme_vla_suite.pseudo_labeling.topreward_qwen_scorer INFO: Prefix 11/16 (end=65, n_frames=20/66): reward=-16.0000 (mean, 1 tok)
2026-04-29 19:09:02,443 mme_vla_suite.pseudo_labeling.topreward_qwen_scorer INFO: Prefix 12/16 (end=71, n_frames=22/72): reward=-15.3750 (mean, 1 tok)
2026-04-29 19:09:07,234 mme_vla_suite.pseudo_labeling.topreward_qwen_scorer INFO: Prefix 13/16 (end=77, n_frames=23/78): reward=-16.0000 (mean, 1 tok)
2026-04-29 19:09:12,060 mme_vla_suite.pseudo_labeling.topreward_qwen_scorer INFO: Prefix 14/16 (end=82, n_frames=25/83): reward=-14.7500 (mean, 1 tok)
2026-04-29 19:09:16,875 mme_vla_suite.pseudo_labeling.topreward_qwen_scorer INFO: Prefix 15/16 (end=88, n_frames=27/89): reward=-15.1250 (mean, 1 tok)
2026-04-29 19:09:21,705 mme_vla_suite.pseudo_labeling.topreward_qwen_scorer INFO: Prefix 16/16 (end=94, n_frames=28/95): reward=-15.2500 (mean, 1 tok)
2026-04-29 19:09:27,484 mme_vla_suite.pseudo_labeling.topreward_qwen_scorer INFO: Prefix 1/16 (end=11, n_frames=4/12): reward=-20.2500 (mean, 1 tok)
2026-04-29 19:09:32,170 mme_vla_suite.pseudo_labeling.topreward_qwen_scorer INFO: Prefix 2/16 (end=17, n_frames=5/18): reward=-20.0000 (mean, 1 tok)
2026-04-29 19:09:36,850 mme_vla_suite.pseudo_labeling.topreward_qwen_scorer INFO: Prefix 3/16 (end=24, n_frames=8/25): reward=-20.0000 (mean, 1 tok)
2026-04-29 19:09:41,539 mme_vla_suite.pseudo_labeling.topreward_qwen_scorer INFO: Prefix 4/16 (end=31, n_frames=10/32): reward=-18.8750 (mean, 1 tok)
2026-04-29 19:09:46,314 mme_vla_suite.pseudo_labeling.topreward_qwen_scorer INFO: Prefix 5/16 (end=38, n_frames=12/39): reward=-18.5000 (mean, 1 tok)
2026-04-29 19:09:51,085 mme_vla_suite.pseudo_labeling.topreward_qwen_scorer INFO: Prefix 6/16 (end=45, n_frames=14/46): reward=-18.7500 (mean, 1 tok)
2026-04-29 19:09:55,778 mme_vla_suite.pseudo_labeling.topreward_qwen_scorer INFO: Prefix 7/16 (end=52, n_frames=16/53): reward=-19.0000 (mean, 1 tok)
2026-04-29 19:10:00,545 mme_vla_suite.pseudo_labeling.topreward_qwen_scorer INFO: Prefix 8/16 (end=59, n_frames=18/60): reward=-18.1250 (mean, 1 tok)
2026-04-29 19:10:05,263 mme_vla_suite.pseudo_labeling.topreward_qwen_scorer INFO: Prefix 9/16 (end=65, n_frames=20/66): reward=-18.2500 (mean, 1 tok)
2026-04-29 19:10:10,042 mme_vla_suite.pseudo_labeling.topreward_qwen_scorer INFO: Prefix 10/16 (end=72, n_frames=22/73): reward=-18.7500 (mean, 1 tok)
2026-04-29 19:10:14,826 mme_vla_suite.pseudo_labeling.topreward_qwen_scorer INFO: Prefix 11/16 (end=79, n_frames=24/80): reward=-19.5000 (mean, 1 tok)
2026-04-29 19:10:19,645 mme_vla_suite.pseudo_labeling.topreward_qwen_scorer INFO: Prefix 12/16 (end=86, n_frames=26/87): reward=-19.2500 (mean, 1 tok)
2026-04-29 19:10:24,452 mme_vla_suite.pseudo_labeling.topreward_qwen_scorer INFO: Prefix 13/16 (end=93, n_frames=28/94): reward=-19.1250 (mean, 1 tok)
2026-04-29 19:10:29,279 mme_vla_suite.pseudo_labeling.topreward_qwen_scorer INFO: Prefix 14/16 (end=100, n_frames=30/101): reward=-18.2500 (mean, 1 tok)
2026-04-29 19:10:34,127 mme_vla_suite.pseudo_labeling.topreward_qwen_scorer INFO: Prefix 15/16 (end=107, n_frames=32/108): reward=-18.5000 (mean, 1 tok)
2026-04-29 19:10:38,967 mme_vla_suite.pseudo_labeling.topreward_qwen_scorer INFO: Prefix 16/16 (end=114, n_frames=34/115): reward=-18.0000 (mean, 1 tok)
2026-04-29 19:10:44,576 mme_vla_suite.pseudo_labeling.topreward_qwen_scorer INFO: Prefix 1/16 (end=9, n_frames=4/10): reward=-15.8750 (mean, 1 tok)
2026-04-29 19:10:49,250 mme_vla_suite.pseudo_labeling.topreward_qwen_scorer INFO: Prefix 2/16 (end=14, n_frames=4/15): reward=-15.5000 (mean, 1 tok)
2026-04-29 19:10:53,947 mme_vla_suite.pseudo_labeling.topreward_qwen_scorer INFO: Prefix 3/16 (end=20, n_frames=6/21): reward=-15.2500 (mean, 1 tok)
2026-04-29 19:10:58,642 mme_vla_suite.pseudo_labeling.topreward_qwen_scorer INFO: Prefix 4/16 (end=26, n_frames=8/27): reward=-15.5000 (mean, 1 tok)
2026-04-29 19:11:03,358 mme_vla_suite.pseudo_labeling.topreward_qwen_scorer INFO: Prefix 5/16 (end=31, n_frames=10/32): reward=-15.3750 (mean, 1 tok)
2026-04-29 19:11:08,060 mme_vla_suite.pseudo_labeling.topreward_qwen_scorer INFO: Prefix 6/16 (end=37, n_frames=11/38): reward=-15.6250 (mean, 1 tok)
2026-04-29 19:11:12,770 mme_vla_suite.pseudo_labeling.topreward_qwen_scorer INFO: Prefix 7/16 (end=43, n_frames=13/44): reward=-15.8750 (mean, 1 tok)
2026-04-29 19:11:17,492 mme_vla_suite.pseudo_labeling.topreward_qwen_scorer INFO: Prefix 8/16 (end=49, n_frames=15/50): reward=-15.6250 (mean, 1 tok)
2026-04-29 19:11:22,213 mme_vla_suite.pseudo_labeling.topreward_qwen_scorer INFO: Prefix 9/16 (end=54, n_frames=16/55): reward=-15.7500 (mean, 1 tok)
2026-04-29 19:11:26,945 mme_vla_suite.pseudo_labeling.topreward_qwen_scorer INFO: Prefix 10/16 (end=60, n_frames=18/61): reward=-16.1250 (mean, 1 tok)
2026-04-29 19:11:31,681 mme_vla_suite.pseudo_labeling.topreward_qwen_scorer INFO: Prefix 11/16 (end=66, n_frames=20/67): reward=-15.6250 (mean, 1 tok)
2026-04-29 19:11:36,477 mme_vla_suite.pseudo_labeling.topreward_qwen_scorer INFO: Prefix 12/16 (end=72, n_frames=22/73): reward=-14.8750 (mean, 1 tok)
2026-04-29 19:11:41,276 mme_vla_suite.pseudo_labeling.topreward_qwen_scorer INFO: Prefix 13/16 (end=77, n_frames=23/78): reward=-15.5000 (mean, 1 tok)
2026-04-29 19:11:46,099 mme_vla_suite.pseudo_labeling.topreward_qwen_scorer INFO: Prefix 14/16 (end=83, n_frames=25/84): reward=-14.8750 (mean, 1 tok)
2026-04-29 19:11:50,916 mme_vla_suite.pseudo_labeling.topreward_qwen_scorer INFO: Prefix 15/16 (end=89, n_frames=27/90): reward=-15.3750 (mean, 1 tok)
2026-04-29 19:11:55,760 mme_vla_suite.pseudo_labeling.topreward_qwen_scorer INFO: Prefix 16/16 (end=95, n_frames=29/96): reward=-14.2500 (mean, 1 tok)
2026-04-29 19:12:01,582 mme_vla_suite.pseudo_labeling.topreward_qwen_scorer INFO: Prefix 1/16 (end=10, n_frames=4/11): reward=-15.6250 (mean, 1 tok)
2026-04-29 19:12:06,260 mme_vla_suite.pseudo_labeling.topreward_qwen_scorer INFO: Prefix 2/16 (end=16, n_frames=5/17): reward=-15.6250 (mean, 1 tok)
2026-04-29 19:12:10,945 mme_vla_suite.pseudo_labeling.topreward_qwen_scorer INFO: Prefix 3/16 (end=23, n_frames=7/24): reward=-15.5000 (mean, 1 tok)
2026-04-29 19:12:15,647 mme_vla_suite.pseudo_labeling.topreward_qwen_scorer INFO: Prefix 4/16 (end=29, n_frames=9/30): reward=-15.5000 (mean, 1 tok)
2026-04-29 19:12:20,374 mme_vla_suite.pseudo_labeling.topreward_qwen_scorer INFO: Prefix 5/16 (end=36, n_frames=11/37): reward=-15.5000 (mean, 1 tok)
2026-04-29 19:12:25,105 mme_vla_suite.pseudo_labeling.topreward_qwen_scorer INFO: Prefix 6/16 (end=42, n_frames=13/43): reward=-15.7500 (mean, 1 tok)
2026-04-29 19:12:29,835 mme_vla_suite.pseudo_labeling.topreward_qwen_scorer INFO: Prefix 7/16 (end=49, n_frames=15/50): reward=-15.6250 (mean, 1 tok)
2026-04-29 19:12:34,566 mme_vla_suite.pseudo_labeling.topreward_qwen_scorer INFO: Prefix 8/16 (end=55, n_frames=17/56): reward=-16.0000 (mean, 1 tok)
2026-04-29 19:12:39,325 mme_vla_suite.pseudo_labeling.topreward_qwen_scorer INFO: Prefix 9/16 (end=62, n_frames=19/63): reward=-15.3750 (mean, 1 tok)
2026-04-29 19:12:44,098 mme_vla_suite.pseudo_labeling.topreward_qwen_scorer INFO: Prefix 10/16 (end=68, n_frames=21/69): reward=-16.1250 (mean, 1 tok)
2026-04-29 19:12:48,895 mme_vla_suite.pseudo_labeling.topreward_qwen_scorer INFO: Prefix 11/16 (end=75, n_frames=23/76): reward=-15.3750 (mean, 1 tok)
2026-04-29 19:12:53,722 mme_vla_suite.pseudo_labeling.topreward_qwen_scorer INFO: Prefix 12/16 (end=81, n_frames=25/82): reward=-15.3750 (mean, 1 tok)
2026-04-29 19:12:58,580 mme_vla_suite.pseudo_labeling.topreward_qwen_scorer INFO: Prefix 13/16 (end=88, n_frames=27/89): reward=-15.5000 (mean, 1 tok)
2026-04-29 19:13:03,435 mme_vla_suite.pseudo_labeling.topreward_qwen_scorer INFO: Prefix 14/16 (end=94, n_frames=28/95): reward=-16.1250 (mean, 1 tok)
2026-04-29 19:13:08,324 mme_vla_suite.pseudo_labeling.topreward_qwen_scorer INFO: Prefix 15/16 (end=101, n_frames=31/102): reward=-14.2500 (mean, 1 tok)
2026-04-29 19:13:13,213 mme_vla_suite.pseudo_labeling.topreward_qwen_scorer INFO: Prefix 16/16 (end=108, n_frames=33/109): reward=-15.1250 (mean, 1 tok)
