/coc/testnvme/shalbe3/miniconda/envs/robomme/lib/python3.11/site-packages/torch/cuda/__init__.py:63: FutureWarning: The pynvml package is deprecated. Please install nvidia-ml-py instead. If you did not install pynvml directly, please report this to the maintainers of the package that installed pynvml for you.
  import pynvml  # type: ignore[import]
`torch_dtype` is deprecated! Use `dtype` instead!
You are attempting to use Flash Attention 2 without specifying a torch dtype. This might lead to unexpected behaviour
2026-04-30 00:37:13,966 mme_vla_suite.pseudo_labeling.topreward_qwen_scorer WARNING: flash_attention_2 unavailable (/coc/testnvme/shalbe3/miniconda/envs/robomme/lib/python3.11/site-packages/flash_attn_2_cuda.cpython-311-x86_64-linux-gnu.so: undefined symbol: _ZNK3c106SymInt6sym_neERKS0_), using default attention
Loading checkpoint shards:   0%|          | 0/4 [00:00<?, ?it/s]Loading checkpoint shards:  25%|██▌       | 1/4 [00:01<00:03,  1.12s/it]Loading checkpoint shards:  50%|█████     | 2/4 [00:02<00:02,  1.12s/it]Loading checkpoint shards:  75%|███████▌  | 3/4 [00:03<00:01,  1.14s/it]Loading checkpoint shards: 100%|██████████| 4/4 [00:04<00:00,  1.04it/s]Loading checkpoint shards: 100%|██████████| 4/4 [00:04<00:00,  1.02s/it]
Asked to sample `fps` frames per second but no video metadata was provided which is required when sampling with `fps`. Defaulting to `fps=24`. Please provide `video_metadata` for more accurate results.
2026-04-30 00:37:27,744 mme_vla_suite.pseudo_labeling.topreward_qwen_scorer INFO: Prefix 1/8 (end=14, n_frames=4/15): reward=-21.2500 (mean, 1 tok)
2026-04-30 00:37:34,562 mme_vla_suite.pseudo_labeling.topreward_qwen_scorer INFO: Prefix 2/8 (end=32, n_frames=7/33): reward=-21.7500 (mean, 1 tok)
2026-04-30 00:37:41,382 mme_vla_suite.pseudo_labeling.topreward_qwen_scorer INFO: Prefix 3/8 (end=50, n_frames=10/51): reward=-19.7500 (mean, 1 tok)
2026-04-30 00:37:48,244 mme_vla_suite.pseudo_labeling.topreward_qwen_scorer INFO: Prefix 4/8 (end=68, n_frames=14/69): reward=-18.6250 (mean, 1 tok)
2026-04-30 00:37:55,147 mme_vla_suite.pseudo_labeling.topreward_qwen_scorer INFO: Prefix 5/8 (end=86, n_frames=17/87): reward=-17.8750 (mean, 1 tok)
2026-04-30 00:38:02,094 mme_vla_suite.pseudo_labeling.topreward_qwen_scorer INFO: Prefix 6/8 (end=104, n_frames=21/105): reward=-17.6250 (mean, 1 tok)
2026-04-30 00:38:09,046 mme_vla_suite.pseudo_labeling.topreward_qwen_scorer INFO: Prefix 7/8 (end=122, n_frames=25/123): reward=-16.8750 (mean, 1 tok)
2026-04-30 00:38:16,009 mme_vla_suite.pseudo_labeling.topreward_qwen_scorer INFO: Prefix 8/8 (end=141, n_frames=28/142): reward=-17.1250 (mean, 1 tok)
2026-04-30 00:38:23,596 mme_vla_suite.pseudo_labeling.topreward_qwen_scorer INFO: Prefix 1/8 (end=8, n_frames=4/9): reward=-18.1250 (mean, 1 tok)
2026-04-30 00:38:30,372 mme_vla_suite.pseudo_labeling.topreward_qwen_scorer INFO: Prefix 2/8 (end=18, n_frames=4/19): reward=-17.2500 (mean, 1 tok)
2026-04-30 00:38:37,143 mme_vla_suite.pseudo_labeling.topreward_qwen_scorer INFO: Prefix 3/8 (end=29, n_frames=6/30): reward=-17.1250 (mean, 1 tok)
2026-04-30 00:38:43,955 mme_vla_suite.pseudo_labeling.topreward_qwen_scorer INFO: Prefix 4/8 (end=39, n_frames=8/40): reward=-16.8750 (mean, 1 tok)
2026-04-30 00:38:50,749 mme_vla_suite.pseudo_labeling.topreward_qwen_scorer INFO: Prefix 5/8 (end=50, n_frames=10/51): reward=-16.5000 (mean, 1 tok)
2026-04-30 00:38:57,564 mme_vla_suite.pseudo_labeling.topreward_qwen_scorer INFO: Prefix 6/8 (end=60, n_frames=12/61): reward=-16.6250 (mean, 1 tok)
2026-04-30 00:39:04,369 mme_vla_suite.pseudo_labeling.topreward_qwen_scorer INFO: Prefix 7/8 (end=71, n_frames=14/72): reward=-16.2500 (mean, 1 tok)
2026-04-30 00:39:11,208 mme_vla_suite.pseudo_labeling.topreward_qwen_scorer INFO: Prefix 8/8 (end=82, n_frames=17/83): reward=-16.7500 (mean, 1 tok)
2026-04-30 00:39:19,002 mme_vla_suite.pseudo_labeling.topreward_qwen_scorer INFO: Prefix 1/8 (end=9, n_frames=4/10): reward=-22.3750 (mean, 1 tok)
2026-04-30 00:39:25,782 mme_vla_suite.pseudo_labeling.topreward_qwen_scorer INFO: Prefix 2/8 (end=21, n_frames=4/22): reward=-22.0000 (mean, 1 tok)
2026-04-30 00:39:32,575 mme_vla_suite.pseudo_labeling.topreward_qwen_scorer INFO: Prefix 3/8 (end=34, n_frames=7/35): reward=-21.3750 (mean, 1 tok)
2026-04-30 00:39:39,396 mme_vla_suite.pseudo_labeling.topreward_qwen_scorer INFO: Prefix 4/8 (end=46, n_frames=9/47): reward=-21.2500 (mean, 1 tok)
2026-04-30 00:39:46,212 mme_vla_suite.pseudo_labeling.topreward_qwen_scorer INFO: Prefix 5/8 (end=59, n_frames=12/60): reward=-21.6250 (mean, 1 tok)
2026-04-30 00:39:53,033 mme_vla_suite.pseudo_labeling.topreward_qwen_scorer INFO: Prefix 6/8 (end=71, n_frames=14/72): reward=-21.0000 (mean, 1 tok)
2026-04-30 00:39:59,876 mme_vla_suite.pseudo_labeling.topreward_qwen_scorer INFO: Prefix 7/8 (end=84, n_frames=17/85): reward=-19.7500 (mean, 1 tok)
2026-04-30 00:40:06,768 mme_vla_suite.pseudo_labeling.topreward_qwen_scorer INFO: Prefix 8/8 (end=97, n_frames=20/98): reward=-19.2500 (mean, 1 tok)
2026-04-30 00:40:14,573 mme_vla_suite.pseudo_labeling.topreward_qwen_scorer INFO: Prefix 1/8 (end=8, n_frames=4/9): reward=-18.2500 (mean, 1 tok)
2026-04-30 00:40:21,351 mme_vla_suite.pseudo_labeling.topreward_qwen_scorer INFO: Prefix 2/8 (end=18, n_frames=4/19): reward=-17.2500 (mean, 1 tok)
2026-04-30 00:40:28,148 mme_vla_suite.pseudo_labeling.topreward_qwen_scorer INFO: Prefix 3/8 (end=29, n_frames=6/30): reward=-16.8750 (mean, 1 tok)
2026-04-30 00:40:34,946 mme_vla_suite.pseudo_labeling.topreward_qwen_scorer INFO: Prefix 4/8 (end=40, n_frames=8/41): reward=-17.1250 (mean, 1 tok)
2026-04-30 00:40:41,740 mme_vla_suite.pseudo_labeling.topreward_qwen_scorer INFO: Prefix 5/8 (end=51, n_frames=10/52): reward=-16.0000 (mean, 1 tok)
2026-04-30 00:40:48,534 mme_vla_suite.pseudo_labeling.topreward_qwen_scorer INFO: Prefix 6/8 (end=62, n_frames=13/63): reward=-16.8750 (mean, 1 tok)
2026-04-30 00:40:55,348 mme_vla_suite.pseudo_labeling.topreward_qwen_scorer INFO: Prefix 7/8 (end=73, n_frames=15/74): reward=-16.1250 (mean, 1 tok)
2026-04-30 00:41:02,173 mme_vla_suite.pseudo_labeling.topreward_qwen_scorer INFO: Prefix 8/8 (end=84, n_frames=17/85): reward=-16.5000 (mean, 1 tok)
2026-04-30 00:41:11,529 mme_vla_suite.pseudo_labeling.topreward_qwen_scorer INFO: Prefix 1/8 (end=21, n_frames=4/22): reward=-21.7500 (mean, 1 tok)
2026-04-30 00:41:18,335 mme_vla_suite.pseudo_labeling.topreward_qwen_scorer INFO: Prefix 2/8 (end=48, n_frames=10/49): reward=-20.7500 (mean, 1 tok)
2026-04-30 00:41:25,168 mme_vla_suite.pseudo_labeling.topreward_qwen_scorer INFO: Prefix 3/8 (end=76, n_frames=15/77): reward=-21.0000 (mean, 1 tok)
2026-04-30 00:41:32,082 mme_vla_suite.pseudo_labeling.topreward_qwen_scorer INFO: Prefix 4/8 (end=104, n_frames=21/105): reward=-20.5000 (mean, 1 tok)
2026-04-30 00:41:39,035 mme_vla_suite.pseudo_labeling.topreward_qwen_scorer INFO: Prefix 5/8 (end=131, n_frames=26/132): reward=-21.1250 (mean, 1 tok)
slurmstepd: error: *** STEP 3033755.0 ON optimistprime CANCELLED AT 2026-04-30T00:41:45 ***
slurmstepd: error: *** JOB 3033755 ON optimistprime CANCELLED AT 2026-04-30T00:41:45 ***
