/coc/testnvme/shalbe3/miniconda/envs/robomme/lib/python3.11/site-packages/torch/cuda/__init__.py:63: FutureWarning: The pynvml package is deprecated. Please install nvidia-ml-py instead. If you did not install pynvml directly, please report this to the maintainers of the package that installed pynvml for you.
  import pynvml  # type: ignore[import]
`torch_dtype` is deprecated! Use `dtype` instead!
You are attempting to use Flash Attention 2 without specifying a torch dtype. This might lead to unexpected behaviour
2026-04-30 00:59:14,308 mme_vla_suite.pseudo_labeling.topreward_qwen_scorer WARNING: flash_attention_2 unavailable (/coc/testnvme/shalbe3/miniconda/envs/robomme/lib/python3.11/site-packages/flash_attn_2_cuda.cpython-311-x86_64-linux-gnu.so: undefined symbol: _ZNK3c106SymInt6sym_neERKS0_), using default attention
Loading checkpoint shards:   0%|          | 0/4 [00:00<?, ?it/s]Loading checkpoint shards:  25%|██▌       | 1/4 [00:14<00:44, 14.97s/it]Loading checkpoint shards:  50%|█████     | 2/4 [00:29<00:29, 14.94s/it]Loading checkpoint shards:  75%|███████▌  | 3/4 [00:44<00:14, 14.89s/it]Loading checkpoint shards: 100%|██████████| 4/4 [00:53<00:00, 12.29s/it]Loading checkpoint shards: 100%|██████████| 4/4 [00:53<00:00, 13.26s/it]
Asked to sample `fps` frames per second but no video metadata was provided which is required when sampling with `fps`. Defaulting to `fps=24`. Please provide `video_metadata` for more accurate results.
2026-04-30 01:00:17,723 mme_vla_suite.pseudo_labeling.topreward_qwen_scorer INFO: Prefix 1/8 (end=11, n_frames=4/12): reward=-23.2500 (mean, 1 tok)
2026-04-30 01:00:24,679 mme_vla_suite.pseudo_labeling.topreward_qwen_scorer INFO: Prefix 2/8 (end=26, n_frames=5/27): reward=-23.3750 (mean, 1 tok)
2026-04-30 01:00:31,580 mme_vla_suite.pseudo_labeling.topreward_qwen_scorer INFO: Prefix 3/8 (end=41, n_frames=8/42): reward=-19.7500 (mean, 1 tok)
2026-04-30 01:00:38,510 mme_vla_suite.pseudo_labeling.topreward_qwen_scorer INFO: Prefix 4/8 (end=56, n_frames=11/57): reward=-20.7500 (mean, 1 tok)
2026-04-30 01:00:45,483 mme_vla_suite.pseudo_labeling.topreward_qwen_scorer INFO: Prefix 5/8 (end=71, n_frames=14/72): reward=-19.7500 (mean, 1 tok)
2026-04-30 01:00:52,458 mme_vla_suite.pseudo_labeling.topreward_qwen_scorer INFO: Prefix 6/8 (end=86, n_frames=17/87): reward=-20.1250 (mean, 1 tok)
2026-04-30 01:00:59,439 mme_vla_suite.pseudo_labeling.topreward_qwen_scorer INFO: Prefix 7/8 (end=101, n_frames=20/102): reward=-17.5000 (mean, 1 tok)
2026-04-30 01:01:06,477 mme_vla_suite.pseudo_labeling.topreward_qwen_scorer INFO: Prefix 8/8 (end=117, n_frames=24/118): reward=-19.0000 (mean, 1 tok)
2026-04-30 01:01:14,311 mme_vla_suite.pseudo_labeling.topreward_qwen_scorer INFO: Prefix 1/8 (end=8, n_frames=4/9): reward=-20.7500 (mean, 1 tok)
2026-04-30 01:01:21,251 mme_vla_suite.pseudo_labeling.topreward_qwen_scorer INFO: Prefix 2/8 (end=18, n_frames=4/19): reward=-19.3750 (mean, 1 tok)
2026-04-30 01:01:28,176 mme_vla_suite.pseudo_labeling.topreward_qwen_scorer INFO: Prefix 3/8 (end=28, n_frames=6/29): reward=-20.1250 (mean, 1 tok)
2026-04-30 01:01:35,106 mme_vla_suite.pseudo_labeling.topreward_qwen_scorer INFO: Prefix 4/8 (end=38, n_frames=8/39): reward=-21.3750 (mean, 1 tok)
2026-04-30 01:01:42,032 mme_vla_suite.pseudo_labeling.topreward_qwen_scorer INFO: Prefix 5/8 (end=48, n_frames=10/49): reward=-21.1250 (mean, 1 tok)
2026-04-30 01:01:48,980 mme_vla_suite.pseudo_labeling.topreward_qwen_scorer INFO: Prefix 6/8 (end=58, n_frames=12/59): reward=-18.0000 (mean, 1 tok)
2026-04-30 01:01:55,941 mme_vla_suite.pseudo_labeling.topreward_qwen_scorer INFO: Prefix 7/8 (end=68, n_frames=14/69): reward=-18.1250 (mean, 1 tok)
2026-04-30 01:02:02,923 mme_vla_suite.pseudo_labeling.topreward_qwen_scorer INFO: Prefix 8/8 (end=79, n_frames=16/80): reward=-18.0000 (mean, 1 tok)
2026-04-30 01:02:10,867 mme_vla_suite.pseudo_labeling.topreward_qwen_scorer INFO: Prefix 1/8 (end=9, n_frames=4/10): reward=-20.3750 (mean, 1 tok)
slurmstepd: error: *** STEP 3033803.0 ON heistotron CANCELLED AT 2026-04-30T01:02:15 ***
slurmstepd: error: *** JOB 3033803 ON heistotron CANCELLED AT 2026-04-30T01:02:15 ***
