/coc/testnvme/shalbe3/miniconda/envs/robomme/lib/python3.11/site-packages/torch/cuda/__init__.py:63: FutureWarning: The pynvml package is deprecated. Please install nvidia-ml-py instead. If you did not install pynvml directly, please report this to the maintainers of the package that installed pynvml for you.
  import pynvml  # type: ignore[import]
`torch_dtype` is deprecated! Use `dtype` instead!
You are attempting to use Flash Attention 2 without specifying a torch dtype. This might lead to unexpected behaviour
2026-04-29 18:54:35,833 mme_vla_suite.pseudo_labeling.topreward_qwen_scorer WARNING: flash_attention_2 unavailable (/coc/testnvme/shalbe3/miniconda/envs/robomme/lib/python3.11/site-packages/flash_attn_2_cuda.cpython-311-x86_64-linux-gnu.so: undefined symbol: _ZNK3c106SymInt6sym_neERKS0_), using default attention
Loading checkpoint shards:   0%|          | 0/4 [00:00<?, ?it/s]Loading checkpoint shards:  25%|██▌       | 1/4 [00:09<00:28,  9.33s/it]Loading checkpoint shards:  50%|█████     | 2/4 [00:18<00:18,  9.45s/it]Loading checkpoint shards:  75%|███████▌  | 3/4 [00:27<00:09,  9.29s/it]Loading checkpoint shards: 100%|██████████| 4/4 [00:33<00:00,  7.73s/it]Loading checkpoint shards: 100%|██████████| 4/4 [00:33<00:00,  8.32s/it]
Asked to sample `fps` frames per second but no video metadata was provided which is required when sampling with `fps`. Defaulting to `fps=24`. Please provide `video_metadata` for more accurate results.
2026-04-29 18:55:18,937 mme_vla_suite.pseudo_labeling.topreward_qwen_scorer INFO: Prefix 1/16 (end=11, n_frames=4/12): reward=-19.5000 (mean, 1 tok)
2026-04-29 18:55:25,867 mme_vla_suite.pseudo_labeling.topreward_qwen_scorer INFO: Prefix 2/16 (end=18, n_frames=6/19): reward=-19.6250 (mean, 1 tok)
2026-04-29 18:55:32,831 mme_vla_suite.pseudo_labeling.topreward_qwen_scorer INFO: Prefix 3/16 (end=25, n_frames=8/26): reward=-19.6250 (mean, 1 tok)
2026-04-29 18:55:39,836 mme_vla_suite.pseudo_labeling.topreward_qwen_scorer INFO: Prefix 4/16 (end=32, n_frames=10/33): reward=-18.5000 (mean, 1 tok)
2026-04-29 18:55:46,843 mme_vla_suite.pseudo_labeling.topreward_qwen_scorer INFO: Prefix 5/16 (end=39, n_frames=12/40): reward=-17.0000 (mean, 1 tok)
2026-04-29 18:55:53,859 mme_vla_suite.pseudo_labeling.topreward_qwen_scorer INFO: Prefix 6/16 (end=46, n_frames=14/47): reward=-18.2500 (mean, 1 tok)
2026-04-29 18:56:00,893 mme_vla_suite.pseudo_labeling.topreward_qwen_scorer INFO: Prefix 7/16 (end=53, n_frames=16/54): reward=-17.3750 (mean, 1 tok)
2026-04-29 18:56:07,944 mme_vla_suite.pseudo_labeling.topreward_qwen_scorer INFO: Prefix 8/16 (end=60, n_frames=18/61): reward=-17.5000 (mean, 1 tok)
2026-04-29 18:56:15,014 mme_vla_suite.pseudo_labeling.topreward_qwen_scorer INFO: Prefix 9/16 (end=68, n_frames=21/69): reward=-16.7500 (mean, 1 tok)
2026-04-29 18:56:22,104 mme_vla_suite.pseudo_labeling.topreward_qwen_scorer INFO: Prefix 10/16 (end=75, n_frames=23/76): reward=-17.1250 (mean, 1 tok)
2026-04-29 18:56:29,203 mme_vla_suite.pseudo_labeling.topreward_qwen_scorer INFO: Prefix 11/16 (end=82, n_frames=25/83): reward=-17.1250 (mean, 1 tok)
2026-04-29 18:56:36,287 mme_vla_suite.pseudo_labeling.topreward_qwen_scorer INFO: Prefix 12/16 (end=89, n_frames=27/90): reward=-17.7500 (mean, 1 tok)
2026-04-29 18:56:43,379 mme_vla_suite.pseudo_labeling.topreward_qwen_scorer INFO: Prefix 13/16 (end=96, n_frames=29/97): reward=-16.5000 (mean, 1 tok)
2026-04-29 18:56:50,471 mme_vla_suite.pseudo_labeling.topreward_qwen_scorer INFO: Prefix 14/16 (end=103, n_frames=31/104): reward=-15.6250 (mean, 1 tok)
2026-04-29 18:56:57,663 mme_vla_suite.pseudo_labeling.topreward_qwen_scorer INFO: Prefix 15/16 (end=110, n_frames=33/111): reward=-15.2500 (mean, 1 tok)
2026-04-29 18:57:04,863 mme_vla_suite.pseudo_labeling.topreward_qwen_scorer INFO: Prefix 16/16 (end=118, n_frames=36/119): reward=-14.6250 (mean, 1 tok)
2026-04-29 18:57:12,795 mme_vla_suite.pseudo_labeling.topreward_qwen_scorer INFO: Prefix 1/16 (end=8, n_frames=4/9): reward=-20.0000 (mean, 1 tok)
2026-04-29 18:57:19,747 mme_vla_suite.pseudo_labeling.topreward_qwen_scorer INFO: Prefix 2/16 (end=13, n_frames=4/14): reward=-20.3750 (mean, 1 tok)
2026-04-29 18:57:26,694 mme_vla_suite.pseudo_labeling.topreward_qwen_scorer INFO: Prefix 3/16 (end=18, n_frames=6/19): reward=-18.7500 (mean, 1 tok)
2026-04-29 18:57:33,650 mme_vla_suite.pseudo_labeling.topreward_qwen_scorer INFO: Prefix 4/16 (end=23, n_frames=7/24): reward=-19.0000 (mean, 1 tok)
2026-04-29 18:57:40,603 mme_vla_suite.pseudo_labeling.topreward_qwen_scorer INFO: Prefix 5/16 (end=29, n_frames=9/30): reward=-17.7500 (mean, 1 tok)
2026-04-29 18:57:47,563 mme_vla_suite.pseudo_labeling.topreward_qwen_scorer INFO: Prefix 6/16 (end=34, n_frames=10/35): reward=-19.2500 (mean, 1 tok)
2026-04-29 18:57:54,498 mme_vla_suite.pseudo_labeling.topreward_qwen_scorer INFO: Prefix 7/16 (end=39, n_frames=12/40): reward=-18.1250 (mean, 1 tok)
2026-04-29 18:58:01,448 mme_vla_suite.pseudo_labeling.topreward_qwen_scorer INFO: Prefix 8/16 (end=44, n_frames=14/45): reward=-17.5000 (mean, 1 tok)
2026-04-29 18:58:08,398 mme_vla_suite.pseudo_labeling.topreward_qwen_scorer INFO: Prefix 9/16 (end=50, n_frames=15/51): reward=-19.1250 (mean, 1 tok)
2026-04-29 18:58:15,360 mme_vla_suite.pseudo_labeling.topreward_qwen_scorer INFO: Prefix 10/16 (end=55, n_frames=17/56): reward=-18.2500 (mean, 1 tok)
2026-04-29 18:58:22,319 mme_vla_suite.pseudo_labeling.topreward_qwen_scorer INFO: Prefix 11/16 (end=60, n_frames=18/61): reward=-19.3750 (mean, 1 tok)
2026-04-29 18:58:29,321 mme_vla_suite.pseudo_labeling.topreward_qwen_scorer INFO: Prefix 12/16 (end=65, n_frames=20/66): reward=-18.1250 (mean, 1 tok)
2026-04-29 18:58:36,348 mme_vla_suite.pseudo_labeling.topreward_qwen_scorer INFO: Prefix 13/16 (end=71, n_frames=22/72): reward=-16.8750 (mean, 1 tok)
2026-04-29 18:58:43,390 mme_vla_suite.pseudo_labeling.topreward_qwen_scorer INFO: Prefix 14/16 (end=76, n_frames=23/77): reward=-18.3750 (mean, 1 tok)
2026-04-29 18:58:50,445 mme_vla_suite.pseudo_labeling.topreward_qwen_scorer INFO: Prefix 15/16 (end=81, n_frames=25/82): reward=-17.6250 (mean, 1 tok)
2026-04-29 18:58:57,517 mme_vla_suite.pseudo_labeling.topreward_qwen_scorer INFO: Prefix 16/16 (end=87, n_frames=26/88): reward=-17.2500 (mean, 1 tok)
2026-04-29 18:59:05,667 mme_vla_suite.pseudo_labeling.topreward_qwen_scorer INFO: Prefix 1/16 (end=16, n_frames=5/17): reward=-20.5000 (mean, 1 tok)
2026-04-29 18:59:12,589 mme_vla_suite.pseudo_labeling.topreward_qwen_scorer INFO: Prefix 2/16 (end=25, n_frames=8/26): reward=-20.3750 (mean, 1 tok)
2026-04-29 18:59:19,547 mme_vla_suite.pseudo_labeling.topreward_qwen_scorer INFO: Prefix 3/16 (end=35, n_frames=11/36): reward=-19.1250 (mean, 1 tok)
2026-04-29 18:59:26,530 mme_vla_suite.pseudo_labeling.topreward_qwen_scorer INFO: Prefix 4/16 (end=44, n_frames=14/45): reward=-20.0000 (mean, 1 tok)
2026-04-29 18:59:33,549 mme_vla_suite.pseudo_labeling.topreward_qwen_scorer INFO: Prefix 5/16 (end=54, n_frames=16/55): reward=-19.2500 (mean, 1 tok)
2026-04-29 18:59:40,547 mme_vla_suite.pseudo_labeling.topreward_qwen_scorer INFO: Prefix 6/16 (end=63, n_frames=19/64): reward=-18.1250 (mean, 1 tok)
2026-04-29 18:59:47,594 mme_vla_suite.pseudo_labeling.topreward_qwen_scorer INFO: Prefix 7/16 (end=73, n_frames=22/74): reward=-18.7500 (mean, 1 tok)
2026-04-29 18:59:54,695 mme_vla_suite.pseudo_labeling.topreward_qwen_scorer INFO: Prefix 8/16 (end=82, n_frames=25/83): reward=-19.1250 (mean, 1 tok)
2026-04-29 19:00:01,812 mme_vla_suite.pseudo_labeling.topreward_qwen_scorer INFO: Prefix 9/16 (end=92, n_frames=28/93): reward=-18.8750 (mean, 1 tok)
2026-04-29 19:00:08,943 mme_vla_suite.pseudo_labeling.topreward_qwen_scorer INFO: Prefix 10/16 (end=101, n_frames=31/102): reward=-17.8750 (mean, 1 tok)
2026-04-29 19:00:16,121 mme_vla_suite.pseudo_labeling.topreward_qwen_scorer INFO: Prefix 11/16 (end=111, n_frames=34/112): reward=-19.0000 (mean, 1 tok)
2026-04-29 19:00:23,297 mme_vla_suite.pseudo_labeling.topreward_qwen_scorer INFO: Prefix 12/16 (end=120, n_frames=36/121): reward=-18.2500 (mean, 1 tok)
2026-04-29 19:00:30,510 mme_vla_suite.pseudo_labeling.topreward_qwen_scorer INFO: Prefix 13/16 (end=130, n_frames=39/131): reward=-17.0000 (mean, 1 tok)
2026-04-29 19:00:37,724 mme_vla_suite.pseudo_labeling.topreward_qwen_scorer INFO: Prefix 14/16 (end=139, n_frames=42/140): reward=-17.3750 (mean, 1 tok)
2026-04-29 19:00:44,964 mme_vla_suite.pseudo_labeling.topreward_qwen_scorer INFO: Prefix 15/16 (end=149, n_frames=45/150): reward=-17.2500 (mean, 1 tok)
2026-04-29 19:00:52,250 mme_vla_suite.pseudo_labeling.topreward_qwen_scorer INFO: Prefix 16/16 (end=159, n_frames=48/160): reward=-16.7500 (mean, 1 tok)
2026-04-29 19:01:00,331 mme_vla_suite.pseudo_labeling.topreward_qwen_scorer INFO: Prefix 1/16 (end=6, n_frames=4/7): reward=-19.1250 (mean, 1 tok)
2026-04-29 19:01:07,229 mme_vla_suite.pseudo_labeling.topreward_qwen_scorer INFO: Prefix 2/16 (end=10, n_frames=4/11): reward=-20.0000 (mean, 1 tok)
2026-04-29 19:01:14,098 mme_vla_suite.pseudo_labeling.topreward_qwen_scorer INFO: Prefix 3/16 (end=14, n_frames=4/15): reward=-21.7500 (mean, 1 tok)
2026-04-29 19:01:21,014 mme_vla_suite.pseudo_labeling.topreward_qwen_scorer INFO: Prefix 4/16 (end=18, n_frames=6/19): reward=-19.3750 (mean, 1 tok)
2026-04-29 19:01:27,903 mme_vla_suite.pseudo_labeling.topreward_qwen_scorer INFO: Prefix 5/16 (end=22, n_frames=7/23): reward=-18.6250 (mean, 1 tok)
2026-04-29 19:01:34,817 mme_vla_suite.pseudo_labeling.topreward_qwen_scorer INFO: Prefix 6/16 (end=26, n_frames=8/27): reward=-18.3750 (mean, 1 tok)
2026-04-29 19:01:41,736 mme_vla_suite.pseudo_labeling.topreward_qwen_scorer INFO: Prefix 7/16 (end=30, n_frames=9/31): reward=-18.1250 (mean, 1 tok)
2026-04-29 19:01:48,649 mme_vla_suite.pseudo_labeling.topreward_qwen_scorer INFO: Prefix 8/16 (end=34, n_frames=10/35): reward=-17.6250 (mean, 1 tok)
2026-04-29 19:01:55,611 mme_vla_suite.pseudo_labeling.topreward_qwen_scorer INFO: Prefix 9/16 (end=38, n_frames=12/39): reward=-17.0000 (mean, 1 tok)
2026-04-29 19:02:02,549 mme_vla_suite.pseudo_labeling.topreward_qwen_scorer INFO: Prefix 10/16 (end=42, n_frames=13/43): reward=-17.6250 (mean, 1 tok)
2026-04-29 19:02:09,529 mme_vla_suite.pseudo_labeling.topreward_qwen_scorer INFO: Prefix 11/16 (end=46, n_frames=14/47): reward=-17.5000 (mean, 1 tok)
2026-04-29 19:02:16,469 mme_vla_suite.pseudo_labeling.topreward_qwen_scorer INFO: Prefix 12/16 (end=50, n_frames=15/51): reward=-18.2500 (mean, 1 tok)
2026-04-29 19:02:23,409 mme_vla_suite.pseudo_labeling.topreward_qwen_scorer INFO: Prefix 13/16 (end=54, n_frames=16/55): reward=-18.1250 (mean, 1 tok)
2026-04-29 19:02:30,349 mme_vla_suite.pseudo_labeling.topreward_qwen_scorer INFO: Prefix 14/16 (end=58, n_frames=18/59): reward=-18.2500 (mean, 1 tok)
2026-04-29 19:02:37,316 mme_vla_suite.pseudo_labeling.topreward_qwen_scorer INFO: Prefix 15/16 (end=62, n_frames=19/63): reward=-20.0000 (mean, 1 tok)
2026-04-29 19:02:44,334 mme_vla_suite.pseudo_labeling.topreward_qwen_scorer INFO: Prefix 16/16 (end=66, n_frames=20/67): reward=-18.0000 (mean, 1 tok)
2026-04-29 19:02:52,194 mme_vla_suite.pseudo_labeling.topreward_qwen_scorer INFO: Prefix 1/16 (end=7, n_frames=4/8): reward=-21.3750 (mean, 1 tok)
2026-04-29 19:02:59,111 mme_vla_suite.pseudo_labeling.topreward_qwen_scorer INFO: Prefix 2/16 (end=11, n_frames=4/12): reward=-21.1250 (mean, 1 tok)
2026-04-29 19:03:06,029 mme_vla_suite.pseudo_labeling.topreward_qwen_scorer INFO: Prefix 3/16 (end=15, n_frames=5/16): reward=-21.2500 (mean, 1 tok)
2026-04-29 19:03:12,994 mme_vla_suite.pseudo_labeling.topreward_qwen_scorer INFO: Prefix 4/16 (end=19, n_frames=6/20): reward=-21.2500 (mean, 1 tok)
2026-04-29 19:03:19,905 mme_vla_suite.pseudo_labeling.topreward_qwen_scorer INFO: Prefix 5/16 (end=23, n_frames=7/24): reward=-21.1250 (mean, 1 tok)
2026-04-29 19:03:26,857 mme_vla_suite.pseudo_labeling.topreward_qwen_scorer INFO: Prefix 6/16 (end=27, n_frames=8/28): reward=-21.2500 (mean, 1 tok)
2026-04-29 19:03:33,778 mme_vla_suite.pseudo_labeling.topreward_qwen_scorer INFO: Prefix 7/16 (end=31, n_frames=10/32): reward=-20.1250 (mean, 1 tok)
2026-04-29 19:03:40,718 mme_vla_suite.pseudo_labeling.topreward_qwen_scorer INFO: Prefix 8/16 (end=35, n_frames=11/36): reward=-19.3750 (mean, 1 tok)
2026-04-29 19:03:47,646 mme_vla_suite.pseudo_labeling.topreward_qwen_scorer INFO: Prefix 9/16 (end=40, n_frames=12/41): reward=-19.1250 (mean, 1 tok)
2026-04-29 19:03:54,588 mme_vla_suite.pseudo_labeling.topreward_qwen_scorer INFO: Prefix 10/16 (end=44, n_frames=14/45): reward=-19.6250 (mean, 1 tok)
2026-04-29 19:04:01,527 mme_vla_suite.pseudo_labeling.topreward_qwen_scorer INFO: Prefix 11/16 (end=48, n_frames=15/49): reward=-19.6250 (mean, 1 tok)
2026-04-29 19:04:08,495 mme_vla_suite.pseudo_labeling.topreward_qwen_scorer INFO: Prefix 12/16 (end=52, n_frames=16/53): reward=-19.7500 (mean, 1 tok)
2026-04-29 19:04:15,471 mme_vla_suite.pseudo_labeling.topreward_qwen_scorer INFO: Prefix 13/16 (end=56, n_frames=17/57): reward=-18.5000 (mean, 1 tok)
2026-04-29 19:04:22,438 mme_vla_suite.pseudo_labeling.topreward_qwen_scorer INFO: Prefix 14/16 (end=60, n_frames=18/61): reward=-18.3750 (mean, 1 tok)
2026-04-29 19:04:29,472 mme_vla_suite.pseudo_labeling.topreward_qwen_scorer INFO: Prefix 15/16 (end=64, n_frames=20/65): reward=-18.5000 (mean, 1 tok)
2026-04-29 19:04:36,534 mme_vla_suite.pseudo_labeling.topreward_qwen_scorer INFO: Prefix 16/16 (end=69, n_frames=21/70): reward=-18.2500 (mean, 1 tok)
2026-04-29 19:04:44,420 mme_vla_suite.pseudo_labeling.topreward_qwen_scorer INFO: Prefix 1/16 (end=6, n_frames=4/7): reward=-19.8750 (mean, 1 tok)
2026-04-29 19:04:51,364 mme_vla_suite.pseudo_labeling.topreward_qwen_scorer INFO: Prefix 2/16 (end=10, n_frames=4/11): reward=-20.0000 (mean, 1 tok)
2026-04-29 19:04:58,310 mme_vla_suite.pseudo_labeling.topreward_qwen_scorer INFO: Prefix 3/16 (end=14, n_frames=4/15): reward=-21.1250 (mean, 1 tok)
2026-04-29 19:05:05,266 mme_vla_suite.pseudo_labeling.topreward_qwen_scorer INFO: Prefix 4/16 (end=18, n_frames=6/19): reward=-20.0000 (mean, 1 tok)
2026-04-29 19:05:12,164 mme_vla_suite.pseudo_labeling.topreward_qwen_scorer INFO: Prefix 5/16 (end=22, n_frames=7/23): reward=-18.2500 (mean, 1 tok)
2026-04-29 19:05:19,066 mme_vla_suite.pseudo_labeling.topreward_qwen_scorer INFO: Prefix 6/16 (end=26, n_frames=8/27): reward=-19.1250 (mean, 1 tok)
2026-04-29 19:05:26,020 mme_vla_suite.pseudo_labeling.topreward_qwen_scorer INFO: Prefix 7/16 (end=30, n_frames=9/31): reward=-18.1250 (mean, 1 tok)
2026-04-29 19:05:32,961 mme_vla_suite.pseudo_labeling.topreward_qwen_scorer INFO: Prefix 8/16 (end=34, n_frames=10/35): reward=-17.3750 (mean, 1 tok)
2026-04-29 19:05:39,906 mme_vla_suite.pseudo_labeling.topreward_qwen_scorer INFO: Prefix 9/16 (end=38, n_frames=12/39): reward=-17.1250 (mean, 1 tok)
2026-04-29 19:05:46,867 mme_vla_suite.pseudo_labeling.topreward_qwen_scorer INFO: Prefix 10/16 (end=42, n_frames=13/43): reward=-17.3750 (mean, 1 tok)
2026-04-29 19:05:53,822 mme_vla_suite.pseudo_labeling.topreward_qwen_scorer INFO: Prefix 11/16 (end=46, n_frames=14/47): reward=-17.5000 (mean, 1 tok)
2026-04-29 19:06:00,780 mme_vla_suite.pseudo_labeling.topreward_qwen_scorer INFO: Prefix 12/16 (end=50, n_frames=15/51): reward=-18.2500 (mean, 1 tok)
2026-04-29 19:06:07,742 mme_vla_suite.pseudo_labeling.topreward_qwen_scorer INFO: Prefix 13/16 (end=54, n_frames=16/55): reward=-17.3750 (mean, 1 tok)
2026-04-29 19:06:14,713 mme_vla_suite.pseudo_labeling.topreward_qwen_scorer INFO: Prefix 14/16 (end=58, n_frames=18/59): reward=-18.7500 (mean, 1 tok)
2026-04-29 19:06:21,716 mme_vla_suite.pseudo_labeling.topreward_qwen_scorer INFO: Prefix 15/16 (end=62, n_frames=19/63): reward=-19.6250 (mean, 1 tok)
2026-04-29 19:06:28,722 mme_vla_suite.pseudo_labeling.topreward_qwen_scorer INFO: Prefix 16/16 (end=66, n_frames=20/67): reward=-18.5000 (mean, 1 tok)
2026-04-29 19:06:36,658 mme_vla_suite.pseudo_labeling.topreward_qwen_scorer INFO: Prefix 1/16 (end=6, n_frames=4/7): reward=-21.2500 (mean, 1 tok)
2026-04-29 19:06:43,596 mme_vla_suite.pseudo_labeling.topreward_qwen_scorer INFO: Prefix 2/16 (end=10, n_frames=4/11): reward=-20.8750 (mean, 1 tok)
2026-04-29 19:06:50,527 mme_vla_suite.pseudo_labeling.topreward_qwen_scorer INFO: Prefix 3/16 (end=14, n_frames=4/15): reward=-21.0000 (mean, 1 tok)
2026-04-29 19:06:57,470 mme_vla_suite.pseudo_labeling.topreward_qwen_scorer INFO: Prefix 4/16 (end=18, n_frames=6/19): reward=-21.0000 (mean, 1 tok)
2026-04-29 19:07:04,414 mme_vla_suite.pseudo_labeling.topreward_qwen_scorer INFO: Prefix 5/16 (end=22, n_frames=7/23): reward=-21.2500 (mean, 1 tok)
2026-04-29 19:07:11,342 mme_vla_suite.pseudo_labeling.topreward_qwen_scorer INFO: Prefix 6/16 (end=26, n_frames=8/27): reward=-20.3750 (mean, 1 tok)
2026-04-29 19:07:18,247 mme_vla_suite.pseudo_labeling.topreward_qwen_scorer INFO: Prefix 7/16 (end=30, n_frames=9/31): reward=-20.0000 (mean, 1 tok)
2026-04-29 19:07:25,201 mme_vla_suite.pseudo_labeling.topreward_qwen_scorer INFO: Prefix 8/16 (end=34, n_frames=10/35): reward=-19.7500 (mean, 1 tok)
2026-04-29 19:07:32,159 mme_vla_suite.pseudo_labeling.topreward_qwen_scorer INFO: Prefix 9/16 (end=39, n_frames=12/40): reward=-19.8750 (mean, 1 tok)
2026-04-29 19:07:39,138 mme_vla_suite.pseudo_labeling.topreward_qwen_scorer INFO: Prefix 10/16 (end=43, n_frames=13/44): reward=-18.7500 (mean, 1 tok)
2026-04-29 19:07:46,081 mme_vla_suite.pseudo_labeling.topreward_qwen_scorer INFO: Prefix 11/16 (end=47, n_frames=14/48): reward=-18.8750 (mean, 1 tok)
2026-04-29 19:07:53,052 mme_vla_suite.pseudo_labeling.topreward_qwen_scorer INFO: Prefix 12/16 (end=51, n_frames=16/52): reward=-19.6250 (mean, 1 tok)
2026-04-29 19:08:00,016 mme_vla_suite.pseudo_labeling.topreward_qwen_scorer INFO: Prefix 13/16 (end=55, n_frames=17/56): reward=-19.2500 (mean, 1 tok)
2026-04-29 19:08:06,977 mme_vla_suite.pseudo_labeling.topreward_qwen_scorer INFO: Prefix 14/16 (end=59, n_frames=18/60): reward=-18.5000 (mean, 1 tok)
2026-04-29 19:08:13,952 mme_vla_suite.pseudo_labeling.topreward_qwen_scorer INFO: Prefix 15/16 (end=63, n_frames=19/64): reward=-19.1250 (mean, 1 tok)
2026-04-29 19:08:20,984 mme_vla_suite.pseudo_labeling.topreward_qwen_scorer INFO: Prefix 16/16 (end=68, n_frames=21/69): reward=-19.0000 (mean, 1 tok)
2026-04-29 19:08:28,878 mme_vla_suite.pseudo_labeling.topreward_qwen_scorer INFO: Prefix 1/16 (end=6, n_frames=4/7): reward=-19.6250 (mean, 1 tok)
2026-04-29 19:08:35,816 mme_vla_suite.pseudo_labeling.topreward_qwen_scorer INFO: Prefix 2/16 (end=9, n_frames=4/10): reward=-18.6250 (mean, 1 tok)
2026-04-29 19:08:42,727 mme_vla_suite.pseudo_labeling.topreward_qwen_scorer INFO: Prefix 3/16 (end=13, n_frames=4/14): reward=-21.1250 (mean, 1 tok)
2026-04-29 19:08:49,612 mme_vla_suite.pseudo_labeling.topreward_qwen_scorer INFO: Prefix 4/16 (end=17, n_frames=5/18): reward=-19.0000 (mean, 1 tok)
2026-04-29 19:08:56,516 mme_vla_suite.pseudo_labeling.topreward_qwen_scorer INFO: Prefix 5/16 (end=21, n_frames=7/22): reward=-17.8750 (mean, 1 tok)
2026-04-29 19:09:03,421 mme_vla_suite.pseudo_labeling.topreward_qwen_scorer INFO: Prefix 6/16 (end=25, n_frames=8/26): reward=-18.1250 (mean, 1 tok)
2026-04-29 19:09:10,349 mme_vla_suite.pseudo_labeling.topreward_qwen_scorer INFO: Prefix 7/16 (end=29, n_frames=9/30): reward=-17.5000 (mean, 1 tok)
2026-04-29 19:09:17,283 mme_vla_suite.pseudo_labeling.topreward_qwen_scorer INFO: Prefix 8/16 (end=33, n_frames=10/34): reward=-17.0000 (mean, 1 tok)
2026-04-29 19:09:24,239 mme_vla_suite.pseudo_labeling.topreward_qwen_scorer INFO: Prefix 9/16 (end=37, n_frames=11/38): reward=-17.1250 (mean, 1 tok)
2026-04-29 19:09:31,177 mme_vla_suite.pseudo_labeling.topreward_qwen_scorer INFO: Prefix 10/16 (end=41, n_frames=13/42): reward=-16.6250 (mean, 1 tok)
2026-04-29 19:09:38,138 mme_vla_suite.pseudo_labeling.topreward_qwen_scorer INFO: Prefix 11/16 (end=45, n_frames=14/46): reward=-16.8750 (mean, 1 tok)
2026-04-29 19:09:45,065 mme_vla_suite.pseudo_labeling.topreward_qwen_scorer INFO: Prefix 12/16 (end=49, n_frames=15/50): reward=-17.3750 (mean, 1 tok)
2026-04-29 19:09:51,992 mme_vla_suite.pseudo_labeling.topreward_qwen_scorer INFO: Prefix 13/16 (end=53, n_frames=16/54): reward=-18.1250 (mean, 1 tok)
2026-04-29 19:09:58,933 mme_vla_suite.pseudo_labeling.topreward_qwen_scorer INFO: Prefix 14/16 (end=57, n_frames=17/58): reward=-18.0000 (mean, 1 tok)
2026-04-29 19:10:05,907 mme_vla_suite.pseudo_labeling.topreward_qwen_scorer INFO: Prefix 15/16 (end=61, n_frames=19/62): reward=-17.6250 (mean, 1 tok)
2026-04-29 19:10:12,943 mme_vla_suite.pseudo_labeling.topreward_qwen_scorer INFO: Prefix 16/16 (end=65, n_frames=20/66): reward=-18.0000 (mean, 1 tok)
2026-04-29 19:10:20,931 mme_vla_suite.pseudo_labeling.topreward_qwen_scorer INFO: Prefix 1/16 (end=6, n_frames=4/7): reward=-22.7500 (mean, 1 tok)
2026-04-29 19:10:27,862 mme_vla_suite.pseudo_labeling.topreward_qwen_scorer INFO: Prefix 2/16 (end=9, n_frames=4/10): reward=-22.6250 (mean, 1 tok)
2026-04-29 19:10:34,758 mme_vla_suite.pseudo_labeling.topreward_qwen_scorer INFO: Prefix 3/16 (end=13, n_frames=4/14): reward=-22.5000 (mean, 1 tok)
2026-04-29 19:10:41,668 mme_vla_suite.pseudo_labeling.topreward_qwen_scorer INFO: Prefix 4/16 (end=17, n_frames=5/18): reward=-19.1250 (mean, 1 tok)
2026-04-29 19:10:48,591 mme_vla_suite.pseudo_labeling.topreward_qwen_scorer INFO: Prefix 5/16 (end=21, n_frames=7/22): reward=-17.2500 (mean, 1 tok)
2026-04-29 19:10:55,511 mme_vla_suite.pseudo_labeling.topreward_qwen_scorer INFO: Prefix 6/16 (end=25, n_frames=8/26): reward=-17.5000 (mean, 1 tok)
2026-04-29 19:11:02,436 mme_vla_suite.pseudo_labeling.topreward_qwen_scorer INFO: Prefix 7/16 (end=28, n_frames=9/29): reward=-18.3750 (mean, 1 tok)
2026-04-29 19:11:09,380 mme_vla_suite.pseudo_labeling.topreward_qwen_scorer INFO: Prefix 8/16 (end=32, n_frames=10/33): reward=-18.0000 (mean, 1 tok)
2026-04-29 19:11:16,335 mme_vla_suite.pseudo_labeling.topreward_qwen_scorer INFO: Prefix 9/16 (end=36, n_frames=11/37): reward=-19.2500 (mean, 1 tok)
2026-04-29 19:11:23,282 mme_vla_suite.pseudo_labeling.topreward_qwen_scorer INFO: Prefix 10/16 (end=40, n_frames=12/41): reward=-19.1250 (mean, 1 tok)
2026-04-29 19:11:30,219 mme_vla_suite.pseudo_labeling.topreward_qwen_scorer INFO: Prefix 11/16 (end=44, n_frames=14/45): reward=-19.3750 (mean, 1 tok)
2026-04-29 19:11:37,181 mme_vla_suite.pseudo_labeling.topreward_qwen_scorer INFO: Prefix 12/16 (end=47, n_frames=14/48): reward=-19.1250 (mean, 1 tok)
2026-04-29 19:11:44,143 mme_vla_suite.pseudo_labeling.topreward_qwen_scorer INFO: Prefix 13/16 (end=51, n_frames=16/52): reward=-18.7500 (mean, 1 tok)
2026-04-29 19:11:51,095 mme_vla_suite.pseudo_labeling.topreward_qwen_scorer INFO: Prefix 14/16 (end=55, n_frames=17/56): reward=-19.2500 (mean, 1 tok)
2026-04-29 19:11:58,069 mme_vla_suite.pseudo_labeling.topreward_qwen_scorer INFO: Prefix 15/16 (end=59, n_frames=18/60): reward=-18.2500 (mean, 1 tok)
2026-04-29 19:12:05,040 mme_vla_suite.pseudo_labeling.topreward_qwen_scorer INFO: Prefix 16/16 (end=63, n_frames=19/64): reward=-20.1250 (mean, 1 tok)
2026-04-29 19:12:12,679 mme_vla_suite.pseudo_labeling.topreward_qwen_scorer INFO: Prefix 1/16 (end=10, n_frames=4/11): reward=-22.2500 (mean, 1 tok)
2026-04-29 19:12:19,600 mme_vla_suite.pseudo_labeling.topreward_qwen_scorer INFO: Prefix 2/16 (end=16, n_frames=5/17): reward=-18.8750 (mean, 1 tok)
2026-04-29 19:12:26,530 mme_vla_suite.pseudo_labeling.topreward_qwen_scorer INFO: Prefix 3/16 (end=22, n_frames=7/23): reward=-17.1250 (mean, 1 tok)
2026-04-29 19:12:33,482 mme_vla_suite.pseudo_labeling.topreward_qwen_scorer INFO: Prefix 4/16 (end=29, n_frames=9/30): reward=-18.0000 (mean, 1 tok)
2026-04-29 19:12:40,408 mme_vla_suite.pseudo_labeling.topreward_qwen_scorer INFO: Prefix 5/16 (end=35, n_frames=11/36): reward=-19.3750 (mean, 1 tok)
2026-04-29 19:12:47,353 mme_vla_suite.pseudo_labeling.topreward_qwen_scorer INFO: Prefix 6/16 (end=42, n_frames=13/43): reward=-19.0000 (mean, 1 tok)
2026-04-29 19:12:54,326 mme_vla_suite.pseudo_labeling.topreward_qwen_scorer INFO: Prefix 7/16 (end=48, n_frames=15/49): reward=-19.2500 (mean, 1 tok)
2026-04-29 19:13:01,289 mme_vla_suite.pseudo_labeling.topreward_qwen_scorer INFO: Prefix 8/16 (end=55, n_frames=17/56): reward=-19.2500 (mean, 1 tok)
2026-04-29 19:13:08,279 mme_vla_suite.pseudo_labeling.topreward_qwen_scorer INFO: Prefix 9/16 (end=61, n_frames=19/62): reward=-19.2500 (mean, 1 tok)
2026-04-29 19:13:15,291 mme_vla_suite.pseudo_labeling.topreward_qwen_scorer INFO: Prefix 10/16 (end=68, n_frames=21/69): reward=-19.8750 (mean, 1 tok)
2026-04-29 19:13:22,316 mme_vla_suite.pseudo_labeling.topreward_qwen_scorer INFO: Prefix 11/16 (end=74, n_frames=22/75): reward=-19.8750 (mean, 1 tok)
2026-04-29 19:13:29,378 mme_vla_suite.pseudo_labeling.topreward_qwen_scorer INFO: Prefix 12/16 (end=81, n_frames=25/82): reward=-21.5000 (mean, 1 tok)
2026-04-29 19:13:36,460 mme_vla_suite.pseudo_labeling.topreward_qwen_scorer INFO: Prefix 13/16 (end=87, n_frames=26/88): reward=-19.8750 (mean, 1 tok)
2026-04-29 19:13:43,537 mme_vla_suite.pseudo_labeling.topreward_qwen_scorer INFO: Prefix 14/16 (end=94, n_frames=28/95): reward=-19.7500 (mean, 1 tok)
2026-04-29 19:13:50,645 mme_vla_suite.pseudo_labeling.topreward_qwen_scorer INFO: Prefix 15/16 (end=100, n_frames=30/101): reward=-19.8750 (mean, 1 tok)
2026-04-29 19:13:57,750 mme_vla_suite.pseudo_labeling.topreward_qwen_scorer INFO: Prefix 16/16 (end=107, n_frames=32/108): reward=-19.5000 (mean, 1 tok)
2026-04-29 19:14:05,430 mme_vla_suite.pseudo_labeling.topreward_qwen_scorer INFO: Prefix 1/16 (end=11, n_frames=4/12): reward=-19.5000 (mean, 1 tok)
2026-04-29 19:14:12,387 mme_vla_suite.pseudo_labeling.topreward_qwen_scorer INFO: Prefix 2/16 (end=18, n_frames=6/19): reward=-20.0000 (mean, 1 tok)
2026-04-29 19:14:19,332 mme_vla_suite.pseudo_labeling.topreward_qwen_scorer INFO: Prefix 3/16 (end=25, n_frames=8/26): reward=-20.0000 (mean, 1 tok)
2026-04-29 19:14:26,285 mme_vla_suite.pseudo_labeling.topreward_qwen_scorer INFO: Prefix 4/16 (end=32, n_frames=10/33): reward=-18.8750 (mean, 1 tok)
2026-04-29 19:14:33,243 mme_vla_suite.pseudo_labeling.topreward_qwen_scorer INFO: Prefix 5/16 (end=39, n_frames=12/40): reward=-18.5000 (mean, 1 tok)
2026-04-29 19:14:40,186 mme_vla_suite.pseudo_labeling.topreward_qwen_scorer INFO: Prefix 6/16 (end=46, n_frames=14/47): reward=-17.0000 (mean, 1 tok)
2026-04-29 19:14:47,151 mme_vla_suite.pseudo_labeling.topreward_qwen_scorer INFO: Prefix 7/16 (end=53, n_frames=16/54): reward=-17.2500 (mean, 1 tok)
2026-04-29 19:14:54,104 mme_vla_suite.pseudo_labeling.topreward_qwen_scorer INFO: Prefix 8/16 (end=60, n_frames=18/61): reward=-16.6250 (mean, 1 tok)
2026-04-29 19:15:01,085 mme_vla_suite.pseudo_labeling.topreward_qwen_scorer INFO: Prefix 9/16 (end=67, n_frames=20/68): reward=-16.1250 (mean, 1 tok)
2026-04-29 19:15:08,136 mme_vla_suite.pseudo_labeling.topreward_qwen_scorer INFO: Prefix 10/16 (end=74, n_frames=22/75): reward=-15.7500 (mean, 1 tok)
2026-04-29 19:15:15,227 mme_vla_suite.pseudo_labeling.topreward_qwen_scorer INFO: Prefix 11/16 (end=81, n_frames=25/82): reward=-16.7500 (mean, 1 tok)
2026-04-29 19:15:22,286 mme_vla_suite.pseudo_labeling.topreward_qwen_scorer INFO: Prefix 12/16 (end=88, n_frames=27/89): reward=-17.0000 (mean, 1 tok)
2026-04-29 19:15:29,367 mme_vla_suite.pseudo_labeling.topreward_qwen_scorer INFO: Prefix 13/16 (end=95, n_frames=29/96): reward=-16.2500 (mean, 1 tok)
2026-04-29 19:15:36,469 mme_vla_suite.pseudo_labeling.topreward_qwen_scorer INFO: Prefix 14/16 (end=102, n_frames=31/103): reward=-15.2500 (mean, 1 tok)
2026-04-29 19:15:43,564 mme_vla_suite.pseudo_labeling.topreward_qwen_scorer INFO: Prefix 15/16 (end=109, n_frames=33/110): reward=-14.6250 (mean, 1 tok)
2026-04-29 19:15:50,691 mme_vla_suite.pseudo_labeling.topreward_qwen_scorer INFO: Prefix 16/16 (end=117, n_frames=35/118): reward=-15.1250 (mean, 1 tok)
2026-04-29 19:15:58,599 mme_vla_suite.pseudo_labeling.topreward_qwen_scorer INFO: Prefix 1/16 (end=8, n_frames=4/9): reward=-19.5000 (mean, 1 tok)
2026-04-29 19:16:05,481 mme_vla_suite.pseudo_labeling.topreward_qwen_scorer INFO: Prefix 2/16 (end=13, n_frames=4/14): reward=-19.1250 (mean, 1 tok)
2026-04-29 19:16:12,379 mme_vla_suite.pseudo_labeling.topreward_qwen_scorer INFO: Prefix 3/16 (end=18, n_frames=6/19): reward=-17.2500 (mean, 1 tok)
2026-04-29 19:16:19,280 mme_vla_suite.pseudo_labeling.topreward_qwen_scorer INFO: Prefix 4/16 (end=23, n_frames=7/24): reward=-18.0000 (mean, 1 tok)
2026-04-29 19:16:26,208 mme_vla_suite.pseudo_labeling.topreward_qwen_scorer INFO: Prefix 5/16 (end=29, n_frames=9/30): reward=-17.2500 (mean, 1 tok)
2026-04-29 19:16:33,124 mme_vla_suite.pseudo_labeling.topreward_qwen_scorer INFO: Prefix 6/16 (end=34, n_frames=10/35): reward=-17.1250 (mean, 1 tok)
2026-04-29 19:16:40,051 mme_vla_suite.pseudo_labeling.topreward_qwen_scorer INFO: Prefix 7/16 (end=39, n_frames=12/40): reward=-17.7500 (mean, 1 tok)
2026-04-29 19:16:47,003 mme_vla_suite.pseudo_labeling.topreward_qwen_scorer INFO: Prefix 8/16 (end=44, n_frames=14/45): reward=-17.8750 (mean, 1 tok)
2026-04-29 19:16:53,987 mme_vla_suite.pseudo_labeling.topreward_qwen_scorer INFO: Prefix 9/16 (end=50, n_frames=15/51): reward=-17.5000 (mean, 1 tok)
2026-04-29 19:17:00,973 mme_vla_suite.pseudo_labeling.topreward_qwen_scorer INFO: Prefix 10/16 (end=55, n_frames=17/56): reward=-18.5000 (mean, 1 tok)
2026-04-29 19:17:07,950 mme_vla_suite.pseudo_labeling.topreward_qwen_scorer INFO: Prefix 11/16 (end=60, n_frames=18/61): reward=-18.0000 (mean, 1 tok)
2026-04-29 19:17:14,984 mme_vla_suite.pseudo_labeling.topreward_qwen_scorer INFO: Prefix 12/16 (end=65, n_frames=20/66): reward=-17.7500 (mean, 1 tok)
2026-04-29 19:17:21,999 mme_vla_suite.pseudo_labeling.topreward_qwen_scorer INFO: Prefix 13/16 (end=71, n_frames=22/72): reward=-17.3750 (mean, 1 tok)
2026-04-29 19:17:29,030 mme_vla_suite.pseudo_labeling.topreward_qwen_scorer INFO: Prefix 14/16 (end=76, n_frames=23/77): reward=-16.7500 (mean, 1 tok)
2026-04-29 19:17:36,126 mme_vla_suite.pseudo_labeling.topreward_qwen_scorer INFO: Prefix 15/16 (end=81, n_frames=25/82): reward=-17.2500 (mean, 1 tok)
2026-04-29 19:17:43,201 mme_vla_suite.pseudo_labeling.topreward_qwen_scorer INFO: Prefix 16/16 (end=87, n_frames=26/88): reward=-18.2500 (mean, 1 tok)
2026-04-29 19:17:51,213 mme_vla_suite.pseudo_labeling.topreward_qwen_scorer INFO: Prefix 1/16 (end=7, n_frames=4/8): reward=-21.3750 (mean, 1 tok)
2026-04-29 19:17:58,125 mme_vla_suite.pseudo_labeling.topreward_qwen_scorer INFO: Prefix 2/16 (end=11, n_frames=4/12): reward=-21.2500 (mean, 1 tok)
2026-04-29 19:18:05,055 mme_vla_suite.pseudo_labeling.topreward_qwen_scorer INFO: Prefix 3/16 (end=15, n_frames=5/16): reward=-21.3750 (mean, 1 tok)
2026-04-29 19:18:11,968 mme_vla_suite.pseudo_labeling.topreward_qwen_scorer INFO: Prefix 4/16 (end=19, n_frames=6/20): reward=-21.2500 (mean, 1 tok)
2026-04-29 19:18:18,876 mme_vla_suite.pseudo_labeling.topreward_qwen_scorer INFO: Prefix 5/16 (end=24, n_frames=8/25): reward=-21.0000 (mean, 1 tok)
2026-04-29 19:18:25,794 mme_vla_suite.pseudo_labeling.topreward_qwen_scorer INFO: Prefix 6/16 (end=28, n_frames=9/29): reward=-20.6250 (mean, 1 tok)
2026-04-29 19:18:32,729 mme_vla_suite.pseudo_labeling.topreward_qwen_scorer INFO: Prefix 7/16 (end=32, n_frames=10/33): reward=-19.8750 (mean, 1 tok)
2026-04-29 19:18:39,714 mme_vla_suite.pseudo_labeling.topreward_qwen_scorer INFO: Prefix 8/16 (end=36, n_frames=11/37): reward=-21.0000 (mean, 1 tok)
2026-04-29 19:18:46,667 mme_vla_suite.pseudo_labeling.topreward_qwen_scorer INFO: Prefix 9/16 (end=41, n_frames=13/42): reward=-20.3750 (mean, 1 tok)
2026-04-29 19:18:53,633 mme_vla_suite.pseudo_labeling.topreward_qwen_scorer INFO: Prefix 10/16 (end=45, n_frames=14/46): reward=-20.5000 (mean, 1 tok)
2026-04-29 19:19:00,562 mme_vla_suite.pseudo_labeling.topreward_qwen_scorer INFO: Prefix 11/16 (end=49, n_frames=15/50): reward=-20.3750 (mean, 1 tok)
2026-04-29 19:19:07,514 mme_vla_suite.pseudo_labeling.topreward_qwen_scorer INFO: Prefix 12/16 (end=53, n_frames=16/54): reward=-20.3750 (mean, 1 tok)
2026-04-29 19:19:14,467 mme_vla_suite.pseudo_labeling.topreward_qwen_scorer INFO: Prefix 13/16 (end=58, n_frames=18/59): reward=-19.7500 (mean, 1 tok)
2026-04-29 19:19:21,444 mme_vla_suite.pseudo_labeling.topreward_qwen_scorer INFO: Prefix 14/16 (end=62, n_frames=19/63): reward=-20.0000 (mean, 1 tok)
2026-04-29 19:19:28,449 mme_vla_suite.pseudo_labeling.topreward_qwen_scorer INFO: Prefix 15/16 (end=66, n_frames=20/67): reward=-19.2500 (mean, 1 tok)
2026-04-29 19:19:35,477 mme_vla_suite.pseudo_labeling.topreward_qwen_scorer INFO: Prefix 16/16 (end=71, n_frames=22/72): reward=-19.3750 (mean, 1 tok)
2026-04-29 19:19:43,367 mme_vla_suite.pseudo_labeling.topreward_qwen_scorer INFO: Prefix 1/8 (end=5, n_frames=4/6): reward=-21.2500 (mean, 1 tok)
2026-04-29 19:19:50,257 mme_vla_suite.pseudo_labeling.topreward_qwen_scorer INFO: Prefix 2/8 (end=11, n_frames=4/12): reward=-21.7500 (mean, 1 tok)
2026-04-29 19:19:57,208 mme_vla_suite.pseudo_labeling.topreward_qwen_scorer INFO: Prefix 3/8 (end=18, n_frames=6/19): reward=-20.5000 (mean, 1 tok)
2026-04-29 19:20:04,116 mme_vla_suite.pseudo_labeling.topreward_qwen_scorer INFO: Prefix 4/8 (end=25, n_frames=8/26): reward=-21.1250 (mean, 1 tok)
2026-04-29 19:20:11,024 mme_vla_suite.pseudo_labeling.topreward_qwen_scorer INFO: Prefix 5/8 (end=31, n_frames=10/32): reward=-16.5000 (mean, 1 tok)
2026-04-29 19:20:17,969 mme_vla_suite.pseudo_labeling.topreward_qwen_scorer INFO: Prefix 6/8 (end=38, n_frames=12/39): reward=-15.7500 (mean, 1 tok)
2026-04-29 19:20:24,950 mme_vla_suite.pseudo_labeling.topreward_qwen_scorer INFO: Prefix 7/8 (end=45, n_frames=14/46): reward=-17.2500 (mean, 1 tok)
2026-04-29 19:20:31,897 mme_vla_suite.pseudo_labeling.topreward_qwen_scorer INFO: Prefix 8/8 (end=52, n_frames=16/53): reward=-17.1250 (mean, 1 tok)
2026-04-29 19:20:39,800 mme_vla_suite.pseudo_labeling.topreward_qwen_scorer INFO: Prefix 1/16 (end=7, n_frames=4/8): reward=-21.5000 (mean, 1 tok)
2026-04-29 19:20:46,715 mme_vla_suite.pseudo_labeling.topreward_qwen_scorer INFO: Prefix 2/16 (end=11, n_frames=4/12): reward=-21.6250 (mean, 1 tok)
2026-04-29 19:20:53,645 mme_vla_suite.pseudo_labeling.topreward_qwen_scorer INFO: Prefix 3/16 (end=15, n_frames=5/16): reward=-21.3750 (mean, 1 tok)
2026-04-29 19:21:00,571 mme_vla_suite.pseudo_labeling.topreward_qwen_scorer INFO: Prefix 4/16 (end=20, n_frames=6/21): reward=-21.3750 (mean, 1 tok)
2026-04-29 19:21:07,471 mme_vla_suite.pseudo_labeling.topreward_qwen_scorer INFO: Prefix 5/16 (end=24, n_frames=8/25): reward=-21.6250 (mean, 1 tok)
2026-04-29 19:21:14,397 mme_vla_suite.pseudo_labeling.topreward_qwen_scorer INFO: Prefix 6/16 (end=29, n_frames=9/30): reward=-20.8750 (mean, 1 tok)
2026-04-29 19:21:21,316 mme_vla_suite.pseudo_labeling.topreward_qwen_scorer INFO: Prefix 7/16 (end=33, n_frames=10/34): reward=-20.5000 (mean, 1 tok)
2026-04-29 19:21:28,233 mme_vla_suite.pseudo_labeling.topreward_qwen_scorer INFO: Prefix 8/16 (end=37, n_frames=11/38): reward=-20.1250 (mean, 1 tok)
2026-04-29 19:21:35,180 mme_vla_suite.pseudo_labeling.topreward_qwen_scorer INFO: Prefix 9/16 (end=42, n_frames=13/43): reward=-19.5000 (mean, 1 tok)
2026-04-29 19:21:42,131 mme_vla_suite.pseudo_labeling.topreward_qwen_scorer INFO: Prefix 10/16 (end=46, n_frames=14/47): reward=-19.7500 (mean, 1 tok)
2026-04-29 19:21:49,102 mme_vla_suite.pseudo_labeling.topreward_qwen_scorer INFO: Prefix 11/16 (end=51, n_frames=16/52): reward=-20.1250 (mean, 1 tok)
2026-04-29 19:21:56,064 mme_vla_suite.pseudo_labeling.topreward_qwen_scorer INFO: Prefix 12/16 (end=55, n_frames=17/56): reward=-19.3750 (mean, 1 tok)
2026-04-29 19:22:03,044 mme_vla_suite.pseudo_labeling.topreward_qwen_scorer INFO: Prefix 13/16 (end=59, n_frames=18/60): reward=-19.0000 (mean, 1 tok)
2026-04-29 19:22:10,016 mme_vla_suite.pseudo_labeling.topreward_qwen_scorer INFO: Prefix 14/16 (end=64, n_frames=20/65): reward=-19.2500 (mean, 1 tok)
2026-04-29 19:22:17,016 mme_vla_suite.pseudo_labeling.topreward_qwen_scorer INFO: Prefix 15/16 (end=68, n_frames=21/69): reward=-18.6250 (mean, 1 tok)
2026-04-29 19:22:24,073 mme_vla_suite.pseudo_labeling.topreward_qwen_scorer INFO: Prefix 16/16 (end=73, n_frames=22/74): reward=-19.1250 (mean, 1 tok)
2026-04-29 19:22:32,000 mme_vla_suite.pseudo_labeling.topreward_qwen_scorer INFO: Prefix 1/8 (end=5, n_frames=4/6): reward=-20.8750 (mean, 1 tok)
2026-04-29 19:22:38,891 mme_vla_suite.pseudo_labeling.topreward_qwen_scorer INFO: Prefix 2/8 (end=12, n_frames=4/13): reward=-20.5000 (mean, 1 tok)
2026-04-29 19:22:45,819 mme_vla_suite.pseudo_labeling.topreward_qwen_scorer INFO: Prefix 3/8 (end=19, n_frames=6/20): reward=-22.1250 (mean, 1 tok)
2026-04-29 19:22:52,745 mme_vla_suite.pseudo_labeling.topreward_qwen_scorer INFO: Prefix 4/8 (end=26, n_frames=8/27): reward=-19.5000 (mean, 1 tok)
2026-04-29 19:22:59,683 mme_vla_suite.pseudo_labeling.topreward_qwen_scorer INFO: Prefix 5/8 (end=33, n_frames=10/34): reward=-17.3750 (mean, 1 tok)
2026-04-29 19:23:06,634 mme_vla_suite.pseudo_labeling.topreward_qwen_scorer INFO: Prefix 6/8 (end=40, n_frames=12/41): reward=-16.6250 (mean, 1 tok)
2026-04-29 19:23:13,570 mme_vla_suite.pseudo_labeling.topreward_qwen_scorer INFO: Prefix 7/8 (end=47, n_frames=14/48): reward=-16.5000 (mean, 1 tok)
2026-04-29 19:23:20,508 mme_vla_suite.pseudo_labeling.topreward_qwen_scorer INFO: Prefix 8/8 (end=54, n_frames=16/55): reward=-18.1250 (mean, 1 tok)
2026-04-29 19:23:28,305 mme_vla_suite.pseudo_labeling.topreward_qwen_scorer INFO: Prefix 1/16 (end=6, n_frames=4/7): reward=-22.6250 (mean, 1 tok)
2026-04-29 19:23:35,227 mme_vla_suite.pseudo_labeling.topreward_qwen_scorer INFO: Prefix 2/16 (end=9, n_frames=4/10): reward=-23.0000 (mean, 1 tok)
2026-04-29 19:23:42,137 mme_vla_suite.pseudo_labeling.topreward_qwen_scorer INFO: Prefix 3/16 (end=13, n_frames=4/14): reward=-22.1250 (mean, 1 tok)
2026-04-29 19:23:49,072 mme_vla_suite.pseudo_labeling.topreward_qwen_scorer INFO: Prefix 4/16 (end=16, n_frames=5/17): reward=-20.7500 (mean, 1 tok)
2026-04-29 19:23:56,003 mme_vla_suite.pseudo_labeling.topreward_qwen_scorer INFO: Prefix 5/16 (end=20, n_frames=6/21): reward=-20.2500 (mean, 1 tok)
2026-04-29 19:24:02,945 mme_vla_suite.pseudo_labeling.topreward_qwen_scorer INFO: Prefix 6/16 (end=24, n_frames=8/25): reward=-18.6250 (mean, 1 tok)
2026-04-29 19:24:09,880 mme_vla_suite.pseudo_labeling.topreward_qwen_scorer INFO: Prefix 7/16 (end=27, n_frames=8/28): reward=-17.8750 (mean, 1 tok)
2026-04-29 19:24:16,840 mme_vla_suite.pseudo_labeling.topreward_qwen_scorer INFO: Prefix 8/16 (end=31, n_frames=10/32): reward=-18.5000 (mean, 1 tok)
2026-04-29 19:24:23,800 mme_vla_suite.pseudo_labeling.topreward_qwen_scorer INFO: Prefix 9/16 (end=34, n_frames=10/35): reward=-17.5000 (mean, 1 tok)
2026-04-29 19:24:30,743 mme_vla_suite.pseudo_labeling.topreward_qwen_scorer INFO: Prefix 10/16 (end=38, n_frames=12/39): reward=-17.5000 (mean, 1 tok)
2026-04-29 19:24:37,693 mme_vla_suite.pseudo_labeling.topreward_qwen_scorer INFO: Prefix 11/16 (end=42, n_frames=13/43): reward=-17.7500 (mean, 1 tok)
2026-04-29 19:24:44,635 mme_vla_suite.pseudo_labeling.topreward_qwen_scorer INFO: Prefix 12/16 (end=45, n_frames=14/46): reward=-18.2500 (mean, 1 tok)
2026-04-29 19:24:51,577 mme_vla_suite.pseudo_labeling.topreward_qwen_scorer INFO: Prefix 13/16 (end=49, n_frames=15/50): reward=-18.0000 (mean, 1 tok)
2026-04-29 19:24:58,532 mme_vla_suite.pseudo_labeling.topreward_qwen_scorer INFO: Prefix 14/16 (end=52, n_frames=16/53): reward=-17.6250 (mean, 1 tok)
2026-04-29 19:25:05,494 mme_vla_suite.pseudo_labeling.topreward_qwen_scorer INFO: Prefix 15/16 (end=56, n_frames=17/57): reward=-17.6250 (mean, 1 tok)
2026-04-29 19:25:12,475 mme_vla_suite.pseudo_labeling.topreward_qwen_scorer INFO: Prefix 16/16 (end=60, n_frames=18/61): reward=-20.2500 (mean, 1 tok)
2026-04-29 19:25:20,505 mme_vla_suite.pseudo_labeling.topreward_qwen_scorer INFO: Prefix 1/16 (end=9, n_frames=4/10): reward=-23.0000 (mean, 1 tok)
2026-04-29 19:25:27,399 mme_vla_suite.pseudo_labeling.topreward_qwen_scorer INFO: Prefix 2/16 (end=14, n_frames=4/15): reward=-22.2500 (mean, 1 tok)
2026-04-29 19:25:34,328 mme_vla_suite.pseudo_labeling.topreward_qwen_scorer INFO: Prefix 3/16 (end=20, n_frames=6/21): reward=-20.2500 (mean, 1 tok)
2026-04-29 19:25:41,251 mme_vla_suite.pseudo_labeling.topreward_qwen_scorer INFO: Prefix 4/16 (end=26, n_frames=8/27): reward=-17.8750 (mean, 1 tok)
2026-04-29 19:25:48,190 mme_vla_suite.pseudo_labeling.topreward_qwen_scorer INFO: Prefix 5/16 (end=31, n_frames=10/32): reward=-18.5000 (mean, 1 tok)
2026-04-29 19:25:55,128 mme_vla_suite.pseudo_labeling.topreward_qwen_scorer INFO: Prefix 6/16 (end=37, n_frames=11/38): reward=-17.5000 (mean, 1 tok)
2026-04-29 19:26:02,084 mme_vla_suite.pseudo_labeling.topreward_qwen_scorer INFO: Prefix 7/16 (end=43, n_frames=13/44): reward=-18.3750 (mean, 1 tok)
2026-04-29 19:26:09,053 mme_vla_suite.pseudo_labeling.topreward_qwen_scorer INFO: Prefix 8/16 (end=49, n_frames=15/50): reward=-18.0000 (mean, 1 tok)
2026-04-29 19:26:15,989 mme_vla_suite.pseudo_labeling.topreward_qwen_scorer INFO: Prefix 9/16 (end=54, n_frames=16/55): reward=-18.2500 (mean, 1 tok)
2026-04-29 19:26:22,978 mme_vla_suite.pseudo_labeling.topreward_qwen_scorer INFO: Prefix 10/16 (end=60, n_frames=18/61): reward=-20.2500 (mean, 1 tok)
2026-04-29 19:26:29,987 mme_vla_suite.pseudo_labeling.topreward_qwen_scorer INFO: Prefix 11/16 (end=66, n_frames=20/67): reward=-18.7500 (mean, 1 tok)
2026-04-29 19:26:37,020 mme_vla_suite.pseudo_labeling.topreward_qwen_scorer INFO: Prefix 12/16 (end=72, n_frames=22/73): reward=-18.6250 (mean, 1 tok)
2026-04-29 19:26:44,092 mme_vla_suite.pseudo_labeling.topreward_qwen_scorer INFO: Prefix 13/16 (end=77, n_frames=23/78): reward=-21.7500 (mean, 1 tok)
2026-04-29 19:26:51,152 mme_vla_suite.pseudo_labeling.topreward_qwen_scorer INFO: Prefix 14/16 (end=83, n_frames=25/84): reward=-21.0000 (mean, 1 tok)
2026-04-29 19:26:58,240 mme_vla_suite.pseudo_labeling.topreward_qwen_scorer INFO: Prefix 15/16 (end=89, n_frames=27/90): reward=-21.1250 (mean, 1 tok)
2026-04-29 19:27:05,348 mme_vla_suite.pseudo_labeling.topreward_qwen_scorer INFO: Prefix 16/16 (end=95, n_frames=29/96): reward=-18.2500 (mean, 1 tok)
2026-04-29 19:27:13,162 mme_vla_suite.pseudo_labeling.topreward_qwen_scorer INFO: Prefix 1/16 (end=11, n_frames=4/12): reward=-20.3750 (mean, 1 tok)
2026-04-29 19:27:20,068 mme_vla_suite.pseudo_labeling.topreward_qwen_scorer INFO: Prefix 2/16 (end=17, n_frames=5/18): reward=-20.3750 (mean, 1 tok)
2026-04-29 19:27:26,991 mme_vla_suite.pseudo_labeling.topreward_qwen_scorer INFO: Prefix 3/16 (end=24, n_frames=8/25): reward=-20.3750 (mean, 1 tok)
2026-04-29 19:27:33,931 mme_vla_suite.pseudo_labeling.topreward_qwen_scorer INFO: Prefix 4/16 (end=31, n_frames=10/32): reward=-20.1250 (mean, 1 tok)
2026-04-29 19:27:40,935 mme_vla_suite.pseudo_labeling.topreward_qwen_scorer INFO: Prefix 5/16 (end=38, n_frames=12/39): reward=-17.8750 (mean, 1 tok)
2026-04-29 19:27:47,892 mme_vla_suite.pseudo_labeling.topreward_qwen_scorer INFO: Prefix 6/16 (end=45, n_frames=14/46): reward=-17.6250 (mean, 1 tok)
2026-04-29 19:27:54,861 mme_vla_suite.pseudo_labeling.topreward_qwen_scorer INFO: Prefix 7/16 (end=52, n_frames=16/53): reward=-17.8750 (mean, 1 tok)
2026-04-29 19:28:01,848 mme_vla_suite.pseudo_labeling.topreward_qwen_scorer INFO: Prefix 8/16 (end=59, n_frames=18/60): reward=-17.2500 (mean, 1 tok)
2026-04-29 19:28:08,827 mme_vla_suite.pseudo_labeling.topreward_qwen_scorer INFO: Prefix 9/16 (end=65, n_frames=20/66): reward=-17.5000 (mean, 1 tok)
2026-04-29 19:28:15,863 mme_vla_suite.pseudo_labeling.topreward_qwen_scorer INFO: Prefix 10/16 (end=72, n_frames=22/73): reward=-16.6250 (mean, 1 tok)
2026-04-29 19:28:22,902 mme_vla_suite.pseudo_labeling.topreward_qwen_scorer INFO: Prefix 11/16 (end=79, n_frames=24/80): reward=-17.1250 (mean, 1 tok)
2026-04-29 19:28:29,988 mme_vla_suite.pseudo_labeling.topreward_qwen_scorer INFO: Prefix 12/16 (end=86, n_frames=26/87): reward=-17.1250 (mean, 1 tok)
2026-04-29 19:28:37,195 mme_vla_suite.pseudo_labeling.topreward_qwen_scorer INFO: Prefix 13/16 (end=93, n_frames=28/94): reward=-17.2500 (mean, 1 tok)
2026-04-29 19:28:44,340 mme_vla_suite.pseudo_labeling.topreward_qwen_scorer INFO: Prefix 14/16 (end=100, n_frames=30/101): reward=-15.6250 (mean, 1 tok)
2026-04-29 19:28:51,480 mme_vla_suite.pseudo_labeling.topreward_qwen_scorer INFO: Prefix 15/16 (end=107, n_frames=32/108): reward=-15.0000 (mean, 1 tok)
2026-04-29 19:28:58,631 mme_vla_suite.pseudo_labeling.topreward_qwen_scorer INFO: Prefix 16/16 (end=114, n_frames=34/115): reward=-14.2500 (mean, 1 tok)
2026-04-29 19:29:06,402 mme_vla_suite.pseudo_labeling.topreward_qwen_scorer INFO: Prefix 1/16 (end=8, n_frames=4/9): reward=-20.8750 (mean, 1 tok)
2026-04-29 19:29:13,292 mme_vla_suite.pseudo_labeling.topreward_qwen_scorer INFO: Prefix 2/16 (end=12, n_frames=4/13): reward=-20.5000 (mean, 1 tok)
2026-04-29 19:29:20,215 mme_vla_suite.pseudo_labeling.topreward_qwen_scorer INFO: Prefix 3/16 (end=17, n_frames=5/18): reward=-18.1250 (mean, 1 tok)
2026-04-29 19:29:27,147 mme_vla_suite.pseudo_labeling.topreward_qwen_scorer INFO: Prefix 4/16 (end=22, n_frames=7/23): reward=-21.1250 (mean, 1 tok)
2026-04-29 19:29:34,065 mme_vla_suite.pseudo_labeling.topreward_qwen_scorer INFO: Prefix 5/16 (end=27, n_frames=8/28): reward=-19.7500 (mean, 1 tok)
2026-04-29 19:29:41,006 mme_vla_suite.pseudo_labeling.topreward_qwen_scorer INFO: Prefix 6/16 (end=32, n_frames=10/33): reward=-18.3750 (mean, 1 tok)
2026-04-29 19:29:47,939 mme_vla_suite.pseudo_labeling.topreward_qwen_scorer INFO: Prefix 7/16 (end=37, n_frames=11/38): reward=-19.0000 (mean, 1 tok)
2026-04-29 19:29:54,917 mme_vla_suite.pseudo_labeling.topreward_qwen_scorer INFO: Prefix 8/16 (end=42, n_frames=13/43): reward=-17.5000 (mean, 1 tok)
2026-04-29 19:30:01,897 mme_vla_suite.pseudo_labeling.topreward_qwen_scorer INFO: Prefix 9/16 (end=47, n_frames=14/48): reward=-17.5000 (mean, 1 tok)
2026-04-29 19:30:08,861 mme_vla_suite.pseudo_labeling.topreward_qwen_scorer INFO: Prefix 10/16 (end=52, n_frames=16/53): reward=-17.5000 (mean, 1 tok)
2026-04-29 19:30:15,837 mme_vla_suite.pseudo_labeling.topreward_qwen_scorer INFO: Prefix 11/16 (end=57, n_frames=17/58): reward=-17.1250 (mean, 1 tok)
2026-04-29 19:30:22,848 mme_vla_suite.pseudo_labeling.topreward_qwen_scorer INFO: Prefix 12/16 (end=62, n_frames=19/63): reward=-18.0000 (mean, 1 tok)
2026-04-29 19:30:29,859 mme_vla_suite.pseudo_labeling.topreward_qwen_scorer INFO: Prefix 13/16 (end=67, n_frames=20/68): reward=-17.8750 (mean, 1 tok)
2026-04-29 19:30:36,893 mme_vla_suite.pseudo_labeling.topreward_qwen_scorer INFO: Prefix 14/16 (end=72, n_frames=22/73): reward=-18.0000 (mean, 1 tok)
2026-04-29 19:30:43,924 mme_vla_suite.pseudo_labeling.topreward_qwen_scorer INFO: Prefix 15/16 (end=77, n_frames=23/78): reward=-19.1250 (mean, 1 tok)
2026-04-29 19:30:51,030 mme_vla_suite.pseudo_labeling.topreward_qwen_scorer INFO: Prefix 16/16 (end=82, n_frames=25/83): reward=-18.7500 (mean, 1 tok)
2026-04-29 19:30:58,897 mme_vla_suite.pseudo_labeling.topreward_qwen_scorer INFO: Prefix 1/16 (end=7, n_frames=4/8): reward=-20.6250 (mean, 1 tok)
2026-04-29 19:31:05,825 mme_vla_suite.pseudo_labeling.topreward_qwen_scorer INFO: Prefix 2/16 (end=11, n_frames=4/12): reward=-20.5000 (mean, 1 tok)
2026-04-29 19:31:12,793 mme_vla_suite.pseudo_labeling.topreward_qwen_scorer INFO: Prefix 3/16 (end=15, n_frames=5/16): reward=-20.6250 (mean, 1 tok)
2026-04-29 19:31:19,723 mme_vla_suite.pseudo_labeling.topreward_qwen_scorer INFO: Prefix 4/16 (end=19, n_frames=6/20): reward=-20.1250 (mean, 1 tok)
2026-04-29 19:31:26,659 mme_vla_suite.pseudo_labeling.topreward_qwen_scorer INFO: Prefix 5/16 (end=23, n_frames=7/24): reward=-20.8750 (mean, 1 tok)
2026-04-29 19:31:33,587 mme_vla_suite.pseudo_labeling.topreward_qwen_scorer INFO: Prefix 6/16 (end=27, n_frames=8/28): reward=-20.1250 (mean, 1 tok)
2026-04-29 19:31:40,527 mme_vla_suite.pseudo_labeling.topreward_qwen_scorer INFO: Prefix 7/16 (end=31, n_frames=10/32): reward=-18.8750 (mean, 1 tok)
2026-04-29 19:31:47,492 mme_vla_suite.pseudo_labeling.topreward_qwen_scorer INFO: Prefix 8/16 (end=35, n_frames=11/36): reward=-19.0000 (mean, 1 tok)
2026-04-29 19:31:54,464 mme_vla_suite.pseudo_labeling.topreward_qwen_scorer INFO: Prefix 9/16 (end=40, n_frames=12/41): reward=-19.0000 (mean, 1 tok)
2026-04-29 19:32:01,414 mme_vla_suite.pseudo_labeling.topreward_qwen_scorer INFO: Prefix 10/16 (end=44, n_frames=14/45): reward=-18.5000 (mean, 1 tok)
2026-04-29 19:32:08,386 mme_vla_suite.pseudo_labeling.topreward_qwen_scorer INFO: Prefix 11/16 (end=48, n_frames=15/49): reward=-18.7500 (mean, 1 tok)
2026-04-29 19:32:15,332 mme_vla_suite.pseudo_labeling.topreward_qwen_scorer INFO: Prefix 12/16 (end=52, n_frames=16/53): reward=-18.6250 (mean, 1 tok)
2026-04-29 19:32:22,321 mme_vla_suite.pseudo_labeling.topreward_qwen_scorer INFO: Prefix 13/16 (end=56, n_frames=17/57): reward=-18.1250 (mean, 1 tok)
2026-04-29 19:32:29,284 mme_vla_suite.pseudo_labeling.topreward_qwen_scorer INFO: Prefix 14/16 (end=60, n_frames=18/61): reward=-18.0000 (mean, 1 tok)
2026-04-29 19:32:36,275 mme_vla_suite.pseudo_labeling.topreward_qwen_scorer INFO: Prefix 15/16 (end=64, n_frames=20/65): reward=-17.6250 (mean, 1 tok)
2026-04-29 19:32:43,307 mme_vla_suite.pseudo_labeling.topreward_qwen_scorer INFO: Prefix 16/16 (end=69, n_frames=21/70): reward=-17.5000 (mean, 1 tok)
2026-04-29 19:32:51,184 mme_vla_suite.pseudo_labeling.topreward_qwen_scorer INFO: Prefix 1/8 (end=5, n_frames=4/6): reward=-20.7500 (mean, 1 tok)
2026-04-29 19:32:58,109 mme_vla_suite.pseudo_labeling.topreward_qwen_scorer INFO: Prefix 2/8 (end=12, n_frames=4/13): reward=-19.1250 (mean, 1 tok)
2026-04-29 19:33:05,024 mme_vla_suite.pseudo_labeling.topreward_qwen_scorer INFO: Prefix 3/8 (end=19, n_frames=6/20): reward=-18.7500 (mean, 1 tok)
2026-04-29 19:33:11,952 mme_vla_suite.pseudo_labeling.topreward_qwen_scorer INFO: Prefix 4/8 (end=26, n_frames=8/27): reward=-17.7500 (mean, 1 tok)
2026-04-29 19:33:18,875 mme_vla_suite.pseudo_labeling.topreward_qwen_scorer INFO: Prefix 5/8 (end=33, n_frames=10/34): reward=-17.1250 (mean, 1 tok)
2026-04-29 19:33:25,810 mme_vla_suite.pseudo_labeling.topreward_qwen_scorer INFO: Prefix 6/8 (end=40, n_frames=12/41): reward=-17.7500 (mean, 1 tok)
2026-04-29 19:33:32,756 mme_vla_suite.pseudo_labeling.topreward_qwen_scorer INFO: Prefix 7/8 (end=47, n_frames=14/48): reward=-17.6250 (mean, 1 tok)
2026-04-29 19:33:39,733 mme_vla_suite.pseudo_labeling.topreward_qwen_scorer INFO: Prefix 8/8 (end=55, n_frames=17/56): reward=-17.7500 (mean, 1 tok)
2026-04-29 19:33:47,429 mme_vla_suite.pseudo_labeling.topreward_qwen_scorer INFO: Prefix 1/16 (end=7, n_frames=4/8): reward=-20.5000 (mean, 1 tok)
2026-04-29 19:33:54,376 mme_vla_suite.pseudo_labeling.topreward_qwen_scorer INFO: Prefix 2/16 (end=11, n_frames=4/12): reward=-20.3750 (mean, 1 tok)
2026-04-29 19:34:01,327 mme_vla_suite.pseudo_labeling.topreward_qwen_scorer INFO: Prefix 3/16 (end=15, n_frames=5/16): reward=-20.0000 (mean, 1 tok)
2026-04-29 19:34:08,301 mme_vla_suite.pseudo_labeling.topreward_qwen_scorer INFO: Prefix 4/16 (end=19, n_frames=6/20): reward=-20.2500 (mean, 1 tok)
2026-04-29 19:34:15,220 mme_vla_suite.pseudo_labeling.topreward_qwen_scorer INFO: Prefix 5/16 (end=23, n_frames=7/24): reward=-20.3750 (mean, 1 tok)
2026-04-29 19:34:22,153 mme_vla_suite.pseudo_labeling.topreward_qwen_scorer INFO: Prefix 6/16 (end=27, n_frames=8/28): reward=-20.3750 (mean, 1 tok)
2026-04-29 19:34:29,130 mme_vla_suite.pseudo_labeling.topreward_qwen_scorer INFO: Prefix 7/16 (end=31, n_frames=10/32): reward=-19.3750 (mean, 1 tok)
2026-04-29 19:34:36,080 mme_vla_suite.pseudo_labeling.topreward_qwen_scorer INFO: Prefix 8/16 (end=35, n_frames=11/36): reward=-18.5000 (mean, 1 tok)
2026-04-29 19:34:43,041 mme_vla_suite.pseudo_labeling.topreward_qwen_scorer INFO: Prefix 9/16 (end=40, n_frames=12/41): reward=-18.6250 (mean, 1 tok)
2026-04-29 19:34:50,029 mme_vla_suite.pseudo_labeling.topreward_qwen_scorer INFO: Prefix 10/16 (end=44, n_frames=14/45): reward=-18.6250 (mean, 1 tok)
2026-04-29 19:34:57,020 mme_vla_suite.pseudo_labeling.topreward_qwen_scorer INFO: Prefix 11/16 (end=48, n_frames=15/49): reward=-18.3750 (mean, 1 tok)
2026-04-29 19:35:04,004 mme_vla_suite.pseudo_labeling.topreward_qwen_scorer INFO: Prefix 12/16 (end=52, n_frames=16/53): reward=-18.5000 (mean, 1 tok)
2026-04-29 19:35:11,000 mme_vla_suite.pseudo_labeling.topreward_qwen_scorer INFO: Prefix 13/16 (end=56, n_frames=17/57): reward=-18.6250 (mean, 1 tok)
2026-04-29 19:35:17,977 mme_vla_suite.pseudo_labeling.topreward_qwen_scorer INFO: Prefix 14/16 (end=60, n_frames=18/61): reward=-18.1250 (mean, 1 tok)
2026-04-29 19:35:25,018 mme_vla_suite.pseudo_labeling.topreward_qwen_scorer INFO: Prefix 15/16 (end=64, n_frames=20/65): reward=-18.0000 (mean, 1 tok)
2026-04-29 19:35:32,070 mme_vla_suite.pseudo_labeling.topreward_qwen_scorer INFO: Prefix 16/16 (end=69, n_frames=21/70): reward=-17.7500 (mean, 1 tok)
2026-04-29 19:35:40,054 mme_vla_suite.pseudo_labeling.topreward_qwen_scorer INFO: Prefix 1/16 (end=6, n_frames=4/7): reward=-20.3750 (mean, 1 tok)
2026-04-29 19:35:46,972 mme_vla_suite.pseudo_labeling.topreward_qwen_scorer INFO: Prefix 2/16 (end=10, n_frames=4/11): reward=-19.7500 (mean, 1 tok)
2026-04-29 19:35:53,882 mme_vla_suite.pseudo_labeling.topreward_qwen_scorer INFO: Prefix 3/16 (end=14, n_frames=4/15): reward=-19.8750 (mean, 1 tok)
2026-04-29 19:36:00,811 mme_vla_suite.pseudo_labeling.topreward_qwen_scorer INFO: Prefix 4/16 (end=18, n_frames=6/19): reward=-18.5000 (mean, 1 tok)
2026-04-29 19:36:07,736 mme_vla_suite.pseudo_labeling.topreward_qwen_scorer INFO: Prefix 5/16 (end=22, n_frames=7/23): reward=-18.1250 (mean, 1 tok)
2026-04-29 19:36:14,661 mme_vla_suite.pseudo_labeling.topreward_qwen_scorer INFO: Prefix 6/16 (end=26, n_frames=8/27): reward=-18.0000 (mean, 1 tok)
2026-04-29 19:36:21,618 mme_vla_suite.pseudo_labeling.topreward_qwen_scorer INFO: Prefix 7/16 (end=30, n_frames=9/31): reward=-16.3750 (mean, 1 tok)
2026-04-29 19:36:28,573 mme_vla_suite.pseudo_labeling.topreward_qwen_scorer INFO: Prefix 8/16 (end=34, n_frames=10/35): reward=-17.2500 (mean, 1 tok)
2026-04-29 19:36:35,530 mme_vla_suite.pseudo_labeling.topreward_qwen_scorer INFO: Prefix 9/16 (end=38, n_frames=12/39): reward=-17.2500 (mean, 1 tok)
2026-04-29 19:36:42,491 mme_vla_suite.pseudo_labeling.topreward_qwen_scorer INFO: Prefix 10/16 (end=42, n_frames=13/43): reward=-17.7500 (mean, 1 tok)
2026-04-29 19:36:49,440 mme_vla_suite.pseudo_labeling.topreward_qwen_scorer INFO: Prefix 11/16 (end=46, n_frames=14/47): reward=-17.6250 (mean, 1 tok)
2026-04-29 19:36:56,403 mme_vla_suite.pseudo_labeling.topreward_qwen_scorer INFO: Prefix 12/16 (end=50, n_frames=15/51): reward=-18.0000 (mean, 1 tok)
2026-04-29 19:37:03,364 mme_vla_suite.pseudo_labeling.topreward_qwen_scorer INFO: Prefix 13/16 (end=54, n_frames=16/55): reward=-17.8750 (mean, 1 tok)
2026-04-29 19:37:10,342 mme_vla_suite.pseudo_labeling.topreward_qwen_scorer INFO: Prefix 14/16 (end=58, n_frames=18/59): reward=-17.3750 (mean, 1 tok)
2026-04-29 19:37:17,332 mme_vla_suite.pseudo_labeling.topreward_qwen_scorer INFO: Prefix 15/16 (end=62, n_frames=19/63): reward=-17.7500 (mean, 1 tok)
2026-04-29 19:37:24,347 mme_vla_suite.pseudo_labeling.topreward_qwen_scorer INFO: Prefix 16/16 (end=66, n_frames=20/67): reward=-17.3750 (mean, 1 tok)
2026-04-29 19:37:32,047 mme_vla_suite.pseudo_labeling.topreward_qwen_scorer INFO: Prefix 1/16 (end=6, n_frames=4/7): reward=-20.8750 (mean, 1 tok)
2026-04-29 19:37:38,972 mme_vla_suite.pseudo_labeling.topreward_qwen_scorer INFO: Prefix 2/16 (end=9, n_frames=4/10): reward=-20.7500 (mean, 1 tok)
2026-04-29 19:37:45,892 mme_vla_suite.pseudo_labeling.topreward_qwen_scorer INFO: Prefix 3/16 (end=13, n_frames=4/14): reward=-21.1250 (mean, 1 tok)
2026-04-29 19:37:52,832 mme_vla_suite.pseudo_labeling.topreward_qwen_scorer INFO: Prefix 4/16 (end=17, n_frames=5/18): reward=-20.1250 (mean, 1 tok)
2026-04-29 19:37:59,852 mme_vla_suite.pseudo_labeling.topreward_qwen_scorer INFO: Prefix 5/16 (end=21, n_frames=7/22): reward=-20.1250 (mean, 1 tok)
2026-04-29 19:38:06,766 mme_vla_suite.pseudo_labeling.topreward_qwen_scorer INFO: Prefix 6/16 (end=25, n_frames=8/26): reward=-20.2500 (mean, 1 tok)
2026-04-29 19:38:13,722 mme_vla_suite.pseudo_labeling.topreward_qwen_scorer INFO: Prefix 7/16 (end=29, n_frames=9/30): reward=-20.0000 (mean, 1 tok)
2026-04-29 19:38:20,675 mme_vla_suite.pseudo_labeling.topreward_qwen_scorer INFO: Prefix 8/16 (end=33, n_frames=10/34): reward=-19.5000 (mean, 1 tok)
2026-04-29 19:38:27,628 mme_vla_suite.pseudo_labeling.topreward_qwen_scorer INFO: Prefix 9/16 (end=36, n_frames=11/37): reward=-20.8750 (mean, 1 tok)
2026-04-29 19:38:34,577 mme_vla_suite.pseudo_labeling.topreward_qwen_scorer INFO: Prefix 10/16 (end=40, n_frames=12/41): reward=-20.2500 (mean, 1 tok)
2026-04-29 19:38:41,533 mme_vla_suite.pseudo_labeling.topreward_qwen_scorer INFO: Prefix 11/16 (end=44, n_frames=14/45): reward=-20.6250 (mean, 1 tok)
2026-04-29 19:38:48,474 mme_vla_suite.pseudo_labeling.topreward_qwen_scorer INFO: Prefix 12/16 (end=48, n_frames=15/49): reward=-20.0000 (mean, 1 tok)
2026-04-29 19:38:55,521 mme_vla_suite.pseudo_labeling.topreward_qwen_scorer INFO: Prefix 13/16 (end=52, n_frames=16/53): reward=-19.8750 (mean, 1 tok)
2026-04-29 19:39:02,574 mme_vla_suite.pseudo_labeling.topreward_qwen_scorer INFO: Prefix 14/16 (end=56, n_frames=17/57): reward=-21.0000 (mean, 1 tok)
2026-04-29 19:39:09,540 mme_vla_suite.pseudo_labeling.topreward_qwen_scorer INFO: Prefix 15/16 (end=60, n_frames=18/61): reward=-20.0000 (mean, 1 tok)
2026-04-29 19:39:16,508 mme_vla_suite.pseudo_labeling.topreward_qwen_scorer INFO: Prefix 16/16 (end=64, n_frames=20/65): reward=-20.1250 (mean, 1 tok)
2026-04-29 19:39:24,344 mme_vla_suite.pseudo_labeling.topreward_qwen_scorer INFO: Prefix 1/16 (end=10, n_frames=4/11): reward=-20.8750 (mean, 1 tok)
2026-04-29 19:39:31,301 mme_vla_suite.pseudo_labeling.topreward_qwen_scorer INFO: Prefix 2/16 (end=16, n_frames=5/17): reward=-20.5000 (mean, 1 tok)
2026-04-29 19:39:38,308 mme_vla_suite.pseudo_labeling.topreward_qwen_scorer INFO: Prefix 3/16 (end=22, n_frames=7/23): reward=-20.3750 (mean, 1 tok)
2026-04-29 19:39:45,321 mme_vla_suite.pseudo_labeling.topreward_qwen_scorer INFO: Prefix 4/16 (end=28, n_frames=9/29): reward=-19.8750 (mean, 1 tok)
2026-04-29 19:39:52,259 mme_vla_suite.pseudo_labeling.topreward_qwen_scorer INFO: Prefix 5/16 (end=34, n_frames=10/35): reward=-19.6250 (mean, 1 tok)
2026-04-29 19:39:59,211 mme_vla_suite.pseudo_labeling.topreward_qwen_scorer INFO: Prefix 6/16 (end=40, n_frames=12/41): reward=-20.2500 (mean, 1 tok)
2026-04-29 19:40:06,182 mme_vla_suite.pseudo_labeling.topreward_qwen_scorer INFO: Prefix 7/16 (end=46, n_frames=14/47): reward=-20.8750 (mean, 1 tok)
2026-04-29 19:40:13,149 mme_vla_suite.pseudo_labeling.topreward_qwen_scorer INFO: Prefix 8/16 (end=52, n_frames=16/53): reward=-19.8750 (mean, 1 tok)
2026-04-29 19:40:20,218 mme_vla_suite.pseudo_labeling.topreward_qwen_scorer INFO: Prefix 9/16 (end=59, n_frames=18/60): reward=-19.7500 (mean, 1 tok)
2026-04-29 19:40:27,243 mme_vla_suite.pseudo_labeling.topreward_qwen_scorer INFO: Prefix 10/16 (end=65, n_frames=20/66): reward=-19.8750 (mean, 1 tok)
2026-04-29 19:40:34,268 mme_vla_suite.pseudo_labeling.topreward_qwen_scorer INFO: Prefix 11/16 (end=71, n_frames=22/72): reward=-20.1250 (mean, 1 tok)
2026-04-29 19:40:41,361 mme_vla_suite.pseudo_labeling.topreward_qwen_scorer INFO: Prefix 12/16 (end=77, n_frames=23/78): reward=-20.3750 (mean, 1 tok)
2026-04-29 19:40:48,505 mme_vla_suite.pseudo_labeling.topreward_qwen_scorer INFO: Prefix 13/16 (end=83, n_frames=25/84): reward=-18.7500 (mean, 1 tok)
2026-04-29 19:40:55,600 mme_vla_suite.pseudo_labeling.topreward_qwen_scorer INFO: Prefix 14/16 (end=89, n_frames=27/90): reward=-19.7500 (mean, 1 tok)
2026-04-29 19:41:02,698 mme_vla_suite.pseudo_labeling.topreward_qwen_scorer INFO: Prefix 15/16 (end=95, n_frames=29/96): reward=-18.5000 (mean, 1 tok)
2026-04-29 19:41:09,821 mme_vla_suite.pseudo_labeling.topreward_qwen_scorer INFO: Prefix 16/16 (end=102, n_frames=31/103): reward=-19.1250 (mean, 1 tok)
