/coc/testnvme/shalbe3/miniconda/envs/robomme/lib/python3.11/site-packages/torch/cuda/__init__.py:63: FutureWarning: The pynvml package is deprecated. Please install nvidia-ml-py instead. If you did not install pynvml directly, please report this to the maintainers of the package that installed pynvml for you.
  import pynvml  # type: ignore[import]
`torch_dtype` is deprecated! Use `dtype` instead!
You are attempting to use Flash Attention 2 without specifying a torch dtype. This might lead to unexpected behaviour
2026-04-30 00:43:00,305 mme_vla_suite.pseudo_labeling.topreward_qwen_scorer WARNING: flash_attention_2 unavailable (/coc/testnvme/shalbe3/miniconda/envs/robomme/lib/python3.11/site-packages/flash_attn_2_cuda.cpython-311-x86_64-linux-gnu.so: undefined symbol: _ZNK3c106SymInt6sym_neERKS0_), using default attention
Loading checkpoint shards:   0%|          | 0/4 [00:00<?, ?it/s]Loading checkpoint shards:  25%|██▌       | 1/4 [00:00<00:02,  1.06it/s]Loading checkpoint shards:  50%|█████     | 2/4 [00:01<00:01,  1.07it/s]Loading checkpoint shards:  75%|███████▌  | 3/4 [00:02<00:00,  1.08it/s]Loading checkpoint shards: 100%|██████████| 4/4 [00:03<00:00,  1.28it/s]Loading checkpoint shards: 100%|██████████| 4/4 [00:03<00:00,  1.19it/s]
Asked to sample `fps` frames per second but no video metadata was provided which is required when sampling with `fps`. Defaulting to `fps=24`. Please provide `video_metadata` for more accurate results.
2026-04-30 00:43:13,212 mme_vla_suite.pseudo_labeling.topreward_qwen_scorer INFO: Prefix 1/8 (end=12, n_frames=4/13): reward=-20.0000 (mean, 1 tok)
2026-04-30 00:43:20,154 mme_vla_suite.pseudo_labeling.topreward_qwen_scorer INFO: Prefix 2/8 (end=27, n_frames=6/28): reward=-19.8750 (mean, 1 tok)
2026-04-30 00:43:27,068 mme_vla_suite.pseudo_labeling.topreward_qwen_scorer INFO: Prefix 3/8 (end=42, n_frames=9/43): reward=-18.2500 (mean, 1 tok)
2026-04-30 00:43:34,052 mme_vla_suite.pseudo_labeling.topreward_qwen_scorer INFO: Prefix 4/8 (end=58, n_frames=12/59): reward=-16.7500 (mean, 1 tok)
2026-04-30 00:43:41,103 mme_vla_suite.pseudo_labeling.topreward_qwen_scorer INFO: Prefix 5/8 (end=73, n_frames=15/74): reward=-19.3750 (mean, 1 tok)
2026-04-30 00:43:48,130 mme_vla_suite.pseudo_labeling.topreward_qwen_scorer INFO: Prefix 6/8 (end=89, n_frames=18/90): reward=-19.0000 (mean, 1 tok)
2026-04-30 00:43:55,155 mme_vla_suite.pseudo_labeling.topreward_qwen_scorer INFO: Prefix 7/8 (end=104, n_frames=21/105): reward=-19.0000 (mean, 1 tok)
2026-04-30 00:44:02,250 mme_vla_suite.pseudo_labeling.topreward_qwen_scorer INFO: Prefix 8/8 (end=120, n_frames=24/121): reward=-20.0000 (mean, 1 tok)
2026-04-30 00:44:10,006 mme_vla_suite.pseudo_labeling.topreward_qwen_scorer INFO: Prefix 1/8 (end=9, n_frames=4/10): reward=-22.0000 (mean, 1 tok)
2026-04-30 00:44:16,932 mme_vla_suite.pseudo_labeling.topreward_qwen_scorer INFO: Prefix 2/8 (end=21, n_frames=4/22): reward=-22.8750 (mean, 1 tok)
2026-04-30 00:44:23,879 mme_vla_suite.pseudo_labeling.topreward_qwen_scorer INFO: Prefix 3/8 (end=33, n_frames=7/34): reward=-22.7500 (mean, 1 tok)
2026-04-30 00:44:30,863 mme_vla_suite.pseudo_labeling.topreward_qwen_scorer INFO: Prefix 4/8 (end=46, n_frames=9/47): reward=-21.7500 (mean, 1 tok)
2026-04-30 00:44:37,831 mme_vla_suite.pseudo_labeling.topreward_qwen_scorer INFO: Prefix 5/8 (end=58, n_frames=12/59): reward=-20.1250 (mean, 1 tok)
2026-04-30 00:44:44,804 mme_vla_suite.pseudo_labeling.topreward_qwen_scorer INFO: Prefix 6/8 (end=71, n_frames=14/72): reward=-20.7500 (mean, 1 tok)
2026-04-30 00:44:51,761 mme_vla_suite.pseudo_labeling.topreward_qwen_scorer INFO: Prefix 7/8 (end=83, n_frames=17/84): reward=-19.7500 (mean, 1 tok)
2026-04-30 00:44:58,760 mme_vla_suite.pseudo_labeling.topreward_qwen_scorer INFO: Prefix 8/8 (end=96, n_frames=19/97): reward=-21.8750 (mean, 1 tok)
2026-04-30 00:45:06,414 mme_vla_suite.pseudo_labeling.topreward_qwen_scorer INFO: Prefix 1/8 (end=19, n_frames=4/20): reward=-23.6250 (mean, 1 tok)
2026-04-30 00:45:13,441 mme_vla_suite.pseudo_labeling.topreward_qwen_scorer INFO: Prefix 2/8 (end=44, n_frames=9/45): reward=-23.7500 (mean, 1 tok)
2026-04-30 00:45:20,493 mme_vla_suite.pseudo_labeling.topreward_qwen_scorer INFO: Prefix 3/8 (end=69, n_frames=14/70): reward=-23.6250 (mean, 1 tok)
2026-04-30 00:45:27,616 mme_vla_suite.pseudo_labeling.topreward_qwen_scorer INFO: Prefix 4/8 (end=95, n_frames=19/96): reward=-21.3750 (mean, 1 tok)
2026-04-30 00:45:34,692 mme_vla_suite.pseudo_labeling.topreward_qwen_scorer INFO: Prefix 5/8 (end=120, n_frames=24/121): reward=-22.6250 (mean, 1 tok)
2026-04-30 00:45:41,846 mme_vla_suite.pseudo_labeling.topreward_qwen_scorer INFO: Prefix 6/8 (end=146, n_frames=29/147): reward=-22.6250 (mean, 1 tok)
2026-04-30 00:45:49,045 mme_vla_suite.pseudo_labeling.topreward_qwen_scorer INFO: Prefix 7/8 (end=171, n_frames=34/172): reward=-22.7500 (mean, 1 tok)
2026-04-30 00:45:56,296 mme_vla_suite.pseudo_labeling.topreward_qwen_scorer INFO: Prefix 8/8 (end=197, n_frames=40/198): reward=-17.0000 (mean, 1 tok)
2026-04-30 00:46:03,942 mme_vla_suite.pseudo_labeling.topreward_qwen_scorer INFO: Prefix 1/8 (end=4, n_frames=4/5): reward=-21.0000 (mean, 1 tok)
2026-04-30 00:46:10,887 mme_vla_suite.pseudo_labeling.topreward_qwen_scorer INFO: Prefix 2/8 (end=10, n_frames=4/11): reward=-21.1250 (mean, 1 tok)
2026-04-30 00:46:17,802 mme_vla_suite.pseudo_labeling.topreward_qwen_scorer INFO: Prefix 3/8 (end=16, n_frames=4/17): reward=-21.6250 (mean, 1 tok)
2026-04-30 00:46:24,740 mme_vla_suite.pseudo_labeling.topreward_qwen_scorer INFO: Prefix 4/8 (end=22, n_frames=5/23): reward=-20.6250 (mean, 1 tok)
2026-04-30 00:46:31,660 mme_vla_suite.pseudo_labeling.topreward_qwen_scorer INFO: Prefix 5/8 (end=28, n_frames=6/29): reward=-20.6250 (mean, 1 tok)
2026-04-30 00:46:38,578 mme_vla_suite.pseudo_labeling.topreward_qwen_scorer INFO: Prefix 6/8 (end=34, n_frames=7/35): reward=-21.1250 (mean, 1 tok)
2026-04-30 00:46:45,511 mme_vla_suite.pseudo_labeling.topreward_qwen_scorer INFO: Prefix 7/8 (end=40, n_frames=8/41): reward=-20.5000 (mean, 1 tok)
2026-04-30 00:46:52,452 mme_vla_suite.pseudo_labeling.topreward_qwen_scorer INFO: Prefix 8/8 (end=47, n_frames=10/48): reward=-19.6250 (mean, 1 tok)
2026-04-30 00:46:59,993 mme_vla_suite.pseudo_labeling.topreward_qwen_scorer INFO: Prefix 1/8 (end=8, n_frames=4/9): reward=-25.3750 (mean, 1 tok)
2026-04-30 00:47:06,894 mme_vla_suite.pseudo_labeling.topreward_qwen_scorer INFO: Prefix 2/8 (end=18, n_frames=4/19): reward=-24.7500 (mean, 1 tok)
2026-04-30 00:47:13,814 mme_vla_suite.pseudo_labeling.topreward_qwen_scorer INFO: Prefix 3/8 (end=29, n_frames=6/30): reward=-23.8750 (mean, 1 tok)
2026-04-30 00:47:20,731 mme_vla_suite.pseudo_labeling.topreward_qwen_scorer INFO: Prefix 4/8 (end=40, n_frames=8/41): reward=-23.8750 (mean, 1 tok)
2026-04-30 00:47:27,670 mme_vla_suite.pseudo_labeling.topreward_qwen_scorer INFO: Prefix 5/8 (end=51, n_frames=10/52): reward=-23.5000 (mean, 1 tok)
2026-04-30 00:47:34,675 mme_vla_suite.pseudo_labeling.topreward_qwen_scorer INFO: Prefix 6/8 (end=62, n_frames=13/63): reward=-23.0000 (mean, 1 tok)
2026-04-30 00:47:41,660 mme_vla_suite.pseudo_labeling.topreward_qwen_scorer INFO: Prefix 7/8 (end=73, n_frames=15/74): reward=-23.2500 (mean, 1 tok)
2026-04-30 00:47:48,658 mme_vla_suite.pseudo_labeling.topreward_qwen_scorer INFO: Prefix 8/8 (end=84, n_frames=17/85): reward=-19.1250 (mean, 1 tok)
2026-04-30 00:47:56,388 mme_vla_suite.pseudo_labeling.topreward_qwen_scorer INFO: Prefix 1/8 (end=9, n_frames=4/10): reward=-25.5000 (mean, 1 tok)
2026-04-30 00:48:03,318 mme_vla_suite.pseudo_labeling.topreward_qwen_scorer INFO: Prefix 2/8 (end=20, n_frames=4/21): reward=-24.7500 (mean, 1 tok)
2026-04-30 00:48:10,269 mme_vla_suite.pseudo_labeling.topreward_qwen_scorer INFO: Prefix 3/8 (end=32, n_frames=7/33): reward=-24.1250 (mean, 1 tok)
2026-04-30 00:48:17,226 mme_vla_suite.pseudo_labeling.topreward_qwen_scorer INFO: Prefix 4/8 (end=43, n_frames=9/44): reward=-24.3750 (mean, 1 tok)
2026-04-30 00:48:24,145 mme_vla_suite.pseudo_labeling.topreward_qwen_scorer INFO: Prefix 5/8 (end=55, n_frames=11/56): reward=-23.1250 (mean, 1 tok)
2026-04-30 00:48:31,082 mme_vla_suite.pseudo_labeling.topreward_qwen_scorer INFO: Prefix 6/8 (end=66, n_frames=13/67): reward=-23.1250 (mean, 1 tok)
2026-04-30 00:48:38,047 mme_vla_suite.pseudo_labeling.topreward_qwen_scorer INFO: Prefix 7/8 (end=78, n_frames=16/79): reward=-19.8750 (mean, 1 tok)
2026-04-30 00:48:45,018 mme_vla_suite.pseudo_labeling.topreward_qwen_scorer INFO: Prefix 8/8 (end=90, n_frames=18/91): reward=-18.6250 (mean, 1 tok)
2026-04-30 00:48:52,690 mme_vla_suite.pseudo_labeling.topreward_qwen_scorer INFO: Prefix 1/8 (end=10, n_frames=4/11): reward=-19.1250 (mean, 1 tok)
2026-04-30 00:48:59,589 mme_vla_suite.pseudo_labeling.topreward_qwen_scorer INFO: Prefix 2/8 (end=24, n_frames=5/25): reward=-19.1250 (mean, 1 tok)
2026-04-30 00:49:06,532 mme_vla_suite.pseudo_labeling.topreward_qwen_scorer INFO: Prefix 3/8 (end=38, n_frames=8/39): reward=-19.2500 (mean, 1 tok)
2026-04-30 00:49:13,430 mme_vla_suite.pseudo_labeling.topreward_qwen_scorer INFO: Prefix 4/8 (end=52, n_frames=11/53): reward=-17.8750 (mean, 1 tok)
2026-04-30 00:49:20,353 mme_vla_suite.pseudo_labeling.topreward_qwen_scorer INFO: Prefix 5/8 (end=66, n_frames=13/67): reward=-18.8750 (mean, 1 tok)
2026-04-30 00:49:27,302 mme_vla_suite.pseudo_labeling.topreward_qwen_scorer INFO: Prefix 6/8 (end=80, n_frames=16/81): reward=-20.0000 (mean, 1 tok)
2026-04-30 00:49:34,318 mme_vla_suite.pseudo_labeling.topreward_qwen_scorer INFO: Prefix 7/8 (end=94, n_frames=19/95): reward=-17.5000 (mean, 1 tok)
2026-04-30 00:49:41,348 mme_vla_suite.pseudo_labeling.topreward_qwen_scorer INFO: Prefix 8/8 (end=108, n_frames=22/109): reward=-16.1250 (mean, 1 tok)
2026-04-30 00:49:49,311 mme_vla_suite.pseudo_labeling.topreward_qwen_scorer INFO: Prefix 1/8 (end=9, n_frames=4/10): reward=-22.1250 (mean, 1 tok)
2026-04-30 00:49:56,211 mme_vla_suite.pseudo_labeling.topreward_qwen_scorer INFO: Prefix 2/8 (end=21, n_frames=4/22): reward=-20.7500 (mean, 1 tok)
2026-04-30 00:50:03,131 mme_vla_suite.pseudo_labeling.topreward_qwen_scorer INFO: Prefix 3/8 (end=33, n_frames=7/34): reward=-21.1250 (mean, 1 tok)
2026-04-30 00:50:10,024 mme_vla_suite.pseudo_labeling.topreward_qwen_scorer INFO: Prefix 4/8 (end=45, n_frames=9/46): reward=-20.2500 (mean, 1 tok)
2026-04-30 00:50:16,935 mme_vla_suite.pseudo_labeling.topreward_qwen_scorer INFO: Prefix 5/8 (end=57, n_frames=12/58): reward=-20.6250 (mean, 1 tok)
2026-04-30 00:50:23,840 mme_vla_suite.pseudo_labeling.topreward_qwen_scorer INFO: Prefix 6/8 (end=69, n_frames=14/70): reward=-20.1250 (mean, 1 tok)
2026-04-30 00:50:30,779 mme_vla_suite.pseudo_labeling.topreward_qwen_scorer INFO: Prefix 7/8 (end=81, n_frames=16/82): reward=-20.2500 (mean, 1 tok)
2026-04-30 00:50:37,784 mme_vla_suite.pseudo_labeling.topreward_qwen_scorer INFO: Prefix 8/8 (end=94, n_frames=19/95): reward=-19.6250 (mean, 1 tok)
2026-04-30 00:50:45,546 mme_vla_suite.pseudo_labeling.topreward_qwen_scorer INFO: Prefix 1/8 (end=10, n_frames=4/11): reward=-24.5000 (mean, 1 tok)
2026-04-30 00:50:52,422 mme_vla_suite.pseudo_labeling.topreward_qwen_scorer INFO: Prefix 2/8 (end=23, n_frames=5/24): reward=-24.3750 (mean, 1 tok)
2026-04-30 00:50:59,306 mme_vla_suite.pseudo_labeling.topreward_qwen_scorer INFO: Prefix 3/8 (end=36, n_frames=7/37): reward=-23.8750 (mean, 1 tok)
2026-04-30 00:51:06,211 mme_vla_suite.pseudo_labeling.topreward_qwen_scorer INFO: Prefix 4/8 (end=49, n_frames=10/50): reward=-23.3750 (mean, 1 tok)
2026-04-30 00:51:13,139 mme_vla_suite.pseudo_labeling.topreward_qwen_scorer INFO: Prefix 5/8 (end=62, n_frames=13/63): reward=-22.8750 (mean, 1 tok)
2026-04-30 00:51:20,063 mme_vla_suite.pseudo_labeling.topreward_qwen_scorer INFO: Prefix 6/8 (end=75, n_frames=15/76): reward=-23.3750 (mean, 1 tok)
2026-04-30 00:51:27,002 mme_vla_suite.pseudo_labeling.topreward_qwen_scorer INFO: Prefix 7/8 (end=88, n_frames=18/89): reward=-23.7500 (mean, 1 tok)
2026-04-30 00:51:33,977 mme_vla_suite.pseudo_labeling.topreward_qwen_scorer INFO: Prefix 8/8 (end=102, n_frames=21/103): reward=-19.2500 (mean, 1 tok)
slurmstepd: error: *** JOB 3033764 ON heistotron CANCELLED AT 2026-04-30T00:51:38 ***
slurmstepd: error: *** STEP 3033764.0 ON heistotron CANCELLED AT 2026-04-30T00:51:38 ***
