/coc/testnvme/shalbe3/miniconda/envs/robomme/lib/python3.11/site-packages/torch/cuda/__init__.py:63: FutureWarning: The pynvml package is deprecated. Please install nvidia-ml-py instead. If you did not install pynvml directly, please report this to the maintainers of the package that installed pynvml for you.
  import pynvml  # type: ignore[import]
`torch_dtype` is deprecated! Use `dtype` instead!
You are attempting to use Flash Attention 2 without specifying a torch dtype. This might lead to unexpected behaviour
2026-04-29 18:55:54,133 mme_vla_suite.pseudo_labeling.topreward_qwen_scorer WARNING: flash_attention_2 unavailable (/coc/testnvme/shalbe3/miniconda/envs/robomme/lib/python3.11/site-packages/flash_attn_2_cuda.cpython-311-x86_64-linux-gnu.so: undefined symbol: _ZNK3c106SymInt6sym_neERKS0_), using default attention
Loading checkpoint shards:   0%|          | 0/4 [00:00<?, ?it/s]Loading checkpoint shards:  25%|██▌       | 1/4 [00:08<00:26,  8.87s/it]Loading checkpoint shards:  50%|█████     | 2/4 [00:18<00:18,  9.11s/it]Loading checkpoint shards:  75%|███████▌  | 3/4 [00:27<00:09,  9.10s/it]Loading checkpoint shards: 100%|██████████| 4/4 [00:32<00:00,  7.45s/it]Loading checkpoint shards: 100%|██████████| 4/4 [00:32<00:00,  8.04s/it]
Asked to sample `fps` frames per second but no video metadata was provided which is required when sampling with `fps`. Defaulting to `fps=24`. Please provide `video_metadata` for more accurate results.
2026-04-29 18:56:36,598 mme_vla_suite.pseudo_labeling.topreward_qwen_scorer INFO: Prefix 1/16 (end=19, n_frames=6/20): reward=-18.8750 (mean, 1 tok)
2026-04-29 18:56:43,652 mme_vla_suite.pseudo_labeling.topreward_qwen_scorer INFO: Prefix 2/16 (end=30, n_frames=9/31): reward=-17.8750 (mean, 1 tok)
2026-04-29 18:56:50,733 mme_vla_suite.pseudo_labeling.topreward_qwen_scorer INFO: Prefix 3/16 (end=42, n_frames=13/43): reward=-16.2500 (mean, 1 tok)
2026-04-29 18:56:57,861 mme_vla_suite.pseudo_labeling.topreward_qwen_scorer INFO: Prefix 4/16 (end=54, n_frames=16/55): reward=-15.8750 (mean, 1 tok)
2026-04-29 18:57:04,987 mme_vla_suite.pseudo_labeling.topreward_qwen_scorer INFO: Prefix 5/16 (end=65, n_frames=20/66): reward=-16.3750 (mean, 1 tok)
2026-04-29 18:57:12,062 mme_vla_suite.pseudo_labeling.topreward_qwen_scorer INFO: Prefix 6/16 (end=77, n_frames=23/78): reward=-17.0000 (mean, 1 tok)
2026-04-29 18:57:19,234 mme_vla_suite.pseudo_labeling.topreward_qwen_scorer INFO: Prefix 7/16 (end=89, n_frames=27/90): reward=-15.5000 (mean, 1 tok)
2026-04-29 18:57:26,449 mme_vla_suite.pseudo_labeling.topreward_qwen_scorer INFO: Prefix 8/16 (end=100, n_frames=30/101): reward=-15.5000 (mean, 1 tok)
2026-04-29 18:57:33,672 mme_vla_suite.pseudo_labeling.topreward_qwen_scorer INFO: Prefix 9/16 (end=112, n_frames=34/113): reward=-16.0000 (mean, 1 tok)
2026-04-29 18:57:40,883 mme_vla_suite.pseudo_labeling.topreward_qwen_scorer INFO: Prefix 10/16 (end=124, n_frames=38/125): reward=-15.3750 (mean, 1 tok)
2026-04-29 18:57:48,314 mme_vla_suite.pseudo_labeling.topreward_qwen_scorer INFO: Prefix 11/16 (end=135, n_frames=41/136): reward=-13.7500 (mean, 1 tok)
2026-04-29 18:57:55,591 mme_vla_suite.pseudo_labeling.topreward_qwen_scorer INFO: Prefix 12/16 (end=147, n_frames=44/148): reward=-13.8750 (mean, 1 tok)
2026-04-29 18:58:02,840 mme_vla_suite.pseudo_labeling.topreward_qwen_scorer INFO: Prefix 13/16 (end=159, n_frames=48/160): reward=-15.1250 (mean, 1 tok)
2026-04-29 18:58:10,185 mme_vla_suite.pseudo_labeling.topreward_qwen_scorer INFO: Prefix 14/16 (end=170, n_frames=51/171): reward=-14.6250 (mean, 1 tok)
2026-04-29 18:58:17,784 mme_vla_suite.pseudo_labeling.topreward_qwen_scorer INFO: Prefix 15/16 (end=182, n_frames=55/183): reward=-13.6250 (mean, 1 tok)
2026-04-29 18:58:25,249 mme_vla_suite.pseudo_labeling.topreward_qwen_scorer INFO: Prefix 16/16 (end=194, n_frames=58/195): reward=-11.7500 (mean, 1 tok)
2026-04-29 18:58:33,219 mme_vla_suite.pseudo_labeling.topreward_qwen_scorer INFO: Prefix 1/16 (end=7, n_frames=4/8): reward=-19.7500 (mean, 1 tok)
2026-04-29 18:58:40,263 mme_vla_suite.pseudo_labeling.topreward_qwen_scorer INFO: Prefix 2/16 (end=11, n_frames=4/12): reward=-19.6250 (mean, 1 tok)
2026-04-29 18:58:47,301 mme_vla_suite.pseudo_labeling.topreward_qwen_scorer INFO: Prefix 3/16 (end=16, n_frames=5/17): reward=-19.1250 (mean, 1 tok)
2026-04-29 18:58:54,358 mme_vla_suite.pseudo_labeling.topreward_qwen_scorer INFO: Prefix 4/16 (end=20, n_frames=6/21): reward=-19.2500 (mean, 1 tok)
2026-04-29 18:59:01,424 mme_vla_suite.pseudo_labeling.topreward_qwen_scorer INFO: Prefix 5/16 (end=25, n_frames=8/26): reward=-20.3750 (mean, 1 tok)
2026-04-29 18:59:08,479 mme_vla_suite.pseudo_labeling.topreward_qwen_scorer INFO: Prefix 6/16 (end=29, n_frames=9/30): reward=-19.0000 (mean, 1 tok)
2026-04-29 18:59:15,543 mme_vla_suite.pseudo_labeling.topreward_qwen_scorer INFO: Prefix 7/16 (end=34, n_frames=10/35): reward=-20.0000 (mean, 1 tok)
2026-04-29 18:59:22,547 mme_vla_suite.pseudo_labeling.topreward_qwen_scorer INFO: Prefix 8/16 (end=38, n_frames=12/39): reward=-19.5000 (mean, 1 tok)
2026-04-29 18:59:29,542 mme_vla_suite.pseudo_labeling.topreward_qwen_scorer INFO: Prefix 9/16 (end=43, n_frames=13/44): reward=-19.8750 (mean, 1 tok)
2026-04-29 18:59:36,589 mme_vla_suite.pseudo_labeling.topreward_qwen_scorer INFO: Prefix 10/16 (end=47, n_frames=14/48): reward=-19.6250 (mean, 1 tok)
2026-04-29 18:59:43,578 mme_vla_suite.pseudo_labeling.topreward_qwen_scorer INFO: Prefix 11/16 (end=52, n_frames=16/53): reward=-20.5000 (mean, 1 tok)
2026-04-29 18:59:50,587 mme_vla_suite.pseudo_labeling.topreward_qwen_scorer INFO: Prefix 12/16 (end=56, n_frames=17/57): reward=-20.1250 (mean, 1 tok)
2026-04-29 18:59:57,613 mme_vla_suite.pseudo_labeling.topreward_qwen_scorer INFO: Prefix 13/16 (end=61, n_frames=19/62): reward=-19.0000 (mean, 1 tok)
2026-04-29 19:00:04,723 mme_vla_suite.pseudo_labeling.topreward_qwen_scorer INFO: Prefix 14/16 (end=65, n_frames=20/66): reward=-18.7500 (mean, 1 tok)
2026-04-29 19:00:11,791 mme_vla_suite.pseudo_labeling.topreward_qwen_scorer INFO: Prefix 15/16 (end=70, n_frames=21/71): reward=-17.8750 (mean, 1 tok)
2026-04-29 19:00:18,894 mme_vla_suite.pseudo_labeling.topreward_qwen_scorer INFO: Prefix 16/16 (end=75, n_frames=23/76): reward=-16.5000 (mean, 1 tok)
2026-04-29 19:00:27,167 mme_vla_suite.pseudo_labeling.topreward_qwen_scorer INFO: Prefix 1/16 (end=8, n_frames=4/9): reward=-19.8750 (mean, 1 tok)
2026-04-29 19:00:34,253 mme_vla_suite.pseudo_labeling.topreward_qwen_scorer INFO: Prefix 2/16 (end=13, n_frames=4/14): reward=-20.0000 (mean, 1 tok)
2026-04-29 19:00:41,398 mme_vla_suite.pseudo_labeling.topreward_qwen_scorer INFO: Prefix 3/16 (end=18, n_frames=6/19): reward=-19.2500 (mean, 1 tok)
2026-04-29 19:00:48,531 mme_vla_suite.pseudo_labeling.topreward_qwen_scorer INFO: Prefix 4/16 (end=24, n_frames=8/25): reward=-20.3750 (mean, 1 tok)
2026-04-29 19:00:55,650 mme_vla_suite.pseudo_labeling.topreward_qwen_scorer INFO: Prefix 5/16 (end=29, n_frames=9/30): reward=-19.0000 (mean, 1 tok)
2026-04-29 19:01:02,754 mme_vla_suite.pseudo_labeling.topreward_qwen_scorer INFO: Prefix 6/16 (end=34, n_frames=10/35): reward=-20.0000 (mean, 1 tok)
2026-04-29 19:01:09,910 mme_vla_suite.pseudo_labeling.topreward_qwen_scorer INFO: Prefix 7/16 (end=40, n_frames=12/41): reward=-20.0000 (mean, 1 tok)
2026-04-29 19:01:16,824 mme_vla_suite.pseudo_labeling.topreward_qwen_scorer INFO: Prefix 8/16 (end=45, n_frames=14/46): reward=-18.7500 (mean, 1 tok)
2026-04-29 19:01:23,776 mme_vla_suite.pseudo_labeling.topreward_qwen_scorer INFO: Prefix 9/16 (end=50, n_frames=15/51): reward=-18.5000 (mean, 1 tok)
2026-04-29 19:01:30,649 mme_vla_suite.pseudo_labeling.topreward_qwen_scorer INFO: Prefix 10/16 (end=56, n_frames=17/57): reward=-20.1250 (mean, 1 tok)
2026-04-29 19:01:37,628 mme_vla_suite.pseudo_labeling.topreward_qwen_scorer INFO: Prefix 11/16 (end=61, n_frames=19/62): reward=-19.0000 (mean, 1 tok)
2026-04-29 19:01:44,641 mme_vla_suite.pseudo_labeling.topreward_qwen_scorer INFO: Prefix 12/16 (end=66, n_frames=20/67): reward=-17.8750 (mean, 1 tok)
2026-04-29 19:01:51,671 mme_vla_suite.pseudo_labeling.topreward_qwen_scorer INFO: Prefix 13/16 (end=72, n_frames=22/73): reward=-18.8750 (mean, 1 tok)
2026-04-29 19:01:58,799 mme_vla_suite.pseudo_labeling.topreward_qwen_scorer INFO: Prefix 14/16 (end=77, n_frames=23/78): reward=-16.2500 (mean, 1 tok)
2026-04-29 19:02:06,826 mme_vla_suite.pseudo_labeling.topreward_qwen_scorer INFO: Prefix 15/16 (end=82, n_frames=25/83): reward=-18.6250 (mean, 1 tok)
2026-04-29 19:02:14,539 mme_vla_suite.pseudo_labeling.topreward_qwen_scorer INFO: Prefix 16/16 (end=88, n_frames=27/89): reward=-17.3750 (mean, 1 tok)
2026-04-29 19:02:23,631 mme_vla_suite.pseudo_labeling.topreward_qwen_scorer INFO: Prefix 1/16 (end=11, n_frames=4/12): reward=-17.8750 (mean, 1 tok)
2026-04-29 19:02:30,507 mme_vla_suite.pseudo_labeling.topreward_qwen_scorer INFO: Prefix 2/16 (end=18, n_frames=6/19): reward=-17.8750 (mean, 1 tok)
2026-04-29 19:02:37,474 mme_vla_suite.pseudo_labeling.topreward_qwen_scorer INFO: Prefix 3/16 (end=25, n_frames=8/26): reward=-17.8750 (mean, 1 tok)
2026-04-29 19:02:44,448 mme_vla_suite.pseudo_labeling.topreward_qwen_scorer INFO: Prefix 4/16 (end=32, n_frames=10/33): reward=-17.0000 (mean, 1 tok)
2026-04-29 19:02:51,416 mme_vla_suite.pseudo_labeling.topreward_qwen_scorer INFO: Prefix 5/16 (end=39, n_frames=12/40): reward=-15.5000 (mean, 1 tok)
2026-04-29 19:02:58,340 mme_vla_suite.pseudo_labeling.topreward_qwen_scorer INFO: Prefix 6/16 (end=46, n_frames=14/47): reward=-15.7500 (mean, 1 tok)
2026-04-29 19:03:05,355 mme_vla_suite.pseudo_labeling.topreward_qwen_scorer INFO: Prefix 7/16 (end=53, n_frames=16/54): reward=-16.2500 (mean, 1 tok)
2026-04-29 19:03:12,346 mme_vla_suite.pseudo_labeling.topreward_qwen_scorer INFO: Prefix 8/16 (end=60, n_frames=18/61): reward=-15.2500 (mean, 1 tok)
2026-04-29 19:03:19,363 mme_vla_suite.pseudo_labeling.topreward_qwen_scorer INFO: Prefix 9/16 (end=67, n_frames=20/68): reward=-15.5000 (mean, 1 tok)
2026-04-29 19:03:26,423 mme_vla_suite.pseudo_labeling.topreward_qwen_scorer INFO: Prefix 10/16 (end=74, n_frames=22/75): reward=-17.1250 (mean, 1 tok)
2026-04-29 19:03:33,513 mme_vla_suite.pseudo_labeling.topreward_qwen_scorer INFO: Prefix 11/16 (end=81, n_frames=25/82): reward=-16.6250 (mean, 1 tok)
2026-04-29 19:03:40,564 mme_vla_suite.pseudo_labeling.topreward_qwen_scorer INFO: Prefix 12/16 (end=88, n_frames=27/89): reward=-17.3750 (mean, 1 tok)
2026-04-29 19:03:47,644 mme_vla_suite.pseudo_labeling.topreward_qwen_scorer INFO: Prefix 13/16 (end=95, n_frames=29/96): reward=-15.7500 (mean, 1 tok)
2026-04-29 19:03:54,794 mme_vla_suite.pseudo_labeling.topreward_qwen_scorer INFO: Prefix 14/16 (end=102, n_frames=31/103): reward=-15.1250 (mean, 1 tok)
2026-04-29 19:04:01,974 mme_vla_suite.pseudo_labeling.topreward_qwen_scorer INFO: Prefix 15/16 (end=109, n_frames=33/110): reward=-14.3750 (mean, 1 tok)
2026-04-29 19:04:09,144 mme_vla_suite.pseudo_labeling.topreward_qwen_scorer INFO: Prefix 16/16 (end=117, n_frames=35/118): reward=-14.8750 (mean, 1 tok)
2026-04-29 19:04:17,059 mme_vla_suite.pseudo_labeling.topreward_qwen_scorer INFO: Prefix 1/16 (end=7, n_frames=4/8): reward=-19.3750 (mean, 1 tok)
2026-04-29 19:04:23,940 mme_vla_suite.pseudo_labeling.topreward_qwen_scorer INFO: Prefix 2/16 (end=11, n_frames=4/12): reward=-19.5000 (mean, 1 tok)
2026-04-29 19:04:30,834 mme_vla_suite.pseudo_labeling.topreward_qwen_scorer INFO: Prefix 3/16 (end=15, n_frames=5/16): reward=-21.5000 (mean, 1 tok)
2026-04-29 19:04:37,751 mme_vla_suite.pseudo_labeling.topreward_qwen_scorer INFO: Prefix 4/16 (end=19, n_frames=6/20): reward=-20.7500 (mean, 1 tok)
2026-04-29 19:04:44,664 mme_vla_suite.pseudo_labeling.topreward_qwen_scorer INFO: Prefix 5/16 (end=23, n_frames=7/24): reward=-21.1250 (mean, 1 tok)
2026-04-29 19:04:51,602 mme_vla_suite.pseudo_labeling.topreward_qwen_scorer INFO: Prefix 6/16 (end=28, n_frames=9/29): reward=-20.5000 (mean, 1 tok)
2026-04-29 19:04:58,696 mme_vla_suite.pseudo_labeling.topreward_qwen_scorer INFO: Prefix 7/16 (end=32, n_frames=10/33): reward=-19.8750 (mean, 1 tok)
2026-04-29 19:05:05,795 mme_vla_suite.pseudo_labeling.topreward_qwen_scorer INFO: Prefix 8/16 (end=36, n_frames=11/37): reward=-18.8750 (mean, 1 tok)
2026-04-29 19:05:12,735 mme_vla_suite.pseudo_labeling.topreward_qwen_scorer INFO: Prefix 9/16 (end=40, n_frames=12/41): reward=-18.2500 (mean, 1 tok)
2026-04-29 19:05:19,706 mme_vla_suite.pseudo_labeling.topreward_qwen_scorer INFO: Prefix 10/16 (end=44, n_frames=14/45): reward=-19.5000 (mean, 1 tok)
2026-04-29 19:05:26,675 mme_vla_suite.pseudo_labeling.topreward_qwen_scorer INFO: Prefix 11/16 (end=49, n_frames=15/50): reward=-17.8750 (mean, 1 tok)
2026-04-29 19:05:33,608 mme_vla_suite.pseudo_labeling.topreward_qwen_scorer INFO: Prefix 12/16 (end=53, n_frames=16/54): reward=-18.5000 (mean, 1 tok)
2026-04-29 19:05:40,577 mme_vla_suite.pseudo_labeling.topreward_qwen_scorer INFO: Prefix 13/16 (end=57, n_frames=17/58): reward=-19.0000 (mean, 1 tok)
2026-04-29 19:05:47,611 mme_vla_suite.pseudo_labeling.topreward_qwen_scorer INFO: Prefix 14/16 (end=61, n_frames=19/62): reward=-18.6250 (mean, 1 tok)
2026-04-29 19:05:54,625 mme_vla_suite.pseudo_labeling.topreward_qwen_scorer INFO: Prefix 15/16 (end=65, n_frames=20/66): reward=-18.5000 (mean, 1 tok)
2026-04-29 19:06:01,667 mme_vla_suite.pseudo_labeling.topreward_qwen_scorer INFO: Prefix 16/16 (end=70, n_frames=21/71): reward=-17.5000 (mean, 1 tok)
2026-04-29 19:06:09,696 mme_vla_suite.pseudo_labeling.topreward_qwen_scorer INFO: Prefix 1/16 (end=8, n_frames=4/9): reward=-18.1250 (mean, 1 tok)
2026-04-29 19:06:16,591 mme_vla_suite.pseudo_labeling.topreward_qwen_scorer INFO: Prefix 2/16 (end=13, n_frames=4/14): reward=-19.7500 (mean, 1 tok)
2026-04-29 19:06:23,493 mme_vla_suite.pseudo_labeling.topreward_qwen_scorer INFO: Prefix 3/16 (end=18, n_frames=6/19): reward=-20.6250 (mean, 1 tok)
2026-04-29 19:06:30,416 mme_vla_suite.pseudo_labeling.topreward_qwen_scorer INFO: Prefix 4/16 (end=23, n_frames=7/24): reward=-21.1250 (mean, 1 tok)
2026-04-29 19:06:37,358 mme_vla_suite.pseudo_labeling.topreward_qwen_scorer INFO: Prefix 5/16 (end=28, n_frames=9/29): reward=-20.5000 (mean, 1 tok)
2026-04-29 19:06:44,229 mme_vla_suite.pseudo_labeling.topreward_qwen_scorer INFO: Prefix 6/16 (end=33, n_frames=10/34): reward=-19.6250 (mean, 1 tok)
2026-04-29 19:06:51,172 mme_vla_suite.pseudo_labeling.topreward_qwen_scorer INFO: Prefix 7/16 (end=38, n_frames=12/39): reward=-18.6250 (mean, 1 tok)
2026-04-29 19:06:58,091 mme_vla_suite.pseudo_labeling.topreward_qwen_scorer INFO: Prefix 8/16 (end=43, n_frames=13/44): reward=-20.5000 (mean, 1 tok)
2026-04-29 19:07:04,978 mme_vla_suite.pseudo_labeling.topreward_qwen_scorer INFO: Prefix 9/16 (end=48, n_frames=15/49): reward=-18.2500 (mean, 1 tok)
2026-04-29 19:07:11,865 mme_vla_suite.pseudo_labeling.topreward_qwen_scorer INFO: Prefix 10/16 (end=53, n_frames=16/54): reward=-18.5000 (mean, 1 tok)
2026-04-29 19:07:18,789 mme_vla_suite.pseudo_labeling.topreward_qwen_scorer INFO: Prefix 11/16 (end=58, n_frames=18/59): reward=-18.6250 (mean, 1 tok)
2026-04-29 19:07:25,701 mme_vla_suite.pseudo_labeling.topreward_qwen_scorer INFO: Prefix 12/16 (end=63, n_frames=19/64): reward=-18.7500 (mean, 1 tok)
2026-04-29 19:07:32,664 mme_vla_suite.pseudo_labeling.topreward_qwen_scorer INFO: Prefix 13/16 (end=68, n_frames=21/69): reward=-17.0000 (mean, 1 tok)
2026-04-29 19:07:39,614 mme_vla_suite.pseudo_labeling.topreward_qwen_scorer INFO: Prefix 14/16 (end=73, n_frames=22/74): reward=-17.7500 (mean, 1 tok)
2026-04-29 19:07:46,586 mme_vla_suite.pseudo_labeling.topreward_qwen_scorer INFO: Prefix 15/16 (end=78, n_frames=24/79): reward=-18.2500 (mean, 1 tok)
2026-04-29 19:07:53,666 mme_vla_suite.pseudo_labeling.topreward_qwen_scorer INFO: Prefix 16/16 (end=83, n_frames=25/84): reward=-17.6250 (mean, 1 tok)
2026-04-29 19:08:01,667 mme_vla_suite.pseudo_labeling.topreward_qwen_scorer INFO: Prefix 1/16 (end=11, n_frames=4/12): reward=-20.3750 (mean, 1 tok)
2026-04-29 19:08:08,520 mme_vla_suite.pseudo_labeling.topreward_qwen_scorer INFO: Prefix 2/16 (end=17, n_frames=5/18): reward=-21.3750 (mean, 1 tok)
2026-04-29 19:08:15,387 mme_vla_suite.pseudo_labeling.topreward_qwen_scorer INFO: Prefix 3/16 (end=24, n_frames=8/25): reward=-21.3750 (mean, 1 tok)
2026-04-29 19:08:22,268 mme_vla_suite.pseudo_labeling.topreward_qwen_scorer INFO: Prefix 4/16 (end=31, n_frames=10/32): reward=-20.3750 (mean, 1 tok)
2026-04-29 19:08:29,137 mme_vla_suite.pseudo_labeling.topreward_qwen_scorer INFO: Prefix 5/16 (end=37, n_frames=11/38): reward=-18.6250 (mean, 1 tok)
2026-04-29 19:08:36,182 mme_vla_suite.pseudo_labeling.topreward_qwen_scorer INFO: Prefix 6/16 (end=44, n_frames=14/45): reward=-17.0000 (mean, 1 tok)
2026-04-29 19:08:43,104 mme_vla_suite.pseudo_labeling.topreward_qwen_scorer INFO: Prefix 7/16 (end=51, n_frames=16/52): reward=-16.6250 (mean, 1 tok)
2026-04-29 19:08:50,014 mme_vla_suite.pseudo_labeling.topreward_qwen_scorer INFO: Prefix 8/16 (end=58, n_frames=18/59): reward=-16.7500 (mean, 1 tok)
2026-04-29 19:08:57,032 mme_vla_suite.pseudo_labeling.topreward_qwen_scorer INFO: Prefix 9/16 (end=64, n_frames=20/65): reward=-16.6250 (mean, 1 tok)
2026-04-29 19:09:04,086 mme_vla_suite.pseudo_labeling.topreward_qwen_scorer INFO: Prefix 10/16 (end=71, n_frames=22/72): reward=-16.7500 (mean, 1 tok)
2026-04-29 19:09:11,122 mme_vla_suite.pseudo_labeling.topreward_qwen_scorer INFO: Prefix 11/16 (end=78, n_frames=24/79): reward=-16.6250 (mean, 1 tok)
2026-04-29 19:09:18,210 mme_vla_suite.pseudo_labeling.topreward_qwen_scorer INFO: Prefix 12/16 (end=85, n_frames=26/86): reward=-16.8750 (mean, 1 tok)
2026-04-29 19:09:25,209 mme_vla_suite.pseudo_labeling.topreward_qwen_scorer INFO: Prefix 13/16 (end=91, n_frames=28/92): reward=-17.3750 (mean, 1 tok)
2026-04-29 19:09:32,248 mme_vla_suite.pseudo_labeling.topreward_qwen_scorer INFO: Prefix 14/16 (end=98, n_frames=30/99): reward=-15.6250 (mean, 1 tok)
2026-04-29 19:09:39,365 mme_vla_suite.pseudo_labeling.topreward_qwen_scorer INFO: Prefix 15/16 (end=105, n_frames=32/106): reward=-15.8750 (mean, 1 tok)
2026-04-29 19:09:46,524 mme_vla_suite.pseudo_labeling.topreward_qwen_scorer INFO: Prefix 16/16 (end=112, n_frames=34/113): reward=-14.5000 (mean, 1 tok)
2026-04-29 19:09:54,690 mme_vla_suite.pseudo_labeling.topreward_qwen_scorer INFO: Prefix 1/16 (end=6, n_frames=4/7): reward=-19.5000 (mean, 1 tok)
2026-04-29 19:10:01,615 mme_vla_suite.pseudo_labeling.topreward_qwen_scorer INFO: Prefix 2/16 (end=10, n_frames=4/11): reward=-18.6250 (mean, 1 tok)
2026-04-29 19:10:08,529 mme_vla_suite.pseudo_labeling.topreward_qwen_scorer INFO: Prefix 3/16 (end=14, n_frames=4/15): reward=-19.0000 (mean, 1 tok)
2026-04-29 19:10:15,446 mme_vla_suite.pseudo_labeling.topreward_qwen_scorer INFO: Prefix 4/16 (end=18, n_frames=6/19): reward=-18.7500 (mean, 1 tok)
2026-04-29 19:10:22,368 mme_vla_suite.pseudo_labeling.topreward_qwen_scorer INFO: Prefix 5/16 (end=22, n_frames=7/23): reward=-19.3750 (mean, 1 tok)
2026-04-29 19:10:29,319 mme_vla_suite.pseudo_labeling.topreward_qwen_scorer INFO: Prefix 6/16 (end=26, n_frames=8/27): reward=-19.3750 (mean, 1 tok)
2026-04-29 19:10:36,239 mme_vla_suite.pseudo_labeling.topreward_qwen_scorer INFO: Prefix 7/16 (end=30, n_frames=9/31): reward=-18.7500 (mean, 1 tok)
2026-04-29 19:10:43,177 mme_vla_suite.pseudo_labeling.topreward_qwen_scorer INFO: Prefix 8/16 (end=34, n_frames=10/35): reward=-18.7500 (mean, 1 tok)
2026-04-29 19:10:50,295 mme_vla_suite.pseudo_labeling.topreward_qwen_scorer INFO: Prefix 9/16 (end=38, n_frames=12/39): reward=-19.3750 (mean, 1 tok)
2026-04-29 19:10:57,267 mme_vla_suite.pseudo_labeling.topreward_qwen_scorer INFO: Prefix 10/16 (end=42, n_frames=13/43): reward=-19.0000 (mean, 1 tok)
2026-04-29 19:11:04,314 mme_vla_suite.pseudo_labeling.topreward_qwen_scorer INFO: Prefix 11/16 (end=46, n_frames=14/47): reward=-19.0000 (mean, 1 tok)
2026-04-29 19:11:11,296 mme_vla_suite.pseudo_labeling.topreward_qwen_scorer INFO: Prefix 12/16 (end=50, n_frames=15/51): reward=-18.0000 (mean, 1 tok)
2026-04-29 19:11:18,293 mme_vla_suite.pseudo_labeling.topreward_qwen_scorer INFO: Prefix 13/16 (end=54, n_frames=16/55): reward=-17.7500 (mean, 1 tok)
2026-04-29 19:11:25,365 mme_vla_suite.pseudo_labeling.topreward_qwen_scorer INFO: Prefix 14/16 (end=58, n_frames=18/59): reward=-18.0000 (mean, 1 tok)
2026-04-29 19:11:32,405 mme_vla_suite.pseudo_labeling.topreward_qwen_scorer INFO: Prefix 15/16 (end=62, n_frames=19/63): reward=-18.5000 (mean, 1 tok)
2026-04-29 19:11:39,426 mme_vla_suite.pseudo_labeling.topreward_qwen_scorer INFO: Prefix 16/16 (end=66, n_frames=20/67): reward=-18.5000 (mean, 1 tok)
2026-04-29 19:11:47,362 mme_vla_suite.pseudo_labeling.topreward_qwen_scorer INFO: Prefix 1/16 (end=8, n_frames=4/9): reward=-19.3750 (mean, 1 tok)
2026-04-29 19:11:54,275 mme_vla_suite.pseudo_labeling.topreward_qwen_scorer INFO: Prefix 2/16 (end=12, n_frames=4/13): reward=-19.1250 (mean, 1 tok)
2026-04-29 19:12:01,190 mme_vla_suite.pseudo_labeling.topreward_qwen_scorer INFO: Prefix 3/16 (end=17, n_frames=5/18): reward=-18.6250 (mean, 1 tok)
2026-04-29 19:12:08,103 mme_vla_suite.pseudo_labeling.topreward_qwen_scorer INFO: Prefix 4/16 (end=22, n_frames=7/23): reward=-19.3750 (mean, 1 tok)
2026-04-29 19:12:15,048 mme_vla_suite.pseudo_labeling.topreward_qwen_scorer INFO: Prefix 5/16 (end=26, n_frames=8/27): reward=-19.3750 (mean, 1 tok)
2026-04-29 19:12:21,949 mme_vla_suite.pseudo_labeling.topreward_qwen_scorer INFO: Prefix 6/16 (end=31, n_frames=10/32): reward=-18.8750 (mean, 1 tok)
2026-04-29 19:12:28,895 mme_vla_suite.pseudo_labeling.topreward_qwen_scorer INFO: Prefix 7/16 (end=36, n_frames=11/37): reward=-18.7500 (mean, 1 tok)
2026-04-29 19:12:35,818 mme_vla_suite.pseudo_labeling.topreward_qwen_scorer INFO: Prefix 8/16 (end=41, n_frames=13/42): reward=-19.6250 (mean, 1 tok)
2026-04-29 19:12:42,678 mme_vla_suite.pseudo_labeling.topreward_qwen_scorer INFO: Prefix 9/16 (end=45, n_frames=14/46): reward=-18.7500 (mean, 1 tok)
2026-04-29 19:12:49,561 mme_vla_suite.pseudo_labeling.topreward_qwen_scorer INFO: Prefix 10/16 (end=50, n_frames=15/51): reward=-18.0000 (mean, 1 tok)
2026-04-29 19:12:56,490 mme_vla_suite.pseudo_labeling.topreward_qwen_scorer INFO: Prefix 11/16 (end=55, n_frames=17/56): reward=-18.1250 (mean, 1 tok)
2026-04-29 19:13:03,459 mme_vla_suite.pseudo_labeling.topreward_qwen_scorer INFO: Prefix 12/16 (end=60, n_frames=18/61): reward=-18.5000 (mean, 1 tok)
2026-04-29 19:13:10,380 mme_vla_suite.pseudo_labeling.topreward_qwen_scorer INFO: Prefix 13/16 (end=64, n_frames=20/65): reward=-18.3750 (mean, 1 tok)
2026-04-29 19:13:17,341 mme_vla_suite.pseudo_labeling.topreward_qwen_scorer INFO: Prefix 14/16 (end=69, n_frames=21/70): reward=-18.6250 (mean, 1 tok)
2026-04-29 19:13:24,358 mme_vla_suite.pseudo_labeling.topreward_qwen_scorer INFO: Prefix 15/16 (end=74, n_frames=22/75): reward=-18.6250 (mean, 1 tok)
2026-04-29 19:13:31,409 mme_vla_suite.pseudo_labeling.topreward_qwen_scorer INFO: Prefix 16/16 (end=79, n_frames=24/80): reward=-18.7500 (mean, 1 tok)
