/coc/testnvme/shalbe3/miniconda/envs/robomme/lib/python3.11/site-packages/torch/cuda/__init__.py:63: FutureWarning: The pynvml package is deprecated. Please install nvidia-ml-py instead. If you did not install pynvml directly, please report this to the maintainers of the package that installed pynvml for you.
  import pynvml  # type: ignore[import]
`torch_dtype` is deprecated! Use `dtype` instead!
You are attempting to use Flash Attention 2 without specifying a torch dtype. This might lead to unexpected behaviour
2026-04-30 01:03:06,815 mme_vla_suite.pseudo_labeling.topreward_qwen_scorer WARNING: flash_attention_2 unavailable (/coc/testnvme/shalbe3/miniconda/envs/robomme/lib/python3.11/site-packages/flash_attn_2_cuda.cpython-311-x86_64-linux-gnu.so: undefined symbol: _ZNK3c106SymInt6sym_neERKS0_), using default attention
Loading checkpoint shards:   0%|          | 0/4 [00:00<?, ?it/s]Loading checkpoint shards:  25%|██▌       | 1/4 [00:00<00:02,  1.04it/s]Loading checkpoint shards:  50%|█████     | 2/4 [00:01<00:01,  1.01it/s]Loading checkpoint shards:  75%|███████▌  | 3/4 [00:03<00:01,  1.29s/it]Loading checkpoint shards: 100%|██████████| 4/4 [00:04<00:00,  1.11s/it]Loading checkpoint shards: 100%|██████████| 4/4 [00:04<00:00,  1.12s/it]
Asked to sample `fps` frames per second but no video metadata was provided which is required when sampling with `fps`. Defaulting to `fps=24`. Please provide `video_metadata` for more accurate results.
2026-04-30 01:03:20,722 mme_vla_suite.pseudo_labeling.topreward_qwen_scorer INFO: Prefix 1/8 (end=10, n_frames=4/11): reward=-18.7500 (mean, 1 tok)
2026-04-30 01:03:27,562 mme_vla_suite.pseudo_labeling.topreward_qwen_scorer INFO: Prefix 2/8 (end=23, n_frames=5/24): reward=-19.0000 (mean, 1 tok)
2026-04-30 01:03:34,404 mme_vla_suite.pseudo_labeling.topreward_qwen_scorer INFO: Prefix 3/8 (end=37, n_frames=8/38): reward=-16.2500 (mean, 1 tok)
2026-04-30 01:03:41,234 mme_vla_suite.pseudo_labeling.topreward_qwen_scorer INFO: Prefix 4/8 (end=51, n_frames=10/52): reward=-14.5000 (mean, 1 tok)
2026-04-30 01:03:48,168 mme_vla_suite.pseudo_labeling.topreward_qwen_scorer INFO: Prefix 5/8 (end=65, n_frames=13/66): reward=-15.1250 (mean, 1 tok)
2026-04-30 01:03:55,050 mme_vla_suite.pseudo_labeling.topreward_qwen_scorer INFO: Prefix 6/8 (end=79, n_frames=16/80): reward=-14.3750 (mean, 1 tok)
2026-04-30 01:04:01,981 mme_vla_suite.pseudo_labeling.topreward_qwen_scorer INFO: Prefix 7/8 (end=93, n_frames=19/94): reward=-11.7500 (mean, 1 tok)
2026-04-30 01:04:08,951 mme_vla_suite.pseudo_labeling.topreward_qwen_scorer INFO: Prefix 8/8 (end=107, n_frames=22/108): reward=-11.3750 (mean, 1 tok)
2026-04-30 01:04:16,608 mme_vla_suite.pseudo_labeling.topreward_qwen_scorer INFO: Prefix 1/8 (end=6, n_frames=4/7): reward=-18.2500 (mean, 1 tok)
2026-04-30 01:04:23,374 mme_vla_suite.pseudo_labeling.topreward_qwen_scorer INFO: Prefix 2/8 (end=14, n_frames=4/15): reward=-18.6250 (mean, 1 tok)
2026-04-30 01:04:30,170 mme_vla_suite.pseudo_labeling.topreward_qwen_scorer INFO: Prefix 3/8 (end=23, n_frames=5/24): reward=-18.5000 (mean, 1 tok)
2026-04-30 01:04:36,979 mme_vla_suite.pseudo_labeling.topreward_qwen_scorer INFO: Prefix 4/8 (end=31, n_frames=6/32): reward=-17.6250 (mean, 1 tok)
2026-04-30 01:04:43,963 mme_vla_suite.pseudo_labeling.topreward_qwen_scorer INFO: Prefix 5/8 (end=40, n_frames=8/41): reward=-17.7500 (mean, 1 tok)
2026-04-30 01:04:50,799 mme_vla_suite.pseudo_labeling.topreward_qwen_scorer INFO: Prefix 6/8 (end=48, n_frames=10/49): reward=-17.6250 (mean, 1 tok)
2026-04-30 01:04:57,661 mme_vla_suite.pseudo_labeling.topreward_qwen_scorer INFO: Prefix 7/8 (end=57, n_frames=12/58): reward=-16.8750 (mean, 1 tok)
2026-04-30 01:05:04,653 mme_vla_suite.pseudo_labeling.topreward_qwen_scorer INFO: Prefix 8/8 (end=66, n_frames=13/67): reward=-17.5000 (mean, 1 tok)
2026-04-30 01:05:12,216 mme_vla_suite.pseudo_labeling.topreward_qwen_scorer INFO: Prefix 1/8 (end=10, n_frames=4/11): reward=-19.2500 (mean, 1 tok)
2026-04-30 01:05:19,104 mme_vla_suite.pseudo_labeling.topreward_qwen_scorer INFO: Prefix 2/8 (end=23, n_frames=5/24): reward=-17.0000 (mean, 1 tok)
2026-04-30 01:05:25,931 mme_vla_suite.pseudo_labeling.topreward_qwen_scorer INFO: Prefix 3/8 (end=36, n_frames=7/37): reward=-17.2500 (mean, 1 tok)
2026-04-30 01:05:32,933 mme_vla_suite.pseudo_labeling.topreward_qwen_scorer INFO: Prefix 4/8 (end=49, n_frames=10/50): reward=-16.3750 (mean, 1 tok)
2026-04-30 01:05:39,791 mme_vla_suite.pseudo_labeling.topreward_qwen_scorer INFO: Prefix 5/8 (end=63, n_frames=13/64): reward=-15.8750 (mean, 1 tok)
2026-04-30 01:05:46,639 mme_vla_suite.pseudo_labeling.topreward_qwen_scorer INFO: Prefix 6/8 (end=76, n_frames=15/77): reward=-16.3750 (mean, 1 tok)
2026-04-30 01:05:53,525 mme_vla_suite.pseudo_labeling.topreward_qwen_scorer INFO: Prefix 7/8 (end=89, n_frames=18/90): reward=-13.6250 (mean, 1 tok)
2026-04-30 01:06:00,456 mme_vla_suite.pseudo_labeling.topreward_qwen_scorer INFO: Prefix 8/8 (end=103, n_frames=21/104): reward=-14.5000 (mean, 1 tok)
2026-04-30 01:06:08,228 mme_vla_suite.pseudo_labeling.topreward_qwen_scorer INFO: Prefix 1/8 (end=7, n_frames=4/8): reward=-17.2500 (mean, 1 tok)
2026-04-30 01:06:15,030 mme_vla_suite.pseudo_labeling.topreward_qwen_scorer INFO: Prefix 2/8 (end=16, n_frames=4/17): reward=-16.8750 (mean, 1 tok)
2026-04-30 01:06:21,829 mme_vla_suite.pseudo_labeling.topreward_qwen_scorer INFO: Prefix 3/8 (end=26, n_frames=5/27): reward=-18.8750 (mean, 1 tok)
2026-04-30 01:06:28,620 mme_vla_suite.pseudo_labeling.topreward_qwen_scorer INFO: Prefix 4/8 (end=35, n_frames=7/36): reward=-19.0000 (mean, 1 tok)
2026-04-30 01:06:35,435 mme_vla_suite.pseudo_labeling.topreward_qwen_scorer INFO: Prefix 5/8 (end=45, n_frames=9/46): reward=-18.1250 (mean, 1 tok)
2026-04-30 01:06:42,265 mme_vla_suite.pseudo_labeling.topreward_qwen_scorer INFO: Prefix 6/8 (end=54, n_frames=11/55): reward=-16.6250 (mean, 1 tok)
2026-04-30 01:06:49,116 mme_vla_suite.pseudo_labeling.topreward_qwen_scorer INFO: Prefix 7/8 (end=64, n_frames=13/65): reward=-18.1250 (mean, 1 tok)
2026-04-30 01:06:55,964 mme_vla_suite.pseudo_labeling.topreward_qwen_scorer INFO: Prefix 8/8 (end=74, n_frames=15/75): reward=-18.8750 (mean, 1 tok)
2026-04-30 01:07:03,912 mme_vla_suite.pseudo_labeling.topreward_qwen_scorer INFO: Prefix 1/8 (end=22, n_frames=5/23): reward=-18.0000 (mean, 1 tok)
2026-04-30 01:07:10,745 mme_vla_suite.pseudo_labeling.topreward_qwen_scorer INFO: Prefix 2/8 (end=51, n_frames=10/52): reward=-19.2500 (mean, 1 tok)
2026-04-30 01:07:17,620 mme_vla_suite.pseudo_labeling.topreward_qwen_scorer INFO: Prefix 3/8 (end=80, n_frames=16/81): reward=-17.5000 (mean, 1 tok)
2026-04-30 01:07:24,568 mme_vla_suite.pseudo_labeling.topreward_qwen_scorer INFO: Prefix 4/8 (end=109, n_frames=22/110): reward=-18.1250 (mean, 1 tok)
2026-04-30 01:07:31,565 mme_vla_suite.pseudo_labeling.topreward_qwen_scorer INFO: Prefix 5/8 (end=139, n_frames=28/140): reward=-17.1250 (mean, 1 tok)
2026-04-30 01:07:38,655 mme_vla_suite.pseudo_labeling.topreward_qwen_scorer INFO: Prefix 6/8 (end=168, n_frames=34/169): reward=-16.8750 (mean, 1 tok)
2026-04-30 01:07:45,777 mme_vla_suite.pseudo_labeling.topreward_qwen_scorer INFO: Prefix 7/8 (end=197, n_frames=40/198): reward=-15.8750 (mean, 1 tok)
2026-04-30 01:07:52,938 mme_vla_suite.pseudo_labeling.topreward_qwen_scorer INFO: Prefix 8/8 (end=227, n_frames=46/228): reward=-14.0000 (mean, 1 tok)
2026-04-30 01:08:00,608 mme_vla_suite.pseudo_labeling.topreward_qwen_scorer INFO: Prefix 1/8 (end=8, n_frames=4/9): reward=-21.1250 (mean, 1 tok)
2026-04-30 01:08:07,468 mme_vla_suite.pseudo_labeling.topreward_qwen_scorer INFO: Prefix 2/8 (end=19, n_frames=4/20): reward=-20.1250 (mean, 1 tok)
2026-04-30 01:08:14,320 mme_vla_suite.pseudo_labeling.topreward_qwen_scorer INFO: Prefix 3/8 (end=30, n_frames=6/31): reward=-18.6250 (mean, 1 tok)
2026-04-30 01:08:21,132 mme_vla_suite.pseudo_labeling.topreward_qwen_scorer INFO: Prefix 4/8 (end=41, n_frames=8/42): reward=-19.2500 (mean, 1 tok)
2026-04-30 01:08:27,942 mme_vla_suite.pseudo_labeling.topreward_qwen_scorer INFO: Prefix 5/8 (end=52, n_frames=11/53): reward=-17.8750 (mean, 1 tok)
2026-04-30 01:08:34,792 mme_vla_suite.pseudo_labeling.topreward_qwen_scorer INFO: Prefix 6/8 (end=63, n_frames=13/64): reward=-18.8750 (mean, 1 tok)
2026-04-30 01:08:41,623 mme_vla_suite.pseudo_labeling.topreward_qwen_scorer INFO: Prefix 7/8 (end=74, n_frames=15/75): reward=-18.3750 (mean, 1 tok)
2026-04-30 01:08:48,490 mme_vla_suite.pseudo_labeling.topreward_qwen_scorer INFO: Prefix 8/8 (end=86, n_frames=17/87): reward=-17.2500 (mean, 1 tok)
2026-04-30 01:08:56,272 mme_vla_suite.pseudo_labeling.topreward_qwen_scorer INFO: Prefix 1/8 (end=10, n_frames=4/11): reward=-18.7500 (mean, 1 tok)
2026-04-30 01:09:03,067 mme_vla_suite.pseudo_labeling.topreward_qwen_scorer INFO: Prefix 2/8 (end=22, n_frames=5/23): reward=-17.0000 (mean, 1 tok)
2026-04-30 01:09:09,881 mme_vla_suite.pseudo_labeling.topreward_qwen_scorer INFO: Prefix 3/8 (end=35, n_frames=7/36): reward=-15.8750 (mean, 1 tok)
2026-04-30 01:09:16,723 mme_vla_suite.pseudo_labeling.topreward_qwen_scorer INFO: Prefix 4/8 (end=48, n_frames=10/49): reward=-15.5000 (mean, 1 tok)
2026-04-30 01:09:23,548 mme_vla_suite.pseudo_labeling.topreward_qwen_scorer INFO: Prefix 5/8 (end=61, n_frames=12/62): reward=-12.1250 (mean, 1 tok)
2026-04-30 01:09:30,414 mme_vla_suite.pseudo_labeling.topreward_qwen_scorer INFO: Prefix 6/8 (end=74, n_frames=15/75): reward=-14.3750 (mean, 1 tok)
2026-04-30 01:09:37,278 mme_vla_suite.pseudo_labeling.topreward_qwen_scorer INFO: Prefix 7/8 (end=87, n_frames=18/88): reward=-13.6250 (mean, 1 tok)
2026-04-30 01:09:44,215 mme_vla_suite.pseudo_labeling.topreward_qwen_scorer INFO: Prefix 8/8 (end=100, n_frames=20/101): reward=-12.1250 (mean, 1 tok)
2026-04-30 01:09:51,730 mme_vla_suite.pseudo_labeling.topreward_qwen_scorer INFO: Prefix 1/8 (end=6, n_frames=4/7): reward=-19.6250 (mean, 1 tok)
2026-04-30 01:09:58,526 mme_vla_suite.pseudo_labeling.topreward_qwen_scorer INFO: Prefix 2/8 (end=14, n_frames=4/15): reward=-19.6250 (mean, 1 tok)
2026-04-30 01:10:05,359 mme_vla_suite.pseudo_labeling.topreward_qwen_scorer INFO: Prefix 3/8 (end=22, n_frames=5/23): reward=-19.2500 (mean, 1 tok)
2026-04-30 01:10:12,199 mme_vla_suite.pseudo_labeling.topreward_qwen_scorer INFO: Prefix 4/8 (end=31, n_frames=6/32): reward=-18.6250 (mean, 1 tok)
2026-04-30 01:10:19,077 mme_vla_suite.pseudo_labeling.topreward_qwen_scorer INFO: Prefix 5/8 (end=39, n_frames=8/40): reward=-18.0000 (mean, 1 tok)
2026-04-30 01:10:25,921 mme_vla_suite.pseudo_labeling.topreward_qwen_scorer INFO: Prefix 6/8 (end=48, n_frames=10/49): reward=-18.5000 (mean, 1 tok)
2026-04-30 01:10:32,762 mme_vla_suite.pseudo_labeling.topreward_qwen_scorer INFO: Prefix 7/8 (end=56, n_frames=11/57): reward=-18.1250 (mean, 1 tok)
2026-04-30 01:10:39,620 mme_vla_suite.pseudo_labeling.topreward_qwen_scorer INFO: Prefix 8/8 (end=65, n_frames=13/66): reward=-19.1250 (mean, 1 tok)
2026-04-30 01:10:47,290 mme_vla_suite.pseudo_labeling.topreward_qwen_scorer INFO: Prefix 1/8 (end=6, n_frames=4/7): reward=-20.0000 (mean, 1 tok)
2026-04-30 01:10:54,122 mme_vla_suite.pseudo_labeling.topreward_qwen_scorer INFO: Prefix 2/8 (end=14, n_frames=4/15): reward=-19.7500 (mean, 1 tok)
2026-04-30 01:11:00,933 mme_vla_suite.pseudo_labeling.topreward_qwen_scorer INFO: Prefix 3/8 (end=23, n_frames=5/24): reward=-19.1250 (mean, 1 tok)
2026-04-30 01:11:07,781 mme_vla_suite.pseudo_labeling.topreward_qwen_scorer INFO: Prefix 4/8 (end=32, n_frames=7/33): reward=-18.5000 (mean, 1 tok)
2026-04-30 01:11:14,649 mme_vla_suite.pseudo_labeling.topreward_qwen_scorer INFO: Prefix 5/8 (end=41, n_frames=8/42): reward=-18.2500 (mean, 1 tok)
2026-04-30 01:11:21,516 mme_vla_suite.pseudo_labeling.topreward_qwen_scorer INFO: Prefix 6/8 (end=50, n_frames=10/51): reward=-17.3750 (mean, 1 tok)
2026-04-30 01:11:28,395 mme_vla_suite.pseudo_labeling.topreward_qwen_scorer INFO: Prefix 7/8 (end=59, n_frames=12/60): reward=-16.5000 (mean, 1 tok)
2026-04-30 01:11:35,266 mme_vla_suite.pseudo_labeling.topreward_qwen_scorer INFO: Prefix 8/8 (end=68, n_frames=14/69): reward=-17.3750 (mean, 1 tok)
2026-04-30 01:11:43,060 mme_vla_suite.pseudo_labeling.topreward_qwen_scorer INFO: Prefix 1/8 (end=10, n_frames=4/11): reward=-20.0000 (mean, 1 tok)
2026-04-30 01:11:49,881 mme_vla_suite.pseudo_labeling.topreward_qwen_scorer INFO: Prefix 2/8 (end=23, n_frames=5/24): reward=-19.1250 (mean, 1 tok)
2026-04-30 01:11:56,720 mme_vla_suite.pseudo_labeling.topreward_qwen_scorer INFO: Prefix 3/8 (end=36, n_frames=7/37): reward=-17.6250 (mean, 1 tok)
2026-04-30 01:12:03,567 mme_vla_suite.pseudo_labeling.topreward_qwen_scorer INFO: Prefix 4/8 (end=49, n_frames=10/50): reward=-17.6250 (mean, 1 tok)
2026-04-30 01:12:10,428 mme_vla_suite.pseudo_labeling.topreward_qwen_scorer INFO: Prefix 5/8 (end=63, n_frames=13/64): reward=-16.7500 (mean, 1 tok)
2026-04-30 01:12:17,331 mme_vla_suite.pseudo_labeling.topreward_qwen_scorer INFO: Prefix 6/8 (end=76, n_frames=15/77): reward=-16.7500 (mean, 1 tok)
2026-04-30 01:12:24,211 mme_vla_suite.pseudo_labeling.topreward_qwen_scorer INFO: Prefix 7/8 (end=89, n_frames=18/90): reward=-16.0000 (mean, 1 tok)
2026-04-30 01:12:31,072 mme_vla_suite.pseudo_labeling.topreward_qwen_scorer INFO: Prefix 8/8 (end=103, n_frames=21/104): reward=-17.3750 (mean, 1 tok)
2026-04-30 01:12:38,578 mme_vla_suite.pseudo_labeling.topreward_qwen_scorer INFO: Prefix 1/8 (end=11, n_frames=4/12): reward=-17.1250 (mean, 1 tok)
2026-04-30 01:12:45,371 mme_vla_suite.pseudo_labeling.topreward_qwen_scorer INFO: Prefix 2/8 (end=25, n_frames=5/26): reward=-17.7500 (mean, 1 tok)
2026-04-30 01:12:52,218 mme_vla_suite.pseudo_labeling.topreward_qwen_scorer INFO: Prefix 3/8 (end=39, n_frames=8/40): reward=-15.2500 (mean, 1 tok)
2026-04-30 01:12:59,131 mme_vla_suite.pseudo_labeling.topreward_qwen_scorer INFO: Prefix 4/8 (end=53, n_frames=11/54): reward=-12.3750 (mean, 1 tok)
2026-04-30 01:13:06,041 mme_vla_suite.pseudo_labeling.topreward_qwen_scorer INFO: Prefix 5/8 (end=67, n_frames=14/68): reward=-13.8750 (mean, 1 tok)
2026-04-30 01:13:12,922 mme_vla_suite.pseudo_labeling.topreward_qwen_scorer INFO: Prefix 6/8 (end=81, n_frames=16/82): reward=-13.5000 (mean, 1 tok)
2026-04-30 01:13:19,839 mme_vla_suite.pseudo_labeling.topreward_qwen_scorer INFO: Prefix 7/8 (end=95, n_frames=19/96): reward=-13.0000 (mean, 1 tok)
2026-04-30 01:13:26,757 mme_vla_suite.pseudo_labeling.topreward_qwen_scorer INFO: Prefix 8/8 (end=110, n_frames=22/111): reward=-12.5000 (mean, 1 tok)
2026-04-30 01:13:34,438 mme_vla_suite.pseudo_labeling.topreward_qwen_scorer INFO: Prefix 1/8 (end=6, n_frames=4/7): reward=-20.6250 (mean, 1 tok)
2026-04-30 01:13:41,367 mme_vla_suite.pseudo_labeling.topreward_qwen_scorer INFO: Prefix 2/8 (end=14, n_frames=4/15): reward=-19.8750 (mean, 1 tok)
2026-04-30 01:13:48,373 mme_vla_suite.pseudo_labeling.topreward_qwen_scorer INFO: Prefix 3/8 (end=23, n_frames=5/24): reward=-19.8750 (mean, 1 tok)
2026-04-30 01:13:55,333 mme_vla_suite.pseudo_labeling.topreward_qwen_scorer INFO: Prefix 4/8 (end=32, n_frames=7/33): reward=-18.1250 (mean, 1 tok)
2026-04-30 01:14:02,204 mme_vla_suite.pseudo_labeling.topreward_qwen_scorer INFO: Prefix 5/8 (end=40, n_frames=8/41): reward=-17.6250 (mean, 1 tok)
2026-04-30 01:14:09,051 mme_vla_suite.pseudo_labeling.topreward_qwen_scorer INFO: Prefix 6/8 (end=49, n_frames=10/50): reward=-19.3750 (mean, 1 tok)
2026-04-30 01:14:15,920 mme_vla_suite.pseudo_labeling.topreward_qwen_scorer INFO: Prefix 7/8 (end=58, n_frames=12/59): reward=-18.5000 (mean, 1 tok)
2026-04-30 01:14:22,805 mme_vla_suite.pseudo_labeling.topreward_qwen_scorer INFO: Prefix 8/8 (end=67, n_frames=14/68): reward=-20.1250 (mean, 1 tok)
2026-04-30 01:14:30,498 mme_vla_suite.pseudo_labeling.topreward_qwen_scorer INFO: Prefix 1/8 (end=10, n_frames=4/11): reward=-17.5000 (mean, 1 tok)
2026-04-30 01:14:37,522 mme_vla_suite.pseudo_labeling.topreward_qwen_scorer INFO: Prefix 2/8 (end=23, n_frames=5/24): reward=-16.1250 (mean, 1 tok)
2026-04-30 01:14:44,399 mme_vla_suite.pseudo_labeling.topreward_qwen_scorer INFO: Prefix 3/8 (end=37, n_frames=8/38): reward=-16.6250 (mean, 1 tok)
2026-04-30 01:14:51,208 mme_vla_suite.pseudo_labeling.topreward_qwen_scorer INFO: Prefix 4/8 (end=51, n_frames=10/52): reward=-15.6250 (mean, 1 tok)
2026-04-30 01:14:58,162 mme_vla_suite.pseudo_labeling.topreward_qwen_scorer INFO: Prefix 5/8 (end=65, n_frames=13/66): reward=-15.5000 (mean, 1 tok)
2026-04-30 01:15:05,091 mme_vla_suite.pseudo_labeling.topreward_qwen_scorer INFO: Prefix 6/8 (end=79, n_frames=16/80): reward=-14.5000 (mean, 1 tok)
2026-04-30 01:15:12,017 mme_vla_suite.pseudo_labeling.topreward_qwen_scorer INFO: Prefix 7/8 (end=93, n_frames=19/94): reward=-14.5000 (mean, 1 tok)
2026-04-30 01:15:19,101 mme_vla_suite.pseudo_labeling.topreward_qwen_scorer INFO: Prefix 8/8 (end=107, n_frames=22/108): reward=-13.8750 (mean, 1 tok)
2026-04-30 01:15:26,804 mme_vla_suite.pseudo_labeling.topreward_qwen_scorer INFO: Prefix 1/8 (end=8, n_frames=4/9): reward=-19.8750 (mean, 1 tok)
2026-04-30 01:15:33,623 mme_vla_suite.pseudo_labeling.topreward_qwen_scorer INFO: Prefix 2/8 (end=18, n_frames=4/19): reward=-19.5000 (mean, 1 tok)
2026-04-30 01:15:40,457 mme_vla_suite.pseudo_labeling.topreward_qwen_scorer INFO: Prefix 3/8 (end=28, n_frames=6/29): reward=-19.0000 (mean, 1 tok)
2026-04-30 01:15:47,262 mme_vla_suite.pseudo_labeling.topreward_qwen_scorer INFO: Prefix 4/8 (end=39, n_frames=8/40): reward=-19.5000 (mean, 1 tok)
2026-04-30 01:15:54,093 mme_vla_suite.pseudo_labeling.topreward_qwen_scorer INFO: Prefix 5/8 (end=49, n_frames=10/50): reward=-17.1250 (mean, 1 tok)
2026-04-30 01:16:00,913 mme_vla_suite.pseudo_labeling.topreward_qwen_scorer INFO: Prefix 6/8 (end=60, n_frames=12/61): reward=-16.0000 (mean, 1 tok)
2026-04-30 01:16:07,742 mme_vla_suite.pseudo_labeling.topreward_qwen_scorer INFO: Prefix 7/8 (end=70, n_frames=14/71): reward=-18.8750 (mean, 1 tok)
2026-04-30 01:16:14,594 mme_vla_suite.pseudo_labeling.topreward_qwen_scorer INFO: Prefix 8/8 (end=81, n_frames=16/82): reward=-18.5000 (mean, 1 tok)
2026-04-30 01:16:22,205 mme_vla_suite.pseudo_labeling.topreward_qwen_scorer INFO: Prefix 1/8 (end=10, n_frames=4/11): reward=-18.5000 (mean, 1 tok)
2026-04-30 01:16:29,119 mme_vla_suite.pseudo_labeling.topreward_qwen_scorer INFO: Prefix 2/8 (end=22, n_frames=5/23): reward=-16.1250 (mean, 1 tok)
2026-04-30 01:16:36,165 mme_vla_suite.pseudo_labeling.topreward_qwen_scorer INFO: Prefix 3/8 (end=35, n_frames=7/36): reward=-15.7500 (mean, 1 tok)
2026-04-30 01:16:43,088 mme_vla_suite.pseudo_labeling.topreward_qwen_scorer INFO: Prefix 4/8 (end=48, n_frames=10/49): reward=-15.3750 (mean, 1 tok)
2026-04-30 01:16:50,104 mme_vla_suite.pseudo_labeling.topreward_qwen_scorer INFO: Prefix 5/8 (end=60, n_frames=12/61): reward=-13.8750 (mean, 1 tok)
2026-04-30 01:16:57,111 mme_vla_suite.pseudo_labeling.topreward_qwen_scorer INFO: Prefix 6/8 (end=73, n_frames=15/74): reward=-12.8750 (mean, 1 tok)
2026-04-30 01:17:04,092 mme_vla_suite.pseudo_labeling.topreward_qwen_scorer INFO: Prefix 7/8 (end=86, n_frames=17/87): reward=-13.2500 (mean, 1 tok)
2026-04-30 01:17:11,138 mme_vla_suite.pseudo_labeling.topreward_qwen_scorer INFO: Prefix 8/8 (end=99, n_frames=20/100): reward=-14.7500 (mean, 1 tok)
2026-04-30 01:17:18,810 mme_vla_suite.pseudo_labeling.topreward_qwen_scorer INFO: Prefix 1/8 (end=7, n_frames=4/8): reward=-20.0000 (mean, 1 tok)
2026-04-30 01:17:25,676 mme_vla_suite.pseudo_labeling.topreward_qwen_scorer INFO: Prefix 2/8 (end=16, n_frames=4/17): reward=-19.5000 (mean, 1 tok)
2026-04-30 01:17:32,541 mme_vla_suite.pseudo_labeling.topreward_qwen_scorer INFO: Prefix 3/8 (end=25, n_frames=5/26): reward=-19.8750 (mean, 1 tok)
2026-04-30 01:17:39,397 mme_vla_suite.pseudo_labeling.topreward_qwen_scorer INFO: Prefix 4/8 (end=34, n_frames=7/35): reward=-17.2500 (mean, 1 tok)
2026-04-30 01:17:46,282 mme_vla_suite.pseudo_labeling.topreward_qwen_scorer INFO: Prefix 5/8 (end=43, n_frames=9/44): reward=-15.6250 (mean, 1 tok)
2026-04-30 01:17:53,209 mme_vla_suite.pseudo_labeling.topreward_qwen_scorer INFO: Prefix 6/8 (end=52, n_frames=11/53): reward=-16.3750 (mean, 1 tok)
2026-04-30 01:18:00,018 mme_vla_suite.pseudo_labeling.topreward_qwen_scorer INFO: Prefix 7/8 (end=61, n_frames=12/62): reward=-15.3750 (mean, 1 tok)
2026-04-30 01:18:06,840 mme_vla_suite.pseudo_labeling.topreward_qwen_scorer INFO: Prefix 8/8 (end=71, n_frames=14/72): reward=-19.1250 (mean, 1 tok)
2026-04-30 01:18:14,508 mme_vla_suite.pseudo_labeling.topreward_qwen_scorer INFO: Prefix 1/8 (end=6, n_frames=4/7): reward=-22.0000 (mean, 1 tok)
2026-04-30 01:18:21,298 mme_vla_suite.pseudo_labeling.topreward_qwen_scorer INFO: Prefix 2/8 (end=14, n_frames=4/15): reward=-20.0000 (mean, 1 tok)
2026-04-30 01:18:28,160 mme_vla_suite.pseudo_labeling.topreward_qwen_scorer INFO: Prefix 3/8 (end=22, n_frames=5/23): reward=-19.0000 (mean, 1 tok)
2026-04-30 01:18:34,974 mme_vla_suite.pseudo_labeling.topreward_qwen_scorer INFO: Prefix 4/8 (end=31, n_frames=6/32): reward=-18.6250 (mean, 1 tok)
2026-04-30 01:18:41,823 mme_vla_suite.pseudo_labeling.topreward_qwen_scorer INFO: Prefix 5/8 (end=39, n_frames=8/40): reward=-19.2500 (mean, 1 tok)
2026-04-30 01:18:48,652 mme_vla_suite.pseudo_labeling.topreward_qwen_scorer INFO: Prefix 6/8 (end=48, n_frames=10/49): reward=-18.1250 (mean, 1 tok)
2026-04-30 01:18:55,503 mme_vla_suite.pseudo_labeling.topreward_qwen_scorer INFO: Prefix 7/8 (end=56, n_frames=11/57): reward=-17.5000 (mean, 1 tok)
2026-04-30 01:19:02,325 mme_vla_suite.pseudo_labeling.topreward_qwen_scorer INFO: Prefix 8/8 (end=65, n_frames=13/66): reward=-18.5000 (mean, 1 tok)
2026-04-30 01:19:10,049 mme_vla_suite.pseudo_labeling.topreward_qwen_scorer INFO: Prefix 1/8 (end=10, n_frames=4/11): reward=-21.5000 (mean, 1 tok)
2026-04-30 01:19:16,842 mme_vla_suite.pseudo_labeling.topreward_qwen_scorer INFO: Prefix 2/8 (end=23, n_frames=5/24): reward=-19.3750 (mean, 1 tok)
2026-04-30 01:19:23,678 mme_vla_suite.pseudo_labeling.topreward_qwen_scorer INFO: Prefix 3/8 (end=36, n_frames=7/37): reward=-18.7500 (mean, 1 tok)
2026-04-30 01:19:30,516 mme_vla_suite.pseudo_labeling.topreward_qwen_scorer INFO: Prefix 4/8 (end=49, n_frames=10/50): reward=-18.3750 (mean, 1 tok)
2026-04-30 01:19:37,406 mme_vla_suite.pseudo_labeling.topreward_qwen_scorer INFO: Prefix 5/8 (end=63, n_frames=13/64): reward=-18.1250 (mean, 1 tok)
2026-04-30 01:19:44,276 mme_vla_suite.pseudo_labeling.topreward_qwen_scorer INFO: Prefix 6/8 (end=76, n_frames=15/77): reward=-19.3750 (mean, 1 tok)
2026-04-30 01:19:51,286 mme_vla_suite.pseudo_labeling.topreward_qwen_scorer INFO: Prefix 7/8 (end=89, n_frames=18/90): reward=-18.1250 (mean, 1 tok)
2026-04-30 01:19:58,199 mme_vla_suite.pseudo_labeling.topreward_qwen_scorer INFO: Prefix 8/8 (end=103, n_frames=21/104): reward=-18.5000 (mean, 1 tok)
2026-04-30 01:20:05,892 mme_vla_suite.pseudo_labeling.topreward_qwen_scorer INFO: Prefix 1/8 (end=10, n_frames=4/11): reward=-17.8750 (mean, 1 tok)
2026-04-30 01:20:12,825 mme_vla_suite.pseudo_labeling.topreward_qwen_scorer INFO: Prefix 2/8 (end=23, n_frames=5/24): reward=-18.1250 (mean, 1 tok)
2026-04-30 01:20:19,700 mme_vla_suite.pseudo_labeling.topreward_qwen_scorer INFO: Prefix 3/8 (end=36, n_frames=7/37): reward=-16.1250 (mean, 1 tok)
2026-04-30 01:20:26,481 mme_vla_suite.pseudo_labeling.topreward_qwen_scorer INFO: Prefix 4/8 (end=50, n_frames=10/51): reward=-14.7500 (mean, 1 tok)
2026-04-30 01:20:33,316 mme_vla_suite.pseudo_labeling.topreward_qwen_scorer INFO: Prefix 5/8 (end=63, n_frames=13/64): reward=-15.2500 (mean, 1 tok)
2026-04-30 01:20:40,143 mme_vla_suite.pseudo_labeling.topreward_qwen_scorer INFO: Prefix 6/8 (end=77, n_frames=16/78): reward=-14.8750 (mean, 1 tok)
2026-04-30 01:20:47,005 mme_vla_suite.pseudo_labeling.topreward_qwen_scorer INFO: Prefix 7/8 (end=90, n_frames=18/91): reward=-13.1250 (mean, 1 tok)
2026-04-30 01:20:53,911 mme_vla_suite.pseudo_labeling.topreward_qwen_scorer INFO: Prefix 8/8 (end=104, n_frames=21/105): reward=-13.5000 (mean, 1 tok)
2026-04-30 01:21:02,270 mme_vla_suite.pseudo_labeling.topreward_qwen_scorer INFO: Prefix 1/8 (end=5, n_frames=4/6): reward=-19.3750 (mean, 1 tok)
2026-04-30 01:21:09,131 mme_vla_suite.pseudo_labeling.topreward_qwen_scorer INFO: Prefix 2/8 (end=11, n_frames=4/12): reward=-18.5000 (mean, 1 tok)
2026-04-30 01:21:15,911 mme_vla_suite.pseudo_labeling.topreward_qwen_scorer INFO: Prefix 3/8 (end=17, n_frames=4/18): reward=-18.0000 (mean, 1 tok)
2026-04-30 01:21:22,679 mme_vla_suite.pseudo_labeling.topreward_qwen_scorer INFO: Prefix 4/8 (end=23, n_frames=5/24): reward=-18.5000 (mean, 1 tok)
2026-04-30 01:21:29,465 mme_vla_suite.pseudo_labeling.topreward_qwen_scorer INFO: Prefix 5/8 (end=30, n_frames=6/31): reward=-17.5000 (mean, 1 tok)
2026-04-30 01:21:36,261 mme_vla_suite.pseudo_labeling.topreward_qwen_scorer INFO: Prefix 6/8 (end=36, n_frames=7/37): reward=-16.8750 (mean, 1 tok)
2026-04-30 01:21:43,053 mme_vla_suite.pseudo_labeling.topreward_qwen_scorer INFO: Prefix 7/8 (end=42, n_frames=9/43): reward=-16.7500 (mean, 1 tok)
2026-04-30 01:21:49,883 mme_vla_suite.pseudo_labeling.topreward_qwen_scorer INFO: Prefix 8/8 (end=49, n_frames=10/50): reward=-18.0000 (mean, 1 tok)
2026-04-30 01:21:57,550 mme_vla_suite.pseudo_labeling.topreward_qwen_scorer INFO: Prefix 1/8 (end=10, n_frames=4/11): reward=-18.3750 (mean, 1 tok)
2026-04-30 01:22:04,340 mme_vla_suite.pseudo_labeling.topreward_qwen_scorer INFO: Prefix 2/8 (end=22, n_frames=5/23): reward=-16.7500 (mean, 1 tok)
2026-04-30 01:22:11,133 mme_vla_suite.pseudo_labeling.topreward_qwen_scorer INFO: Prefix 3/8 (end=35, n_frames=7/36): reward=-17.1250 (mean, 1 tok)
2026-04-30 01:22:17,978 mme_vla_suite.pseudo_labeling.topreward_qwen_scorer INFO: Prefix 4/8 (end=48, n_frames=10/49): reward=-16.0000 (mean, 1 tok)
2026-04-30 01:22:24,792 mme_vla_suite.pseudo_labeling.topreward_qwen_scorer INFO: Prefix 5/8 (end=60, n_frames=12/61): reward=-15.8750 (mean, 1 tok)
2026-04-30 01:22:31,636 mme_vla_suite.pseudo_labeling.topreward_qwen_scorer INFO: Prefix 6/8 (end=73, n_frames=15/74): reward=-15.3750 (mean, 1 tok)
2026-04-30 01:22:38,475 mme_vla_suite.pseudo_labeling.topreward_qwen_scorer INFO: Prefix 7/8 (end=86, n_frames=17/87): reward=-15.1250 (mean, 1 tok)
2026-04-30 01:22:45,399 mme_vla_suite.pseudo_labeling.topreward_qwen_scorer INFO: Prefix 8/8 (end=99, n_frames=20/100): reward=-13.8750 (mean, 1 tok)
2026-04-30 01:22:53,187 mme_vla_suite.pseudo_labeling.topreward_qwen_scorer INFO: Prefix 1/8 (end=7, n_frames=4/8): reward=-21.1250 (mean, 1 tok)
2026-04-30 01:23:00,016 mme_vla_suite.pseudo_labeling.topreward_qwen_scorer INFO: Prefix 2/8 (end=15, n_frames=4/16): reward=-18.2500 (mean, 1 tok)
2026-04-30 01:23:06,880 mme_vla_suite.pseudo_labeling.topreward_qwen_scorer INFO: Prefix 3/8 (end=24, n_frames=5/25): reward=-18.1250 (mean, 1 tok)
2026-04-30 01:23:13,736 mme_vla_suite.pseudo_labeling.topreward_qwen_scorer INFO: Prefix 4/8 (end=33, n_frames=7/34): reward=-17.7500 (mean, 1 tok)
2026-04-30 01:23:20,592 mme_vla_suite.pseudo_labeling.topreward_qwen_scorer INFO: Prefix 5/8 (end=42, n_frames=9/43): reward=-17.6250 (mean, 1 tok)
2026-04-30 01:23:27,488 mme_vla_suite.pseudo_labeling.topreward_qwen_scorer INFO: Prefix 6/8 (end=51, n_frames=10/52): reward=-16.3750 (mean, 1 tok)
2026-04-30 01:23:34,365 mme_vla_suite.pseudo_labeling.topreward_qwen_scorer INFO: Prefix 7/8 (end=60, n_frames=12/61): reward=-15.8750 (mean, 1 tok)
2026-04-30 01:23:41,263 mme_vla_suite.pseudo_labeling.topreward_qwen_scorer INFO: Prefix 8/8 (end=69, n_frames=14/70): reward=-18.6250 (mean, 1 tok)
2026-04-30 01:23:48,824 mme_vla_suite.pseudo_labeling.topreward_qwen_scorer INFO: Prefix 1/8 (end=10, n_frames=4/11): reward=-18.7500 (mean, 1 tok)
2026-04-30 01:23:55,694 mme_vla_suite.pseudo_labeling.topreward_qwen_scorer INFO: Prefix 2/8 (end=23, n_frames=5/24): reward=-18.0000 (mean, 1 tok)
2026-04-30 01:24:02,547 mme_vla_suite.pseudo_labeling.topreward_qwen_scorer INFO: Prefix 3/8 (end=37, n_frames=8/38): reward=-18.2500 (mean, 1 tok)
2026-04-30 01:24:09,422 mme_vla_suite.pseudo_labeling.topreward_qwen_scorer INFO: Prefix 4/8 (end=50, n_frames=10/51): reward=-16.3750 (mean, 1 tok)
2026-04-30 01:24:16,329 mme_vla_suite.pseudo_labeling.topreward_qwen_scorer INFO: Prefix 5/8 (end=64, n_frames=13/65): reward=-16.3750 (mean, 1 tok)
2026-04-30 01:24:23,261 mme_vla_suite.pseudo_labeling.topreward_qwen_scorer INFO: Prefix 6/8 (end=77, n_frames=16/78): reward=-17.1250 (mean, 1 tok)
2026-04-30 01:24:30,107 mme_vla_suite.pseudo_labeling.topreward_qwen_scorer INFO: Prefix 7/8 (end=91, n_frames=18/92): reward=-15.7500 (mean, 1 tok)
2026-04-30 01:24:37,004 mme_vla_suite.pseudo_labeling.topreward_qwen_scorer INFO: Prefix 8/8 (end=105, n_frames=21/106): reward=-15.8750 (mean, 1 tok)
2026-04-30 01:24:44,677 mme_vla_suite.pseudo_labeling.topreward_qwen_scorer INFO: Prefix 1/8 (end=5, n_frames=4/6): reward=-20.1250 (mean, 1 tok)
2026-04-30 01:24:51,461 mme_vla_suite.pseudo_labeling.topreward_qwen_scorer INFO: Prefix 2/8 (end=12, n_frames=4/13): reward=-19.8750 (mean, 1 tok)
2026-04-30 01:24:58,264 mme_vla_suite.pseudo_labeling.topreward_qwen_scorer INFO: Prefix 3/8 (end=20, n_frames=4/21): reward=-20.0000 (mean, 1 tok)
2026-04-30 01:25:05,084 mme_vla_suite.pseudo_labeling.topreward_qwen_scorer INFO: Prefix 4/8 (end=27, n_frames=6/28): reward=-18.5000 (mean, 1 tok)
2026-04-30 01:25:11,925 mme_vla_suite.pseudo_labeling.topreward_qwen_scorer INFO: Prefix 5/8 (end=35, n_frames=7/36): reward=-19.8750 (mean, 1 tok)
2026-04-30 01:25:18,775 mme_vla_suite.pseudo_labeling.topreward_qwen_scorer INFO: Prefix 6/8 (end=42, n_frames=9/43): reward=-19.5000 (mean, 1 tok)
2026-04-30 01:25:25,615 mme_vla_suite.pseudo_labeling.topreward_qwen_scorer INFO: Prefix 7/8 (end=50, n_frames=10/51): reward=-19.1250 (mean, 1 tok)
2026-04-30 01:25:32,488 mme_vla_suite.pseudo_labeling.topreward_qwen_scorer INFO: Prefix 8/8 (end=58, n_frames=12/59): reward=-19.3750 (mean, 1 tok)
2026-04-30 01:25:40,036 mme_vla_suite.pseudo_labeling.topreward_qwen_scorer INFO: Prefix 1/8 (end=6, n_frames=4/7): reward=-21.1250 (mean, 1 tok)
2026-04-30 01:25:46,867 mme_vla_suite.pseudo_labeling.topreward_qwen_scorer INFO: Prefix 2/8 (end=13, n_frames=4/14): reward=-20.8750 (mean, 1 tok)
2026-04-30 01:25:53,674 mme_vla_suite.pseudo_labeling.topreward_qwen_scorer INFO: Prefix 3/8 (end=21, n_frames=4/22): reward=-20.0000 (mean, 1 tok)
2026-04-30 01:26:00,510 mme_vla_suite.pseudo_labeling.topreward_qwen_scorer INFO: Prefix 4/8 (end=29, n_frames=6/30): reward=-19.8750 (mean, 1 tok)
2026-04-30 01:26:07,351 mme_vla_suite.pseudo_labeling.topreward_qwen_scorer INFO: Prefix 5/8 (end=36, n_frames=7/37): reward=-19.8750 (mean, 1 tok)
2026-04-30 01:26:14,194 mme_vla_suite.pseudo_labeling.topreward_qwen_scorer INFO: Prefix 6/8 (end=44, n_frames=9/45): reward=-19.1250 (mean, 1 tok)
2026-04-30 01:26:21,051 mme_vla_suite.pseudo_labeling.topreward_qwen_scorer INFO: Prefix 7/8 (end=52, n_frames=11/53): reward=-18.7500 (mean, 1 tok)
2026-04-30 01:26:27,889 mme_vla_suite.pseudo_labeling.topreward_qwen_scorer INFO: Prefix 8/8 (end=60, n_frames=12/61): reward=-17.8750 (mean, 1 tok)
2026-04-30 01:26:35,512 mme_vla_suite.pseudo_labeling.topreward_qwen_scorer INFO: Prefix 1/8 (end=9, n_frames=4/10): reward=-20.5000 (mean, 1 tok)
2026-04-30 01:26:42,313 mme_vla_suite.pseudo_labeling.topreward_qwen_scorer INFO: Prefix 2/8 (end=21, n_frames=4/22): reward=-20.0000 (mean, 1 tok)
2026-04-30 01:26:49,128 mme_vla_suite.pseudo_labeling.topreward_qwen_scorer INFO: Prefix 3/8 (end=34, n_frames=7/35): reward=-20.0000 (mean, 1 tok)
2026-04-30 01:26:55,967 mme_vla_suite.pseudo_labeling.topreward_qwen_scorer INFO: Prefix 4/8 (end=47, n_frames=10/48): reward=-19.3750 (mean, 1 tok)
2026-04-30 01:27:02,822 mme_vla_suite.pseudo_labeling.topreward_qwen_scorer INFO: Prefix 5/8 (end=59, n_frames=12/60): reward=-17.6250 (mean, 1 tok)
2026-04-30 01:27:09,669 mme_vla_suite.pseudo_labeling.topreward_qwen_scorer INFO: Prefix 6/8 (end=72, n_frames=15/73): reward=-18.2500 (mean, 1 tok)
2026-04-30 01:27:16,542 mme_vla_suite.pseudo_labeling.topreward_qwen_scorer INFO: Prefix 7/8 (end=85, n_frames=17/86): reward=-18.0000 (mean, 1 tok)
2026-04-30 01:27:23,446 mme_vla_suite.pseudo_labeling.topreward_qwen_scorer INFO: Prefix 8/8 (end=98, n_frames=20/99): reward=-19.2500 (mean, 1 tok)
