/coc/testnvme/shalbe3/miniconda/envs/robomme/lib/python3.11/site-packages/torch/cuda/__init__.py:63: FutureWarning: The pynvml package is deprecated. Please install nvidia-ml-py instead. If you did not install pynvml directly, please report this to the maintainers of the package that installed pynvml for you.
  import pynvml  # type: ignore[import]
`torch_dtype` is deprecated! Use `dtype` instead!
You are attempting to use Flash Attention 2 without specifying a torch dtype. This might lead to unexpected behaviour
2026-04-30 01:45:15,453 mme_vla_suite.pseudo_labeling.topreward_qwen_scorer WARNING: flash_attention_2 unavailable (/coc/testnvme/shalbe3/miniconda/envs/robomme/lib/python3.11/site-packages/flash_attn_2_cuda.cpython-311-x86_64-linux-gnu.so: undefined symbol: _ZNK3c106SymInt6sym_neERKS0_), using default attention
Loading checkpoint shards:   0%|          | 0/4 [00:00<?, ?it/s]Loading checkpoint shards:  25%|██▌       | 1/4 [00:13<00:40, 13.53s/it]Loading checkpoint shards:  50%|█████     | 2/4 [00:27<00:27, 13.78s/it]Loading checkpoint shards:  75%|███████▌  | 3/4 [00:41<00:13, 13.78s/it]Loading checkpoint shards: 100%|██████████| 4/4 [00:48<00:00, 11.38s/it]Loading checkpoint shards: 100%|██████████| 4/4 [00:48<00:00, 12.24s/it]
Asked to sample `fps` frames per second but no video metadata was provided which is required when sampling with `fps`. Defaulting to `fps=24`. Please provide `video_metadata` for more accurate results.
2026-04-30 01:46:14,673 mme_vla_suite.pseudo_labeling.topreward_qwen_scorer INFO: Prefix 1/8 (end=4, n_frames=4/5): reward=-19.7500 (mean, 1 tok)
2026-04-30 01:46:21,525 mme_vla_suite.pseudo_labeling.topreward_qwen_scorer INFO: Prefix 2/8 (end=9, n_frames=4/10): reward=-19.1250 (mean, 1 tok)
2026-04-30 01:46:28,373 mme_vla_suite.pseudo_labeling.topreward_qwen_scorer INFO: Prefix 3/8 (end=14, n_frames=4/15): reward=-17.6250 (mean, 1 tok)
2026-04-30 01:46:35,221 mme_vla_suite.pseudo_labeling.topreward_qwen_scorer INFO: Prefix 4/8 (end=19, n_frames=4/20): reward=-16.7500 (mean, 1 tok)
2026-04-30 01:46:42,099 mme_vla_suite.pseudo_labeling.topreward_qwen_scorer INFO: Prefix 5/8 (end=24, n_frames=5/25): reward=-17.1250 (mean, 1 tok)
2026-04-30 01:46:49,060 mme_vla_suite.pseudo_labeling.topreward_qwen_scorer INFO: Prefix 6/8 (end=29, n_frames=6/30): reward=-17.1250 (mean, 1 tok)
2026-04-30 01:46:55,939 mme_vla_suite.pseudo_labeling.topreward_qwen_scorer INFO: Prefix 7/8 (end=34, n_frames=7/35): reward=-17.3750 (mean, 1 tok)
2026-04-30 01:47:02,817 mme_vla_suite.pseudo_labeling.topreward_qwen_scorer INFO: Prefix 8/8 (end=40, n_frames=8/41): reward=-17.1250 (mean, 1 tok)
2026-04-30 01:47:10,695 mme_vla_suite.pseudo_labeling.topreward_qwen_scorer INFO: Prefix 1/8 (end=4, n_frames=4/5): reward=-21.1250 (mean, 1 tok)
2026-04-30 01:47:17,577 mme_vla_suite.pseudo_labeling.topreward_qwen_scorer INFO: Prefix 2/8 (end=7, n_frames=4/8): reward=-21.1250 (mean, 1 tok)
2026-04-30 01:47:24,470 mme_vla_suite.pseudo_labeling.topreward_qwen_scorer INFO: Prefix 3/8 (end=10, n_frames=4/11): reward=-20.7500 (mean, 1 tok)
2026-04-30 01:47:31,363 mme_vla_suite.pseudo_labeling.topreward_qwen_scorer INFO: Prefix 4/8 (end=13, n_frames=4/14): reward=-18.2500 (mean, 1 tok)
2026-04-30 01:47:38,234 mme_vla_suite.pseudo_labeling.topreward_qwen_scorer INFO: Prefix 5/8 (end=16, n_frames=4/17): reward=-17.6250 (mean, 1 tok)
2026-04-30 01:47:45,250 mme_vla_suite.pseudo_labeling.topreward_qwen_scorer INFO: Prefix 6/8 (end=19, n_frames=4/20): reward=-18.2500 (mean, 1 tok)
2026-04-30 01:47:52,141 mme_vla_suite.pseudo_labeling.topreward_qwen_scorer INFO: Prefix 7/8 (end=22, n_frames=5/23): reward=-18.2500 (mean, 1 tok)
2026-04-30 01:47:59,128 mme_vla_suite.pseudo_labeling.topreward_qwen_scorer INFO: Prefix 8/8 (end=26, n_frames=5/27): reward=-18.5000 (mean, 1 tok)
2026-04-30 01:48:06,981 mme_vla_suite.pseudo_labeling.topreward_qwen_scorer INFO: Prefix 1/8 (end=4, n_frames=4/5): reward=-22.5000 (mean, 1 tok)
2026-04-30 01:48:13,844 mme_vla_suite.pseudo_labeling.topreward_qwen_scorer INFO: Prefix 2/8 (end=9, n_frames=4/10): reward=-21.7500 (mean, 1 tok)
2026-04-30 01:48:20,827 mme_vla_suite.pseudo_labeling.topreward_qwen_scorer INFO: Prefix 3/8 (end=15, n_frames=4/16): reward=-21.3750 (mean, 1 tok)
2026-04-30 01:48:27,680 mme_vla_suite.pseudo_labeling.topreward_qwen_scorer INFO: Prefix 4/8 (end=21, n_frames=4/22): reward=-20.1250 (mean, 1 tok)
2026-04-30 01:48:34,632 mme_vla_suite.pseudo_labeling.topreward_qwen_scorer INFO: Prefix 5/8 (end=26, n_frames=5/27): reward=-19.3750 (mean, 1 tok)
2026-04-30 01:48:41,530 mme_vla_suite.pseudo_labeling.topreward_qwen_scorer INFO: Prefix 6/8 (end=32, n_frames=7/33): reward=-20.0000 (mean, 1 tok)
2026-04-30 01:48:48,423 mme_vla_suite.pseudo_labeling.topreward_qwen_scorer INFO: Prefix 7/8 (end=38, n_frames=8/39): reward=-19.7500 (mean, 1 tok)
2026-04-30 01:48:55,310 mme_vla_suite.pseudo_labeling.topreward_qwen_scorer INFO: Prefix 8/8 (end=44, n_frames=9/45): reward=-20.8750 (mean, 1 tok)
2026-04-30 01:49:02,954 mme_vla_suite.pseudo_labeling.topreward_qwen_scorer INFO: Prefix 1/8 (end=4, n_frames=4/5): reward=-21.7500 (mean, 1 tok)
2026-04-30 01:49:09,830 mme_vla_suite.pseudo_labeling.topreward_qwen_scorer INFO: Prefix 2/8 (end=7, n_frames=4/8): reward=-20.2500 (mean, 1 tok)
2026-04-30 01:49:16,685 mme_vla_suite.pseudo_labeling.topreward_qwen_scorer INFO: Prefix 3/8 (end=10, n_frames=4/11): reward=-20.3750 (mean, 1 tok)
2026-04-30 01:49:23,558 mme_vla_suite.pseudo_labeling.topreward_qwen_scorer INFO: Prefix 4/8 (end=13, n_frames=4/14): reward=-20.0000 (mean, 1 tok)
2026-04-30 01:49:30,425 mme_vla_suite.pseudo_labeling.topreward_qwen_scorer INFO: Prefix 5/8 (end=16, n_frames=4/17): reward=-18.6250 (mean, 1 tok)
2026-04-30 01:49:37,299 mme_vla_suite.pseudo_labeling.topreward_qwen_scorer INFO: Prefix 6/8 (end=19, n_frames=4/20): reward=-18.7500 (mean, 1 tok)
2026-04-30 01:49:44,176 mme_vla_suite.pseudo_labeling.topreward_qwen_scorer INFO: Prefix 7/8 (end=22, n_frames=5/23): reward=-18.7500 (mean, 1 tok)
2026-04-30 01:49:51,092 mme_vla_suite.pseudo_labeling.topreward_qwen_scorer INFO: Prefix 8/8 (end=26, n_frames=5/27): reward=-18.3750 (mean, 1 tok)
2026-04-30 01:49:58,724 mme_vla_suite.pseudo_labeling.topreward_qwen_scorer INFO: Prefix 1/8 (end=4, n_frames=4/5): reward=-21.7500 (mean, 1 tok)
2026-04-30 01:50:05,688 mme_vla_suite.pseudo_labeling.topreward_qwen_scorer INFO: Prefix 2/8 (end=9, n_frames=4/10): reward=-19.8750 (mean, 1 tok)
2026-04-30 01:50:12,558 mme_vla_suite.pseudo_labeling.topreward_qwen_scorer INFO: Prefix 3/8 (end=14, n_frames=4/15): reward=-19.5000 (mean, 1 tok)
2026-04-30 01:50:19,417 mme_vla_suite.pseudo_labeling.topreward_qwen_scorer INFO: Prefix 4/8 (end=19, n_frames=4/20): reward=-18.7500 (mean, 1 tok)
2026-04-30 01:50:26,308 mme_vla_suite.pseudo_labeling.topreward_qwen_scorer INFO: Prefix 5/8 (end=24, n_frames=5/25): reward=-18.3750 (mean, 1 tok)
2026-04-30 01:50:33,218 mme_vla_suite.pseudo_labeling.topreward_qwen_scorer INFO: Prefix 6/8 (end=29, n_frames=6/30): reward=-18.2500 (mean, 1 tok)
2026-04-30 01:50:40,125 mme_vla_suite.pseudo_labeling.topreward_qwen_scorer INFO: Prefix 7/8 (end=34, n_frames=7/35): reward=-18.8750 (mean, 1 tok)
2026-04-30 01:50:47,148 mme_vla_suite.pseudo_labeling.topreward_qwen_scorer INFO: Prefix 8/8 (end=39, n_frames=8/40): reward=-18.0000 (mean, 1 tok)
2026-04-30 01:50:54,834 mme_vla_suite.pseudo_labeling.topreward_qwen_scorer INFO: Prefix 1/8 (end=4, n_frames=4/5): reward=-17.8750 (mean, 1 tok)
2026-04-30 01:51:01,768 mme_vla_suite.pseudo_labeling.topreward_qwen_scorer INFO: Prefix 2/8 (end=8, n_frames=4/9): reward=-17.8750 (mean, 1 tok)
2026-04-30 01:51:08,652 mme_vla_suite.pseudo_labeling.topreward_qwen_scorer INFO: Prefix 3/8 (end=12, n_frames=4/13): reward=-17.6250 (mean, 1 tok)
2026-04-30 01:51:15,587 mme_vla_suite.pseudo_labeling.topreward_qwen_scorer INFO: Prefix 4/8 (end=16, n_frames=4/17): reward=-17.3750 (mean, 1 tok)
2026-04-30 01:51:22,432 mme_vla_suite.pseudo_labeling.topreward_qwen_scorer INFO: Prefix 5/8 (end=20, n_frames=4/21): reward=-16.8750 (mean, 1 tok)
2026-04-30 01:51:29,273 mme_vla_suite.pseudo_labeling.topreward_qwen_scorer INFO: Prefix 6/8 (end=24, n_frames=5/25): reward=-16.5000 (mean, 1 tok)
2026-04-30 01:51:36,157 mme_vla_suite.pseudo_labeling.topreward_qwen_scorer INFO: Prefix 7/8 (end=28, n_frames=6/29): reward=-15.2500 (mean, 1 tok)
2026-04-30 01:51:43,026 mme_vla_suite.pseudo_labeling.topreward_qwen_scorer INFO: Prefix 8/8 (end=33, n_frames=7/34): reward=-16.8750 (mean, 1 tok)
2026-04-30 01:51:50,765 mme_vla_suite.pseudo_labeling.topreward_qwen_scorer INFO: Prefix 1/8 (end=4, n_frames=4/5): reward=-19.2500 (mean, 1 tok)
2026-04-30 01:51:57,709 mme_vla_suite.pseudo_labeling.topreward_qwen_scorer INFO: Prefix 2/8 (end=8, n_frames=4/9): reward=-19.3750 (mean, 1 tok)
2026-04-30 01:52:04,718 mme_vla_suite.pseudo_labeling.topreward_qwen_scorer INFO: Prefix 3/8 (end=13, n_frames=4/14): reward=-18.6250 (mean, 1 tok)
2026-04-30 01:52:11,650 mme_vla_suite.pseudo_labeling.topreward_qwen_scorer INFO: Prefix 4/8 (end=18, n_frames=4/19): reward=-17.3750 (mean, 1 tok)
2026-04-30 01:52:18,508 mme_vla_suite.pseudo_labeling.topreward_qwen_scorer INFO: Prefix 5/8 (end=23, n_frames=5/24): reward=-16.5000 (mean, 1 tok)
2026-04-30 01:52:25,474 mme_vla_suite.pseudo_labeling.topreward_qwen_scorer INFO: Prefix 6/8 (end=28, n_frames=6/29): reward=-16.6250 (mean, 1 tok)
2026-04-30 01:52:32,414 mme_vla_suite.pseudo_labeling.topreward_qwen_scorer INFO: Prefix 7/8 (end=33, n_frames=7/34): reward=-16.1250 (mean, 1 tok)
2026-04-30 01:52:39,261 mme_vla_suite.pseudo_labeling.topreward_qwen_scorer INFO: Prefix 8/8 (end=38, n_frames=8/39): reward=-16.0000 (mean, 1 tok)
2026-04-30 01:52:46,923 mme_vla_suite.pseudo_labeling.topreward_qwen_scorer INFO: Prefix 1/8 (end=4, n_frames=4/5): reward=-21.8750 (mean, 1 tok)
2026-04-30 01:52:53,791 mme_vla_suite.pseudo_labeling.topreward_qwen_scorer INFO: Prefix 2/8 (end=9, n_frames=4/10): reward=-20.6250 (mean, 1 tok)
2026-04-30 01:53:00,665 mme_vla_suite.pseudo_labeling.topreward_qwen_scorer INFO: Prefix 3/8 (end=14, n_frames=4/15): reward=-20.5000 (mean, 1 tok)
2026-04-30 01:53:07,524 mme_vla_suite.pseudo_labeling.topreward_qwen_scorer INFO: Prefix 4/8 (end=19, n_frames=4/20): reward=-19.8750 (mean, 1 tok)
2026-04-30 01:53:14,367 mme_vla_suite.pseudo_labeling.topreward_qwen_scorer INFO: Prefix 5/8 (end=24, n_frames=5/25): reward=-19.7500 (mean, 1 tok)
2026-04-30 01:53:21,220 mme_vla_suite.pseudo_labeling.topreward_qwen_scorer INFO: Prefix 6/8 (end=29, n_frames=6/30): reward=-19.3750 (mean, 1 tok)
2026-04-30 01:53:28,087 mme_vla_suite.pseudo_labeling.topreward_qwen_scorer INFO: Prefix 7/8 (end=34, n_frames=7/35): reward=-19.1250 (mean, 1 tok)
2026-04-30 01:53:34,981 mme_vla_suite.pseudo_labeling.topreward_qwen_scorer INFO: Prefix 8/8 (end=39, n_frames=8/40): reward=-18.5000 (mean, 1 tok)
2026-04-30 01:53:42,558 mme_vla_suite.pseudo_labeling.topreward_qwen_scorer INFO: Prefix 1/8 (end=4, n_frames=4/5): reward=-22.6250 (mean, 1 tok)
2026-04-30 01:53:49,415 mme_vla_suite.pseudo_labeling.topreward_qwen_scorer INFO: Prefix 2/8 (end=6, n_frames=4/7): reward=-22.1250 (mean, 1 tok)
2026-04-30 01:53:56,265 mme_vla_suite.pseudo_labeling.topreward_qwen_scorer INFO: Prefix 3/8 (end=9, n_frames=4/10): reward=-21.8750 (mean, 1 tok)
2026-04-30 01:54:03,135 mme_vla_suite.pseudo_labeling.topreward_qwen_scorer INFO: Prefix 4/8 (end=12, n_frames=4/13): reward=-21.3750 (mean, 1 tok)
2026-04-30 01:54:10,008 mme_vla_suite.pseudo_labeling.topreward_qwen_scorer INFO: Prefix 5/8 (end=15, n_frames=4/16): reward=-21.2500 (mean, 1 tok)
2026-04-30 01:54:16,875 mme_vla_suite.pseudo_labeling.topreward_qwen_scorer INFO: Prefix 6/8 (end=18, n_frames=4/19): reward=-20.8750 (mean, 1 tok)
2026-04-30 01:54:23,740 mme_vla_suite.pseudo_labeling.topreward_qwen_scorer INFO: Prefix 7/8 (end=21, n_frames=4/22): reward=-20.6250 (mean, 1 tok)
2026-04-30 01:54:30,627 mme_vla_suite.pseudo_labeling.topreward_qwen_scorer INFO: Prefix 8/8 (end=24, n_frames=5/25): reward=-20.3750 (mean, 1 tok)
2026-04-30 01:54:38,282 mme_vla_suite.pseudo_labeling.topreward_qwen_scorer INFO: Prefix 1/8 (end=4, n_frames=4/5): reward=-22.6250 (mean, 1 tok)
2026-04-30 01:54:45,114 mme_vla_suite.pseudo_labeling.topreward_qwen_scorer INFO: Prefix 2/8 (end=8, n_frames=4/9): reward=-22.2500 (mean, 1 tok)
2026-04-30 01:54:51,953 mme_vla_suite.pseudo_labeling.topreward_qwen_scorer INFO: Prefix 3/8 (end=12, n_frames=4/13): reward=-21.3750 (mean, 1 tok)
2026-04-30 01:54:58,784 mme_vla_suite.pseudo_labeling.topreward_qwen_scorer INFO: Prefix 4/8 (end=16, n_frames=4/17): reward=-21.3750 (mean, 1 tok)
2026-04-30 01:55:05,622 mme_vla_suite.pseudo_labeling.topreward_qwen_scorer INFO: Prefix 5/8 (end=20, n_frames=4/21): reward=-20.5000 (mean, 1 tok)
2026-04-30 01:55:12,444 mme_vla_suite.pseudo_labeling.topreward_qwen_scorer INFO: Prefix 6/8 (end=24, n_frames=5/25): reward=-20.3750 (mean, 1 tok)
2026-04-30 01:55:19,281 mme_vla_suite.pseudo_labeling.topreward_qwen_scorer INFO: Prefix 7/8 (end=28, n_frames=6/29): reward=-20.0000 (mean, 1 tok)
2026-04-30 01:55:26,127 mme_vla_suite.pseudo_labeling.topreward_qwen_scorer INFO: Prefix 8/8 (end=33, n_frames=7/34): reward=-19.2500 (mean, 1 tok)
2026-04-30 01:55:33,685 mme_vla_suite.pseudo_labeling.topreward_qwen_scorer INFO: Prefix 1/8 (end=4, n_frames=4/5): reward=-18.7500 (mean, 1 tok)
2026-04-30 01:55:40,624 mme_vla_suite.pseudo_labeling.topreward_qwen_scorer INFO: Prefix 2/8 (end=8, n_frames=4/9): reward=-18.1250 (mean, 1 tok)
2026-04-30 01:55:47,460 mme_vla_suite.pseudo_labeling.topreward_qwen_scorer INFO: Prefix 3/8 (end=12, n_frames=4/13): reward=-18.7500 (mean, 1 tok)
2026-04-30 01:55:54,325 mme_vla_suite.pseudo_labeling.topreward_qwen_scorer INFO: Prefix 4/8 (end=16, n_frames=4/17): reward=-18.2500 (mean, 1 tok)
2026-04-30 01:56:01,170 mme_vla_suite.pseudo_labeling.topreward_qwen_scorer INFO: Prefix 5/8 (end=20, n_frames=4/21): reward=-18.0000 (mean, 1 tok)
2026-04-30 01:56:08,042 mme_vla_suite.pseudo_labeling.topreward_qwen_scorer INFO: Prefix 6/8 (end=24, n_frames=5/25): reward=-17.1250 (mean, 1 tok)
2026-04-30 01:56:14,922 mme_vla_suite.pseudo_labeling.topreward_qwen_scorer INFO: Prefix 7/8 (end=28, n_frames=6/29): reward=-16.8750 (mean, 1 tok)
2026-04-30 01:56:21,761 mme_vla_suite.pseudo_labeling.topreward_qwen_scorer INFO: Prefix 8/8 (end=32, n_frames=7/33): reward=-17.2500 (mean, 1 tok)
2026-04-30 01:56:29,643 mme_vla_suite.pseudo_labeling.topreward_qwen_scorer INFO: Prefix 1/8 (end=4, n_frames=4/5): reward=-20.2500 (mean, 1 tok)
2026-04-30 01:56:36,479 mme_vla_suite.pseudo_labeling.topreward_qwen_scorer INFO: Prefix 2/8 (end=7, n_frames=4/8): reward=-19.5000 (mean, 1 tok)
2026-04-30 01:56:43,326 mme_vla_suite.pseudo_labeling.topreward_qwen_scorer INFO: Prefix 3/8 (end=10, n_frames=4/11): reward=-19.2500 (mean, 1 tok)
2026-04-30 01:56:50,174 mme_vla_suite.pseudo_labeling.topreward_qwen_scorer INFO: Prefix 4/8 (end=13, n_frames=4/14): reward=-19.8750 (mean, 1 tok)
2026-04-30 01:56:57,016 mme_vla_suite.pseudo_labeling.topreward_qwen_scorer INFO: Prefix 5/8 (end=16, n_frames=4/17): reward=-17.3750 (mean, 1 tok)
2026-04-30 01:57:03,868 mme_vla_suite.pseudo_labeling.topreward_qwen_scorer INFO: Prefix 6/8 (end=19, n_frames=4/20): reward=-16.8750 (mean, 1 tok)
2026-04-30 01:57:10,721 mme_vla_suite.pseudo_labeling.topreward_qwen_scorer INFO: Prefix 7/8 (end=22, n_frames=5/23): reward=-17.3750 (mean, 1 tok)
2026-04-30 01:57:17,584 mme_vla_suite.pseudo_labeling.topreward_qwen_scorer INFO: Prefix 8/8 (end=26, n_frames=5/27): reward=-17.0000 (mean, 1 tok)
2026-04-30 01:57:25,347 mme_vla_suite.pseudo_labeling.topreward_qwen_scorer INFO: Prefix 1/8 (end=4, n_frames=4/5): reward=-20.2500 (mean, 1 tok)
2026-04-30 01:57:32,186 mme_vla_suite.pseudo_labeling.topreward_qwen_scorer INFO: Prefix 2/8 (end=8, n_frames=4/9): reward=-18.5000 (mean, 1 tok)
2026-04-30 01:57:39,183 mme_vla_suite.pseudo_labeling.topreward_qwen_scorer INFO: Prefix 3/8 (end=12, n_frames=4/13): reward=-19.7500 (mean, 1 tok)
2026-04-30 01:57:46,005 mme_vla_suite.pseudo_labeling.topreward_qwen_scorer INFO: Prefix 4/8 (end=17, n_frames=4/18): reward=-18.0000 (mean, 1 tok)
2026-04-30 01:57:52,852 mme_vla_suite.pseudo_labeling.topreward_qwen_scorer INFO: Prefix 5/8 (end=21, n_frames=4/22): reward=-16.6250 (mean, 1 tok)
2026-04-30 01:57:59,851 mme_vla_suite.pseudo_labeling.topreward_qwen_scorer INFO: Prefix 6/8 (end=26, n_frames=5/27): reward=-17.0000 (mean, 1 tok)
2026-04-30 01:58:06,831 mme_vla_suite.pseudo_labeling.topreward_qwen_scorer INFO: Prefix 7/8 (end=30, n_frames=6/31): reward=-16.1250 (mean, 1 tok)
2026-04-30 01:58:13,799 mme_vla_suite.pseudo_labeling.topreward_qwen_scorer INFO: Prefix 8/8 (end=35, n_frames=7/36): reward=-18.6250 (mean, 1 tok)
