/coc/testnvme/shalbe3/miniconda/envs/robomme/lib/python3.11/site-packages/torch/cuda/__init__.py:63: FutureWarning: The pynvml package is deprecated. Please install nvidia-ml-py instead. If you did not install pynvml directly, please report this to the maintainers of the package that installed pynvml for you.
  import pynvml  # type: ignore[import]
`torch_dtype` is deprecated! Use `dtype` instead!
You are attempting to use Flash Attention 2 without specifying a torch dtype. This might lead to unexpected behaviour
2026-04-29 18:54:21,640 mme_vla_suite.pseudo_labeling.topreward_qwen_scorer WARNING: flash_attention_2 unavailable (/coc/testnvme/shalbe3/miniconda/envs/robomme/lib/python3.11/site-packages/flash_attn_2_cuda.cpython-311-x86_64-linux-gnu.so: undefined symbol: _ZNK3c106SymInt6sym_neERKS0_), using default attention
Loading checkpoint shards:   0%|          | 0/4 [00:00<?, ?it/s]Loading checkpoint shards:  25%|██▌       | 1/4 [00:15<00:45, 15.25s/it]Loading checkpoint shards:  50%|█████     | 2/4 [00:30<00:30, 15.11s/it]Loading checkpoint shards:  75%|███████▌  | 3/4 [00:45<00:15, 15.38s/it]Loading checkpoint shards: 100%|██████████| 4/4 [00:54<00:00, 12.54s/it]Loading checkpoint shards: 100%|██████████| 4/4 [00:54<00:00, 13.54s/it]
Asked to sample `fps` frames per second but no video metadata was provided which is required when sampling with `fps`. Defaulting to `fps=24`. Please provide `video_metadata` for more accurate results.
2026-04-29 18:55:23,011 mme_vla_suite.pseudo_labeling.topreward_qwen_scorer INFO: Prefix 1/16 (end=10, n_frames=4/11): reward=-21.8750 (mean, 1 tok)
2026-04-29 18:55:27,621 mme_vla_suite.pseudo_labeling.topreward_qwen_scorer INFO: Prefix 2/16 (end=15, n_frames=5/16): reward=-22.0000 (mean, 1 tok)
2026-04-29 18:55:32,282 mme_vla_suite.pseudo_labeling.topreward_qwen_scorer INFO: Prefix 3/16 (end=21, n_frames=7/22): reward=-22.0000 (mean, 1 tok)
2026-04-29 18:55:36,962 mme_vla_suite.pseudo_labeling.topreward_qwen_scorer INFO: Prefix 4/16 (end=27, n_frames=8/28): reward=-22.0000 (mean, 1 tok)
2026-04-29 18:55:41,618 mme_vla_suite.pseudo_labeling.topreward_qwen_scorer INFO: Prefix 5/16 (end=33, n_frames=10/34): reward=-21.7500 (mean, 1 tok)
2026-04-29 18:55:46,272 mme_vla_suite.pseudo_labeling.topreward_qwen_scorer INFO: Prefix 6/16 (end=39, n_frames=12/40): reward=-20.0000 (mean, 1 tok)
2026-04-29 18:55:50,939 mme_vla_suite.pseudo_labeling.topreward_qwen_scorer INFO: Prefix 7/16 (end=45, n_frames=14/46): reward=-20.8750 (mean, 1 tok)
2026-04-29 18:55:55,618 mme_vla_suite.pseudo_labeling.topreward_qwen_scorer INFO: Prefix 8/16 (end=51, n_frames=16/52): reward=-20.6250 (mean, 1 tok)
2026-04-29 18:56:00,315 mme_vla_suite.pseudo_labeling.topreward_qwen_scorer INFO: Prefix 9/16 (end=57, n_frames=17/58): reward=-18.6250 (mean, 1 tok)
2026-04-29 18:56:05,033 mme_vla_suite.pseudo_labeling.topreward_qwen_scorer INFO: Prefix 10/16 (end=63, n_frames=19/64): reward=-19.3750 (mean, 1 tok)
2026-04-29 18:56:09,794 mme_vla_suite.pseudo_labeling.topreward_qwen_scorer INFO: Prefix 11/16 (end=69, n_frames=21/70): reward=-19.3750 (mean, 1 tok)
2026-04-29 18:56:14,541 mme_vla_suite.pseudo_labeling.topreward_qwen_scorer INFO: Prefix 12/16 (end=75, n_frames=23/76): reward=-20.1250 (mean, 1 tok)
2026-04-29 18:56:19,371 mme_vla_suite.pseudo_labeling.topreward_qwen_scorer INFO: Prefix 13/16 (end=81, n_frames=25/82): reward=-18.1250 (mean, 1 tok)
2026-04-29 18:56:24,129 mme_vla_suite.pseudo_labeling.topreward_qwen_scorer INFO: Prefix 14/16 (end=87, n_frames=26/88): reward=-19.2500 (mean, 1 tok)
2026-04-29 18:56:28,914 mme_vla_suite.pseudo_labeling.topreward_qwen_scorer INFO: Prefix 15/16 (end=93, n_frames=28/94): reward=-18.3750 (mean, 1 tok)
2026-04-29 18:56:33,719 mme_vla_suite.pseudo_labeling.topreward_qwen_scorer INFO: Prefix 16/16 (end=99, n_frames=30/100): reward=-17.5000 (mean, 1 tok)
2026-04-29 18:56:39,281 mme_vla_suite.pseudo_labeling.topreward_qwen_scorer INFO: Prefix 1/16 (end=10, n_frames=4/11): reward=-21.8750 (mean, 1 tok)
2026-04-29 18:56:43,911 mme_vla_suite.pseudo_labeling.topreward_qwen_scorer INFO: Prefix 2/16 (end=16, n_frames=5/17): reward=-22.0000 (mean, 1 tok)
2026-04-29 18:56:48,559 mme_vla_suite.pseudo_labeling.topreward_qwen_scorer INFO: Prefix 3/16 (end=22, n_frames=7/23): reward=-22.0000 (mean, 1 tok)
2026-04-29 18:56:53,231 mme_vla_suite.pseudo_labeling.topreward_qwen_scorer INFO: Prefix 4/16 (end=28, n_frames=9/29): reward=-21.7500 (mean, 1 tok)
2026-04-29 18:56:57,935 mme_vla_suite.pseudo_labeling.topreward_qwen_scorer INFO: Prefix 5/16 (end=35, n_frames=11/36): reward=-22.2500 (mean, 1 tok)
2026-04-29 18:57:02,590 mme_vla_suite.pseudo_labeling.topreward_qwen_scorer INFO: Prefix 6/16 (end=41, n_frames=13/42): reward=-20.2500 (mean, 1 tok)
2026-04-29 18:57:07,243 mme_vla_suite.pseudo_labeling.topreward_qwen_scorer INFO: Prefix 7/16 (end=47, n_frames=14/48): reward=-20.1250 (mean, 1 tok)
2026-04-29 18:57:11,905 mme_vla_suite.pseudo_labeling.topreward_qwen_scorer INFO: Prefix 8/16 (end=53, n_frames=16/54): reward=-19.1250 (mean, 1 tok)
2026-04-29 18:57:16,582 mme_vla_suite.pseudo_labeling.topreward_qwen_scorer INFO: Prefix 9/16 (end=60, n_frames=18/61): reward=-19.1250 (mean, 1 tok)
2026-04-29 18:57:21,299 mme_vla_suite.pseudo_labeling.topreward_qwen_scorer INFO: Prefix 10/16 (end=66, n_frames=20/67): reward=-19.2500 (mean, 1 tok)
2026-04-29 18:57:26,034 mme_vla_suite.pseudo_labeling.topreward_qwen_scorer INFO: Prefix 11/16 (end=72, n_frames=22/73): reward=-19.3750 (mean, 1 tok)
2026-04-29 18:57:30,769 mme_vla_suite.pseudo_labeling.topreward_qwen_scorer INFO: Prefix 12/16 (end=78, n_frames=24/79): reward=-20.6250 (mean, 1 tok)
2026-04-29 18:57:35,557 mme_vla_suite.pseudo_labeling.topreward_qwen_scorer INFO: Prefix 13/16 (end=85, n_frames=26/86): reward=-18.8750 (mean, 1 tok)
2026-04-29 18:57:40,314 mme_vla_suite.pseudo_labeling.topreward_qwen_scorer INFO: Prefix 14/16 (end=91, n_frames=28/92): reward=-18.3750 (mean, 1 tok)
2026-04-29 18:57:45,138 mme_vla_suite.pseudo_labeling.topreward_qwen_scorer INFO: Prefix 15/16 (end=97, n_frames=29/98): reward=-17.2500 (mean, 1 tok)
2026-04-29 18:57:49,942 mme_vla_suite.pseudo_labeling.topreward_qwen_scorer INFO: Prefix 16/16 (end=104, n_frames=32/105): reward=-18.1250 (mean, 1 tok)
2026-04-29 18:57:55,459 mme_vla_suite.pseudo_labeling.topreward_qwen_scorer INFO: Prefix 1/16 (end=10, n_frames=4/11): reward=-18.7500 (mean, 1 tok)
2026-04-29 18:58:00,128 mme_vla_suite.pseudo_labeling.topreward_qwen_scorer INFO: Prefix 2/16 (end=16, n_frames=5/17): reward=-18.6250 (mean, 1 tok)
2026-04-29 18:58:04,799 mme_vla_suite.pseudo_labeling.topreward_qwen_scorer INFO: Prefix 3/16 (end=22, n_frames=7/23): reward=-18.6250 (mean, 1 tok)
2026-04-29 18:58:09,476 mme_vla_suite.pseudo_labeling.topreward_qwen_scorer INFO: Prefix 4/16 (end=28, n_frames=9/29): reward=-18.5000 (mean, 1 tok)
2026-04-29 18:58:14,144 mme_vla_suite.pseudo_labeling.topreward_qwen_scorer INFO: Prefix 5/16 (end=34, n_frames=10/35): reward=-16.5000 (mean, 1 tok)
2026-04-29 18:58:18,854 mme_vla_suite.pseudo_labeling.topreward_qwen_scorer INFO: Prefix 6/16 (end=41, n_frames=13/42): reward=-16.7500 (mean, 1 tok)
2026-04-29 18:58:23,552 mme_vla_suite.pseudo_labeling.topreward_qwen_scorer INFO: Prefix 7/16 (end=47, n_frames=14/48): reward=-17.0000 (mean, 1 tok)
2026-04-29 18:58:28,227 mme_vla_suite.pseudo_labeling.topreward_qwen_scorer INFO: Prefix 8/16 (end=53, n_frames=16/54): reward=-16.8750 (mean, 1 tok)
2026-04-29 18:58:32,898 mme_vla_suite.pseudo_labeling.topreward_qwen_scorer INFO: Prefix 9/16 (end=59, n_frames=18/60): reward=-16.8750 (mean, 1 tok)
2026-04-29 18:58:37,597 mme_vla_suite.pseudo_labeling.topreward_qwen_scorer INFO: Prefix 10/16 (end=65, n_frames=20/66): reward=-16.2500 (mean, 1 tok)
2026-04-29 18:58:42,357 mme_vla_suite.pseudo_labeling.topreward_qwen_scorer INFO: Prefix 11/16 (end=72, n_frames=22/73): reward=-15.8750 (mean, 1 tok)
2026-04-29 18:58:47,119 mme_vla_suite.pseudo_labeling.topreward_qwen_scorer INFO: Prefix 12/16 (end=78, n_frames=24/79): reward=-16.0000 (mean, 1 tok)
2026-04-29 18:58:51,901 mme_vla_suite.pseudo_labeling.topreward_qwen_scorer INFO: Prefix 13/16 (end=84, n_frames=26/85): reward=-16.2500 (mean, 1 tok)
2026-04-29 18:58:56,660 mme_vla_suite.pseudo_labeling.topreward_qwen_scorer INFO: Prefix 14/16 (end=90, n_frames=27/91): reward=-16.1250 (mean, 1 tok)
2026-04-29 18:59:01,417 mme_vla_suite.pseudo_labeling.topreward_qwen_scorer INFO: Prefix 15/16 (end=96, n_frames=29/97): reward=-15.2500 (mean, 1 tok)
2026-04-29 18:59:06,204 mme_vla_suite.pseudo_labeling.topreward_qwen_scorer INFO: Prefix 16/16 (end=103, n_frames=31/104): reward=-14.8750 (mean, 1 tok)
2026-04-29 18:59:11,753 mme_vla_suite.pseudo_labeling.topreward_qwen_scorer INFO: Prefix 1/16 (end=6, n_frames=4/7): reward=-21.6250 (mean, 1 tok)
2026-04-29 18:59:16,332 mme_vla_suite.pseudo_labeling.topreward_qwen_scorer INFO: Prefix 2/16 (end=9, n_frames=4/10): reward=-22.2500 (mean, 1 tok)
2026-04-29 18:59:20,932 mme_vla_suite.pseudo_labeling.topreward_qwen_scorer INFO: Prefix 3/16 (end=13, n_frames=4/14): reward=-21.7500 (mean, 1 tok)
2026-04-29 18:59:25,595 mme_vla_suite.pseudo_labeling.topreward_qwen_scorer INFO: Prefix 4/16 (end=17, n_frames=5/18): reward=-21.7500 (mean, 1 tok)
2026-04-29 18:59:30,300 mme_vla_suite.pseudo_labeling.topreward_qwen_scorer INFO: Prefix 5/16 (end=21, n_frames=7/22): reward=-24.7500 (mean, 1 tok)
2026-04-29 18:59:35,059 mme_vla_suite.pseudo_labeling.topreward_qwen_scorer INFO: Prefix 6/16 (end=25, n_frames=8/26): reward=-24.2500 (mean, 1 tok)
2026-04-29 18:59:39,704 mme_vla_suite.pseudo_labeling.topreward_qwen_scorer INFO: Prefix 7/16 (end=29, n_frames=9/30): reward=-23.8750 (mean, 1 tok)
2026-04-29 18:59:44,341 mme_vla_suite.pseudo_labeling.topreward_qwen_scorer INFO: Prefix 8/16 (end=33, n_frames=10/34): reward=-23.1250 (mean, 1 tok)
2026-04-29 18:59:48,999 mme_vla_suite.pseudo_labeling.topreward_qwen_scorer INFO: Prefix 9/16 (end=36, n_frames=11/37): reward=-20.5000 (mean, 1 tok)
2026-04-29 18:59:53,676 mme_vla_suite.pseudo_labeling.topreward_qwen_scorer INFO: Prefix 10/16 (end=40, n_frames=12/41): reward=-20.0000 (mean, 1 tok)
2026-04-29 18:59:58,485 mme_vla_suite.pseudo_labeling.topreward_qwen_scorer INFO: Prefix 11/16 (end=44, n_frames=14/45): reward=-20.3750 (mean, 1 tok)
2026-04-29 19:00:03,162 mme_vla_suite.pseudo_labeling.topreward_qwen_scorer INFO: Prefix 12/16 (end=48, n_frames=15/49): reward=-18.2500 (mean, 1 tok)
2026-04-29 19:00:07,844 mme_vla_suite.pseudo_labeling.topreward_qwen_scorer INFO: Prefix 13/16 (end=52, n_frames=16/53): reward=-18.2500 (mean, 1 tok)
2026-04-29 19:00:12,573 mme_vla_suite.pseudo_labeling.topreward_qwen_scorer INFO: Prefix 14/16 (end=56, n_frames=17/57): reward=-17.7500 (mean, 1 tok)
2026-04-29 19:00:17,381 mme_vla_suite.pseudo_labeling.topreward_qwen_scorer INFO: Prefix 15/16 (end=60, n_frames=18/61): reward=-17.1250 (mean, 1 tok)
2026-04-29 19:00:22,152 mme_vla_suite.pseudo_labeling.topreward_qwen_scorer INFO: Prefix 16/16 (end=64, n_frames=20/65): reward=-16.8750 (mean, 1 tok)
2026-04-29 19:00:27,579 mme_vla_suite.pseudo_labeling.topreward_qwen_scorer INFO: Prefix 1/16 (end=8, n_frames=4/9): reward=-21.2500 (mean, 1 tok)
2026-04-29 19:00:32,198 mme_vla_suite.pseudo_labeling.topreward_qwen_scorer INFO: Prefix 2/16 (end=12, n_frames=4/13): reward=-22.5000 (mean, 1 tok)
2026-04-29 19:00:36,827 mme_vla_suite.pseudo_labeling.topreward_qwen_scorer INFO: Prefix 3/16 (end=17, n_frames=5/18): reward=-21.7500 (mean, 1 tok)
2026-04-29 19:00:41,502 mme_vla_suite.pseudo_labeling.topreward_qwen_scorer INFO: Prefix 4/16 (end=22, n_frames=7/23): reward=-22.2500 (mean, 1 tok)
2026-04-29 19:00:46,087 mme_vla_suite.pseudo_labeling.topreward_qwen_scorer INFO: Prefix 5/16 (end=27, n_frames=8/28): reward=-23.3750 (mean, 1 tok)
2026-04-29 19:00:50,773 mme_vla_suite.pseudo_labeling.topreward_qwen_scorer INFO: Prefix 6/16 (end=32, n_frames=10/33): reward=-23.2500 (mean, 1 tok)
2026-04-29 19:00:55,397 mme_vla_suite.pseudo_labeling.topreward_qwen_scorer INFO: Prefix 7/16 (end=37, n_frames=11/38): reward=-18.3750 (mean, 1 tok)
2026-04-29 19:01:00,032 mme_vla_suite.pseudo_labeling.topreward_qwen_scorer INFO: Prefix 8/16 (end=42, n_frames=13/43): reward=-19.1250 (mean, 1 tok)
2026-04-29 19:01:04,676 mme_vla_suite.pseudo_labeling.topreward_qwen_scorer INFO: Prefix 9/16 (end=47, n_frames=14/48): reward=-17.7500 (mean, 1 tok)
2026-04-29 19:01:09,363 mme_vla_suite.pseudo_labeling.topreward_qwen_scorer INFO: Prefix 10/16 (end=52, n_frames=16/53): reward=-18.2500 (mean, 1 tok)
2026-04-29 19:01:14,022 mme_vla_suite.pseudo_labeling.topreward_qwen_scorer INFO: Prefix 11/16 (end=57, n_frames=17/58): reward=-17.6250 (mean, 1 tok)
2026-04-29 19:01:18,667 mme_vla_suite.pseudo_labeling.topreward_qwen_scorer INFO: Prefix 12/16 (end=62, n_frames=19/63): reward=-16.8750 (mean, 1 tok)
2026-04-29 19:01:23,347 mme_vla_suite.pseudo_labeling.topreward_qwen_scorer INFO: Prefix 13/16 (end=67, n_frames=20/68): reward=-17.2500 (mean, 1 tok)
2026-04-29 19:01:28,052 mme_vla_suite.pseudo_labeling.topreward_qwen_scorer INFO: Prefix 14/16 (end=72, n_frames=22/73): reward=-16.8750 (mean, 1 tok)
2026-04-29 19:01:32,765 mme_vla_suite.pseudo_labeling.topreward_qwen_scorer INFO: Prefix 15/16 (end=77, n_frames=23/78): reward=-18.3750 (mean, 1 tok)
2026-04-29 19:01:37,530 mme_vla_suite.pseudo_labeling.topreward_qwen_scorer INFO: Prefix 16/16 (end=82, n_frames=25/83): reward=-18.2500 (mean, 1 tok)
2026-04-29 19:01:43,154 mme_vla_suite.pseudo_labeling.topreward_qwen_scorer INFO: Prefix 1/16 (end=9, n_frames=4/10): reward=-22.1250 (mean, 1 tok)
2026-04-29 19:01:47,829 mme_vla_suite.pseudo_labeling.topreward_qwen_scorer INFO: Prefix 2/16 (end=14, n_frames=4/15): reward=-22.1250 (mean, 1 tok)
2026-04-29 19:01:52,467 mme_vla_suite.pseudo_labeling.topreward_qwen_scorer INFO: Prefix 3/16 (end=20, n_frames=6/21): reward=-22.2500 (mean, 1 tok)
2026-04-29 19:01:57,103 mme_vla_suite.pseudo_labeling.topreward_qwen_scorer INFO: Prefix 4/16 (end=26, n_frames=8/27): reward=-22.2500 (mean, 1 tok)
2026-04-29 19:02:01,772 mme_vla_suite.pseudo_labeling.topreward_qwen_scorer INFO: Prefix 5/16 (end=32, n_frames=10/33): reward=-21.6250 (mean, 1 tok)
2026-04-29 19:02:06,434 mme_vla_suite.pseudo_labeling.topreward_qwen_scorer INFO: Prefix 6/16 (end=38, n_frames=12/39): reward=-20.6250 (mean, 1 tok)
2026-04-29 19:02:11,083 mme_vla_suite.pseudo_labeling.topreward_qwen_scorer INFO: Prefix 7/16 (end=44, n_frames=14/45): reward=-20.6250 (mean, 1 tok)
2026-04-29 19:02:15,755 mme_vla_suite.pseudo_labeling.topreward_qwen_scorer INFO: Prefix 8/16 (end=50, n_frames=15/51): reward=-19.7500 (mean, 1 tok)
2026-04-29 19:02:20,463 mme_vla_suite.pseudo_labeling.topreward_qwen_scorer INFO: Prefix 9/16 (end=55, n_frames=17/56): reward=-19.7500 (mean, 1 tok)
2026-04-29 19:02:25,197 mme_vla_suite.pseudo_labeling.topreward_qwen_scorer INFO: Prefix 10/16 (end=61, n_frames=19/62): reward=-18.8750 (mean, 1 tok)
2026-04-29 19:02:29,967 mme_vla_suite.pseudo_labeling.topreward_qwen_scorer INFO: Prefix 11/16 (end=67, n_frames=20/68): reward=-19.1250 (mean, 1 tok)
2026-04-29 19:02:34,729 mme_vla_suite.pseudo_labeling.topreward_qwen_scorer INFO: Prefix 12/16 (end=73, n_frames=22/74): reward=-18.6250 (mean, 1 tok)
2026-04-29 19:02:39,510 mme_vla_suite.pseudo_labeling.topreward_qwen_scorer INFO: Prefix 13/16 (end=79, n_frames=24/80): reward=-18.6250 (mean, 1 tok)
2026-04-29 19:02:44,308 mme_vla_suite.pseudo_labeling.topreward_qwen_scorer INFO: Prefix 14/16 (end=85, n_frames=26/86): reward=-19.2500 (mean, 1 tok)
2026-04-29 19:02:49,073 mme_vla_suite.pseudo_labeling.topreward_qwen_scorer INFO: Prefix 15/16 (end=91, n_frames=28/92): reward=-18.5000 (mean, 1 tok)
2026-04-29 19:02:53,852 mme_vla_suite.pseudo_labeling.topreward_qwen_scorer INFO: Prefix 16/16 (end=97, n_frames=29/98): reward=-18.1250 (mean, 1 tok)
2026-04-29 19:02:59,186 mme_vla_suite.pseudo_labeling.topreward_qwen_scorer INFO: Prefix 1/16 (end=10, n_frames=4/11): reward=-22.1250 (mean, 1 tok)
2026-04-29 19:03:03,793 mme_vla_suite.pseudo_labeling.topreward_qwen_scorer INFO: Prefix 2/16 (end=16, n_frames=5/17): reward=-22.2500 (mean, 1 tok)
2026-04-29 19:03:08,450 mme_vla_suite.pseudo_labeling.topreward_qwen_scorer INFO: Prefix 3/16 (end=22, n_frames=7/23): reward=-22.2500 (mean, 1 tok)
2026-04-29 19:03:13,132 mme_vla_suite.pseudo_labeling.topreward_qwen_scorer INFO: Prefix 4/16 (end=28, n_frames=9/29): reward=-21.6250 (mean, 1 tok)
2026-04-29 19:03:17,808 mme_vla_suite.pseudo_labeling.topreward_qwen_scorer INFO: Prefix 5/16 (end=34, n_frames=10/35): reward=-21.6250 (mean, 1 tok)
2026-04-29 19:03:22,455 mme_vla_suite.pseudo_labeling.topreward_qwen_scorer INFO: Prefix 6/16 (end=40, n_frames=12/41): reward=-20.5000 (mean, 1 tok)
2026-04-29 19:03:27,082 mme_vla_suite.pseudo_labeling.topreward_qwen_scorer INFO: Prefix 7/16 (end=46, n_frames=14/47): reward=-19.8750 (mean, 1 tok)
2026-04-29 19:03:31,726 mme_vla_suite.pseudo_labeling.topreward_qwen_scorer INFO: Prefix 8/16 (end=52, n_frames=16/53): reward=-19.2500 (mean, 1 tok)
2026-04-29 19:03:36,389 mme_vla_suite.pseudo_labeling.topreward_qwen_scorer INFO: Prefix 9/16 (end=59, n_frames=18/60): reward=-18.7500 (mean, 1 tok)
2026-04-29 19:03:41,076 mme_vla_suite.pseudo_labeling.topreward_qwen_scorer INFO: Prefix 10/16 (end=65, n_frames=20/66): reward=-18.7500 (mean, 1 tok)
2026-04-29 19:03:45,732 mme_vla_suite.pseudo_labeling.topreward_qwen_scorer INFO: Prefix 11/16 (end=71, n_frames=22/72): reward=-19.1250 (mean, 1 tok)
2026-04-29 19:03:50,416 mme_vla_suite.pseudo_labeling.topreward_qwen_scorer INFO: Prefix 12/16 (end=77, n_frames=23/78): reward=-18.7500 (mean, 1 tok)
2026-04-29 19:03:55,131 mme_vla_suite.pseudo_labeling.topreward_qwen_scorer INFO: Prefix 13/16 (end=83, n_frames=25/84): reward=-18.8750 (mean, 1 tok)
2026-04-29 19:03:59,837 mme_vla_suite.pseudo_labeling.topreward_qwen_scorer INFO: Prefix 14/16 (end=89, n_frames=27/90): reward=-18.3750 (mean, 1 tok)
2026-04-29 19:04:04,565 mme_vla_suite.pseudo_labeling.topreward_qwen_scorer INFO: Prefix 15/16 (end=95, n_frames=29/96): reward=-17.8750 (mean, 1 tok)
2026-04-29 19:04:09,327 mme_vla_suite.pseudo_labeling.topreward_qwen_scorer INFO: Prefix 16/16 (end=102, n_frames=31/103): reward=-18.1250 (mean, 1 tok)
