/coc/testnvme/shalbe3/miniconda/envs/robomme/lib/python3.11/site-packages/torch/cuda/__init__.py:63: FutureWarning: The pynvml package is deprecated. Please install nvidia-ml-py instead. If you did not install pynvml directly, please report this to the maintainers of the package that installed pynvml for you.
  import pynvml  # type: ignore[import]
`torch_dtype` is deprecated! Use `dtype` instead!
You are attempting to use Flash Attention 2 without specifying a torch dtype. This might lead to unexpected behaviour
2026-04-29 18:55:07,606 mme_vla_suite.pseudo_labeling.topreward_qwen_scorer WARNING: flash_attention_2 unavailable (/coc/testnvme/shalbe3/miniconda/envs/robomme/lib/python3.11/site-packages/flash_attn_2_cuda.cpython-311-x86_64-linux-gnu.so: undefined symbol: _ZNK3c106SymInt6sym_neERKS0_), using default attention
Loading checkpoint shards:   0%|          | 0/4 [00:00<?, ?it/s]Loading checkpoint shards:  25%|██▌       | 1/4 [00:01<00:03,  1.06s/it]Loading checkpoint shards:  50%|█████     | 2/4 [00:02<00:02,  1.05s/it]Loading checkpoint shards:  75%|███████▌  | 3/4 [00:03<00:01,  1.03s/it]Loading checkpoint shards: 100%|██████████| 4/4 [00:03<00:00,  1.16it/s]Loading checkpoint shards: 100%|██████████| 4/4 [00:03<00:00,  1.07it/s]
Asked to sample `fps` frames per second but no video metadata was provided which is required when sampling with `fps`. Defaulting to `fps=24`. Please provide `video_metadata` for more accurate results.
2026-04-29 18:55:21,223 mme_vla_suite.pseudo_labeling.topreward_qwen_scorer INFO: Prefix 1/16 (end=17, n_frames=5/18): reward=-21.7500 (mean, 1 tok)
2026-04-29 18:55:28,214 mme_vla_suite.pseudo_labeling.topreward_qwen_scorer INFO: Prefix 2/16 (end=27, n_frames=8/28): reward=-21.7500 (mean, 1 tok)
2026-04-29 18:55:35,234 mme_vla_suite.pseudo_labeling.topreward_qwen_scorer INFO: Prefix 3/16 (end=38, n_frames=12/39): reward=-16.2500 (mean, 1 tok)
2026-04-29 18:55:42,292 mme_vla_suite.pseudo_labeling.topreward_qwen_scorer INFO: Prefix 4/16 (end=49, n_frames=15/50): reward=-16.0000 (mean, 1 tok)
2026-04-29 18:55:49,341 mme_vla_suite.pseudo_labeling.topreward_qwen_scorer INFO: Prefix 5/16 (end=59, n_frames=18/60): reward=-15.6250 (mean, 1 tok)
2026-04-29 18:55:56,424 mme_vla_suite.pseudo_labeling.topreward_qwen_scorer INFO: Prefix 6/16 (end=70, n_frames=21/71): reward=-16.2500 (mean, 1 tok)
2026-04-29 18:56:03,546 mme_vla_suite.pseudo_labeling.topreward_qwen_scorer INFO: Prefix 7/16 (end=81, n_frames=25/82): reward=-16.0000 (mean, 1 tok)
2026-04-29 18:56:10,660 mme_vla_suite.pseudo_labeling.topreward_qwen_scorer INFO: Prefix 8/16 (end=92, n_frames=28/93): reward=-16.1250 (mean, 1 tok)
2026-04-29 18:56:17,826 mme_vla_suite.pseudo_labeling.topreward_qwen_scorer INFO: Prefix 9/16 (end=102, n_frames=31/103): reward=-16.2500 (mean, 1 tok)
2026-04-29 18:56:25,011 mme_vla_suite.pseudo_labeling.topreward_qwen_scorer INFO: Prefix 10/16 (end=113, n_frames=34/114): reward=-15.0000 (mean, 1 tok)
2026-04-29 18:56:32,214 mme_vla_suite.pseudo_labeling.topreward_qwen_scorer INFO: Prefix 11/16 (end=124, n_frames=38/125): reward=-14.3750 (mean, 1 tok)
2026-04-29 18:56:39,448 mme_vla_suite.pseudo_labeling.topreward_qwen_scorer INFO: Prefix 12/16 (end=135, n_frames=41/136): reward=-12.7500 (mean, 1 tok)
2026-04-29 18:56:46,694 mme_vla_suite.pseudo_labeling.topreward_qwen_scorer INFO: Prefix 13/16 (end=145, n_frames=44/146): reward=-12.7500 (mean, 1 tok)
2026-04-29 18:56:53,984 mme_vla_suite.pseudo_labeling.topreward_qwen_scorer INFO: Prefix 14/16 (end=156, n_frames=47/157): reward=-14.1250 (mean, 1 tok)
2026-04-29 18:57:01,316 mme_vla_suite.pseudo_labeling.topreward_qwen_scorer INFO: Prefix 15/16 (end=167, n_frames=50/168): reward=-13.6250 (mean, 1 tok)
2026-04-29 18:57:08,684 mme_vla_suite.pseudo_labeling.topreward_qwen_scorer INFO: Prefix 16/16 (end=178, n_frames=54/179): reward=-13.5000 (mean, 1 tok)
2026-04-29 18:57:16,398 mme_vla_suite.pseudo_labeling.topreward_qwen_scorer INFO: Prefix 1/8 (end=4, n_frames=4/5): reward=-18.8750 (mean, 1 tok)
2026-04-29 18:57:23,396 mme_vla_suite.pseudo_labeling.topreward_qwen_scorer INFO: Prefix 2/8 (end=8, n_frames=4/9): reward=-18.3750 (mean, 1 tok)
2026-04-29 18:57:30,368 mme_vla_suite.pseudo_labeling.topreward_qwen_scorer INFO: Prefix 3/8 (end=12, n_frames=4/13): reward=-18.0000 (mean, 1 tok)
2026-04-29 18:57:37,333 mme_vla_suite.pseudo_labeling.topreward_qwen_scorer INFO: Prefix 4/8 (end=16, n_frames=5/17): reward=-17.7500 (mean, 1 tok)
2026-04-29 18:57:44,312 mme_vla_suite.pseudo_labeling.topreward_qwen_scorer INFO: Prefix 5/8 (end=21, n_frames=7/22): reward=-17.6250 (mean, 1 tok)
2026-04-29 18:57:51,277 mme_vla_suite.pseudo_labeling.topreward_qwen_scorer INFO: Prefix 6/8 (end=25, n_frames=8/26): reward=-17.8750 (mean, 1 tok)
2026-04-29 18:57:58,267 mme_vla_suite.pseudo_labeling.topreward_qwen_scorer INFO: Prefix 7/8 (end=29, n_frames=9/30): reward=-18.0000 (mean, 1 tok)
2026-04-29 18:58:05,255 mme_vla_suite.pseudo_labeling.topreward_qwen_scorer INFO: Prefix 8/8 (end=34, n_frames=10/35): reward=-17.6250 (mean, 1 tok)
2026-04-29 18:58:12,893 mme_vla_suite.pseudo_labeling.topreward_qwen_scorer INFO: Prefix 1/8 (end=4, n_frames=4/5): reward=-20.0000 (mean, 1 tok)
2026-04-29 18:58:19,898 mme_vla_suite.pseudo_labeling.topreward_qwen_scorer INFO: Prefix 2/8 (end=8, n_frames=4/9): reward=-18.5000 (mean, 1 tok)
2026-04-29 18:58:26,833 mme_vla_suite.pseudo_labeling.topreward_qwen_scorer INFO: Prefix 3/8 (end=13, n_frames=4/14): reward=-18.7500 (mean, 1 tok)
2026-04-29 18:58:33,788 mme_vla_suite.pseudo_labeling.topreward_qwen_scorer INFO: Prefix 4/8 (end=18, n_frames=6/19): reward=-17.8750 (mean, 1 tok)
2026-04-29 18:58:40,754 mme_vla_suite.pseudo_labeling.topreward_qwen_scorer INFO: Prefix 5/8 (end=22, n_frames=7/23): reward=-17.2500 (mean, 1 tok)
2026-04-29 18:58:47,708 mme_vla_suite.pseudo_labeling.topreward_qwen_scorer INFO: Prefix 6/8 (end=27, n_frames=8/28): reward=-17.6250 (mean, 1 tok)
2026-04-29 18:58:54,938 mme_vla_suite.pseudo_labeling.topreward_qwen_scorer INFO: Prefix 7/8 (end=32, n_frames=10/33): reward=-17.6250 (mean, 1 tok)
2026-04-29 18:59:01,907 mme_vla_suite.pseudo_labeling.topreward_qwen_scorer INFO: Prefix 8/8 (end=37, n_frames=11/38): reward=-17.1250 (mean, 1 tok)
2026-04-29 18:59:09,834 mme_vla_suite.pseudo_labeling.topreward_qwen_scorer INFO: Prefix 1/8 (end=4, n_frames=4/5): reward=-20.0000 (mean, 1 tok)
2026-04-29 18:59:16,750 mme_vla_suite.pseudo_labeling.topreward_qwen_scorer INFO: Prefix 2/8 (end=8, n_frames=4/9): reward=-19.3750 (mean, 1 tok)
2026-04-29 18:59:23,680 mme_vla_suite.pseudo_labeling.topreward_qwen_scorer INFO: Prefix 3/8 (end=13, n_frames=4/14): reward=-19.2500 (mean, 1 tok)
2026-04-29 18:59:30,697 mme_vla_suite.pseudo_labeling.topreward_qwen_scorer INFO: Prefix 4/8 (end=18, n_frames=6/19): reward=-18.6250 (mean, 1 tok)
2026-04-29 18:59:37,660 mme_vla_suite.pseudo_labeling.topreward_qwen_scorer INFO: Prefix 5/8 (end=22, n_frames=7/23): reward=-18.7500 (mean, 1 tok)
2026-04-29 18:59:44,636 mme_vla_suite.pseudo_labeling.topreward_qwen_scorer INFO: Prefix 6/8 (end=27, n_frames=8/28): reward=-18.3750 (mean, 1 tok)
2026-04-29 18:59:51,629 mme_vla_suite.pseudo_labeling.topreward_qwen_scorer INFO: Prefix 7/8 (end=32, n_frames=10/33): reward=-18.2500 (mean, 1 tok)
2026-04-29 18:59:58,602 mme_vla_suite.pseudo_labeling.topreward_qwen_scorer INFO: Prefix 8/8 (end=37, n_frames=11/38): reward=-18.3750 (mean, 1 tok)
2026-04-29 19:00:06,281 mme_vla_suite.pseudo_labeling.topreward_qwen_scorer INFO: Prefix 1/8 (end=4, n_frames=4/5): reward=-20.2500 (mean, 1 tok)
2026-04-29 19:00:13,208 mme_vla_suite.pseudo_labeling.topreward_qwen_scorer INFO: Prefix 2/8 (end=8, n_frames=4/9): reward=-19.2500 (mean, 1 tok)
2026-04-29 19:00:20,141 mme_vla_suite.pseudo_labeling.topreward_qwen_scorer INFO: Prefix 3/8 (end=13, n_frames=4/14): reward=-19.7500 (mean, 1 tok)
2026-04-29 19:00:27,079 mme_vla_suite.pseudo_labeling.topreward_qwen_scorer INFO: Prefix 4/8 (end=18, n_frames=6/19): reward=-19.3750 (mean, 1 tok)
2026-04-29 19:00:34,031 mme_vla_suite.pseudo_labeling.topreward_qwen_scorer INFO: Prefix 5/8 (end=22, n_frames=7/23): reward=-19.0000 (mean, 1 tok)
2026-04-29 19:00:40,989 mme_vla_suite.pseudo_labeling.topreward_qwen_scorer INFO: Prefix 6/8 (end=27, n_frames=8/28): reward=-19.0000 (mean, 1 tok)
2026-04-29 19:00:47,949 mme_vla_suite.pseudo_labeling.topreward_qwen_scorer INFO: Prefix 7/8 (end=32, n_frames=10/33): reward=-18.2500 (mean, 1 tok)
2026-04-29 19:00:54,916 mme_vla_suite.pseudo_labeling.topreward_qwen_scorer INFO: Prefix 8/8 (end=37, n_frames=11/38): reward=-17.8750 (mean, 1 tok)
2026-04-29 19:01:02,706 mme_vla_suite.pseudo_labeling.topreward_qwen_scorer INFO: Prefix 1/8 (end=4, n_frames=4/5): reward=-20.5000 (mean, 1 tok)
2026-04-29 19:01:09,640 mme_vla_suite.pseudo_labeling.topreward_qwen_scorer INFO: Prefix 2/8 (end=8, n_frames=4/9): reward=-20.2500 (mean, 1 tok)
2026-04-29 19:01:16,570 mme_vla_suite.pseudo_labeling.topreward_qwen_scorer INFO: Prefix 3/8 (end=13, n_frames=4/14): reward=-20.3750 (mean, 1 tok)
2026-04-29 19:01:23,520 mme_vla_suite.pseudo_labeling.topreward_qwen_scorer INFO: Prefix 4/8 (end=18, n_frames=6/19): reward=-19.1250 (mean, 1 tok)
2026-04-29 19:01:30,476 mme_vla_suite.pseudo_labeling.topreward_qwen_scorer INFO: Prefix 5/8 (end=22, n_frames=7/23): reward=-19.5000 (mean, 1 tok)
2026-04-29 19:01:37,426 mme_vla_suite.pseudo_labeling.topreward_qwen_scorer INFO: Prefix 6/8 (end=27, n_frames=8/28): reward=-18.8750 (mean, 1 tok)
2026-04-29 19:01:44,393 mme_vla_suite.pseudo_labeling.topreward_qwen_scorer INFO: Prefix 7/8 (end=32, n_frames=10/33): reward=-19.2500 (mean, 1 tok)
2026-04-29 19:01:51,388 mme_vla_suite.pseudo_labeling.topreward_qwen_scorer INFO: Prefix 8/8 (end=37, n_frames=11/38): reward=-19.3750 (mean, 1 tok)
2026-04-29 19:01:59,253 mme_vla_suite.pseudo_labeling.topreward_qwen_scorer INFO: Prefix 1/8 (end=4, n_frames=4/5): reward=-20.8750 (mean, 1 tok)
2026-04-29 19:02:06,186 mme_vla_suite.pseudo_labeling.topreward_qwen_scorer INFO: Prefix 2/8 (end=8, n_frames=4/9): reward=-20.2500 (mean, 1 tok)
2026-04-29 19:02:13,125 mme_vla_suite.pseudo_labeling.topreward_qwen_scorer INFO: Prefix 3/8 (end=13, n_frames=4/14): reward=-19.8750 (mean, 1 tok)
2026-04-29 19:02:20,078 mme_vla_suite.pseudo_labeling.topreward_qwen_scorer INFO: Prefix 4/8 (end=18, n_frames=6/19): reward=-19.6250 (mean, 1 tok)
2026-04-29 19:02:27,059 mme_vla_suite.pseudo_labeling.topreward_qwen_scorer INFO: Prefix 5/8 (end=22, n_frames=7/23): reward=-19.3750 (mean, 1 tok)
2026-04-29 19:02:34,025 mme_vla_suite.pseudo_labeling.topreward_qwen_scorer INFO: Prefix 6/8 (end=27, n_frames=8/28): reward=-19.5000 (mean, 1 tok)
2026-04-29 19:02:40,991 mme_vla_suite.pseudo_labeling.topreward_qwen_scorer INFO: Prefix 7/8 (end=32, n_frames=10/33): reward=-18.7500 (mean, 1 tok)
2026-04-29 19:02:47,988 mme_vla_suite.pseudo_labeling.topreward_qwen_scorer INFO: Prefix 8/8 (end=37, n_frames=11/38): reward=-19.1250 (mean, 1 tok)
2026-04-29 19:02:55,604 mme_vla_suite.pseudo_labeling.topreward_qwen_scorer INFO: Prefix 1/8 (end=4, n_frames=4/5): reward=-19.2500 (mean, 1 tok)
2026-04-29 19:03:02,536 mme_vla_suite.pseudo_labeling.topreward_qwen_scorer INFO: Prefix 2/8 (end=8, n_frames=4/9): reward=-19.0000 (mean, 1 tok)
2026-04-29 19:03:09,462 mme_vla_suite.pseudo_labeling.topreward_qwen_scorer INFO: Prefix 3/8 (end=12, n_frames=4/13): reward=-18.6250 (mean, 1 tok)
2026-04-29 19:03:16,403 mme_vla_suite.pseudo_labeling.topreward_qwen_scorer INFO: Prefix 4/8 (end=17, n_frames=5/18): reward=-17.7500 (mean, 1 tok)
2026-04-29 19:03:23,343 mme_vla_suite.pseudo_labeling.topreward_qwen_scorer INFO: Prefix 5/8 (end=21, n_frames=7/22): reward=-16.8750 (mean, 1 tok)
2026-04-29 19:03:30,283 mme_vla_suite.pseudo_labeling.topreward_qwen_scorer INFO: Prefix 6/8 (end=26, n_frames=8/27): reward=-17.5000 (mean, 1 tok)
2026-04-29 19:03:37,241 mme_vla_suite.pseudo_labeling.topreward_qwen_scorer INFO: Prefix 7/8 (end=30, n_frames=9/31): reward=-16.1250 (mean, 1 tok)
2026-04-29 19:03:44,216 mme_vla_suite.pseudo_labeling.topreward_qwen_scorer INFO: Prefix 8/8 (end=35, n_frames=11/36): reward=-15.5000 (mean, 1 tok)
2026-04-29 19:03:52,062 mme_vla_suite.pseudo_labeling.topreward_qwen_scorer INFO: Prefix 1/8 (end=5, n_frames=4/6): reward=-20.1250 (mean, 1 tok)
2026-04-29 19:03:58,981 mme_vla_suite.pseudo_labeling.topreward_qwen_scorer INFO: Prefix 2/8 (end=12, n_frames=4/13): reward=-19.3750 (mean, 1 tok)
2026-04-29 19:04:05,918 mme_vla_suite.pseudo_labeling.topreward_qwen_scorer INFO: Prefix 3/8 (end=20, n_frames=6/21): reward=-18.2500 (mean, 1 tok)
2026-04-29 19:04:12,876 mme_vla_suite.pseudo_labeling.topreward_qwen_scorer INFO: Prefix 4/8 (end=27, n_frames=8/28): reward=-18.6250 (mean, 1 tok)
2026-04-29 19:04:19,827 mme_vla_suite.pseudo_labeling.topreward_qwen_scorer INFO: Prefix 5/8 (end=35, n_frames=11/36): reward=-19.1250 (mean, 1 tok)
2026-04-29 19:04:26,817 mme_vla_suite.pseudo_labeling.topreward_qwen_scorer INFO: Prefix 6/8 (end=42, n_frames=13/43): reward=-19.1250 (mean, 1 tok)
2026-04-29 19:04:33,804 mme_vla_suite.pseudo_labeling.topreward_qwen_scorer INFO: Prefix 7/8 (end=50, n_frames=15/51): reward=-19.5000 (mean, 1 tok)
2026-04-29 19:04:40,813 mme_vla_suite.pseudo_labeling.topreward_qwen_scorer INFO: Prefix 8/8 (end=58, n_frames=18/59): reward=-19.5000 (mean, 1 tok)
2026-04-29 19:04:48,431 mme_vla_suite.pseudo_labeling.topreward_qwen_scorer INFO: Prefix 1/16 (end=9, n_frames=4/10): reward=-19.7500 (mean, 1 tok)
2026-04-29 19:04:55,399 mme_vla_suite.pseudo_labeling.topreward_qwen_scorer INFO: Prefix 2/16 (end=14, n_frames=4/15): reward=-19.0000 (mean, 1 tok)
2026-04-29 19:05:02,369 mme_vla_suite.pseudo_labeling.topreward_qwen_scorer INFO: Prefix 3/16 (end=20, n_frames=6/21): reward=-18.2500 (mean, 1 tok)
2026-04-29 19:05:09,328 mme_vla_suite.pseudo_labeling.topreward_qwen_scorer INFO: Prefix 4/16 (end=26, n_frames=8/27): reward=-18.7500 (mean, 1 tok)
2026-04-29 19:05:16,293 mme_vla_suite.pseudo_labeling.topreward_qwen_scorer INFO: Prefix 5/16 (end=31, n_frames=10/32): reward=-18.2500 (mean, 1 tok)
2026-04-29 19:05:23,265 mme_vla_suite.pseudo_labeling.topreward_qwen_scorer INFO: Prefix 6/16 (end=37, n_frames=11/38): reward=-18.3750 (mean, 1 tok)
2026-04-29 19:05:30,240 mme_vla_suite.pseudo_labeling.topreward_qwen_scorer INFO: Prefix 7/16 (end=43, n_frames=13/44): reward=-19.5000 (mean, 1 tok)
2026-04-29 19:05:37,221 mme_vla_suite.pseudo_labeling.topreward_qwen_scorer INFO: Prefix 8/16 (end=48, n_frames=15/49): reward=-19.5000 (mean, 1 tok)
2026-04-29 19:05:44,221 mme_vla_suite.pseudo_labeling.topreward_qwen_scorer INFO: Prefix 9/16 (end=54, n_frames=16/55): reward=-19.5000 (mean, 1 tok)
2026-04-29 19:05:51,246 mme_vla_suite.pseudo_labeling.topreward_qwen_scorer INFO: Prefix 10/16 (end=60, n_frames=18/61): reward=-19.7500 (mean, 1 tok)
2026-04-29 19:05:58,331 mme_vla_suite.pseudo_labeling.topreward_qwen_scorer INFO: Prefix 11/16 (end=65, n_frames=20/66): reward=-20.0000 (mean, 1 tok)
2026-04-29 19:06:05,384 mme_vla_suite.pseudo_labeling.topreward_qwen_scorer INFO: Prefix 12/16 (end=71, n_frames=22/72): reward=-21.0000 (mean, 1 tok)
2026-04-29 19:06:12,480 mme_vla_suite.pseudo_labeling.topreward_qwen_scorer INFO: Prefix 13/16 (end=77, n_frames=23/78): reward=-19.3750 (mean, 1 tok)
2026-04-29 19:06:19,609 mme_vla_suite.pseudo_labeling.topreward_qwen_scorer INFO: Prefix 14/16 (end=82, n_frames=25/83): reward=-19.3750 (mean, 1 tok)
2026-04-29 19:06:26,706 mme_vla_suite.pseudo_labeling.topreward_qwen_scorer INFO: Prefix 15/16 (end=88, n_frames=27/89): reward=-19.8750 (mean, 1 tok)
2026-04-29 19:06:33,818 mme_vla_suite.pseudo_labeling.topreward_qwen_scorer INFO: Prefix 16/16 (end=94, n_frames=28/95): reward=-20.3750 (mean, 1 tok)
2026-04-29 19:06:41,770 mme_vla_suite.pseudo_labeling.topreward_qwen_scorer INFO: Prefix 1/16 (end=11, n_frames=4/12): reward=-20.3750 (mean, 1 tok)
2026-04-29 19:06:48,696 mme_vla_suite.pseudo_labeling.topreward_qwen_scorer INFO: Prefix 2/16 (end=17, n_frames=5/18): reward=-21.0000 (mean, 1 tok)
2026-04-29 19:06:55,630 mme_vla_suite.pseudo_labeling.topreward_qwen_scorer INFO: Prefix 3/16 (end=24, n_frames=8/25): reward=-21.0000 (mean, 1 tok)
2026-04-29 19:07:02,574 mme_vla_suite.pseudo_labeling.topreward_qwen_scorer INFO: Prefix 4/16 (end=31, n_frames=10/32): reward=-20.0000 (mean, 1 tok)
2026-04-29 19:07:09,532 mme_vla_suite.pseudo_labeling.topreward_qwen_scorer INFO: Prefix 5/16 (end=38, n_frames=12/39): reward=-19.7500 (mean, 1 tok)
2026-04-29 19:07:16,492 mme_vla_suite.pseudo_labeling.topreward_qwen_scorer INFO: Prefix 6/16 (end=45, n_frames=14/46): reward=-15.1250 (mean, 1 tok)
2026-04-29 19:07:23,473 mme_vla_suite.pseudo_labeling.topreward_qwen_scorer INFO: Prefix 7/16 (end=52, n_frames=16/53): reward=-15.5000 (mean, 1 tok)
2026-04-29 19:07:30,448 mme_vla_suite.pseudo_labeling.topreward_qwen_scorer INFO: Prefix 8/16 (end=59, n_frames=18/60): reward=-15.5000 (mean, 1 tok)
2026-04-29 19:07:37,423 mme_vla_suite.pseudo_labeling.topreward_qwen_scorer INFO: Prefix 9/16 (end=66, n_frames=20/67): reward=-14.2500 (mean, 1 tok)
2026-04-29 19:07:44,435 mme_vla_suite.pseudo_labeling.topreward_qwen_scorer INFO: Prefix 10/16 (end=73, n_frames=22/74): reward=-14.0000 (mean, 1 tok)
2026-04-29 19:07:51,473 mme_vla_suite.pseudo_labeling.topreward_qwen_scorer INFO: Prefix 11/16 (end=80, n_frames=24/81): reward=-13.6250 (mean, 1 tok)
2026-04-29 19:07:58,518 mme_vla_suite.pseudo_labeling.topreward_qwen_scorer INFO: Prefix 12/16 (end=87, n_frames=26/88): reward=-13.6250 (mean, 1 tok)
2026-04-29 19:08:05,545 mme_vla_suite.pseudo_labeling.topreward_qwen_scorer INFO: Prefix 13/16 (end=94, n_frames=28/95): reward=-13.3750 (mean, 1 tok)
2026-04-29 19:08:12,654 mme_vla_suite.pseudo_labeling.topreward_qwen_scorer INFO: Prefix 14/16 (end=101, n_frames=31/102): reward=-13.7500 (mean, 1 tok)
2026-04-29 19:08:19,816 mme_vla_suite.pseudo_labeling.topreward_qwen_scorer INFO: Prefix 15/16 (end=108, n_frames=33/109): reward=-13.0000 (mean, 1 tok)
2026-04-29 19:08:26,978 mme_vla_suite.pseudo_labeling.topreward_qwen_scorer INFO: Prefix 16/16 (end=115, n_frames=35/116): reward=-12.1250 (mean, 1 tok)
2026-04-29 19:08:34,589 mme_vla_suite.pseudo_labeling.topreward_qwen_scorer INFO: Prefix 1/8 (end=4, n_frames=4/5): reward=-19.2500 (mean, 1 tok)
2026-04-29 19:08:41,510 mme_vla_suite.pseudo_labeling.topreward_qwen_scorer INFO: Prefix 2/8 (end=7, n_frames=4/8): reward=-18.6250 (mean, 1 tok)
2026-04-29 19:08:48,425 mme_vla_suite.pseudo_labeling.topreward_qwen_scorer INFO: Prefix 3/8 (end=11, n_frames=4/12): reward=-18.8750 (mean, 1 tok)
2026-04-29 19:08:55,346 mme_vla_suite.pseudo_labeling.topreward_qwen_scorer INFO: Prefix 4/8 (end=15, n_frames=5/16): reward=-17.7500 (mean, 1 tok)
2026-04-29 19:09:02,294 mme_vla_suite.pseudo_labeling.topreward_qwen_scorer INFO: Prefix 5/8 (end=18, n_frames=6/19): reward=-18.2500 (mean, 1 tok)
2026-04-29 19:09:09,235 mme_vla_suite.pseudo_labeling.topreward_qwen_scorer INFO: Prefix 6/8 (end=22, n_frames=7/23): reward=-19.5000 (mean, 1 tok)
2026-04-29 19:09:16,199 mme_vla_suite.pseudo_labeling.topreward_qwen_scorer INFO: Prefix 7/8 (end=26, n_frames=8/27): reward=-19.2500 (mean, 1 tok)
2026-04-29 19:09:23,156 mme_vla_suite.pseudo_labeling.topreward_qwen_scorer INFO: Prefix 8/8 (end=30, n_frames=9/31): reward=-19.3750 (mean, 1 tok)
2026-04-29 19:09:30,866 mme_vla_suite.pseudo_labeling.topreward_qwen_scorer INFO: Prefix 1/8 (end=4, n_frames=4/5): reward=-19.6250 (mean, 1 tok)
2026-04-29 19:09:37,825 mme_vla_suite.pseudo_labeling.topreward_qwen_scorer INFO: Prefix 2/8 (end=9, n_frames=4/10): reward=-18.5000 (mean, 1 tok)
2026-04-29 19:09:44,741 mme_vla_suite.pseudo_labeling.topreward_qwen_scorer INFO: Prefix 3/8 (end=14, n_frames=4/15): reward=-18.3750 (mean, 1 tok)
2026-04-29 19:09:51,670 mme_vla_suite.pseudo_labeling.topreward_qwen_scorer INFO: Prefix 4/8 (end=19, n_frames=6/20): reward=-17.1250 (mean, 1 tok)
2026-04-29 19:09:58,622 mme_vla_suite.pseudo_labeling.topreward_qwen_scorer INFO: Prefix 5/8 (end=24, n_frames=8/25): reward=-18.0000 (mean, 1 tok)
2026-04-29 19:10:05,571 mme_vla_suite.pseudo_labeling.topreward_qwen_scorer INFO: Prefix 6/8 (end=29, n_frames=9/30): reward=-17.0000 (mean, 1 tok)
2026-04-29 19:10:12,534 mme_vla_suite.pseudo_labeling.topreward_qwen_scorer INFO: Prefix 7/8 (end=34, n_frames=10/35): reward=-17.3750 (mean, 1 tok)
2026-04-29 19:10:19,499 mme_vla_suite.pseudo_labeling.topreward_qwen_scorer INFO: Prefix 8/8 (end=40, n_frames=12/41): reward=-18.2500 (mean, 1 tok)
2026-04-29 19:10:27,313 mme_vla_suite.pseudo_labeling.topreward_qwen_scorer INFO: Prefix 1/8 (end=4, n_frames=4/5): reward=-20.1250 (mean, 1 tok)
2026-04-29 19:10:34,226 mme_vla_suite.pseudo_labeling.topreward_qwen_scorer INFO: Prefix 2/8 (end=9, n_frames=4/10): reward=-19.2500 (mean, 1 tok)
2026-04-29 19:10:41,149 mme_vla_suite.pseudo_labeling.topreward_qwen_scorer INFO: Prefix 3/8 (end=14, n_frames=4/15): reward=-19.3750 (mean, 1 tok)
2026-04-29 19:10:48,100 mme_vla_suite.pseudo_labeling.topreward_qwen_scorer INFO: Prefix 4/8 (end=19, n_frames=6/20): reward=-18.7500 (mean, 1 tok)
2026-04-29 19:10:55,068 mme_vla_suite.pseudo_labeling.topreward_qwen_scorer INFO: Prefix 5/8 (end=24, n_frames=8/25): reward=-18.8750 (mean, 1 tok)
2026-04-29 19:11:02,022 mme_vla_suite.pseudo_labeling.topreward_qwen_scorer INFO: Prefix 6/8 (end=29, n_frames=9/30): reward=-19.0000 (mean, 1 tok)
2026-04-29 19:11:08,980 mme_vla_suite.pseudo_labeling.topreward_qwen_scorer INFO: Prefix 7/8 (end=34, n_frames=10/35): reward=-18.3750 (mean, 1 tok)
2026-04-29 19:11:15,952 mme_vla_suite.pseudo_labeling.topreward_qwen_scorer INFO: Prefix 8/8 (end=40, n_frames=12/41): reward=-18.5000 (mean, 1 tok)
2026-04-29 19:11:23,794 mme_vla_suite.pseudo_labeling.topreward_qwen_scorer INFO: Prefix 1/8 (end=4, n_frames=4/5): reward=-20.0000 (mean, 1 tok)
2026-04-29 19:11:30,720 mme_vla_suite.pseudo_labeling.topreward_qwen_scorer INFO: Prefix 2/8 (end=9, n_frames=4/10): reward=-19.8750 (mean, 1 tok)
2026-04-29 19:11:37,644 mme_vla_suite.pseudo_labeling.topreward_qwen_scorer INFO: Prefix 3/8 (end=14, n_frames=4/15): reward=-19.0000 (mean, 1 tok)
2026-04-29 19:11:44,597 mme_vla_suite.pseudo_labeling.topreward_qwen_scorer INFO: Prefix 4/8 (end=19, n_frames=6/20): reward=-19.0000 (mean, 1 tok)
2026-04-29 19:11:51,542 mme_vla_suite.pseudo_labeling.topreward_qwen_scorer INFO: Prefix 5/8 (end=24, n_frames=8/25): reward=-18.6250 (mean, 1 tok)
2026-04-29 19:11:58,487 mme_vla_suite.pseudo_labeling.topreward_qwen_scorer INFO: Prefix 6/8 (end=29, n_frames=9/30): reward=-18.7500 (mean, 1 tok)
2026-04-29 19:12:05,434 mme_vla_suite.pseudo_labeling.topreward_qwen_scorer INFO: Prefix 7/8 (end=34, n_frames=10/35): reward=-18.5000 (mean, 1 tok)
2026-04-29 19:12:12,395 mme_vla_suite.pseudo_labeling.topreward_qwen_scorer INFO: Prefix 8/8 (end=40, n_frames=12/41): reward=-18.2500 (mean, 1 tok)
2026-04-29 19:12:20,041 mme_vla_suite.pseudo_labeling.topreward_qwen_scorer INFO: Prefix 1/8 (end=4, n_frames=4/5): reward=-19.5000 (mean, 1 tok)
2026-04-29 19:12:26,989 mme_vla_suite.pseudo_labeling.topreward_qwen_scorer INFO: Prefix 2/8 (end=8, n_frames=4/9): reward=-19.6250 (mean, 1 tok)
2026-04-29 19:12:33,928 mme_vla_suite.pseudo_labeling.topreward_qwen_scorer INFO: Prefix 3/8 (end=12, n_frames=4/13): reward=-19.1250 (mean, 1 tok)
2026-04-29 19:12:40,946 mme_vla_suite.pseudo_labeling.topreward_qwen_scorer INFO: Prefix 4/8 (end=16, n_frames=5/17): reward=-17.2500 (mean, 1 tok)
2026-04-29 19:12:47,896 mme_vla_suite.pseudo_labeling.topreward_qwen_scorer INFO: Prefix 5/8 (end=21, n_frames=7/22): reward=-17.2500 (mean, 1 tok)
2026-04-29 19:12:54,844 mme_vla_suite.pseudo_labeling.topreward_qwen_scorer INFO: Prefix 6/8 (end=25, n_frames=8/26): reward=-17.1250 (mean, 1 tok)
2026-04-29 19:13:01,801 mme_vla_suite.pseudo_labeling.topreward_qwen_scorer INFO: Prefix 7/8 (end=29, n_frames=9/30): reward=-15.8750 (mean, 1 tok)
2026-04-29 19:13:08,764 mme_vla_suite.pseudo_labeling.topreward_qwen_scorer INFO: Prefix 8/8 (end=34, n_frames=10/35): reward=-17.0000 (mean, 1 tok)
2026-04-29 19:13:16,325 mme_vla_suite.pseudo_labeling.topreward_qwen_scorer INFO: Prefix 1/8 (end=5, n_frames=4/6): reward=-21.3750 (mean, 1 tok)
2026-04-29 19:13:23,264 mme_vla_suite.pseudo_labeling.topreward_qwen_scorer INFO: Prefix 2/8 (end=12, n_frames=4/13): reward=-21.3750 (mean, 1 tok)
2026-04-29 19:13:30,206 mme_vla_suite.pseudo_labeling.topreward_qwen_scorer INFO: Prefix 3/8 (end=20, n_frames=6/21): reward=-20.3750 (mean, 1 tok)
2026-04-29 19:13:37,164 mme_vla_suite.pseudo_labeling.topreward_qwen_scorer INFO: Prefix 4/8 (end=27, n_frames=8/28): reward=-19.6250 (mean, 1 tok)
2026-04-29 19:13:44,118 mme_vla_suite.pseudo_labeling.topreward_qwen_scorer INFO: Prefix 5/8 (end=35, n_frames=11/36): reward=-19.6250 (mean, 1 tok)
2026-04-29 19:13:51,098 mme_vla_suite.pseudo_labeling.topreward_qwen_scorer INFO: Prefix 6/8 (end=42, n_frames=13/43): reward=-19.3750 (mean, 1 tok)
2026-04-29 19:13:58,055 mme_vla_suite.pseudo_labeling.topreward_qwen_scorer INFO: Prefix 7/8 (end=50, n_frames=15/51): reward=-18.6250 (mean, 1 tok)
2026-04-29 19:14:05,037 mme_vla_suite.pseudo_labeling.topreward_qwen_scorer INFO: Prefix 8/8 (end=58, n_frames=18/59): reward=-18.2500 (mean, 1 tok)
2026-04-29 19:14:12,736 mme_vla_suite.pseudo_labeling.topreward_qwen_scorer INFO: Prefix 1/16 (end=9, n_frames=4/10): reward=-21.6250 (mean, 1 tok)
2026-04-29 19:14:19,660 mme_vla_suite.pseudo_labeling.topreward_qwen_scorer INFO: Prefix 2/16 (end=14, n_frames=4/15): reward=-21.5000 (mean, 1 tok)
2026-04-29 19:14:26,670 mme_vla_suite.pseudo_labeling.topreward_qwen_scorer INFO: Prefix 3/16 (end=20, n_frames=6/21): reward=-20.3750 (mean, 1 tok)
2026-04-29 19:14:33,628 mme_vla_suite.pseudo_labeling.topreward_qwen_scorer INFO: Prefix 4/16 (end=26, n_frames=8/27): reward=-19.7500 (mean, 1 tok)
2026-04-29 19:14:40,593 mme_vla_suite.pseudo_labeling.topreward_qwen_scorer INFO: Prefix 5/16 (end=31, n_frames=10/32): reward=-19.6250 (mean, 1 tok)
2026-04-29 19:14:47,555 mme_vla_suite.pseudo_labeling.topreward_qwen_scorer INFO: Prefix 6/16 (end=37, n_frames=11/38): reward=-19.0000 (mean, 1 tok)
2026-04-29 19:14:54,544 mme_vla_suite.pseudo_labeling.topreward_qwen_scorer INFO: Prefix 7/16 (end=43, n_frames=13/44): reward=-19.5000 (mean, 1 tok)
2026-04-29 19:15:01,614 mme_vla_suite.pseudo_labeling.topreward_qwen_scorer INFO: Prefix 8/16 (end=49, n_frames=15/50): reward=-18.2500 (mean, 1 tok)
2026-04-29 19:15:08,666 mme_vla_suite.pseudo_labeling.topreward_qwen_scorer INFO: Prefix 9/16 (end=54, n_frames=16/55): reward=-18.1250 (mean, 1 tok)
2026-04-29 19:15:15,659 mme_vla_suite.pseudo_labeling.topreward_qwen_scorer INFO: Prefix 10/16 (end=60, n_frames=18/61): reward=-18.5000 (mean, 1 tok)
2026-04-29 19:15:22,666 mme_vla_suite.pseudo_labeling.topreward_qwen_scorer INFO: Prefix 11/16 (end=66, n_frames=20/67): reward=-18.7500 (mean, 1 tok)
2026-04-29 19:15:29,708 mme_vla_suite.pseudo_labeling.topreward_qwen_scorer INFO: Prefix 12/16 (end=72, n_frames=22/73): reward=-18.2500 (mean, 1 tok)
2026-04-29 19:15:36,781 mme_vla_suite.pseudo_labeling.topreward_qwen_scorer INFO: Prefix 13/16 (end=77, n_frames=23/78): reward=-17.8750 (mean, 1 tok)
2026-04-29 19:15:43,867 mme_vla_suite.pseudo_labeling.topreward_qwen_scorer INFO: Prefix 14/16 (end=83, n_frames=25/84): reward=-17.8750 (mean, 1 tok)
2026-04-29 19:15:51,055 mme_vla_suite.pseudo_labeling.topreward_qwen_scorer INFO: Prefix 15/16 (end=89, n_frames=27/90): reward=-18.8750 (mean, 1 tok)
2026-04-29 19:15:58,154 mme_vla_suite.pseudo_labeling.topreward_qwen_scorer INFO: Prefix 16/16 (end=95, n_frames=29/96): reward=-17.8750 (mean, 1 tok)
2026-04-29 19:16:06,034 mme_vla_suite.pseudo_labeling.topreward_qwen_scorer INFO: Prefix 1/16 (end=11, n_frames=4/12): reward=-21.1250 (mean, 1 tok)
2026-04-29 19:16:12,951 mme_vla_suite.pseudo_labeling.topreward_qwen_scorer INFO: Prefix 2/16 (end=18, n_frames=6/19): reward=-21.5000 (mean, 1 tok)
2026-04-29 19:16:19,909 mme_vla_suite.pseudo_labeling.topreward_qwen_scorer INFO: Prefix 3/16 (end=25, n_frames=8/26): reward=-21.5000 (mean, 1 tok)
2026-04-29 19:16:26,876 mme_vla_suite.pseudo_labeling.topreward_qwen_scorer INFO: Prefix 4/16 (end=32, n_frames=10/33): reward=-20.5000 (mean, 1 tok)
2026-04-29 19:16:33,857 mme_vla_suite.pseudo_labeling.topreward_qwen_scorer INFO: Prefix 5/16 (end=39, n_frames=12/40): reward=-16.7500 (mean, 1 tok)
2026-04-29 19:16:40,815 mme_vla_suite.pseudo_labeling.topreward_qwen_scorer INFO: Prefix 6/16 (end=46, n_frames=14/47): reward=-15.7500 (mean, 1 tok)
2026-04-29 19:16:47,774 mme_vla_suite.pseudo_labeling.topreward_qwen_scorer INFO: Prefix 7/16 (end=53, n_frames=16/54): reward=-16.7500 (mean, 1 tok)
2026-04-29 19:16:54,768 mme_vla_suite.pseudo_labeling.topreward_qwen_scorer INFO: Prefix 8/16 (end=60, n_frames=18/61): reward=-15.6250 (mean, 1 tok)
2026-04-29 19:17:01,796 mme_vla_suite.pseudo_labeling.topreward_qwen_scorer INFO: Prefix 9/16 (end=67, n_frames=20/68): reward=-14.3750 (mean, 1 tok)
2026-04-29 19:17:08,842 mme_vla_suite.pseudo_labeling.topreward_qwen_scorer INFO: Prefix 10/16 (end=74, n_frames=22/75): reward=-14.5000 (mean, 1 tok)
2026-04-29 19:17:15,935 mme_vla_suite.pseudo_labeling.topreward_qwen_scorer INFO: Prefix 11/16 (end=81, n_frames=25/82): reward=-15.6250 (mean, 1 tok)
2026-04-29 19:17:23,019 mme_vla_suite.pseudo_labeling.topreward_qwen_scorer INFO: Prefix 12/16 (end=88, n_frames=27/89): reward=-15.0000 (mean, 1 tok)
2026-04-29 19:17:30,118 mme_vla_suite.pseudo_labeling.topreward_qwen_scorer INFO: Prefix 13/16 (end=95, n_frames=29/96): reward=-14.6250 (mean, 1 tok)
2026-04-29 19:17:37,256 mme_vla_suite.pseudo_labeling.topreward_qwen_scorer INFO: Prefix 14/16 (end=102, n_frames=31/103): reward=-14.5000 (mean, 1 tok)
2026-04-29 19:17:44,423 mme_vla_suite.pseudo_labeling.topreward_qwen_scorer INFO: Prefix 15/16 (end=109, n_frames=33/110): reward=-14.2500 (mean, 1 tok)
2026-04-29 19:17:51,589 mme_vla_suite.pseudo_labeling.topreward_qwen_scorer INFO: Prefix 16/16 (end=117, n_frames=35/118): reward=-15.0000 (mean, 1 tok)
2026-04-29 19:17:59,432 mme_vla_suite.pseudo_labeling.topreward_qwen_scorer INFO: Prefix 1/8 (end=4, n_frames=4/5): reward=-19.1250 (mean, 1 tok)
2026-04-29 19:18:06,349 mme_vla_suite.pseudo_labeling.topreward_qwen_scorer INFO: Prefix 2/8 (end=9, n_frames=4/10): reward=-18.1250 (mean, 1 tok)
2026-04-29 19:18:13,277 mme_vla_suite.pseudo_labeling.topreward_qwen_scorer INFO: Prefix 3/8 (end=14, n_frames=4/15): reward=-17.8750 (mean, 1 tok)
2026-04-29 19:18:20,229 mme_vla_suite.pseudo_labeling.topreward_qwen_scorer INFO: Prefix 4/8 (end=19, n_frames=6/20): reward=-17.3750 (mean, 1 tok)
2026-04-29 19:18:27,189 mme_vla_suite.pseudo_labeling.topreward_qwen_scorer INFO: Prefix 5/8 (end=24, n_frames=8/25): reward=-17.5000 (mean, 1 tok)
2026-04-29 19:18:34,143 mme_vla_suite.pseudo_labeling.topreward_qwen_scorer INFO: Prefix 6/8 (end=29, n_frames=9/30): reward=-16.6250 (mean, 1 tok)
2026-04-29 19:18:41,081 mme_vla_suite.pseudo_labeling.topreward_qwen_scorer INFO: Prefix 7/8 (end=34, n_frames=10/35): reward=-17.7500 (mean, 1 tok)
2026-04-29 19:18:48,044 mme_vla_suite.pseudo_labeling.topreward_qwen_scorer INFO: Prefix 8/8 (end=39, n_frames=12/40): reward=-18.6250 (mean, 1 tok)
2026-04-29 19:18:55,841 mme_vla_suite.pseudo_labeling.topreward_qwen_scorer INFO: Prefix 1/8 (end=4, n_frames=4/5): reward=-19.3750 (mean, 1 tok)
2026-04-29 19:19:02,774 mme_vla_suite.pseudo_labeling.topreward_qwen_scorer INFO: Prefix 2/8 (end=8, n_frames=4/9): reward=-19.0000 (mean, 1 tok)
2026-04-29 19:19:09,717 mme_vla_suite.pseudo_labeling.topreward_qwen_scorer INFO: Prefix 3/8 (end=13, n_frames=4/14): reward=-19.0000 (mean, 1 tok)
2026-04-29 19:19:16,659 mme_vla_suite.pseudo_labeling.topreward_qwen_scorer INFO: Prefix 4/8 (end=18, n_frames=6/19): reward=-17.2500 (mean, 1 tok)
2026-04-29 19:19:23,597 mme_vla_suite.pseudo_labeling.topreward_qwen_scorer INFO: Prefix 5/8 (end=22, n_frames=7/23): reward=-18.3750 (mean, 1 tok)
2026-04-29 19:19:30,542 mme_vla_suite.pseudo_labeling.topreward_qwen_scorer INFO: Prefix 6/8 (end=27, n_frames=8/28): reward=-17.8750 (mean, 1 tok)
2026-04-29 19:19:37,486 mme_vla_suite.pseudo_labeling.topreward_qwen_scorer INFO: Prefix 7/8 (end=32, n_frames=10/33): reward=-17.2500 (mean, 1 tok)
2026-04-29 19:19:44,437 mme_vla_suite.pseudo_labeling.topreward_qwen_scorer INFO: Prefix 8/8 (end=37, n_frames=11/38): reward=-17.6250 (mean, 1 tok)
2026-04-29 19:19:52,079 mme_vla_suite.pseudo_labeling.topreward_qwen_scorer INFO: Prefix 1/8 (end=4, n_frames=4/5): reward=-20.5000 (mean, 1 tok)
2026-04-29 19:19:59,006 mme_vla_suite.pseudo_labeling.topreward_qwen_scorer INFO: Prefix 2/8 (end=8, n_frames=4/9): reward=-19.6250 (mean, 1 tok)
2026-04-29 19:20:05,926 mme_vla_suite.pseudo_labeling.topreward_qwen_scorer INFO: Prefix 3/8 (end=13, n_frames=4/14): reward=-19.8750 (mean, 1 tok)
2026-04-29 19:20:12,850 mme_vla_suite.pseudo_labeling.topreward_qwen_scorer INFO: Prefix 4/8 (end=17, n_frames=5/18): reward=-19.0000 (mean, 1 tok)
2026-04-29 19:20:19,809 mme_vla_suite.pseudo_labeling.topreward_qwen_scorer INFO: Prefix 5/8 (end=22, n_frames=7/23): reward=-18.6250 (mean, 1 tok)
2026-04-29 19:20:26,757 mme_vla_suite.pseudo_labeling.topreward_qwen_scorer INFO: Prefix 6/8 (end=26, n_frames=8/27): reward=-19.0000 (mean, 1 tok)
2026-04-29 19:20:33,719 mme_vla_suite.pseudo_labeling.topreward_qwen_scorer INFO: Prefix 7/8 (end=31, n_frames=10/32): reward=-18.3750 (mean, 1 tok)
2026-04-29 19:20:40,663 mme_vla_suite.pseudo_labeling.topreward_qwen_scorer INFO: Prefix 8/8 (end=36, n_frames=11/37): reward=-18.2500 (mean, 1 tok)
2026-04-29 19:20:48,558 mme_vla_suite.pseudo_labeling.topreward_qwen_scorer INFO: Prefix 1/8 (end=4, n_frames=4/5): reward=-19.1250 (mean, 1 tok)
2026-04-29 19:20:55,484 mme_vla_suite.pseudo_labeling.topreward_qwen_scorer INFO: Prefix 2/8 (end=8, n_frames=4/9): reward=-18.6250 (mean, 1 tok)
2026-04-29 19:21:02,390 mme_vla_suite.pseudo_labeling.topreward_qwen_scorer INFO: Prefix 3/8 (end=13, n_frames=4/14): reward=-18.7500 (mean, 1 tok)
2026-04-29 19:21:09,347 mme_vla_suite.pseudo_labeling.topreward_qwen_scorer INFO: Prefix 4/8 (end=18, n_frames=6/19): reward=-18.8750 (mean, 1 tok)
2026-04-29 19:21:16,294 mme_vla_suite.pseudo_labeling.topreward_qwen_scorer INFO: Prefix 5/8 (end=22, n_frames=7/23): reward=-19.1250 (mean, 1 tok)
2026-04-29 19:21:23,237 mme_vla_suite.pseudo_labeling.topreward_qwen_scorer INFO: Prefix 6/8 (end=27, n_frames=8/28): reward=-18.3750 (mean, 1 tok)
2026-04-29 19:21:30,204 mme_vla_suite.pseudo_labeling.topreward_qwen_scorer INFO: Prefix 7/8 (end=32, n_frames=10/33): reward=-18.5000 (mean, 1 tok)
2026-04-29 19:21:37,164 mme_vla_suite.pseudo_labeling.topreward_qwen_scorer INFO: Prefix 8/8 (end=37, n_frames=11/38): reward=-18.2500 (mean, 1 tok)
2026-04-29 19:21:45,043 mme_vla_suite.pseudo_labeling.topreward_qwen_scorer INFO: Prefix 1/8 (end=4, n_frames=4/5): reward=-21.1250 (mean, 1 tok)
2026-04-29 19:21:51,978 mme_vla_suite.pseudo_labeling.topreward_qwen_scorer INFO: Prefix 2/8 (end=8, n_frames=4/9): reward=-20.0000 (mean, 1 tok)
2026-04-29 19:21:58,933 mme_vla_suite.pseudo_labeling.topreward_qwen_scorer INFO: Prefix 3/8 (end=12, n_frames=4/13): reward=-21.5000 (mean, 1 tok)
2026-04-29 19:22:05,872 mme_vla_suite.pseudo_labeling.topreward_qwen_scorer INFO: Prefix 4/8 (end=16, n_frames=5/17): reward=-19.5000 (mean, 1 tok)
2026-04-29 19:22:12,840 mme_vla_suite.pseudo_labeling.topreward_qwen_scorer INFO: Prefix 5/8 (end=20, n_frames=6/21): reward=-20.6250 (mean, 1 tok)
2026-04-29 19:22:19,799 mme_vla_suite.pseudo_labeling.topreward_qwen_scorer INFO: Prefix 6/8 (end=24, n_frames=8/25): reward=-20.8750 (mean, 1 tok)
2026-04-29 19:22:26,765 mme_vla_suite.pseudo_labeling.topreward_qwen_scorer INFO: Prefix 7/8 (end=28, n_frames=9/29): reward=-19.1250 (mean, 1 tok)
2026-04-29 19:22:33,712 mme_vla_suite.pseudo_labeling.topreward_qwen_scorer INFO: Prefix 8/8 (end=33, n_frames=10/34): reward=-19.5000 (mean, 1 tok)
2026-04-29 19:22:41,593 mme_vla_suite.pseudo_labeling.topreward_qwen_scorer INFO: Prefix 1/8 (end=5, n_frames=4/6): reward=-19.7500 (mean, 1 tok)
2026-04-29 19:22:48,499 mme_vla_suite.pseudo_labeling.topreward_qwen_scorer INFO: Prefix 2/8 (end=11, n_frames=4/12): reward=-19.7500 (mean, 1 tok)
2026-04-29 19:22:55,430 mme_vla_suite.pseudo_labeling.topreward_qwen_scorer INFO: Prefix 3/8 (end=18, n_frames=6/19): reward=-19.1250 (mean, 1 tok)
2026-04-29 19:23:02,380 mme_vla_suite.pseudo_labeling.topreward_qwen_scorer INFO: Prefix 4/8 (end=25, n_frames=8/26): reward=-18.7500 (mean, 1 tok)
2026-04-29 19:23:09,318 mme_vla_suite.pseudo_labeling.topreward_qwen_scorer INFO: Prefix 5/8 (end=31, n_frames=10/32): reward=-18.6250 (mean, 1 tok)
2026-04-29 19:23:16,294 mme_vla_suite.pseudo_labeling.topreward_qwen_scorer INFO: Prefix 6/8 (end=38, n_frames=12/39): reward=-18.7500 (mean, 1 tok)
2026-04-29 19:23:23,296 mme_vla_suite.pseudo_labeling.topreward_qwen_scorer INFO: Prefix 7/8 (end=45, n_frames=14/46): reward=-18.6250 (mean, 1 tok)
2026-04-29 19:23:30,282 mme_vla_suite.pseudo_labeling.topreward_qwen_scorer INFO: Prefix 8/8 (end=52, n_frames=16/53): reward=-18.5000 (mean, 1 tok)
2026-04-29 19:23:38,000 mme_vla_suite.pseudo_labeling.topreward_qwen_scorer INFO: Prefix 1/16 (end=9, n_frames=4/10): reward=-19.2500 (mean, 1 tok)
2026-04-29 19:23:44,913 mme_vla_suite.pseudo_labeling.topreward_qwen_scorer INFO: Prefix 2/16 (end=14, n_frames=4/15): reward=-19.1250 (mean, 1 tok)
2026-04-29 19:23:51,845 mme_vla_suite.pseudo_labeling.topreward_qwen_scorer INFO: Prefix 3/16 (end=19, n_frames=6/20): reward=-18.8750 (mean, 1 tok)
2026-04-29 19:23:58,798 mme_vla_suite.pseudo_labeling.topreward_qwen_scorer INFO: Prefix 4/16 (end=25, n_frames=8/26): reward=-18.7500 (mean, 1 tok)
2026-04-29 19:24:05,747 mme_vla_suite.pseudo_labeling.topreward_qwen_scorer INFO: Prefix 5/16 (end=30, n_frames=9/31): reward=-18.5000 (mean, 1 tok)
2026-04-29 19:24:12,727 mme_vla_suite.pseudo_labeling.topreward_qwen_scorer INFO: Prefix 6/16 (end=36, n_frames=11/37): reward=-18.8750 (mean, 1 tok)
2026-04-29 19:24:19,717 mme_vla_suite.pseudo_labeling.topreward_qwen_scorer INFO: Prefix 7/16 (end=41, n_frames=13/42): reward=-18.5000 (mean, 1 tok)
2026-04-29 19:24:26,711 mme_vla_suite.pseudo_labeling.topreward_qwen_scorer INFO: Prefix 8/16 (end=47, n_frames=14/48): reward=-18.7500 (mean, 1 tok)
2026-04-29 19:24:33,694 mme_vla_suite.pseudo_labeling.topreward_qwen_scorer INFO: Prefix 9/16 (end=52, n_frames=16/53): reward=-18.5000 (mean, 1 tok)
2026-04-29 19:24:40,685 mme_vla_suite.pseudo_labeling.topreward_qwen_scorer INFO: Prefix 10/16 (end=58, n_frames=18/59): reward=-18.6250 (mean, 1 tok)
2026-04-29 19:24:47,736 mme_vla_suite.pseudo_labeling.topreward_qwen_scorer INFO: Prefix 11/16 (end=63, n_frames=19/64): reward=-18.6250 (mean, 1 tok)
2026-04-29 19:24:54,823 mme_vla_suite.pseudo_labeling.topreward_qwen_scorer INFO: Prefix 12/16 (end=69, n_frames=21/70): reward=-18.6250 (mean, 1 tok)
2026-04-29 19:25:01,870 mme_vla_suite.pseudo_labeling.topreward_qwen_scorer INFO: Prefix 13/16 (end=74, n_frames=22/75): reward=-19.0000 (mean, 1 tok)
2026-04-29 19:25:08,924 mme_vla_suite.pseudo_labeling.topreward_qwen_scorer INFO: Prefix 14/16 (end=80, n_frames=24/81): reward=-19.2500 (mean, 1 tok)
2026-04-29 19:25:15,983 mme_vla_suite.pseudo_labeling.topreward_qwen_scorer INFO: Prefix 15/16 (end=85, n_frames=26/86): reward=-18.8750 (mean, 1 tok)
2026-04-29 19:25:23,049 mme_vla_suite.pseudo_labeling.topreward_qwen_scorer INFO: Prefix 16/16 (end=91, n_frames=28/92): reward=-18.6250 (mean, 1 tok)
