/coc/testnvme/shalbe3/miniconda/envs/robomme/lib/python3.11/site-packages/torch/cuda/__init__.py:63: FutureWarning: The pynvml package is deprecated. Please install nvidia-ml-py instead. If you did not install pynvml directly, please report this to the maintainers of the package that installed pynvml for you.
  import pynvml  # type: ignore[import]
`torch_dtype` is deprecated! Use `dtype` instead!
You are attempting to use Flash Attention 2 without specifying a torch dtype. This might lead to unexpected behaviour
2026-04-30 00:43:10,339 mme_vla_suite.pseudo_labeling.topreward_qwen_scorer WARNING: flash_attention_2 unavailable (/coc/testnvme/shalbe3/miniconda/envs/robomme/lib/python3.11/site-packages/flash_attn_2_cuda.cpython-311-x86_64-linux-gnu.so: undefined symbol: _ZNK3c106SymInt6sym_neERKS0_), using default attention
Loading checkpoint shards:   0%|          | 0/4 [00:00<?, ?it/s]Loading checkpoint shards:  25%|██▌       | 1/4 [00:00<00:02,  1.01it/s]Loading checkpoint shards:  50%|█████     | 2/4 [00:02<00:02,  1.07s/it]Loading checkpoint shards:  75%|███████▌  | 3/4 [00:03<00:01,  1.12s/it]Loading checkpoint shards: 100%|██████████| 4/4 [00:04<00:00,  1.01it/s]Loading checkpoint shards: 100%|██████████| 4/4 [00:04<00:00,  1.02s/it]
Asked to sample `fps` frames per second but no video metadata was provided which is required when sampling with `fps`. Defaulting to `fps=24`. Please provide `video_metadata` for more accurate results.
2026-04-30 00:43:24,156 mme_vla_suite.pseudo_labeling.topreward_qwen_scorer INFO: Prefix 1/8 (end=11, n_frames=4/12): reward=-22.5000 (mean, 1 tok)
2026-04-30 00:43:31,042 mme_vla_suite.pseudo_labeling.topreward_qwen_scorer INFO: Prefix 2/8 (end=25, n_frames=5/26): reward=-22.7500 (mean, 1 tok)
2026-04-30 00:43:37,895 mme_vla_suite.pseudo_labeling.topreward_qwen_scorer INFO: Prefix 3/8 (end=40, n_frames=8/41): reward=-22.7500 (mean, 1 tok)
2026-04-30 00:43:44,800 mme_vla_suite.pseudo_labeling.topreward_qwen_scorer INFO: Prefix 4/8 (end=55, n_frames=11/56): reward=-21.6250 (mean, 1 tok)
2026-04-30 00:43:51,717 mme_vla_suite.pseudo_labeling.topreward_qwen_scorer INFO: Prefix 5/8 (end=69, n_frames=14/70): reward=-22.6250 (mean, 1 tok)
2026-04-30 00:43:58,637 mme_vla_suite.pseudo_labeling.topreward_qwen_scorer INFO: Prefix 6/8 (end=84, n_frames=17/85): reward=-21.5000 (mean, 1 tok)
2026-04-30 00:44:05,578 mme_vla_suite.pseudo_labeling.topreward_qwen_scorer INFO: Prefix 7/8 (end=99, n_frames=20/100): reward=-19.0000 (mean, 1 tok)
2026-04-30 00:44:12,550 mme_vla_suite.pseudo_labeling.topreward_qwen_scorer INFO: Prefix 8/8 (end=114, n_frames=23/115): reward=-18.5000 (mean, 1 tok)
2026-04-30 00:44:20,437 mme_vla_suite.pseudo_labeling.topreward_qwen_scorer INFO: Prefix 1/8 (end=20, n_frames=4/21): reward=-23.5000 (mean, 1 tok)
2026-04-30 00:44:27,295 mme_vla_suite.pseudo_labeling.topreward_qwen_scorer INFO: Prefix 2/8 (end=45, n_frames=9/46): reward=-23.3750 (mean, 1 tok)
2026-04-30 00:44:34,203 mme_vla_suite.pseudo_labeling.topreward_qwen_scorer INFO: Prefix 3/8 (end=71, n_frames=14/72): reward=-22.2500 (mean, 1 tok)
2026-04-30 00:44:41,145 mme_vla_suite.pseudo_labeling.topreward_qwen_scorer INFO: Prefix 4/8 (end=97, n_frames=20/98): reward=-21.2500 (mean, 1 tok)
2026-04-30 00:44:48,181 mme_vla_suite.pseudo_labeling.topreward_qwen_scorer INFO: Prefix 5/8 (end=123, n_frames=25/124): reward=-22.6250 (mean, 1 tok)
2026-04-30 00:44:55,228 mme_vla_suite.pseudo_labeling.topreward_qwen_scorer INFO: Prefix 6/8 (end=149, n_frames=30/150): reward=-21.6250 (mean, 1 tok)
2026-04-30 00:45:02,387 mme_vla_suite.pseudo_labeling.topreward_qwen_scorer INFO: Prefix 7/8 (end=175, n_frames=35/176): reward=-20.6250 (mean, 1 tok)
2026-04-30 00:45:09,547 mme_vla_suite.pseudo_labeling.topreward_qwen_scorer INFO: Prefix 8/8 (end=201, n_frames=40/202): reward=-16.6250 (mean, 1 tok)
2026-04-30 00:45:17,158 mme_vla_suite.pseudo_labeling.topreward_qwen_scorer INFO: Prefix 1/8 (end=4, n_frames=4/5): reward=-22.6250 (mean, 1 tok)
2026-04-30 00:45:24,180 mme_vla_suite.pseudo_labeling.topreward_qwen_scorer INFO: Prefix 2/8 (end=9, n_frames=4/10): reward=-22.0000 (mean, 1 tok)
2026-04-30 00:45:31,225 mme_vla_suite.pseudo_labeling.topreward_qwen_scorer INFO: Prefix 3/8 (end=14, n_frames=4/15): reward=-22.5000 (mean, 1 tok)
2026-04-30 00:45:38,073 mme_vla_suite.pseudo_labeling.topreward_qwen_scorer INFO: Prefix 4/8 (end=19, n_frames=4/20): reward=-22.6250 (mean, 1 tok)
2026-04-30 00:45:44,949 mme_vla_suite.pseudo_labeling.topreward_qwen_scorer INFO: Prefix 5/8 (end=24, n_frames=5/25): reward=-22.1250 (mean, 1 tok)
2026-04-30 00:45:51,813 mme_vla_suite.pseudo_labeling.topreward_qwen_scorer INFO: Prefix 6/8 (end=29, n_frames=6/30): reward=-21.7500 (mean, 1 tok)
2026-04-30 00:45:58,875 mme_vla_suite.pseudo_labeling.topreward_qwen_scorer INFO: Prefix 7/8 (end=34, n_frames=7/35): reward=-21.5000 (mean, 1 tok)
2026-04-30 00:46:05,711 mme_vla_suite.pseudo_labeling.topreward_qwen_scorer INFO: Prefix 8/8 (end=40, n_frames=8/41): reward=-21.6250 (mean, 1 tok)
2026-04-30 00:46:13,191 mme_vla_suite.pseudo_labeling.topreward_qwen_scorer INFO: Prefix 1/8 (end=8, n_frames=4/9): reward=-24.6250 (mean, 1 tok)
2026-04-30 00:46:20,024 mme_vla_suite.pseudo_labeling.topreward_qwen_scorer INFO: Prefix 2/8 (end=19, n_frames=4/20): reward=-25.0000 (mean, 1 tok)
2026-04-30 00:46:26,906 mme_vla_suite.pseudo_labeling.topreward_qwen_scorer INFO: Prefix 3/8 (end=30, n_frames=6/31): reward=-22.5000 (mean, 1 tok)
2026-04-30 00:46:33,768 mme_vla_suite.pseudo_labeling.topreward_qwen_scorer INFO: Prefix 4/8 (end=41, n_frames=8/42): reward=-22.7500 (mean, 1 tok)
2026-04-30 00:46:40,656 mme_vla_suite.pseudo_labeling.topreward_qwen_scorer INFO: Prefix 5/8 (end=52, n_frames=11/53): reward=-24.2500 (mean, 1 tok)
2026-04-30 00:46:47,547 mme_vla_suite.pseudo_labeling.topreward_qwen_scorer INFO: Prefix 6/8 (end=63, n_frames=13/64): reward=-25.1250 (mean, 1 tok)
2026-04-30 00:46:54,440 mme_vla_suite.pseudo_labeling.topreward_qwen_scorer INFO: Prefix 7/8 (end=74, n_frames=15/75): reward=-23.6250 (mean, 1 tok)
2026-04-30 00:47:01,302 mme_vla_suite.pseudo_labeling.topreward_qwen_scorer INFO: Prefix 8/8 (end=86, n_frames=17/87): reward=-17.8750 (mean, 1 tok)
2026-04-30 00:47:08,767 mme_vla_suite.pseudo_labeling.topreward_qwen_scorer INFO: Prefix 1/8 (end=9, n_frames=4/10): reward=-24.3750 (mean, 1 tok)
2026-04-30 00:47:15,583 mme_vla_suite.pseudo_labeling.topreward_qwen_scorer INFO: Prefix 2/8 (end=21, n_frames=4/22): reward=-23.7500 (mean, 1 tok)
2026-04-30 00:47:22,397 mme_vla_suite.pseudo_labeling.topreward_qwen_scorer INFO: Prefix 3/8 (end=33, n_frames=7/34): reward=-23.5000 (mean, 1 tok)
2026-04-30 00:47:29,262 mme_vla_suite.pseudo_labeling.topreward_qwen_scorer INFO: Prefix 4/8 (end=45, n_frames=9/46): reward=-22.8750 (mean, 1 tok)
2026-04-30 00:47:36,148 mme_vla_suite.pseudo_labeling.topreward_qwen_scorer INFO: Prefix 5/8 (end=57, n_frames=12/58): reward=-24.8750 (mean, 1 tok)
2026-04-30 00:47:43,081 mme_vla_suite.pseudo_labeling.topreward_qwen_scorer INFO: Prefix 6/8 (end=69, n_frames=14/70): reward=-24.0000 (mean, 1 tok)
2026-04-30 00:47:49,962 mme_vla_suite.pseudo_labeling.topreward_qwen_scorer INFO: Prefix 7/8 (end=81, n_frames=16/82): reward=-22.3750 (mean, 1 tok)
2026-04-30 00:47:56,865 mme_vla_suite.pseudo_labeling.topreward_qwen_scorer INFO: Prefix 8/8 (end=93, n_frames=19/94): reward=-17.0000 (mean, 1 tok)
2026-04-30 00:48:04,485 mme_vla_suite.pseudo_labeling.topreward_qwen_scorer INFO: Prefix 1/8 (end=11, n_frames=4/12): reward=-21.5000 (mean, 1 tok)
2026-04-30 00:48:11,339 mme_vla_suite.pseudo_labeling.topreward_qwen_scorer INFO: Prefix 2/8 (end=25, n_frames=5/26): reward=-21.3750 (mean, 1 tok)
2026-04-30 00:48:18,232 mme_vla_suite.pseudo_labeling.topreward_qwen_scorer INFO: Prefix 3/8 (end=39, n_frames=8/40): reward=-19.8750 (mean, 1 tok)
2026-04-30 00:48:25,100 mme_vla_suite.pseudo_labeling.topreward_qwen_scorer INFO: Prefix 4/8 (end=53, n_frames=11/54): reward=-19.7500 (mean, 1 tok)
2026-04-30 00:48:31,954 mme_vla_suite.pseudo_labeling.topreward_qwen_scorer INFO: Prefix 5/8 (end=67, n_frames=14/68): reward=-18.8750 (mean, 1 tok)
2026-04-30 00:48:38,859 mme_vla_suite.pseudo_labeling.topreward_qwen_scorer INFO: Prefix 6/8 (end=81, n_frames=16/82): reward=-19.6250 (mean, 1 tok)
2026-04-30 00:48:45,808 mme_vla_suite.pseudo_labeling.topreward_qwen_scorer INFO: Prefix 7/8 (end=95, n_frames=19/96): reward=-17.6250 (mean, 1 tok)
2026-04-30 00:48:52,768 mme_vla_suite.pseudo_labeling.topreward_qwen_scorer INFO: Prefix 8/8 (end=110, n_frames=22/111): reward=-17.6250 (mean, 1 tok)
2026-04-30 00:49:00,458 mme_vla_suite.pseudo_labeling.topreward_qwen_scorer INFO: Prefix 1/8 (end=10, n_frames=4/11): reward=-21.7500 (mean, 1 tok)
2026-04-30 00:49:07,285 mme_vla_suite.pseudo_labeling.topreward_qwen_scorer INFO: Prefix 2/8 (end=23, n_frames=5/24): reward=-20.5000 (mean, 1 tok)
2026-04-30 00:49:14,107 mme_vla_suite.pseudo_labeling.topreward_qwen_scorer INFO: Prefix 3/8 (end=36, n_frames=7/37): reward=-19.7500 (mean, 1 tok)
2026-04-30 00:49:20,960 mme_vla_suite.pseudo_labeling.topreward_qwen_scorer INFO: Prefix 4/8 (end=49, n_frames=10/50): reward=-20.3750 (mean, 1 tok)
2026-04-30 00:49:27,848 mme_vla_suite.pseudo_labeling.topreward_qwen_scorer INFO: Prefix 5/8 (end=62, n_frames=13/63): reward=-21.3750 (mean, 1 tok)
2026-04-30 00:49:34,741 mme_vla_suite.pseudo_labeling.topreward_qwen_scorer INFO: Prefix 6/8 (end=75, n_frames=15/76): reward=-20.7500 (mean, 1 tok)
2026-04-30 00:49:41,644 mme_vla_suite.pseudo_labeling.topreward_qwen_scorer INFO: Prefix 7/8 (end=88, n_frames=18/89): reward=-21.3750 (mean, 1 tok)
2026-04-30 00:49:48,600 mme_vla_suite.pseudo_labeling.topreward_qwen_scorer INFO: Prefix 8/8 (end=102, n_frames=21/103): reward=-17.7500 (mean, 1 tok)
2026-04-30 00:49:56,224 mme_vla_suite.pseudo_labeling.topreward_qwen_scorer INFO: Prefix 1/8 (end=11, n_frames=4/12): reward=-21.8750 (mean, 1 tok)
2026-04-30 00:50:03,070 mme_vla_suite.pseudo_labeling.topreward_qwen_scorer INFO: Prefix 2/8 (end=25, n_frames=5/26): reward=-20.2500 (mean, 1 tok)
2026-04-30 00:50:09,936 mme_vla_suite.pseudo_labeling.topreward_qwen_scorer INFO: Prefix 3/8 (end=39, n_frames=8/40): reward=-20.2500 (mean, 1 tok)
2026-04-30 00:50:16,821 mme_vla_suite.pseudo_labeling.topreward_qwen_scorer INFO: Prefix 4/8 (end=54, n_frames=11/55): reward=-20.7500 (mean, 1 tok)
2026-04-30 00:50:23,705 mme_vla_suite.pseudo_labeling.topreward_qwen_scorer INFO: Prefix 5/8 (end=68, n_frames=14/69): reward=-21.0000 (mean, 1 tok)
2026-04-30 00:50:30,622 mme_vla_suite.pseudo_labeling.topreward_qwen_scorer INFO: Prefix 6/8 (end=83, n_frames=17/84): reward=-21.2500 (mean, 1 tok)
2026-04-30 00:50:37,519 mme_vla_suite.pseudo_labeling.topreward_qwen_scorer INFO: Prefix 7/8 (end=97, n_frames=20/98): reward=-21.7500 (mean, 1 tok)
2026-04-30 00:50:44,488 mme_vla_suite.pseudo_labeling.topreward_qwen_scorer INFO: Prefix 8/8 (end=112, n_frames=23/113): reward=-18.2500 (mean, 1 tok)
2026-04-30 00:50:52,244 mme_vla_suite.pseudo_labeling.topreward_qwen_scorer INFO: Prefix 1/8 (end=11, n_frames=4/12): reward=-22.0000 (mean, 1 tok)
2026-04-30 00:50:59,076 mme_vla_suite.pseudo_labeling.topreward_qwen_scorer INFO: Prefix 2/8 (end=25, n_frames=5/26): reward=-22.5000 (mean, 1 tok)
2026-04-30 00:51:05,920 mme_vla_suite.pseudo_labeling.topreward_qwen_scorer INFO: Prefix 3/8 (end=39, n_frames=8/40): reward=-19.6250 (mean, 1 tok)
2026-04-30 00:51:12,809 mme_vla_suite.pseudo_labeling.topreward_qwen_scorer INFO: Prefix 4/8 (end=53, n_frames=11/54): reward=-18.7500 (mean, 1 tok)
2026-04-30 00:51:19,658 mme_vla_suite.pseudo_labeling.topreward_qwen_scorer INFO: Prefix 5/8 (end=67, n_frames=14/68): reward=-20.3750 (mean, 1 tok)
2026-04-30 00:51:26,519 mme_vla_suite.pseudo_labeling.topreward_qwen_scorer INFO: Prefix 6/8 (end=81, n_frames=16/82): reward=-21.1250 (mean, 1 tok)
2026-04-30 00:51:33,424 mme_vla_suite.pseudo_labeling.topreward_qwen_scorer INFO: Prefix 7/8 (end=95, n_frames=19/96): reward=-17.5000 (mean, 1 tok)
slurmstepd: error: *** STEP 3033763.0 ON chappie CANCELLED AT 2026-04-30T00:51:38 ***
slurmstepd: error: *** JOB 3033763 ON chappie CANCELLED AT 2026-04-30T00:51:38 ***
