/coc/testnvme/shalbe3/miniconda/envs/robomme/lib/python3.11/site-packages/torch/cuda/__init__.py:63: FutureWarning: The pynvml package is deprecated. Please install nvidia-ml-py instead. If you did not install pynvml directly, please report this to the maintainers of the package that installed pynvml for you.
  import pynvml  # type: ignore[import]
`torch_dtype` is deprecated! Use `dtype` instead!
You are attempting to use Flash Attention 2 without specifying a torch dtype. This might lead to unexpected behaviour
2026-04-29 23:20:29,409 mme_vla_suite.pseudo_labeling.topreward_qwen_scorer WARNING: flash_attention_2 unavailable (/coc/testnvme/shalbe3/miniconda/envs/robomme/lib/python3.11/site-packages/flash_attn_2_cuda.cpython-311-x86_64-linux-gnu.so: undefined symbol: _ZNK3c106SymInt6sym_neERKS0_), using default attention
Loading checkpoint shards:   0%|          | 0/4 [00:00<?, ?it/s]Loading checkpoint shards:  25%|██▌       | 1/4 [00:01<00:03,  1.02s/it]Loading checkpoint shards:  50%|█████     | 2/4 [00:02<00:02,  1.02s/it]Loading checkpoint shards:  75%|███████▌  | 3/4 [00:03<00:01,  1.01s/it]Loading checkpoint shards: 100%|██████████| 4/4 [00:03<00:00,  1.17it/s]Loading checkpoint shards: 100%|██████████| 4/4 [00:03<00:00,  1.09it/s]
Asked to sample `fps` frames per second but no video metadata was provided which is required when sampling with `fps`. Defaulting to `fps=24`. Please provide `video_metadata` for more accurate results.
2026-04-29 23:20:42,984 mme_vla_suite.pseudo_labeling.topreward_qwen_scorer INFO: Prefix 1/8 (end=10, n_frames=4/11): reward=-18.7500 (mean, 1 tok)
2026-04-29 23:20:50,001 mme_vla_suite.pseudo_labeling.topreward_qwen_scorer INFO: Prefix 2/8 (end=23, n_frames=5/24): reward=-19.0000 (mean, 1 tok)
2026-04-29 23:20:56,944 mme_vla_suite.pseudo_labeling.topreward_qwen_scorer INFO: Prefix 3/8 (end=37, n_frames=8/38): reward=-16.2500 (mean, 1 tok)
2026-04-29 23:21:03,908 mme_vla_suite.pseudo_labeling.topreward_qwen_scorer INFO: Prefix 4/8 (end=51, n_frames=10/52): reward=-14.5000 (mean, 1 tok)
2026-04-29 23:21:10,913 mme_vla_suite.pseudo_labeling.topreward_qwen_scorer INFO: Prefix 5/8 (end=65, n_frames=13/66): reward=-15.1250 (mean, 1 tok)
2026-04-29 23:21:17,910 mme_vla_suite.pseudo_labeling.topreward_qwen_scorer INFO: Prefix 6/8 (end=79, n_frames=16/80): reward=-14.3750 (mean, 1 tok)
2026-04-29 23:21:24,993 mme_vla_suite.pseudo_labeling.topreward_qwen_scorer INFO: Prefix 7/8 (end=93, n_frames=19/94): reward=-11.7500 (mean, 1 tok)
2026-04-29 23:21:32,061 mme_vla_suite.pseudo_labeling.topreward_qwen_scorer INFO: Prefix 8/8 (end=107, n_frames=22/108): reward=-11.3750 (mean, 1 tok)
2026-04-29 23:21:39,977 mme_vla_suite.pseudo_labeling.topreward_qwen_scorer INFO: Prefix 1/8 (end=6, n_frames=4/7): reward=-18.2500 (mean, 1 tok)
2026-04-29 23:21:46,920 mme_vla_suite.pseudo_labeling.topreward_qwen_scorer INFO: Prefix 2/8 (end=14, n_frames=4/15): reward=-18.6250 (mean, 1 tok)
2026-04-29 23:21:53,896 mme_vla_suite.pseudo_labeling.topreward_qwen_scorer INFO: Prefix 3/8 (end=23, n_frames=5/24): reward=-18.5000 (mean, 1 tok)
2026-04-29 23:22:00,877 mme_vla_suite.pseudo_labeling.topreward_qwen_scorer INFO: Prefix 4/8 (end=31, n_frames=6/32): reward=-17.6250 (mean, 1 tok)
2026-04-29 23:22:07,782 mme_vla_suite.pseudo_labeling.topreward_qwen_scorer INFO: Prefix 5/8 (end=40, n_frames=8/41): reward=-17.7500 (mean, 1 tok)
2026-04-29 23:22:14,698 mme_vla_suite.pseudo_labeling.topreward_qwen_scorer INFO: Prefix 6/8 (end=48, n_frames=10/49): reward=-17.6250 (mean, 1 tok)
2026-04-29 23:22:21,623 mme_vla_suite.pseudo_labeling.topreward_qwen_scorer INFO: Prefix 7/8 (end=57, n_frames=12/58): reward=-16.8750 (mean, 1 tok)
2026-04-29 23:22:28,617 mme_vla_suite.pseudo_labeling.topreward_qwen_scorer INFO: Prefix 8/8 (end=66, n_frames=13/67): reward=-17.5000 (mean, 1 tok)
2026-04-29 23:22:36,514 mme_vla_suite.pseudo_labeling.topreward_qwen_scorer INFO: Prefix 1/8 (end=10, n_frames=4/11): reward=-19.2500 (mean, 1 tok)
2026-04-29 23:22:43,516 mme_vla_suite.pseudo_labeling.topreward_qwen_scorer INFO: Prefix 2/8 (end=23, n_frames=5/24): reward=-17.0000 (mean, 1 tok)
2026-04-29 23:22:50,425 mme_vla_suite.pseudo_labeling.topreward_qwen_scorer INFO: Prefix 3/8 (end=36, n_frames=7/37): reward=-17.2500 (mean, 1 tok)
2026-04-29 23:22:57,343 mme_vla_suite.pseudo_labeling.topreward_qwen_scorer INFO: Prefix 4/8 (end=49, n_frames=10/50): reward=-16.3750 (mean, 1 tok)
2026-04-29 23:23:04,397 mme_vla_suite.pseudo_labeling.topreward_qwen_scorer INFO: Prefix 5/8 (end=63, n_frames=13/64): reward=-15.8750 (mean, 1 tok)
2026-04-29 23:23:11,429 mme_vla_suite.pseudo_labeling.topreward_qwen_scorer INFO: Prefix 6/8 (end=76, n_frames=15/77): reward=-16.3750 (mean, 1 tok)
2026-04-29 23:23:18,560 mme_vla_suite.pseudo_labeling.topreward_qwen_scorer INFO: Prefix 7/8 (end=89, n_frames=18/90): reward=-13.6250 (mean, 1 tok)
2026-04-29 23:23:25,669 mme_vla_suite.pseudo_labeling.topreward_qwen_scorer INFO: Prefix 8/8 (end=103, n_frames=21/104): reward=-14.5000 (mean, 1 tok)
2026-04-29 23:23:33,521 mme_vla_suite.pseudo_labeling.topreward_qwen_scorer INFO: Prefix 1/8 (end=7, n_frames=4/8): reward=-17.2500 (mean, 1 tok)
2026-04-29 23:23:40,487 mme_vla_suite.pseudo_labeling.topreward_qwen_scorer INFO: Prefix 2/8 (end=16, n_frames=4/17): reward=-16.8750 (mean, 1 tok)
2026-04-29 23:23:47,396 mme_vla_suite.pseudo_labeling.topreward_qwen_scorer INFO: Prefix 3/8 (end=26, n_frames=5/27): reward=-18.8750 (mean, 1 tok)
2026-04-29 23:23:54,408 mme_vla_suite.pseudo_labeling.topreward_qwen_scorer INFO: Prefix 4/8 (end=35, n_frames=7/36): reward=-19.0000 (mean, 1 tok)
2026-04-29 23:24:01,429 mme_vla_suite.pseudo_labeling.topreward_qwen_scorer INFO: Prefix 5/8 (end=45, n_frames=9/46): reward=-18.1250 (mean, 1 tok)
2026-04-29 23:24:08,384 mme_vla_suite.pseudo_labeling.topreward_qwen_scorer INFO: Prefix 6/8 (end=54, n_frames=11/55): reward=-16.6250 (mean, 1 tok)
2026-04-29 23:24:15,431 mme_vla_suite.pseudo_labeling.topreward_qwen_scorer INFO: Prefix 7/8 (end=64, n_frames=13/65): reward=-18.1250 (mean, 1 tok)
2026-04-29 23:24:22,486 mme_vla_suite.pseudo_labeling.topreward_qwen_scorer INFO: Prefix 8/8 (end=74, n_frames=15/75): reward=-18.8750 (mean, 1 tok)
2026-04-29 23:24:30,534 mme_vla_suite.pseudo_labeling.topreward_qwen_scorer INFO: Prefix 1/8 (end=22, n_frames=5/23): reward=-18.0000 (mean, 1 tok)
2026-04-29 23:24:37,583 mme_vla_suite.pseudo_labeling.topreward_qwen_scorer INFO: Prefix 2/8 (end=51, n_frames=10/52): reward=-19.2500 (mean, 1 tok)
2026-04-29 23:24:44,578 mme_vla_suite.pseudo_labeling.topreward_qwen_scorer INFO: Prefix 3/8 (end=80, n_frames=16/81): reward=-17.5000 (mean, 1 tok)
2026-04-29 23:24:51,705 mme_vla_suite.pseudo_labeling.topreward_qwen_scorer INFO: Prefix 4/8 (end=109, n_frames=22/110): reward=-18.1250 (mean, 1 tok)
2026-04-29 23:24:58,841 mme_vla_suite.pseudo_labeling.topreward_qwen_scorer INFO: Prefix 5/8 (end=139, n_frames=28/140): reward=-17.1250 (mean, 1 tok)
2026-04-29 23:25:06,089 mme_vla_suite.pseudo_labeling.topreward_qwen_scorer INFO: Prefix 6/8 (end=168, n_frames=34/169): reward=-16.8750 (mean, 1 tok)
2026-04-29 23:25:13,312 mme_vla_suite.pseudo_labeling.topreward_qwen_scorer INFO: Prefix 7/8 (end=197, n_frames=40/198): reward=-15.8750 (mean, 1 tok)
2026-04-29 23:25:20,574 mme_vla_suite.pseudo_labeling.topreward_qwen_scorer INFO: Prefix 8/8 (end=227, n_frames=46/228): reward=-14.0000 (mean, 1 tok)
2026-04-29 23:25:28,421 mme_vla_suite.pseudo_labeling.topreward_qwen_scorer INFO: Prefix 1/8 (end=8, n_frames=4/9): reward=-21.1250 (mean, 1 tok)
2026-04-29 23:25:35,347 mme_vla_suite.pseudo_labeling.topreward_qwen_scorer INFO: Prefix 2/8 (end=19, n_frames=4/20): reward=-20.1250 (mean, 1 tok)
2026-04-29 23:25:42,279 mme_vla_suite.pseudo_labeling.topreward_qwen_scorer INFO: Prefix 3/8 (end=30, n_frames=6/31): reward=-18.6250 (mean, 1 tok)
2026-04-29 23:25:49,217 mme_vla_suite.pseudo_labeling.topreward_qwen_scorer INFO: Prefix 4/8 (end=41, n_frames=8/42): reward=-19.2500 (mean, 1 tok)
2026-04-29 23:25:56,199 mme_vla_suite.pseudo_labeling.topreward_qwen_scorer INFO: Prefix 5/8 (end=52, n_frames=11/53): reward=-17.8750 (mean, 1 tok)
2026-04-29 23:26:03,267 mme_vla_suite.pseudo_labeling.topreward_qwen_scorer INFO: Prefix 6/8 (end=63, n_frames=13/64): reward=-18.8750 (mean, 1 tok)
2026-04-29 23:26:10,253 mme_vla_suite.pseudo_labeling.topreward_qwen_scorer INFO: Prefix 7/8 (end=74, n_frames=15/75): reward=-18.3750 (mean, 1 tok)
2026-04-29 23:26:17,219 mme_vla_suite.pseudo_labeling.topreward_qwen_scorer INFO: Prefix 8/8 (end=86, n_frames=17/87): reward=-17.2500 (mean, 1 tok)
2026-04-29 23:26:25,190 mme_vla_suite.pseudo_labeling.topreward_qwen_scorer INFO: Prefix 1/8 (end=10, n_frames=4/11): reward=-18.7500 (mean, 1 tok)
2026-04-29 23:26:32,145 mme_vla_suite.pseudo_labeling.topreward_qwen_scorer INFO: Prefix 2/8 (end=22, n_frames=5/23): reward=-17.0000 (mean, 1 tok)
2026-04-29 23:26:39,053 mme_vla_suite.pseudo_labeling.topreward_qwen_scorer INFO: Prefix 3/8 (end=35, n_frames=7/36): reward=-15.8750 (mean, 1 tok)
2026-04-29 23:26:45,949 mme_vla_suite.pseudo_labeling.topreward_qwen_scorer INFO: Prefix 4/8 (end=48, n_frames=10/49): reward=-15.5000 (mean, 1 tok)
2026-04-29 23:26:52,860 mme_vla_suite.pseudo_labeling.topreward_qwen_scorer INFO: Prefix 5/8 (end=61, n_frames=12/62): reward=-12.1250 (mean, 1 tok)
2026-04-29 23:26:59,791 mme_vla_suite.pseudo_labeling.topreward_qwen_scorer INFO: Prefix 6/8 (end=74, n_frames=15/75): reward=-14.3750 (mean, 1 tok)
2026-04-29 23:27:06,833 mme_vla_suite.pseudo_labeling.topreward_qwen_scorer INFO: Prefix 7/8 (end=87, n_frames=18/88): reward=-13.6250 (mean, 1 tok)
2026-04-29 23:27:13,864 mme_vla_suite.pseudo_labeling.topreward_qwen_scorer INFO: Prefix 8/8 (end=100, n_frames=20/101): reward=-12.1250 (mean, 1 tok)
2026-04-29 23:27:21,625 mme_vla_suite.pseudo_labeling.topreward_qwen_scorer INFO: Prefix 1/8 (end=6, n_frames=4/7): reward=-19.6250 (mean, 1 tok)
2026-04-29 23:27:28,527 mme_vla_suite.pseudo_labeling.topreward_qwen_scorer INFO: Prefix 2/8 (end=14, n_frames=4/15): reward=-19.6250 (mean, 1 tok)
2026-04-29 23:27:35,478 mme_vla_suite.pseudo_labeling.topreward_qwen_scorer INFO: Prefix 3/8 (end=22, n_frames=5/23): reward=-19.2500 (mean, 1 tok)
2026-04-29 23:27:42,400 mme_vla_suite.pseudo_labeling.topreward_qwen_scorer INFO: Prefix 4/8 (end=31, n_frames=6/32): reward=-18.6250 (mean, 1 tok)
2026-04-29 23:27:49,304 mme_vla_suite.pseudo_labeling.topreward_qwen_scorer INFO: Prefix 5/8 (end=39, n_frames=8/40): reward=-18.0000 (mean, 1 tok)
2026-04-29 23:27:56,320 mme_vla_suite.pseudo_labeling.topreward_qwen_scorer INFO: Prefix 6/8 (end=48, n_frames=10/49): reward=-18.5000 (mean, 1 tok)
2026-04-29 23:28:03,250 mme_vla_suite.pseudo_labeling.topreward_qwen_scorer INFO: Prefix 7/8 (end=56, n_frames=11/57): reward=-18.1250 (mean, 1 tok)
2026-04-29 23:28:10,257 mme_vla_suite.pseudo_labeling.topreward_qwen_scorer INFO: Prefix 8/8 (end=65, n_frames=13/66): reward=-19.1250 (mean, 1 tok)
2026-04-29 23:28:17,909 mme_vla_suite.pseudo_labeling.topreward_qwen_scorer INFO: Prefix 1/8 (end=6, n_frames=4/7): reward=-20.0000 (mean, 1 tok)
2026-04-29 23:28:24,929 mme_vla_suite.pseudo_labeling.topreward_qwen_scorer INFO: Prefix 2/8 (end=14, n_frames=4/15): reward=-19.7500 (mean, 1 tok)
2026-04-29 23:28:31,882 mme_vla_suite.pseudo_labeling.topreward_qwen_scorer INFO: Prefix 3/8 (end=23, n_frames=5/24): reward=-19.1250 (mean, 1 tok)
2026-04-29 23:28:38,874 mme_vla_suite.pseudo_labeling.topreward_qwen_scorer INFO: Prefix 4/8 (end=32, n_frames=7/33): reward=-18.5000 (mean, 1 tok)
2026-04-29 23:28:45,841 mme_vla_suite.pseudo_labeling.topreward_qwen_scorer INFO: Prefix 5/8 (end=41, n_frames=8/42): reward=-18.2500 (mean, 1 tok)
2026-04-29 23:28:52,828 mme_vla_suite.pseudo_labeling.topreward_qwen_scorer INFO: Prefix 6/8 (end=50, n_frames=10/51): reward=-17.3750 (mean, 1 tok)
2026-04-29 23:28:59,822 mme_vla_suite.pseudo_labeling.topreward_qwen_scorer INFO: Prefix 7/8 (end=59, n_frames=12/60): reward=-16.5000 (mean, 1 tok)
2026-04-29 23:29:06,831 mme_vla_suite.pseudo_labeling.topreward_qwen_scorer INFO: Prefix 8/8 (end=68, n_frames=14/69): reward=-17.3750 (mean, 1 tok)
2026-04-29 23:29:14,495 mme_vla_suite.pseudo_labeling.topreward_qwen_scorer INFO: Prefix 1/8 (end=10, n_frames=4/11): reward=-20.0000 (mean, 1 tok)
2026-04-29 23:29:21,552 mme_vla_suite.pseudo_labeling.topreward_qwen_scorer INFO: Prefix 2/8 (end=23, n_frames=5/24): reward=-19.1250 (mean, 1 tok)
2026-04-29 23:29:28,596 mme_vla_suite.pseudo_labeling.topreward_qwen_scorer INFO: Prefix 3/8 (end=36, n_frames=7/37): reward=-17.6250 (mean, 1 tok)
2026-04-29 23:29:35,604 mme_vla_suite.pseudo_labeling.topreward_qwen_scorer INFO: Prefix 4/8 (end=49, n_frames=10/50): reward=-17.6250 (mean, 1 tok)
2026-04-29 23:29:42,676 mme_vla_suite.pseudo_labeling.topreward_qwen_scorer INFO: Prefix 5/8 (end=63, n_frames=13/64): reward=-16.7500 (mean, 1 tok)
2026-04-29 23:29:49,752 mme_vla_suite.pseudo_labeling.topreward_qwen_scorer INFO: Prefix 6/8 (end=76, n_frames=15/77): reward=-16.7500 (mean, 1 tok)
2026-04-29 23:29:56,735 mme_vla_suite.pseudo_labeling.topreward_qwen_scorer INFO: Prefix 7/8 (end=89, n_frames=18/90): reward=-16.0000 (mean, 1 tok)
2026-04-29 23:30:03,826 mme_vla_suite.pseudo_labeling.topreward_qwen_scorer INFO: Prefix 8/8 (end=103, n_frames=21/104): reward=-17.3750 (mean, 1 tok)
2026-04-29 23:30:11,477 mme_vla_suite.pseudo_labeling.topreward_qwen_scorer INFO: Prefix 1/8 (end=11, n_frames=4/12): reward=-17.1250 (mean, 1 tok)
2026-04-29 23:30:18,427 mme_vla_suite.pseudo_labeling.topreward_qwen_scorer INFO: Prefix 2/8 (end=25, n_frames=5/26): reward=-17.7500 (mean, 1 tok)
2026-04-29 23:30:25,504 mme_vla_suite.pseudo_labeling.topreward_qwen_scorer INFO: Prefix 3/8 (end=39, n_frames=8/40): reward=-15.2500 (mean, 1 tok)
2026-04-29 23:30:32,518 mme_vla_suite.pseudo_labeling.topreward_qwen_scorer INFO: Prefix 4/8 (end=53, n_frames=11/54): reward=-12.3750 (mean, 1 tok)
2026-04-29 23:30:39,454 mme_vla_suite.pseudo_labeling.topreward_qwen_scorer INFO: Prefix 5/8 (end=67, n_frames=14/68): reward=-13.8750 (mean, 1 tok)
2026-04-29 23:30:46,419 mme_vla_suite.pseudo_labeling.topreward_qwen_scorer INFO: Prefix 6/8 (end=81, n_frames=16/82): reward=-13.5000 (mean, 1 tok)
2026-04-29 23:30:53,402 mme_vla_suite.pseudo_labeling.topreward_qwen_scorer INFO: Prefix 7/8 (end=95, n_frames=19/96): reward=-13.0000 (mean, 1 tok)
2026-04-29 23:31:00,453 mme_vla_suite.pseudo_labeling.topreward_qwen_scorer INFO: Prefix 8/8 (end=110, n_frames=22/111): reward=-12.5000 (mean, 1 tok)
2026-04-29 23:31:08,480 mme_vla_suite.pseudo_labeling.topreward_qwen_scorer INFO: Prefix 1/8 (end=6, n_frames=4/7): reward=-20.6250 (mean, 1 tok)
2026-04-29 23:31:15,361 mme_vla_suite.pseudo_labeling.topreward_qwen_scorer INFO: Prefix 2/8 (end=14, n_frames=4/15): reward=-19.8750 (mean, 1 tok)
2026-04-29 23:31:22,269 mme_vla_suite.pseudo_labeling.topreward_qwen_scorer INFO: Prefix 3/8 (end=23, n_frames=5/24): reward=-19.8750 (mean, 1 tok)
2026-04-29 23:31:29,231 mme_vla_suite.pseudo_labeling.topreward_qwen_scorer INFO: Prefix 4/8 (end=32, n_frames=7/33): reward=-18.1250 (mean, 1 tok)
2026-04-29 23:31:36,208 mme_vla_suite.pseudo_labeling.topreward_qwen_scorer INFO: Prefix 5/8 (end=40, n_frames=8/41): reward=-17.6250 (mean, 1 tok)
2026-04-29 23:31:43,222 mme_vla_suite.pseudo_labeling.topreward_qwen_scorer INFO: Prefix 6/8 (end=49, n_frames=10/50): reward=-19.3750 (mean, 1 tok)
2026-04-29 23:31:50,227 mme_vla_suite.pseudo_labeling.topreward_qwen_scorer INFO: Prefix 7/8 (end=58, n_frames=12/59): reward=-18.5000 (mean, 1 tok)
2026-04-29 23:31:57,238 mme_vla_suite.pseudo_labeling.topreward_qwen_scorer INFO: Prefix 8/8 (end=67, n_frames=14/68): reward=-20.1250 (mean, 1 tok)
2026-04-29 23:32:04,841 mme_vla_suite.pseudo_labeling.topreward_qwen_scorer INFO: Prefix 1/8 (end=10, n_frames=4/11): reward=-17.5000 (mean, 1 tok)
2026-04-29 23:32:11,822 mme_vla_suite.pseudo_labeling.topreward_qwen_scorer INFO: Prefix 2/8 (end=23, n_frames=5/24): reward=-16.1250 (mean, 1 tok)
2026-04-29 23:32:18,786 mme_vla_suite.pseudo_labeling.topreward_qwen_scorer INFO: Prefix 3/8 (end=37, n_frames=8/38): reward=-16.6250 (mean, 1 tok)
2026-04-29 23:32:25,778 mme_vla_suite.pseudo_labeling.topreward_qwen_scorer INFO: Prefix 4/8 (end=51, n_frames=10/52): reward=-15.6250 (mean, 1 tok)
2026-04-29 23:32:32,748 mme_vla_suite.pseudo_labeling.topreward_qwen_scorer INFO: Prefix 5/8 (end=65, n_frames=13/66): reward=-15.5000 (mean, 1 tok)
2026-04-29 23:32:39,726 mme_vla_suite.pseudo_labeling.topreward_qwen_scorer INFO: Prefix 6/8 (end=79, n_frames=16/80): reward=-14.5000 (mean, 1 tok)
2026-04-29 23:32:46,747 mme_vla_suite.pseudo_labeling.topreward_qwen_scorer INFO: Prefix 7/8 (end=93, n_frames=19/94): reward=-14.5000 (mean, 1 tok)
2026-04-29 23:32:53,748 mme_vla_suite.pseudo_labeling.topreward_qwen_scorer INFO: Prefix 8/8 (end=107, n_frames=22/108): reward=-13.8750 (mean, 1 tok)
2026-04-29 23:33:01,512 mme_vla_suite.pseudo_labeling.topreward_qwen_scorer INFO: Prefix 1/8 (end=8, n_frames=4/9): reward=-19.8750 (mean, 1 tok)
2026-04-29 23:33:08,436 mme_vla_suite.pseudo_labeling.topreward_qwen_scorer INFO: Prefix 2/8 (end=18, n_frames=4/19): reward=-19.5000 (mean, 1 tok)
2026-04-29 23:33:15,356 mme_vla_suite.pseudo_labeling.topreward_qwen_scorer INFO: Prefix 3/8 (end=28, n_frames=6/29): reward=-19.0000 (mean, 1 tok)
2026-04-29 23:33:22,365 mme_vla_suite.pseudo_labeling.topreward_qwen_scorer INFO: Prefix 4/8 (end=39, n_frames=8/40): reward=-19.5000 (mean, 1 tok)
2026-04-29 23:33:29,372 mme_vla_suite.pseudo_labeling.topreward_qwen_scorer INFO: Prefix 5/8 (end=49, n_frames=10/50): reward=-17.1250 (mean, 1 tok)
2026-04-29 23:33:36,300 mme_vla_suite.pseudo_labeling.topreward_qwen_scorer INFO: Prefix 6/8 (end=60, n_frames=12/61): reward=-16.0000 (mean, 1 tok)
2026-04-29 23:33:43,236 mme_vla_suite.pseudo_labeling.topreward_qwen_scorer INFO: Prefix 7/8 (end=70, n_frames=14/71): reward=-18.8750 (mean, 1 tok)
2026-04-29 23:33:50,167 mme_vla_suite.pseudo_labeling.topreward_qwen_scorer INFO: Prefix 8/8 (end=81, n_frames=16/82): reward=-18.5000 (mean, 1 tok)
2026-04-29 23:33:57,916 mme_vla_suite.pseudo_labeling.topreward_qwen_scorer INFO: Prefix 1/8 (end=10, n_frames=4/11): reward=-18.5000 (mean, 1 tok)
2026-04-29 23:34:04,878 mme_vla_suite.pseudo_labeling.topreward_qwen_scorer INFO: Prefix 2/8 (end=22, n_frames=5/23): reward=-16.1250 (mean, 1 tok)
2026-04-29 23:34:11,807 mme_vla_suite.pseudo_labeling.topreward_qwen_scorer INFO: Prefix 3/8 (end=35, n_frames=7/36): reward=-15.7500 (mean, 1 tok)
2026-04-29 23:34:18,765 mme_vla_suite.pseudo_labeling.topreward_qwen_scorer INFO: Prefix 4/8 (end=48, n_frames=10/49): reward=-15.3750 (mean, 1 tok)
2026-04-29 23:34:25,757 mme_vla_suite.pseudo_labeling.topreward_qwen_scorer INFO: Prefix 5/8 (end=60, n_frames=12/61): reward=-13.8750 (mean, 1 tok)
2026-04-29 23:34:32,705 mme_vla_suite.pseudo_labeling.topreward_qwen_scorer INFO: Prefix 6/8 (end=73, n_frames=15/74): reward=-12.8750 (mean, 1 tok)
2026-04-29 23:34:39,670 mme_vla_suite.pseudo_labeling.topreward_qwen_scorer INFO: Prefix 7/8 (end=86, n_frames=17/87): reward=-13.2500 (mean, 1 tok)
2026-04-29 23:34:46,681 mme_vla_suite.pseudo_labeling.topreward_qwen_scorer INFO: Prefix 8/8 (end=99, n_frames=20/100): reward=-14.7500 (mean, 1 tok)
2026-04-29 23:34:54,255 mme_vla_suite.pseudo_labeling.topreward_qwen_scorer INFO: Prefix 1/8 (end=7, n_frames=4/8): reward=-20.0000 (mean, 1 tok)
2026-04-29 23:35:01,241 mme_vla_suite.pseudo_labeling.topreward_qwen_scorer INFO: Prefix 2/8 (end=16, n_frames=4/17): reward=-19.5000 (mean, 1 tok)
2026-04-29 23:35:08,118 mme_vla_suite.pseudo_labeling.topreward_qwen_scorer INFO: Prefix 3/8 (end=25, n_frames=5/26): reward=-19.8750 (mean, 1 tok)
2026-04-29 23:35:15,007 mme_vla_suite.pseudo_labeling.topreward_qwen_scorer INFO: Prefix 4/8 (end=34, n_frames=7/35): reward=-17.2500 (mean, 1 tok)
2026-04-29 23:35:21,906 mme_vla_suite.pseudo_labeling.topreward_qwen_scorer INFO: Prefix 5/8 (end=43, n_frames=9/44): reward=-15.6250 (mean, 1 tok)
2026-04-29 23:35:28,826 mme_vla_suite.pseudo_labeling.topreward_qwen_scorer INFO: Prefix 6/8 (end=52, n_frames=11/53): reward=-16.3750 (mean, 1 tok)
2026-04-29 23:35:35,737 mme_vla_suite.pseudo_labeling.topreward_qwen_scorer INFO: Prefix 7/8 (end=61, n_frames=12/62): reward=-15.3750 (mean, 1 tok)
2026-04-29 23:35:42,695 mme_vla_suite.pseudo_labeling.topreward_qwen_scorer INFO: Prefix 8/8 (end=71, n_frames=14/72): reward=-19.1250 (mean, 1 tok)
2026-04-29 23:35:50,411 mme_vla_suite.pseudo_labeling.topreward_qwen_scorer INFO: Prefix 1/8 (end=6, n_frames=4/7): reward=-22.0000 (mean, 1 tok)
2026-04-29 23:35:57,303 mme_vla_suite.pseudo_labeling.topreward_qwen_scorer INFO: Prefix 2/8 (end=14, n_frames=4/15): reward=-20.0000 (mean, 1 tok)
2026-04-29 23:36:04,252 mme_vla_suite.pseudo_labeling.topreward_qwen_scorer INFO: Prefix 3/8 (end=22, n_frames=5/23): reward=-19.0000 (mean, 1 tok)
2026-04-29 23:36:11,230 mme_vla_suite.pseudo_labeling.topreward_qwen_scorer INFO: Prefix 4/8 (end=31, n_frames=6/32): reward=-18.6250 (mean, 1 tok)
2026-04-29 23:36:18,207 mme_vla_suite.pseudo_labeling.topreward_qwen_scorer INFO: Prefix 5/8 (end=39, n_frames=8/40): reward=-19.2500 (mean, 1 tok)
2026-04-29 23:36:25,135 mme_vla_suite.pseudo_labeling.topreward_qwen_scorer INFO: Prefix 6/8 (end=48, n_frames=10/49): reward=-18.1250 (mean, 1 tok)
2026-04-29 23:36:32,080 mme_vla_suite.pseudo_labeling.topreward_qwen_scorer INFO: Prefix 7/8 (end=56, n_frames=11/57): reward=-17.5000 (mean, 1 tok)
2026-04-29 23:36:39,086 mme_vla_suite.pseudo_labeling.topreward_qwen_scorer INFO: Prefix 8/8 (end=65, n_frames=13/66): reward=-18.5000 (mean, 1 tok)
2026-04-29 23:36:46,923 mme_vla_suite.pseudo_labeling.topreward_qwen_scorer INFO: Prefix 1/8 (end=10, n_frames=4/11): reward=-21.5000 (mean, 1 tok)
2026-04-29 23:36:53,801 mme_vla_suite.pseudo_labeling.topreward_qwen_scorer INFO: Prefix 2/8 (end=23, n_frames=5/24): reward=-19.3750 (mean, 1 tok)
2026-04-29 23:37:00,789 mme_vla_suite.pseudo_labeling.topreward_qwen_scorer INFO: Prefix 3/8 (end=36, n_frames=7/37): reward=-18.7500 (mean, 1 tok)
2026-04-29 23:37:07,738 mme_vla_suite.pseudo_labeling.topreward_qwen_scorer INFO: Prefix 4/8 (end=49, n_frames=10/50): reward=-18.3750 (mean, 1 tok)
2026-04-29 23:37:14,672 mme_vla_suite.pseudo_labeling.topreward_qwen_scorer INFO: Prefix 5/8 (end=63, n_frames=13/64): reward=-18.1250 (mean, 1 tok)
2026-04-29 23:37:21,684 mme_vla_suite.pseudo_labeling.topreward_qwen_scorer INFO: Prefix 6/8 (end=76, n_frames=15/77): reward=-19.3750 (mean, 1 tok)
2026-04-29 23:37:28,653 mme_vla_suite.pseudo_labeling.topreward_qwen_scorer INFO: Prefix 7/8 (end=89, n_frames=18/90): reward=-18.1250 (mean, 1 tok)
2026-04-29 23:37:35,675 mme_vla_suite.pseudo_labeling.topreward_qwen_scorer INFO: Prefix 8/8 (end=103, n_frames=21/104): reward=-18.5000 (mean, 1 tok)
2026-04-29 23:37:43,256 mme_vla_suite.pseudo_labeling.topreward_qwen_scorer INFO: Prefix 1/8 (end=10, n_frames=4/11): reward=-17.8750 (mean, 1 tok)
2026-04-29 23:37:50,206 mme_vla_suite.pseudo_labeling.topreward_qwen_scorer INFO: Prefix 2/8 (end=23, n_frames=5/24): reward=-18.1250 (mean, 1 tok)
2026-04-29 23:37:57,184 mme_vla_suite.pseudo_labeling.topreward_qwen_scorer INFO: Prefix 3/8 (end=36, n_frames=7/37): reward=-16.1250 (mean, 1 tok)
2026-04-29 23:38:04,122 mme_vla_suite.pseudo_labeling.topreward_qwen_scorer INFO: Prefix 4/8 (end=50, n_frames=10/51): reward=-14.7500 (mean, 1 tok)
2026-04-29 23:38:11,157 mme_vla_suite.pseudo_labeling.topreward_qwen_scorer INFO: Prefix 5/8 (end=63, n_frames=13/64): reward=-15.2500 (mean, 1 tok)
2026-04-29 23:38:18,308 mme_vla_suite.pseudo_labeling.topreward_qwen_scorer INFO: Prefix 6/8 (end=77, n_frames=16/78): reward=-14.8750 (mean, 1 tok)
2026-04-29 23:38:25,393 mme_vla_suite.pseudo_labeling.topreward_qwen_scorer INFO: Prefix 7/8 (end=90, n_frames=18/91): reward=-13.1250 (mean, 1 tok)
2026-04-29 23:38:32,534 mme_vla_suite.pseudo_labeling.topreward_qwen_scorer INFO: Prefix 8/8 (end=104, n_frames=21/105): reward=-13.5000 (mean, 1 tok)
2026-04-29 23:38:40,377 mme_vla_suite.pseudo_labeling.topreward_qwen_scorer INFO: Prefix 1/8 (end=5, n_frames=4/6): reward=-19.3750 (mean, 1 tok)
2026-04-29 23:38:47,341 mme_vla_suite.pseudo_labeling.topreward_qwen_scorer INFO: Prefix 2/8 (end=11, n_frames=4/12): reward=-18.5000 (mean, 1 tok)
2026-04-29 23:38:54,376 mme_vla_suite.pseudo_labeling.topreward_qwen_scorer INFO: Prefix 3/8 (end=17, n_frames=4/18): reward=-18.0000 (mean, 1 tok)
2026-04-29 23:39:01,403 mme_vla_suite.pseudo_labeling.topreward_qwen_scorer INFO: Prefix 4/8 (end=23, n_frames=5/24): reward=-18.5000 (mean, 1 tok)
2026-04-29 23:39:08,389 mme_vla_suite.pseudo_labeling.topreward_qwen_scorer INFO: Prefix 5/8 (end=30, n_frames=6/31): reward=-17.5000 (mean, 1 tok)
2026-04-29 23:39:15,426 mme_vla_suite.pseudo_labeling.topreward_qwen_scorer INFO: Prefix 6/8 (end=36, n_frames=7/37): reward=-16.8750 (mean, 1 tok)
2026-04-29 23:39:22,470 mme_vla_suite.pseudo_labeling.topreward_qwen_scorer INFO: Prefix 7/8 (end=42, n_frames=9/43): reward=-16.7500 (mean, 1 tok)
2026-04-29 23:39:29,521 mme_vla_suite.pseudo_labeling.topreward_qwen_scorer INFO: Prefix 8/8 (end=49, n_frames=10/50): reward=-18.0000 (mean, 1 tok)
2026-04-29 23:39:37,427 mme_vla_suite.pseudo_labeling.topreward_qwen_scorer INFO: Prefix 1/8 (end=10, n_frames=4/11): reward=-18.3750 (mean, 1 tok)
2026-04-29 23:39:44,514 mme_vla_suite.pseudo_labeling.topreward_qwen_scorer INFO: Prefix 2/8 (end=22, n_frames=5/23): reward=-16.7500 (mean, 1 tok)
2026-04-29 23:39:51,621 mme_vla_suite.pseudo_labeling.topreward_qwen_scorer INFO: Prefix 3/8 (end=35, n_frames=7/36): reward=-17.1250 (mean, 1 tok)
2026-04-29 23:39:58,720 mme_vla_suite.pseudo_labeling.topreward_qwen_scorer INFO: Prefix 4/8 (end=48, n_frames=10/49): reward=-16.0000 (mean, 1 tok)
2026-04-29 23:40:05,797 mme_vla_suite.pseudo_labeling.topreward_qwen_scorer INFO: Prefix 5/8 (end=60, n_frames=12/61): reward=-15.8750 (mean, 1 tok)
2026-04-29 23:40:12,894 mme_vla_suite.pseudo_labeling.topreward_qwen_scorer INFO: Prefix 6/8 (end=73, n_frames=15/74): reward=-15.3750 (mean, 1 tok)
2026-04-29 23:40:19,967 mme_vla_suite.pseudo_labeling.topreward_qwen_scorer INFO: Prefix 7/8 (end=86, n_frames=17/87): reward=-15.1250 (mean, 1 tok)
2026-04-29 23:40:27,051 mme_vla_suite.pseudo_labeling.topreward_qwen_scorer INFO: Prefix 8/8 (end=99, n_frames=20/100): reward=-13.8750 (mean, 1 tok)
2026-04-29 23:40:34,921 mme_vla_suite.pseudo_labeling.topreward_qwen_scorer INFO: Prefix 1/8 (end=7, n_frames=4/8): reward=-21.1250 (mean, 1 tok)
2026-04-29 23:40:41,828 mme_vla_suite.pseudo_labeling.topreward_qwen_scorer INFO: Prefix 2/8 (end=15, n_frames=4/16): reward=-18.2500 (mean, 1 tok)
2026-04-29 23:40:48,798 mme_vla_suite.pseudo_labeling.topreward_qwen_scorer INFO: Prefix 3/8 (end=24, n_frames=5/25): reward=-18.1250 (mean, 1 tok)
2026-04-29 23:40:55,779 mme_vla_suite.pseudo_labeling.topreward_qwen_scorer INFO: Prefix 4/8 (end=33, n_frames=7/34): reward=-17.7500 (mean, 1 tok)
2026-04-29 23:41:02,771 mme_vla_suite.pseudo_labeling.topreward_qwen_scorer INFO: Prefix 5/8 (end=42, n_frames=9/43): reward=-17.6250 (mean, 1 tok)
2026-04-29 23:41:09,694 mme_vla_suite.pseudo_labeling.topreward_qwen_scorer INFO: Prefix 6/8 (end=51, n_frames=10/52): reward=-16.3750 (mean, 1 tok)
2026-04-29 23:41:16,632 mme_vla_suite.pseudo_labeling.topreward_qwen_scorer INFO: Prefix 7/8 (end=60, n_frames=12/61): reward=-15.8750 (mean, 1 tok)
2026-04-29 23:41:23,578 mme_vla_suite.pseudo_labeling.topreward_qwen_scorer INFO: Prefix 8/8 (end=69, n_frames=14/70): reward=-18.6250 (mean, 1 tok)
2026-04-29 23:41:31,421 mme_vla_suite.pseudo_labeling.topreward_qwen_scorer INFO: Prefix 1/8 (end=10, n_frames=4/11): reward=-18.7500 (mean, 1 tok)
2026-04-29 23:41:38,382 mme_vla_suite.pseudo_labeling.topreward_qwen_scorer INFO: Prefix 2/8 (end=23, n_frames=5/24): reward=-18.0000 (mean, 1 tok)
2026-04-29 23:41:45,302 mme_vla_suite.pseudo_labeling.topreward_qwen_scorer INFO: Prefix 3/8 (end=37, n_frames=8/38): reward=-18.2500 (mean, 1 tok)
2026-04-29 23:41:52,358 mme_vla_suite.pseudo_labeling.topreward_qwen_scorer INFO: Prefix 4/8 (end=50, n_frames=10/51): reward=-16.3750 (mean, 1 tok)
2026-04-29 23:41:59,296 mme_vla_suite.pseudo_labeling.topreward_qwen_scorer INFO: Prefix 5/8 (end=64, n_frames=13/65): reward=-16.3750 (mean, 1 tok)
2026-04-29 23:42:06,255 mme_vla_suite.pseudo_labeling.topreward_qwen_scorer INFO: Prefix 6/8 (end=77, n_frames=16/78): reward=-17.1250 (mean, 1 tok)
2026-04-29 23:42:13,242 mme_vla_suite.pseudo_labeling.topreward_qwen_scorer INFO: Prefix 7/8 (end=91, n_frames=18/92): reward=-15.7500 (mean, 1 tok)
2026-04-29 23:42:20,302 mme_vla_suite.pseudo_labeling.topreward_qwen_scorer INFO: Prefix 8/8 (end=105, n_frames=21/106): reward=-15.8750 (mean, 1 tok)
2026-04-29 23:42:28,179 mme_vla_suite.pseudo_labeling.topreward_qwen_scorer INFO: Prefix 1/8 (end=5, n_frames=4/6): reward=-20.1250 (mean, 1 tok)
2026-04-29 23:42:35,122 mme_vla_suite.pseudo_labeling.topreward_qwen_scorer INFO: Prefix 2/8 (end=12, n_frames=4/13): reward=-19.8750 (mean, 1 tok)
2026-04-29 23:42:42,133 mme_vla_suite.pseudo_labeling.topreward_qwen_scorer INFO: Prefix 3/8 (end=20, n_frames=4/21): reward=-20.0000 (mean, 1 tok)
2026-04-29 23:42:49,153 mme_vla_suite.pseudo_labeling.topreward_qwen_scorer INFO: Prefix 4/8 (end=27, n_frames=6/28): reward=-18.5000 (mean, 1 tok)
2026-04-29 23:42:56,227 mme_vla_suite.pseudo_labeling.topreward_qwen_scorer INFO: Prefix 5/8 (end=35, n_frames=7/36): reward=-19.8750 (mean, 1 tok)
2026-04-29 23:43:03,157 mme_vla_suite.pseudo_labeling.topreward_qwen_scorer INFO: Prefix 6/8 (end=42, n_frames=9/43): reward=-19.5000 (mean, 1 tok)
2026-04-29 23:43:10,120 mme_vla_suite.pseudo_labeling.topreward_qwen_scorer INFO: Prefix 7/8 (end=50, n_frames=10/51): reward=-19.1250 (mean, 1 tok)
2026-04-29 23:43:17,127 mme_vla_suite.pseudo_labeling.topreward_qwen_scorer INFO: Prefix 8/8 (end=58, n_frames=12/59): reward=-19.3750 (mean, 1 tok)
2026-04-29 23:43:24,680 mme_vla_suite.pseudo_labeling.topreward_qwen_scorer INFO: Prefix 1/8 (end=6, n_frames=4/7): reward=-21.1250 (mean, 1 tok)
2026-04-29 23:43:31,699 mme_vla_suite.pseudo_labeling.topreward_qwen_scorer INFO: Prefix 2/8 (end=13, n_frames=4/14): reward=-20.8750 (mean, 1 tok)
2026-04-29 23:43:38,679 mme_vla_suite.pseudo_labeling.topreward_qwen_scorer INFO: Prefix 3/8 (end=21, n_frames=4/22): reward=-20.0000 (mean, 1 tok)
2026-04-29 23:43:45,660 mme_vla_suite.pseudo_labeling.topreward_qwen_scorer INFO: Prefix 4/8 (end=29, n_frames=6/30): reward=-19.8750 (mean, 1 tok)
2026-04-29 23:43:52,596 mme_vla_suite.pseudo_labeling.topreward_qwen_scorer INFO: Prefix 5/8 (end=36, n_frames=7/37): reward=-19.8750 (mean, 1 tok)
2026-04-29 23:43:59,511 mme_vla_suite.pseudo_labeling.topreward_qwen_scorer INFO: Prefix 6/8 (end=44, n_frames=9/45): reward=-19.1250 (mean, 1 tok)
2026-04-29 23:44:06,422 mme_vla_suite.pseudo_labeling.topreward_qwen_scorer INFO: Prefix 7/8 (end=52, n_frames=11/53): reward=-18.7500 (mean, 1 tok)
2026-04-29 23:44:13,336 mme_vla_suite.pseudo_labeling.topreward_qwen_scorer INFO: Prefix 8/8 (end=60, n_frames=12/61): reward=-17.8750 (mean, 1 tok)
2026-04-29 23:44:21,047 mme_vla_suite.pseudo_labeling.topreward_qwen_scorer INFO: Prefix 1/8 (end=9, n_frames=4/10): reward=-20.5000 (mean, 1 tok)
2026-04-29 23:44:27,938 mme_vla_suite.pseudo_labeling.topreward_qwen_scorer INFO: Prefix 2/8 (end=21, n_frames=4/22): reward=-20.0000 (mean, 1 tok)
2026-04-29 23:44:34,988 mme_vla_suite.pseudo_labeling.topreward_qwen_scorer INFO: Prefix 3/8 (end=34, n_frames=7/35): reward=-20.0000 (mean, 1 tok)
2026-04-29 23:44:42,087 mme_vla_suite.pseudo_labeling.topreward_qwen_scorer INFO: Prefix 4/8 (end=47, n_frames=10/48): reward=-19.3750 (mean, 1 tok)
2026-04-29 23:44:49,182 mme_vla_suite.pseudo_labeling.topreward_qwen_scorer INFO: Prefix 5/8 (end=59, n_frames=12/60): reward=-17.6250 (mean, 1 tok)
2026-04-29 23:44:56,182 mme_vla_suite.pseudo_labeling.topreward_qwen_scorer INFO: Prefix 6/8 (end=72, n_frames=15/73): reward=-18.2500 (mean, 1 tok)
2026-04-29 23:45:03,143 mme_vla_suite.pseudo_labeling.topreward_qwen_scorer INFO: Prefix 7/8 (end=85, n_frames=17/86): reward=-18.0000 (mean, 1 tok)
2026-04-29 23:45:10,240 mme_vla_suite.pseudo_labeling.topreward_qwen_scorer INFO: Prefix 8/8 (end=98, n_frames=20/99): reward=-19.2500 (mean, 1 tok)
