/coc/testnvme/shalbe3/miniconda/envs/robomme/lib/python3.11/site-packages/torch/cuda/__init__.py:63: FutureWarning: The pynvml package is deprecated. Please install nvidia-ml-py instead. If you did not install pynvml directly, please report this to the maintainers of the package that installed pynvml for you.
  import pynvml  # type: ignore[import]
`torch_dtype` is deprecated! Use `dtype` instead!
You are attempting to use Flash Attention 2 without specifying a torch dtype. This might lead to unexpected behaviour
2026-04-30 01:45:25,122 mme_vla_suite.pseudo_labeling.topreward_qwen_scorer WARNING: flash_attention_2 unavailable (/coc/testnvme/shalbe3/miniconda/envs/robomme/lib/python3.11/site-packages/flash_attn_2_cuda.cpython-311-x86_64-linux-gnu.so: undefined symbol: _ZNK3c106SymInt6sym_neERKS0_), using default attention
Loading checkpoint shards:   0%|          | 0/4 [00:00<?, ?it/s]Loading checkpoint shards:  25%|██▌       | 1/4 [00:15<00:46, 15.53s/it]Loading checkpoint shards:  50%|█████     | 2/4 [00:30<00:30, 15.29s/it]Loading checkpoint shards:  75%|███████▌  | 3/4 [00:46<00:15, 15.51s/it]Loading checkpoint shards: 100%|██████████| 4/4 [00:54<00:00, 12.70s/it]Loading checkpoint shards: 100%|██████████| 4/4 [00:54<00:00, 13.70s/it]
Asked to sample `fps` frames per second but no video metadata was provided which is required when sampling with `fps`. Defaulting to `fps=24`. Please provide `video_metadata` for more accurate results.
2026-04-30 01:46:29,719 mme_vla_suite.pseudo_labeling.topreward_qwen_scorer INFO: Prefix 1/8 (end=11, n_frames=4/12): reward=-22.5000 (mean, 1 tok)
2026-04-30 01:46:36,500 mme_vla_suite.pseudo_labeling.topreward_qwen_scorer INFO: Prefix 2/8 (end=25, n_frames=5/26): reward=-22.7500 (mean, 1 tok)
2026-04-30 01:46:43,262 mme_vla_suite.pseudo_labeling.topreward_qwen_scorer INFO: Prefix 3/8 (end=40, n_frames=8/41): reward=-22.7500 (mean, 1 tok)
2026-04-30 01:46:50,066 mme_vla_suite.pseudo_labeling.topreward_qwen_scorer INFO: Prefix 4/8 (end=55, n_frames=11/56): reward=-21.6250 (mean, 1 tok)
2026-04-30 01:46:56,875 mme_vla_suite.pseudo_labeling.topreward_qwen_scorer INFO: Prefix 5/8 (end=69, n_frames=14/70): reward=-22.6250 (mean, 1 tok)
2026-04-30 01:47:03,738 mme_vla_suite.pseudo_labeling.topreward_qwen_scorer INFO: Prefix 6/8 (end=84, n_frames=17/85): reward=-21.5000 (mean, 1 tok)
2026-04-30 01:47:10,598 mme_vla_suite.pseudo_labeling.topreward_qwen_scorer INFO: Prefix 7/8 (end=99, n_frames=20/100): reward=-19.0000 (mean, 1 tok)
2026-04-30 01:47:17,588 mme_vla_suite.pseudo_labeling.topreward_qwen_scorer INFO: Prefix 8/8 (end=114, n_frames=23/115): reward=-18.5000 (mean, 1 tok)
2026-04-30 01:47:25,619 mme_vla_suite.pseudo_labeling.topreward_qwen_scorer INFO: Prefix 1/8 (end=20, n_frames=4/21): reward=-23.5000 (mean, 1 tok)
2026-04-30 01:47:32,366 mme_vla_suite.pseudo_labeling.topreward_qwen_scorer INFO: Prefix 2/8 (end=45, n_frames=9/46): reward=-23.3750 (mean, 1 tok)
2026-04-30 01:47:39,139 mme_vla_suite.pseudo_labeling.topreward_qwen_scorer INFO: Prefix 3/8 (end=71, n_frames=14/72): reward=-22.2500 (mean, 1 tok)
2026-04-30 01:47:45,947 mme_vla_suite.pseudo_labeling.topreward_qwen_scorer INFO: Prefix 4/8 (end=97, n_frames=20/98): reward=-21.2500 (mean, 1 tok)
2026-04-30 01:47:52,858 mme_vla_suite.pseudo_labeling.topreward_qwen_scorer INFO: Prefix 5/8 (end=123, n_frames=25/124): reward=-22.6250 (mean, 1 tok)
2026-04-30 01:47:59,792 mme_vla_suite.pseudo_labeling.topreward_qwen_scorer INFO: Prefix 6/8 (end=149, n_frames=30/150): reward=-21.6250 (mean, 1 tok)
2026-04-30 01:48:06,807 mme_vla_suite.pseudo_labeling.topreward_qwen_scorer INFO: Prefix 7/8 (end=175, n_frames=35/176): reward=-20.6250 (mean, 1 tok)
2026-04-30 01:48:13,838 mme_vla_suite.pseudo_labeling.topreward_qwen_scorer INFO: Prefix 8/8 (end=201, n_frames=40/202): reward=-16.6250 (mean, 1 tok)
2026-04-30 01:48:21,705 mme_vla_suite.pseudo_labeling.topreward_qwen_scorer INFO: Prefix 1/8 (end=4, n_frames=4/5): reward=-22.6250 (mean, 1 tok)
2026-04-30 01:48:28,446 mme_vla_suite.pseudo_labeling.topreward_qwen_scorer INFO: Prefix 2/8 (end=9, n_frames=4/10): reward=-22.0000 (mean, 1 tok)
2026-04-30 01:48:35,185 mme_vla_suite.pseudo_labeling.topreward_qwen_scorer INFO: Prefix 3/8 (end=14, n_frames=4/15): reward=-22.5000 (mean, 1 tok)
2026-04-30 01:48:41,911 mme_vla_suite.pseudo_labeling.topreward_qwen_scorer INFO: Prefix 4/8 (end=19, n_frames=4/20): reward=-22.6250 (mean, 1 tok)
2026-04-30 01:48:48,657 mme_vla_suite.pseudo_labeling.topreward_qwen_scorer INFO: Prefix 5/8 (end=24, n_frames=5/25): reward=-22.1250 (mean, 1 tok)
2026-04-30 01:48:55,415 mme_vla_suite.pseudo_labeling.topreward_qwen_scorer INFO: Prefix 6/8 (end=29, n_frames=6/30): reward=-21.7500 (mean, 1 tok)
2026-04-30 01:49:02,172 mme_vla_suite.pseudo_labeling.topreward_qwen_scorer INFO: Prefix 7/8 (end=34, n_frames=7/35): reward=-21.5000 (mean, 1 tok)
2026-04-30 01:49:08,918 mme_vla_suite.pseudo_labeling.topreward_qwen_scorer INFO: Prefix 8/8 (end=40, n_frames=8/41): reward=-21.6250 (mean, 1 tok)
2026-04-30 01:49:16,670 mme_vla_suite.pseudo_labeling.topreward_qwen_scorer INFO: Prefix 1/8 (end=8, n_frames=4/9): reward=-24.6250 (mean, 1 tok)
2026-04-30 01:49:23,410 mme_vla_suite.pseudo_labeling.topreward_qwen_scorer INFO: Prefix 2/8 (end=19, n_frames=4/20): reward=-25.0000 (mean, 1 tok)
2026-04-30 01:49:30,170 mme_vla_suite.pseudo_labeling.topreward_qwen_scorer INFO: Prefix 3/8 (end=30, n_frames=6/31): reward=-22.5000 (mean, 1 tok)
2026-04-30 01:49:36,944 mme_vla_suite.pseudo_labeling.topreward_qwen_scorer INFO: Prefix 4/8 (end=41, n_frames=8/42): reward=-22.7500 (mean, 1 tok)
2026-04-30 01:49:43,722 mme_vla_suite.pseudo_labeling.topreward_qwen_scorer INFO: Prefix 5/8 (end=52, n_frames=11/53): reward=-24.2500 (mean, 1 tok)
2026-04-30 01:49:50,502 mme_vla_suite.pseudo_labeling.topreward_qwen_scorer INFO: Prefix 6/8 (end=63, n_frames=13/64): reward=-25.1250 (mean, 1 tok)
2026-04-30 01:49:57,278 mme_vla_suite.pseudo_labeling.topreward_qwen_scorer INFO: Prefix 7/8 (end=74, n_frames=15/75): reward=-23.6250 (mean, 1 tok)
2026-04-30 01:50:04,077 mme_vla_suite.pseudo_labeling.topreward_qwen_scorer INFO: Prefix 8/8 (end=86, n_frames=17/87): reward=-17.8750 (mean, 1 tok)
2026-04-30 01:50:11,767 mme_vla_suite.pseudo_labeling.topreward_qwen_scorer INFO: Prefix 1/8 (end=9, n_frames=4/10): reward=-24.3750 (mean, 1 tok)
2026-04-30 01:50:18,511 mme_vla_suite.pseudo_labeling.topreward_qwen_scorer INFO: Prefix 2/8 (end=21, n_frames=4/22): reward=-23.7500 (mean, 1 tok)
2026-04-30 01:50:25,264 mme_vla_suite.pseudo_labeling.topreward_qwen_scorer INFO: Prefix 3/8 (end=33, n_frames=7/34): reward=-23.5000 (mean, 1 tok)
2026-04-30 01:50:32,011 mme_vla_suite.pseudo_labeling.topreward_qwen_scorer INFO: Prefix 4/8 (end=45, n_frames=9/46): reward=-22.8750 (mean, 1 tok)
2026-04-30 01:50:38,780 mme_vla_suite.pseudo_labeling.topreward_qwen_scorer INFO: Prefix 5/8 (end=57, n_frames=12/58): reward=-24.8750 (mean, 1 tok)
2026-04-30 01:50:45,561 mme_vla_suite.pseudo_labeling.topreward_qwen_scorer INFO: Prefix 6/8 (end=69, n_frames=14/70): reward=-24.0000 (mean, 1 tok)
2026-04-30 01:50:52,349 mme_vla_suite.pseudo_labeling.topreward_qwen_scorer INFO: Prefix 7/8 (end=81, n_frames=16/82): reward=-22.3750 (mean, 1 tok)
2026-04-30 01:50:59,174 mme_vla_suite.pseudo_labeling.topreward_qwen_scorer INFO: Prefix 8/8 (end=93, n_frames=19/94): reward=-17.0000 (mean, 1 tok)
2026-04-30 01:51:07,017 mme_vla_suite.pseudo_labeling.topreward_qwen_scorer INFO: Prefix 1/8 (end=11, n_frames=4/12): reward=-21.5000 (mean, 1 tok)
2026-04-30 01:51:13,753 mme_vla_suite.pseudo_labeling.topreward_qwen_scorer INFO: Prefix 2/8 (end=25, n_frames=5/26): reward=-21.3750 (mean, 1 tok)
2026-04-30 01:51:20,514 mme_vla_suite.pseudo_labeling.topreward_qwen_scorer INFO: Prefix 3/8 (end=39, n_frames=8/40): reward=-19.8750 (mean, 1 tok)
2026-04-30 01:51:27,295 mme_vla_suite.pseudo_labeling.topreward_qwen_scorer INFO: Prefix 4/8 (end=53, n_frames=11/54): reward=-19.7500 (mean, 1 tok)
2026-04-30 01:51:34,186 mme_vla_suite.pseudo_labeling.topreward_qwen_scorer INFO: Prefix 5/8 (end=67, n_frames=14/68): reward=-18.8750 (mean, 1 tok)
2026-04-30 01:51:40,968 mme_vla_suite.pseudo_labeling.topreward_qwen_scorer INFO: Prefix 6/8 (end=81, n_frames=16/82): reward=-19.6250 (mean, 1 tok)
2026-04-30 01:51:47,775 mme_vla_suite.pseudo_labeling.topreward_qwen_scorer INFO: Prefix 7/8 (end=95, n_frames=19/96): reward=-17.6250 (mean, 1 tok)
2026-04-30 01:51:54,604 mme_vla_suite.pseudo_labeling.topreward_qwen_scorer INFO: Prefix 8/8 (end=110, n_frames=22/111): reward=-17.6250 (mean, 1 tok)
2026-04-30 01:52:02,470 mme_vla_suite.pseudo_labeling.topreward_qwen_scorer INFO: Prefix 1/8 (end=10, n_frames=4/11): reward=-21.7500 (mean, 1 tok)
2026-04-30 01:52:09,211 mme_vla_suite.pseudo_labeling.topreward_qwen_scorer INFO: Prefix 2/8 (end=23, n_frames=5/24): reward=-20.5000 (mean, 1 tok)
2026-04-30 01:52:15,961 mme_vla_suite.pseudo_labeling.topreward_qwen_scorer INFO: Prefix 3/8 (end=36, n_frames=7/37): reward=-19.7500 (mean, 1 tok)
2026-04-30 01:52:22,717 mme_vla_suite.pseudo_labeling.topreward_qwen_scorer INFO: Prefix 4/8 (end=49, n_frames=10/50): reward=-20.3750 (mean, 1 tok)
2026-04-30 01:52:29,501 mme_vla_suite.pseudo_labeling.topreward_qwen_scorer INFO: Prefix 5/8 (end=62, n_frames=13/63): reward=-21.3750 (mean, 1 tok)
2026-04-30 01:52:36,304 mme_vla_suite.pseudo_labeling.topreward_qwen_scorer INFO: Prefix 6/8 (end=75, n_frames=15/76): reward=-20.7500 (mean, 1 tok)
2026-04-30 01:52:43,110 mme_vla_suite.pseudo_labeling.topreward_qwen_scorer INFO: Prefix 7/8 (end=88, n_frames=18/89): reward=-21.3750 (mean, 1 tok)
2026-04-30 01:52:49,933 mme_vla_suite.pseudo_labeling.topreward_qwen_scorer INFO: Prefix 8/8 (end=102, n_frames=21/103): reward=-17.7500 (mean, 1 tok)
2026-04-30 01:52:57,655 mme_vla_suite.pseudo_labeling.topreward_qwen_scorer INFO: Prefix 1/8 (end=11, n_frames=4/12): reward=-21.8750 (mean, 1 tok)
2026-04-30 01:53:04,433 mme_vla_suite.pseudo_labeling.topreward_qwen_scorer INFO: Prefix 2/8 (end=25, n_frames=5/26): reward=-20.2500 (mean, 1 tok)
2026-04-30 01:53:11,200 mme_vla_suite.pseudo_labeling.topreward_qwen_scorer INFO: Prefix 3/8 (end=39, n_frames=8/40): reward=-20.2500 (mean, 1 tok)
2026-04-30 01:53:17,978 mme_vla_suite.pseudo_labeling.topreward_qwen_scorer INFO: Prefix 4/8 (end=54, n_frames=11/55): reward=-20.7500 (mean, 1 tok)
2026-04-30 01:53:24,753 mme_vla_suite.pseudo_labeling.topreward_qwen_scorer INFO: Prefix 5/8 (end=68, n_frames=14/69): reward=-21.0000 (mean, 1 tok)
2026-04-30 01:53:31,551 mme_vla_suite.pseudo_labeling.topreward_qwen_scorer INFO: Prefix 6/8 (end=83, n_frames=17/84): reward=-21.2500 (mean, 1 tok)
2026-04-30 01:53:38,354 mme_vla_suite.pseudo_labeling.topreward_qwen_scorer INFO: Prefix 7/8 (end=97, n_frames=20/98): reward=-21.7500 (mean, 1 tok)
2026-04-30 01:53:45,232 mme_vla_suite.pseudo_labeling.topreward_qwen_scorer INFO: Prefix 8/8 (end=112, n_frames=23/113): reward=-18.2500 (mean, 1 tok)
2026-04-30 01:53:53,236 mme_vla_suite.pseudo_labeling.topreward_qwen_scorer INFO: Prefix 1/8 (end=11, n_frames=4/12): reward=-22.0000 (mean, 1 tok)
2026-04-30 01:53:59,969 mme_vla_suite.pseudo_labeling.topreward_qwen_scorer INFO: Prefix 2/8 (end=25, n_frames=5/26): reward=-22.5000 (mean, 1 tok)
2026-04-30 01:54:06,693 mme_vla_suite.pseudo_labeling.topreward_qwen_scorer INFO: Prefix 3/8 (end=39, n_frames=8/40): reward=-19.6250 (mean, 1 tok)
2026-04-30 01:54:13,443 mme_vla_suite.pseudo_labeling.topreward_qwen_scorer INFO: Prefix 4/8 (end=53, n_frames=11/54): reward=-18.7500 (mean, 1 tok)
2026-04-30 01:54:20,220 mme_vla_suite.pseudo_labeling.topreward_qwen_scorer INFO: Prefix 5/8 (end=67, n_frames=14/68): reward=-20.3750 (mean, 1 tok)
2026-04-30 01:54:26,987 mme_vla_suite.pseudo_labeling.topreward_qwen_scorer INFO: Prefix 6/8 (end=81, n_frames=16/82): reward=-21.1250 (mean, 1 tok)
2026-04-30 01:54:33,800 mme_vla_suite.pseudo_labeling.topreward_qwen_scorer INFO: Prefix 7/8 (end=95, n_frames=19/96): reward=-17.5000 (mean, 1 tok)
2026-04-30 01:54:40,642 mme_vla_suite.pseudo_labeling.topreward_qwen_scorer INFO: Prefix 8/8 (end=110, n_frames=22/111): reward=-17.6250 (mean, 1 tok)
2026-04-30 01:54:48,675 mme_vla_suite.pseudo_labeling.topreward_qwen_scorer INFO: Prefix 1/8 (end=10, n_frames=4/11): reward=-23.3750 (mean, 1 tok)
2026-04-30 01:54:55,436 mme_vla_suite.pseudo_labeling.topreward_qwen_scorer INFO: Prefix 2/8 (end=23, n_frames=5/24): reward=-23.5000 (mean, 1 tok)
2026-04-30 01:55:02,181 mme_vla_suite.pseudo_labeling.topreward_qwen_scorer INFO: Prefix 3/8 (end=36, n_frames=7/37): reward=-23.3750 (mean, 1 tok)
2026-04-30 01:55:08,971 mme_vla_suite.pseudo_labeling.topreward_qwen_scorer INFO: Prefix 4/8 (end=49, n_frames=10/50): reward=-22.1250 (mean, 1 tok)
2026-04-30 01:55:15,775 mme_vla_suite.pseudo_labeling.topreward_qwen_scorer INFO: Prefix 5/8 (end=62, n_frames=13/63): reward=-23.8750 (mean, 1 tok)
2026-04-30 01:55:22,577 mme_vla_suite.pseudo_labeling.topreward_qwen_scorer INFO: Prefix 6/8 (end=75, n_frames=15/76): reward=-23.3750 (mean, 1 tok)
2026-04-30 01:55:29,385 mme_vla_suite.pseudo_labeling.topreward_qwen_scorer INFO: Prefix 7/8 (end=88, n_frames=18/89): reward=-23.6250 (mean, 1 tok)
2026-04-30 01:55:36,200 mme_vla_suite.pseudo_labeling.topreward_qwen_scorer INFO: Prefix 8/8 (end=101, n_frames=20/102): reward=-19.5000 (mean, 1 tok)
2026-04-30 01:55:43,924 mme_vla_suite.pseudo_labeling.topreward_qwen_scorer INFO: Prefix 1/8 (end=11, n_frames=4/12): reward=-23.7500 (mean, 1 tok)
2026-04-30 01:55:50,762 mme_vla_suite.pseudo_labeling.topreward_qwen_scorer INFO: Prefix 2/8 (end=25, n_frames=5/26): reward=-23.3750 (mean, 1 tok)
2026-04-30 01:55:57,676 mme_vla_suite.pseudo_labeling.topreward_qwen_scorer INFO: Prefix 3/8 (end=39, n_frames=8/40): reward=-22.8750 (mean, 1 tok)
2026-04-30 01:56:04,464 mme_vla_suite.pseudo_labeling.topreward_qwen_scorer INFO: Prefix 4/8 (end=53, n_frames=11/54): reward=-23.8750 (mean, 1 tok)
2026-04-30 01:56:11,411 mme_vla_suite.pseudo_labeling.topreward_qwen_scorer INFO: Prefix 5/8 (end=68, n_frames=14/69): reward=-23.8750 (mean, 1 tok)
2026-04-30 01:56:18,238 mme_vla_suite.pseudo_labeling.topreward_qwen_scorer INFO: Prefix 6/8 (end=82, n_frames=17/83): reward=-24.0000 (mean, 1 tok)
2026-04-30 01:56:25,075 mme_vla_suite.pseudo_labeling.topreward_qwen_scorer INFO: Prefix 7/8 (end=96, n_frames=19/97): reward=-25.0000 (mean, 1 tok)
2026-04-30 01:56:31,936 mme_vla_suite.pseudo_labeling.topreward_qwen_scorer INFO: Prefix 8/8 (end=111, n_frames=22/112): reward=-17.8750 (mean, 1 tok)
