/coc/testnvme/shalbe3/miniconda/envs/robomme/lib/python3.11/site-packages/torch/cuda/__init__.py:63: FutureWarning: The pynvml package is deprecated. Please install nvidia-ml-py instead. If you did not install pynvml directly, please report this to the maintainers of the package that installed pynvml for you.
  import pynvml  # type: ignore[import]
`torch_dtype` is deprecated! Use `dtype` instead!
You are attempting to use Flash Attention 2 without specifying a torch dtype. This might lead to unexpected behaviour
2026-04-29 15:19:46,705 mme_vla_suite.pseudo_labeling.topreward_qwen_scorer WARNING: flash_attention_2 unavailable (/coc/testnvme/shalbe3/miniconda/envs/robomme/lib/python3.11/site-packages/flash_attn_2_cuda.cpython-311-x86_64-linux-gnu.so: undefined symbol: _ZNK3c106SymInt6sym_neERKS0_), using default attention
Loading checkpoint shards:   0%|          | 0/4 [00:00<?, ?it/s]Loading checkpoint shards:  25%|██▌       | 1/4 [00:08<00:26,  8.94s/it]Loading checkpoint shards:  50%|█████     | 2/4 [00:17<00:17,  8.65s/it]Loading checkpoint shards:  75%|███████▌  | 3/4 [00:25<00:08,  8.55s/it]Loading checkpoint shards: 100%|██████████| 4/4 [00:30<00:00,  7.01s/it]Loading checkpoint shards: 100%|██████████| 4/4 [00:30<00:00,  7.62s/it]
Asked to sample `fps` frames per second but no video metadata was provided which is required when sampling with `fps`. Defaulting to `fps=24`. Please provide `video_metadata` for more accurate results.
2026-04-29 15:20:27,118 mme_vla_suite.pseudo_labeling.topreward_qwen_scorer INFO: Prefix 1/8 (end=11, n_frames=4/12): reward=-23.2500 (mean, 1 tok)
2026-04-29 15:20:34,101 mme_vla_suite.pseudo_labeling.topreward_qwen_scorer INFO: Prefix 2/8 (end=26, n_frames=5/27): reward=-23.3750 (mean, 1 tok)
2026-04-29 15:20:41,088 mme_vla_suite.pseudo_labeling.topreward_qwen_scorer INFO: Prefix 3/8 (end=41, n_frames=8/42): reward=-19.7500 (mean, 1 tok)
2026-04-29 15:20:48,090 mme_vla_suite.pseudo_labeling.topreward_qwen_scorer INFO: Prefix 4/8 (end=56, n_frames=11/57): reward=-20.7500 (mean, 1 tok)
2026-04-29 15:20:55,111 mme_vla_suite.pseudo_labeling.topreward_qwen_scorer INFO: Prefix 5/8 (end=71, n_frames=14/72): reward=-19.7500 (mean, 1 tok)
2026-04-29 15:21:02,173 mme_vla_suite.pseudo_labeling.topreward_qwen_scorer INFO: Prefix 6/8 (end=86, n_frames=17/87): reward=-20.1250 (mean, 1 tok)
2026-04-29 15:21:09,247 mme_vla_suite.pseudo_labeling.topreward_qwen_scorer INFO: Prefix 7/8 (end=101, n_frames=20/102): reward=-17.5000 (mean, 1 tok)
2026-04-29 15:21:16,362 mme_vla_suite.pseudo_labeling.topreward_qwen_scorer INFO: Prefix 8/8 (end=117, n_frames=24/118): reward=-19.0000 (mean, 1 tok)
2026-04-29 15:21:24,158 mme_vla_suite.pseudo_labeling.topreward_qwen_scorer INFO: Prefix 1/8 (end=8, n_frames=4/9): reward=-20.7500 (mean, 1 tok)
2026-04-29 15:21:31,113 mme_vla_suite.pseudo_labeling.topreward_qwen_scorer INFO: Prefix 2/8 (end=18, n_frames=4/19): reward=-19.3750 (mean, 1 tok)
2026-04-29 15:21:38,084 mme_vla_suite.pseudo_labeling.topreward_qwen_scorer INFO: Prefix 3/8 (end=28, n_frames=6/29): reward=-20.1250 (mean, 1 tok)
2026-04-29 15:21:45,063 mme_vla_suite.pseudo_labeling.topreward_qwen_scorer INFO: Prefix 4/8 (end=38, n_frames=8/39): reward=-21.3750 (mean, 1 tok)
2026-04-29 15:21:52,047 mme_vla_suite.pseudo_labeling.topreward_qwen_scorer INFO: Prefix 5/8 (end=48, n_frames=10/49): reward=-21.1250 (mean, 1 tok)
2026-04-29 15:21:59,024 mme_vla_suite.pseudo_labeling.topreward_qwen_scorer INFO: Prefix 6/8 (end=58, n_frames=12/59): reward=-18.0000 (mean, 1 tok)
2026-04-29 15:22:06,010 mme_vla_suite.pseudo_labeling.topreward_qwen_scorer INFO: Prefix 7/8 (end=68, n_frames=14/69): reward=-18.1250 (mean, 1 tok)
2026-04-29 15:22:13,038 mme_vla_suite.pseudo_labeling.topreward_qwen_scorer INFO: Prefix 8/8 (end=79, n_frames=16/80): reward=-18.0000 (mean, 1 tok)
2026-04-29 15:22:20,956 mme_vla_suite.pseudo_labeling.topreward_qwen_scorer INFO: Prefix 1/8 (end=9, n_frames=4/10): reward=-20.3750 (mean, 1 tok)
2026-04-29 15:22:27,913 mme_vla_suite.pseudo_labeling.topreward_qwen_scorer INFO: Prefix 2/8 (end=21, n_frames=4/22): reward=-19.5000 (mean, 1 tok)
2026-04-29 15:22:34,894 mme_vla_suite.pseudo_labeling.topreward_qwen_scorer INFO: Prefix 3/8 (end=34, n_frames=7/35): reward=-21.3750 (mean, 1 tok)
2026-04-29 15:22:41,880 mme_vla_suite.pseudo_labeling.topreward_qwen_scorer INFO: Prefix 4/8 (end=47, n_frames=10/48): reward=-21.3750 (mean, 1 tok)
2026-04-29 15:22:48,878 mme_vla_suite.pseudo_labeling.topreward_qwen_scorer INFO: Prefix 5/8 (end=59, n_frames=12/60): reward=-18.1250 (mean, 1 tok)
2026-04-29 15:22:55,891 mme_vla_suite.pseudo_labeling.topreward_qwen_scorer INFO: Prefix 6/8 (end=72, n_frames=15/73): reward=-17.8750 (mean, 1 tok)
2026-04-29 15:23:02,899 mme_vla_suite.pseudo_labeling.topreward_qwen_scorer INFO: Prefix 7/8 (end=85, n_frames=17/86): reward=-17.3750 (mean, 1 tok)
2026-04-29 15:23:09,947 mme_vla_suite.pseudo_labeling.topreward_qwen_scorer INFO: Prefix 8/8 (end=98, n_frames=20/99): reward=-17.6250 (mean, 1 tok)
2026-04-29 15:23:18,063 mme_vla_suite.pseudo_labeling.topreward_qwen_scorer INFO: Prefix 1/8 (end=10, n_frames=4/11): reward=-23.6250 (mean, 1 tok)
2026-04-29 15:23:25,063 mme_vla_suite.pseudo_labeling.topreward_qwen_scorer INFO: Prefix 2/8 (end=23, n_frames=5/24): reward=-23.6250 (mean, 1 tok)
2026-04-29 15:23:32,046 mme_vla_suite.pseudo_labeling.topreward_qwen_scorer INFO: Prefix 3/8 (end=37, n_frames=8/38): reward=-20.5000 (mean, 1 tok)
2026-04-29 15:23:39,052 mme_vla_suite.pseudo_labeling.topreward_qwen_scorer INFO: Prefix 4/8 (end=50, n_frames=10/51): reward=-21.1250 (mean, 1 tok)
2026-04-29 15:23:46,050 mme_vla_suite.pseudo_labeling.topreward_qwen_scorer INFO: Prefix 5/8 (end=64, n_frames=13/65): reward=-20.8750 (mean, 1 tok)
2026-04-29 15:23:53,118 mme_vla_suite.pseudo_labeling.topreward_qwen_scorer INFO: Prefix 6/8 (end=77, n_frames=16/78): reward=-22.1250 (mean, 1 tok)
2026-04-29 15:24:00,199 mme_vla_suite.pseudo_labeling.topreward_qwen_scorer INFO: Prefix 7/8 (end=91, n_frames=18/92): reward=-22.0000 (mean, 1 tok)
2026-04-29 15:24:07,322 mme_vla_suite.pseudo_labeling.topreward_qwen_scorer INFO: Prefix 8/8 (end=105, n_frames=21/106): reward=-17.5000 (mean, 1 tok)
2026-04-29 15:24:15,501 mme_vla_suite.pseudo_labeling.topreward_qwen_scorer INFO: Prefix 1/8 (end=11, n_frames=4/12): reward=-19.6250 (mean, 1 tok)
2026-04-29 15:24:22,502 mme_vla_suite.pseudo_labeling.topreward_qwen_scorer INFO: Prefix 2/8 (end=25, n_frames=5/26): reward=-18.3750 (mean, 1 tok)
2026-04-29 15:24:29,478 mme_vla_suite.pseudo_labeling.topreward_qwen_scorer INFO: Prefix 3/8 (end=39, n_frames=8/40): reward=-18.5000 (mean, 1 tok)
2026-04-29 15:24:36,520 mme_vla_suite.pseudo_labeling.topreward_qwen_scorer INFO: Prefix 4/8 (end=53, n_frames=11/54): reward=-18.8750 (mean, 1 tok)
2026-04-29 15:24:43,557 mme_vla_suite.pseudo_labeling.topreward_qwen_scorer INFO: Prefix 5/8 (end=68, n_frames=14/69): reward=-20.2500 (mean, 1 tok)
2026-04-29 15:24:50,621 mme_vla_suite.pseudo_labeling.topreward_qwen_scorer INFO: Prefix 6/8 (end=82, n_frames=17/83): reward=-19.8750 (mean, 1 tok)
2026-04-29 15:24:57,728 mme_vla_suite.pseudo_labeling.topreward_qwen_scorer INFO: Prefix 7/8 (end=96, n_frames=19/97): reward=-19.5000 (mean, 1 tok)
2026-04-29 15:25:04,841 mme_vla_suite.pseudo_labeling.topreward_qwen_scorer INFO: Prefix 8/8 (end=111, n_frames=22/112): reward=-20.7500 (mean, 1 tok)
2026-04-29 15:25:12,580 mme_vla_suite.pseudo_labeling.topreward_qwen_scorer INFO: Prefix 1/8 (end=11, n_frames=4/12): reward=-19.6250 (mean, 1 tok)
2026-04-29 15:25:19,549 mme_vla_suite.pseudo_labeling.topreward_qwen_scorer INFO: Prefix 2/8 (end=25, n_frames=5/26): reward=-18.3750 (mean, 1 tok)
2026-04-29 15:25:26,578 mme_vla_suite.pseudo_labeling.topreward_qwen_scorer INFO: Prefix 3/8 (end=39, n_frames=8/40): reward=-18.5000 (mean, 1 tok)
2026-04-29 15:25:33,579 mme_vla_suite.pseudo_labeling.topreward_qwen_scorer INFO: Prefix 4/8 (end=54, n_frames=11/55): reward=-18.8750 (mean, 1 tok)
2026-04-29 15:25:40,592 mme_vla_suite.pseudo_labeling.topreward_qwen_scorer INFO: Prefix 5/8 (end=68, n_frames=14/69): reward=-20.2500 (mean, 1 tok)
2026-04-29 15:25:47,642 mme_vla_suite.pseudo_labeling.topreward_qwen_scorer INFO: Prefix 6/8 (end=83, n_frames=17/84): reward=-19.7500 (mean, 1 tok)
2026-04-29 15:25:54,753 mme_vla_suite.pseudo_labeling.topreward_qwen_scorer INFO: Prefix 7/8 (end=97, n_frames=20/98): reward=-18.8750 (mean, 1 tok)
2026-04-29 15:26:02,114 mme_vla_suite.pseudo_labeling.topreward_qwen_scorer INFO: Prefix 8/8 (end=112, n_frames=23/113): reward=-20.6250 (mean, 1 tok)
2026-04-29 15:26:09,967 mme_vla_suite.pseudo_labeling.topreward_qwen_scorer INFO: Prefix 1/8 (end=13, n_frames=4/14): reward=-23.0000 (mean, 1 tok)
2026-04-29 15:26:16,962 mme_vla_suite.pseudo_labeling.topreward_qwen_scorer INFO: Prefix 2/8 (end=29, n_frames=6/30): reward=-22.8750 (mean, 1 tok)
2026-04-29 15:26:23,996 mme_vla_suite.pseudo_labeling.topreward_qwen_scorer INFO: Prefix 3/8 (end=46, n_frames=9/47): reward=-22.1250 (mean, 1 tok)
2026-04-29 15:26:31,149 mme_vla_suite.pseudo_labeling.topreward_qwen_scorer INFO: Prefix 4/8 (end=62, n_frames=13/63): reward=-22.7500 (mean, 1 tok)
2026-04-29 15:26:38,278 mme_vla_suite.pseudo_labeling.topreward_qwen_scorer INFO: Prefix 5/8 (end=79, n_frames=16/80): reward=-19.6250 (mean, 1 tok)
2026-04-29 15:26:45,459 mme_vla_suite.pseudo_labeling.topreward_qwen_scorer INFO: Prefix 6/8 (end=95, n_frames=19/96): reward=-19.0000 (mean, 1 tok)
2026-04-29 15:26:52,666 mme_vla_suite.pseudo_labeling.topreward_qwen_scorer INFO: Prefix 7/8 (end=112, n_frames=23/113): reward=-20.1250 (mean, 1 tok)
2026-04-29 15:26:59,904 mme_vla_suite.pseudo_labeling.topreward_qwen_scorer INFO: Prefix 8/8 (end=129, n_frames=26/130): reward=-19.1250 (mean, 1 tok)
2026-04-29 15:27:08,220 mme_vla_suite.pseudo_labeling.topreward_qwen_scorer INFO: Prefix 1/8 (end=15, n_frames=4/16): reward=-18.7500 (mean, 1 tok)
2026-04-29 15:27:15,306 mme_vla_suite.pseudo_labeling.topreward_qwen_scorer INFO: Prefix 2/8 (end=35, n_frames=7/36): reward=-17.5000 (mean, 1 tok)
2026-04-29 15:27:22,472 mme_vla_suite.pseudo_labeling.topreward_qwen_scorer INFO: Prefix 3/8 (end=55, n_frames=11/56): reward=-18.1250 (mean, 1 tok)
2026-04-29 15:27:29,637 mme_vla_suite.pseudo_labeling.topreward_qwen_scorer INFO: Prefix 4/8 (end=76, n_frames=15/77): reward=-19.7500 (mean, 1 tok)
2026-04-29 15:27:36,819 mme_vla_suite.pseudo_labeling.topreward_qwen_scorer INFO: Prefix 5/8 (end=96, n_frames=19/97): reward=-19.3750 (mean, 1 tok)
2026-04-29 15:27:44,032 mme_vla_suite.pseudo_labeling.topreward_qwen_scorer INFO: Prefix 6/8 (end=117, n_frames=24/118): reward=-19.1250 (mean, 1 tok)
2026-04-29 15:27:51,264 mme_vla_suite.pseudo_labeling.topreward_qwen_scorer INFO: Prefix 7/8 (end=137, n_frames=28/138): reward=-18.5000 (mean, 1 tok)
2026-04-29 15:27:58,603 mme_vla_suite.pseudo_labeling.topreward_qwen_scorer INFO: Prefix 8/8 (end=158, n_frames=32/159): reward=-17.0000 (mean, 1 tok)
2026-04-29 15:28:06,432 mme_vla_suite.pseudo_labeling.topreward_qwen_scorer INFO: Prefix 1/8 (end=16, n_frames=4/17): reward=-19.3750 (mean, 1 tok)
2026-04-29 15:28:13,490 mme_vla_suite.pseudo_labeling.topreward_qwen_scorer INFO: Prefix 2/8 (end=36, n_frames=7/37): reward=-17.5000 (mean, 1 tok)
2026-04-29 15:28:20,613 mme_vla_suite.pseudo_labeling.topreward_qwen_scorer INFO: Prefix 3/8 (end=57, n_frames=12/58): reward=-18.2500 (mean, 1 tok)
2026-04-29 15:28:27,780 mme_vla_suite.pseudo_labeling.topreward_qwen_scorer INFO: Prefix 4/8 (end=78, n_frames=16/79): reward=-19.5000 (mean, 1 tok)
2026-04-29 15:28:34,964 mme_vla_suite.pseudo_labeling.topreward_qwen_scorer INFO: Prefix 5/8 (end=99, n_frames=20/100): reward=-18.6250 (mean, 1 tok)
2026-04-29 15:28:42,170 mme_vla_suite.pseudo_labeling.topreward_qwen_scorer INFO: Prefix 6/8 (end=120, n_frames=24/121): reward=-18.8750 (mean, 1 tok)
2026-04-29 15:28:49,446 mme_vla_suite.pseudo_labeling.topreward_qwen_scorer INFO: Prefix 7/8 (end=141, n_frames=28/142): reward=-19.2500 (mean, 1 tok)
2026-04-29 15:28:56,734 mme_vla_suite.pseudo_labeling.topreward_qwen_scorer INFO: Prefix 8/8 (end=162, n_frames=33/163): reward=-16.7500 (mean, 1 tok)
