/coc/testnvme/shalbe3/miniconda/envs/robomme/lib/python3.11/site-packages/torch/cuda/__init__.py:63: FutureWarning: The pynvml package is deprecated. Please install nvidia-ml-py instead. If you did not install pynvml directly, please report this to the maintainers of the package that installed pynvml for you.
  import pynvml  # type: ignore[import]
`torch_dtype` is deprecated! Use `dtype` instead!
You are attempting to use Flash Attention 2 without specifying a torch dtype. This might lead to unexpected behaviour
2026-04-30 02:30:10,850 mme_vla_suite.pseudo_labeling.topreward_qwen_scorer WARNING: flash_attention_2 unavailable (/coc/testnvme/shalbe3/miniconda/envs/robomme/lib/python3.11/site-packages/flash_attn_2_cuda.cpython-311-x86_64-linux-gnu.so: undefined symbol: _ZNK3c106SymInt6sym_neERKS0_), using default attention
Loading checkpoint shards:   0%|          | 0/4 [00:00<?, ?it/s]Loading checkpoint shards:  25%|██▌       | 1/4 [00:00<00:02,  1.06it/s]Loading checkpoint shards:  50%|█████     | 2/4 [00:01<00:01,  1.01it/s]Loading checkpoint shards:  75%|███████▌  | 3/4 [00:03<00:01,  1.04s/it]Loading checkpoint shards: 100%|██████████| 4/4 [00:03<00:00,  1.14it/s]Loading checkpoint shards: 100%|██████████| 4/4 [00:03<00:00,  1.08it/s]
Asked to sample `fps` frames per second but no video metadata was provided which is required when sampling with `fps`. Defaulting to `fps=24`. Please provide `video_metadata` for more accurate results.
2026-04-30 02:30:24,127 mme_vla_suite.pseudo_labeling.topreward_qwen_scorer INFO: Prefix 1/8 (end=5, n_frames=4/6): reward=-19.2500 (mean, 1 tok)
2026-04-30 02:30:31,024 mme_vla_suite.pseudo_labeling.topreward_qwen_scorer INFO: Prefix 2/8 (end=11, n_frames=4/12): reward=-19.6250 (mean, 1 tok)
2026-04-30 02:30:37,908 mme_vla_suite.pseudo_labeling.topreward_qwen_scorer INFO: Prefix 3/8 (end=18, n_frames=4/19): reward=-19.5000 (mean, 1 tok)
2026-04-30 02:30:44,849 mme_vla_suite.pseudo_labeling.topreward_qwen_scorer INFO: Prefix 4/8 (end=25, n_frames=5/26): reward=-19.7500 (mean, 1 tok)
2026-04-30 02:30:51,740 mme_vla_suite.pseudo_labeling.topreward_qwen_scorer INFO: Prefix 5/8 (end=32, n_frames=7/33): reward=-19.6250 (mean, 1 tok)
2026-04-30 02:30:58,637 mme_vla_suite.pseudo_labeling.topreward_qwen_scorer INFO: Prefix 6/8 (end=39, n_frames=8/40): reward=-19.1250 (mean, 1 tok)
2026-04-30 02:31:05,546 mme_vla_suite.pseudo_labeling.topreward_qwen_scorer INFO: Prefix 7/8 (end=46, n_frames=9/47): reward=-18.0000 (mean, 1 tok)
2026-04-30 02:31:12,467 mme_vla_suite.pseudo_labeling.topreward_qwen_scorer INFO: Prefix 8/8 (end=53, n_frames=11/54): reward=-18.1250 (mean, 1 tok)
2026-04-30 02:31:20,980 mme_vla_suite.pseudo_labeling.topreward_qwen_scorer INFO: Prefix 1/8 (end=33, n_frames=7/34): reward=-21.5000 (mean, 1 tok)
2026-04-30 02:31:27,915 mme_vla_suite.pseudo_labeling.topreward_qwen_scorer INFO: Prefix 2/8 (end=76, n_frames=15/77): reward=-20.5000 (mean, 1 tok)
2026-04-30 02:31:34,912 mme_vla_suite.pseudo_labeling.topreward_qwen_scorer INFO: Prefix 3/8 (end=119, n_frames=24/120): reward=-20.3750 (mean, 1 tok)
2026-04-30 02:31:41,955 mme_vla_suite.pseudo_labeling.topreward_qwen_scorer INFO: Prefix 4/8 (end=162, n_frames=33/163): reward=-19.2500 (mean, 1 tok)
2026-04-30 02:31:49,087 mme_vla_suite.pseudo_labeling.topreward_qwen_scorer INFO: Prefix 5/8 (end=205, n_frames=41/206): reward=-19.2500 (mean, 1 tok)
2026-04-30 02:31:56,283 mme_vla_suite.pseudo_labeling.topreward_qwen_scorer INFO: Prefix 6/8 (end=248, n_frames=50/249): reward=-19.0000 (mean, 1 tok)
2026-04-30 02:32:03,507 mme_vla_suite.pseudo_labeling.topreward_qwen_scorer INFO: Prefix 7/8 (end=291, n_frames=58/292): reward=-19.1250 (mean, 1 tok)
2026-04-30 02:32:14,244 mme_vla_suite.pseudo_labeling.topreward_qwen_scorer INFO: Prefix 8/8 (end=335, n_frames=67/336): reward=-20.5000 (mean, 1 tok)
2026-04-30 02:32:22,091 mme_vla_suite.pseudo_labeling.topreward_qwen_scorer INFO: Prefix 1/8 (end=4, n_frames=4/5): reward=-20.0000 (mean, 1 tok)
2026-04-30 02:32:28,926 mme_vla_suite.pseudo_labeling.topreward_qwen_scorer INFO: Prefix 2/8 (end=7, n_frames=4/8): reward=-19.7500 (mean, 1 tok)
2026-04-30 02:32:35,772 mme_vla_suite.pseudo_labeling.topreward_qwen_scorer INFO: Prefix 3/8 (end=10, n_frames=4/11): reward=-19.6250 (mean, 1 tok)
2026-04-30 02:32:42,603 mme_vla_suite.pseudo_labeling.topreward_qwen_scorer INFO: Prefix 4/8 (end=13, n_frames=4/14): reward=-19.5000 (mean, 1 tok)
2026-04-30 02:32:49,443 mme_vla_suite.pseudo_labeling.topreward_qwen_scorer INFO: Prefix 5/8 (end=17, n_frames=4/18): reward=-20.0000 (mean, 1 tok)
2026-04-30 02:32:56,282 mme_vla_suite.pseudo_labeling.topreward_qwen_scorer INFO: Prefix 6/8 (end=20, n_frames=4/21): reward=-19.7500 (mean, 1 tok)
2026-04-30 02:33:03,090 mme_vla_suite.pseudo_labeling.topreward_qwen_scorer INFO: Prefix 7/8 (end=23, n_frames=5/24): reward=-18.6250 (mean, 1 tok)
2026-04-30 02:33:09,923 mme_vla_suite.pseudo_labeling.topreward_qwen_scorer INFO: Prefix 8/8 (end=27, n_frames=6/28): reward=-18.6250 (mean, 1 tok)
2026-04-30 02:33:17,867 mme_vla_suite.pseudo_labeling.topreward_qwen_scorer INFO: Prefix 1/8 (end=6, n_frames=4/7): reward=-19.7500 (mean, 1 tok)
2026-04-30 02:33:24,725 mme_vla_suite.pseudo_labeling.topreward_qwen_scorer INFO: Prefix 2/8 (end=14, n_frames=4/15): reward=-20.0000 (mean, 1 tok)
2026-04-30 02:33:31,577 mme_vla_suite.pseudo_labeling.topreward_qwen_scorer INFO: Prefix 3/8 (end=22, n_frames=5/23): reward=-19.0000 (mean, 1 tok)
2026-04-30 02:33:38,426 mme_vla_suite.pseudo_labeling.topreward_qwen_scorer INFO: Prefix 4/8 (end=30, n_frames=6/31): reward=-18.1250 (mean, 1 tok)
2026-04-30 02:33:45,280 mme_vla_suite.pseudo_labeling.topreward_qwen_scorer INFO: Prefix 5/8 (end=38, n_frames=8/39): reward=-19.0000 (mean, 1 tok)
2026-04-30 02:33:52,155 mme_vla_suite.pseudo_labeling.topreward_qwen_scorer INFO: Prefix 6/8 (end=46, n_frames=9/47): reward=-17.1250 (mean, 1 tok)
2026-04-30 02:33:59,005 mme_vla_suite.pseudo_labeling.topreward_qwen_scorer INFO: Prefix 7/8 (end=54, n_frames=11/55): reward=-17.2500 (mean, 1 tok)
2026-04-30 02:34:05,872 mme_vla_suite.pseudo_labeling.topreward_qwen_scorer INFO: Prefix 8/8 (end=62, n_frames=13/63): reward=-17.8750 (mean, 1 tok)
2026-04-30 02:34:13,807 mme_vla_suite.pseudo_labeling.topreward_qwen_scorer INFO: Prefix 1/8 (end=5, n_frames=4/6): reward=-21.0000 (mean, 1 tok)
2026-04-30 02:34:20,605 mme_vla_suite.pseudo_labeling.topreward_qwen_scorer INFO: Prefix 2/8 (end=11, n_frames=4/12): reward=-20.5000 (mean, 1 tok)
2026-04-30 02:34:27,427 mme_vla_suite.pseudo_labeling.topreward_qwen_scorer INFO: Prefix 3/8 (end=18, n_frames=4/19): reward=-20.8750 (mean, 1 tok)
2026-04-30 02:34:34,254 mme_vla_suite.pseudo_labeling.topreward_qwen_scorer INFO: Prefix 4/8 (end=25, n_frames=5/26): reward=-20.1250 (mean, 1 tok)
2026-04-30 02:34:41,107 mme_vla_suite.pseudo_labeling.topreward_qwen_scorer INFO: Prefix 5/8 (end=31, n_frames=6/32): reward=-20.1250 (mean, 1 tok)
2026-04-30 02:34:47,954 mme_vla_suite.pseudo_labeling.topreward_qwen_scorer INFO: Prefix 6/8 (end=38, n_frames=8/39): reward=-18.7500 (mean, 1 tok)
2026-04-30 02:34:54,814 mme_vla_suite.pseudo_labeling.topreward_qwen_scorer INFO: Prefix 7/8 (end=45, n_frames=9/46): reward=-17.3750 (mean, 1 tok)
2026-04-30 02:35:01,677 mme_vla_suite.pseudo_labeling.topreward_qwen_scorer INFO: Prefix 8/8 (end=52, n_frames=11/53): reward=-17.5000 (mean, 1 tok)
2026-04-30 02:35:09,606 mme_vla_suite.pseudo_labeling.topreward_qwen_scorer INFO: Prefix 1/8 (end=10, n_frames=4/11): reward=-20.7500 (mean, 1 tok)
2026-04-30 02:35:16,433 mme_vla_suite.pseudo_labeling.topreward_qwen_scorer INFO: Prefix 2/8 (end=23, n_frames=5/24): reward=-20.5000 (mean, 1 tok)
2026-04-30 02:35:23,260 mme_vla_suite.pseudo_labeling.topreward_qwen_scorer INFO: Prefix 3/8 (end=36, n_frames=7/37): reward=-20.6250 (mean, 1 tok)
2026-04-30 02:35:30,125 mme_vla_suite.pseudo_labeling.topreward_qwen_scorer INFO: Prefix 4/8 (end=49, n_frames=10/50): reward=-20.6250 (mean, 1 tok)
2026-04-30 02:35:37,009 mme_vla_suite.pseudo_labeling.topreward_qwen_scorer INFO: Prefix 5/8 (end=62, n_frames=13/63): reward=-21.2500 (mean, 1 tok)
2026-04-30 02:35:43,971 mme_vla_suite.pseudo_labeling.topreward_qwen_scorer INFO: Prefix 6/8 (end=75, n_frames=15/76): reward=-21.1250 (mean, 1 tok)
2026-04-30 02:35:50,863 mme_vla_suite.pseudo_labeling.topreward_qwen_scorer INFO: Prefix 7/8 (end=88, n_frames=18/89): reward=-20.6250 (mean, 1 tok)
2026-04-30 02:35:57,755 mme_vla_suite.pseudo_labeling.topreward_qwen_scorer INFO: Prefix 8/8 (end=101, n_frames=20/102): reward=-21.0000 (mean, 1 tok)
2026-04-30 02:36:05,813 mme_vla_suite.pseudo_labeling.topreward_qwen_scorer INFO: Prefix 1/8 (end=4, n_frames=4/5): reward=-21.6250 (mean, 1 tok)
2026-04-30 02:36:12,646 mme_vla_suite.pseudo_labeling.topreward_qwen_scorer INFO: Prefix 2/8 (end=7, n_frames=4/8): reward=-21.0000 (mean, 1 tok)
2026-04-30 02:36:19,483 mme_vla_suite.pseudo_labeling.topreward_qwen_scorer INFO: Prefix 3/8 (end=10, n_frames=4/11): reward=-21.1250 (mean, 1 tok)
2026-04-30 02:36:26,341 mme_vla_suite.pseudo_labeling.topreward_qwen_scorer INFO: Prefix 4/8 (end=13, n_frames=4/14): reward=-20.3750 (mean, 1 tok)
2026-04-30 02:36:33,173 mme_vla_suite.pseudo_labeling.topreward_qwen_scorer INFO: Prefix 5/8 (end=16, n_frames=4/17): reward=-20.2500 (mean, 1 tok)
2026-04-30 02:36:40,027 mme_vla_suite.pseudo_labeling.topreward_qwen_scorer INFO: Prefix 6/8 (end=19, n_frames=4/20): reward=-20.2500 (mean, 1 tok)
2026-04-30 02:36:46,840 mme_vla_suite.pseudo_labeling.topreward_qwen_scorer INFO: Prefix 7/8 (end=22, n_frames=5/23): reward=-19.2500 (mean, 1 tok)
2026-04-30 02:36:53,673 mme_vla_suite.pseudo_labeling.topreward_qwen_scorer INFO: Prefix 8/8 (end=26, n_frames=5/27): reward=-17.8750 (mean, 1 tok)
2026-04-30 02:37:01,183 mme_vla_suite.pseudo_labeling.topreward_qwen_scorer INFO: Prefix 1/8 (end=6, n_frames=4/7): reward=-21.6250 (mean, 1 tok)
2026-04-30 02:37:08,016 mme_vla_suite.pseudo_labeling.topreward_qwen_scorer INFO: Prefix 2/8 (end=13, n_frames=4/14): reward=-20.3750 (mean, 1 tok)
2026-04-30 02:37:14,831 mme_vla_suite.pseudo_labeling.topreward_qwen_scorer INFO: Prefix 3/8 (end=21, n_frames=4/22): reward=-19.8750 (mean, 1 tok)
2026-04-30 02:37:21,655 mme_vla_suite.pseudo_labeling.topreward_qwen_scorer INFO: Prefix 4/8 (end=28, n_frames=6/29): reward=-20.0000 (mean, 1 tok)
2026-04-30 02:37:28,459 mme_vla_suite.pseudo_labeling.topreward_qwen_scorer INFO: Prefix 5/8 (end=36, n_frames=7/37): reward=-19.2500 (mean, 1 tok)
2026-04-30 02:37:35,303 mme_vla_suite.pseudo_labeling.topreward_qwen_scorer INFO: Prefix 6/8 (end=43, n_frames=9/44): reward=-18.0000 (mean, 1 tok)
2026-04-30 02:37:42,160 mme_vla_suite.pseudo_labeling.topreward_qwen_scorer INFO: Prefix 7/8 (end=51, n_frames=10/52): reward=-18.6250 (mean, 1 tok)
2026-04-30 02:37:49,011 mme_vla_suite.pseudo_labeling.topreward_qwen_scorer INFO: Prefix 8/8 (end=59, n_frames=12/60): reward=-19.1250 (mean, 1 tok)
2026-04-30 02:37:56,955 mme_vla_suite.pseudo_labeling.topreward_qwen_scorer INFO: Prefix 1/8 (end=5, n_frames=4/6): reward=-21.0000 (mean, 1 tok)
2026-04-30 02:38:03,784 mme_vla_suite.pseudo_labeling.topreward_qwen_scorer INFO: Prefix 2/8 (end=12, n_frames=4/13): reward=-21.2500 (mean, 1 tok)
2026-04-30 02:38:10,622 mme_vla_suite.pseudo_labeling.topreward_qwen_scorer INFO: Prefix 3/8 (end=19, n_frames=4/20): reward=-21.5000 (mean, 1 tok)
2026-04-30 02:38:17,463 mme_vla_suite.pseudo_labeling.topreward_qwen_scorer INFO: Prefix 4/8 (end=26, n_frames=5/27): reward=-21.5000 (mean, 1 tok)
2026-04-30 02:38:24,305 mme_vla_suite.pseudo_labeling.topreward_qwen_scorer INFO: Prefix 5/8 (end=33, n_frames=7/34): reward=-22.0000 (mean, 1 tok)
2026-04-30 02:38:31,151 mme_vla_suite.pseudo_labeling.topreward_qwen_scorer INFO: Prefix 6/8 (end=40, n_frames=8/41): reward=-21.3750 (mean, 1 tok)
2026-04-30 02:38:37,995 mme_vla_suite.pseudo_labeling.topreward_qwen_scorer INFO: Prefix 7/8 (end=47, n_frames=10/48): reward=-19.5000 (mean, 1 tok)
2026-04-30 02:38:44,867 mme_vla_suite.pseudo_labeling.topreward_qwen_scorer INFO: Prefix 8/8 (end=55, n_frames=11/56): reward=-19.2500 (mean, 1 tok)
2026-04-30 02:38:52,465 mme_vla_suite.pseudo_labeling.topreward_qwen_scorer INFO: Prefix 1/2 (end=4, n_frames=4/5): reward=-20.5000 (mean, 1 tok)
2026-04-30 02:38:59,295 mme_vla_suite.pseudo_labeling.topreward_qwen_scorer INFO: Prefix 2/2 (end=5, n_frames=4/6): reward=-20.6250 (mean, 1 tok)
2026-04-30 02:39:06,934 mme_vla_suite.pseudo_labeling.topreward_qwen_scorer INFO: Prefix 1/8 (end=4, n_frames=4/5): reward=-20.3750 (mean, 1 tok)
2026-04-30 02:39:13,762 mme_vla_suite.pseudo_labeling.topreward_qwen_scorer INFO: Prefix 2/8 (end=7, n_frames=4/8): reward=-21.1250 (mean, 1 tok)
2026-04-30 02:39:20,595 mme_vla_suite.pseudo_labeling.topreward_qwen_scorer INFO: Prefix 3/8 (end=10, n_frames=4/11): reward=-20.5000 (mean, 1 tok)
2026-04-30 02:39:27,433 mme_vla_suite.pseudo_labeling.topreward_qwen_scorer INFO: Prefix 4/8 (end=14, n_frames=4/15): reward=-20.8750 (mean, 1 tok)
2026-04-30 02:39:34,274 mme_vla_suite.pseudo_labeling.topreward_qwen_scorer INFO: Prefix 5/8 (end=17, n_frames=4/18): reward=-20.6250 (mean, 1 tok)
2026-04-30 02:39:41,122 mme_vla_suite.pseudo_labeling.topreward_qwen_scorer INFO: Prefix 6/8 (end=21, n_frames=4/22): reward=-20.0000 (mean, 1 tok)
2026-04-30 02:39:47,959 mme_vla_suite.pseudo_labeling.topreward_qwen_scorer INFO: Prefix 7/8 (end=24, n_frames=5/25): reward=-18.5000 (mean, 1 tok)
2026-04-30 02:39:54,816 mme_vla_suite.pseudo_labeling.topreward_qwen_scorer INFO: Prefix 8/8 (end=28, n_frames=6/29): reward=-18.6250 (mean, 1 tok)
2026-04-30 02:40:02,787 mme_vla_suite.pseudo_labeling.topreward_qwen_scorer INFO: Prefix 1/8 (end=7, n_frames=4/8): reward=-21.1250 (mean, 1 tok)
2026-04-30 02:40:09,620 mme_vla_suite.pseudo_labeling.topreward_qwen_scorer INFO: Prefix 2/8 (end=16, n_frames=4/17): reward=-20.6250 (mean, 1 tok)
2026-04-30 02:40:16,449 mme_vla_suite.pseudo_labeling.topreward_qwen_scorer INFO: Prefix 3/8 (end=25, n_frames=5/26): reward=-18.3750 (mean, 1 tok)
2026-04-30 02:40:23,283 mme_vla_suite.pseudo_labeling.topreward_qwen_scorer INFO: Prefix 4/8 (end=35, n_frames=7/36): reward=-17.8750 (mean, 1 tok)
2026-04-30 02:40:30,123 mme_vla_suite.pseudo_labeling.topreward_qwen_scorer INFO: Prefix 5/8 (end=44, n_frames=9/45): reward=-16.8750 (mean, 1 tok)
2026-04-30 02:40:36,973 mme_vla_suite.pseudo_labeling.topreward_qwen_scorer INFO: Prefix 6/8 (end=54, n_frames=11/55): reward=-16.6250 (mean, 1 tok)
2026-04-30 02:40:43,817 mme_vla_suite.pseudo_labeling.topreward_qwen_scorer INFO: Prefix 7/8 (end=63, n_frames=13/64): reward=-17.2500 (mean, 1 tok)
2026-04-30 02:40:50,712 mme_vla_suite.pseudo_labeling.topreward_qwen_scorer INFO: Prefix 8/8 (end=73, n_frames=15/74): reward=-17.5000 (mean, 1 tok)
