/coc/testnvme/shalbe3/miniconda/envs/robomme/lib/python3.11/site-packages/torch/cuda/__init__.py:63: FutureWarning: The pynvml package is deprecated. Please install nvidia-ml-py instead. If you did not install pynvml directly, please report this to the maintainers of the package that installed pynvml for you.
  import pynvml  # type: ignore[import]
`torch_dtype` is deprecated! Use `dtype` instead!
You are attempting to use Flash Attention 2 without specifying a torch dtype. This might lead to unexpected behaviour
2026-04-30 01:03:00,148 mme_vla_suite.pseudo_labeling.topreward_qwen_scorer WARNING: flash_attention_2 unavailable (/coc/testnvme/shalbe3/miniconda/envs/robomme/lib/python3.11/site-packages/flash_attn_2_cuda.cpython-311-x86_64-linux-gnu.so: undefined symbol: _ZNK3c106SymInt6sym_neERKS0_), using default attention
Loading checkpoint shards:   0%|          | 0/4 [00:00<?, ?it/s]Loading checkpoint shards:  25%|██▌       | 1/4 [00:01<00:03,  1.24s/it]Loading checkpoint shards:  50%|█████     | 2/4 [00:02<00:02,  1.23s/it]Loading checkpoint shards:  75%|███████▌  | 3/4 [00:03<00:01,  1.25s/it]Loading checkpoint shards: 100%|██████████| 4/4 [00:04<00:00,  1.07s/it]Loading checkpoint shards: 100%|██████████| 4/4 [00:04<00:00,  1.13s/it]
Asked to sample `fps` frames per second but no video metadata was provided which is required when sampling with `fps`. Defaulting to `fps=24`. Please provide `video_metadata` for more accurate results.
2026-04-30 01:03:14,310 mme_vla_suite.pseudo_labeling.topreward_qwen_scorer INFO: Prefix 1/8 (end=5, n_frames=4/6): reward=-20.1250 (mean, 1 tok)
2026-04-30 01:03:21,260 mme_vla_suite.pseudo_labeling.topreward_qwen_scorer INFO: Prefix 2/8 (end=11, n_frames=4/12): reward=-18.8750 (mean, 1 tok)
2026-04-30 01:03:28,188 mme_vla_suite.pseudo_labeling.topreward_qwen_scorer INFO: Prefix 3/8 (end=17, n_frames=4/18): reward=-18.1250 (mean, 1 tok)
2026-04-30 01:03:35,145 mme_vla_suite.pseudo_labeling.topreward_qwen_scorer INFO: Prefix 4/8 (end=23, n_frames=5/24): reward=-19.1250 (mean, 1 tok)
2026-04-30 01:03:42,114 mme_vla_suite.pseudo_labeling.topreward_qwen_scorer INFO: Prefix 5/8 (end=30, n_frames=6/31): reward=-19.6250 (mean, 1 tok)
2026-04-30 01:03:49,016 mme_vla_suite.pseudo_labeling.topreward_qwen_scorer INFO: Prefix 6/8 (end=36, n_frames=7/37): reward=-19.5000 (mean, 1 tok)
2026-04-30 01:03:55,955 mme_vla_suite.pseudo_labeling.topreward_qwen_scorer INFO: Prefix 7/8 (end=42, n_frames=9/43): reward=-18.0000 (mean, 1 tok)
2026-04-30 01:04:02,888 mme_vla_suite.pseudo_labeling.topreward_qwen_scorer INFO: Prefix 8/8 (end=49, n_frames=10/50): reward=-18.2500 (mean, 1 tok)
2026-04-30 01:04:10,842 mme_vla_suite.pseudo_labeling.topreward_qwen_scorer INFO: Prefix 1/8 (end=5, n_frames=4/6): reward=-20.6250 (mean, 1 tok)
2026-04-30 01:04:17,754 mme_vla_suite.pseudo_labeling.topreward_qwen_scorer INFO: Prefix 2/8 (end=11, n_frames=4/12): reward=-20.1250 (mean, 1 tok)
2026-04-30 01:04:24,690 mme_vla_suite.pseudo_labeling.topreward_qwen_scorer INFO: Prefix 3/8 (end=17, n_frames=4/18): reward=-20.2500 (mean, 1 tok)
2026-04-30 01:04:31,626 mme_vla_suite.pseudo_labeling.topreward_qwen_scorer INFO: Prefix 4/8 (end=23, n_frames=5/24): reward=-19.8750 (mean, 1 tok)
2026-04-30 01:04:38,581 mme_vla_suite.pseudo_labeling.topreward_qwen_scorer INFO: Prefix 5/8 (end=30, n_frames=6/31): reward=-19.8750 (mean, 1 tok)
2026-04-30 01:04:45,568 mme_vla_suite.pseudo_labeling.topreward_qwen_scorer INFO: Prefix 6/8 (end=36, n_frames=7/37): reward=-20.2500 (mean, 1 tok)
2026-04-30 01:04:52,504 mme_vla_suite.pseudo_labeling.topreward_qwen_scorer INFO: Prefix 7/8 (end=42, n_frames=9/43): reward=-19.8750 (mean, 1 tok)
2026-04-30 01:04:59,375 mme_vla_suite.pseudo_labeling.topreward_qwen_scorer INFO: Prefix 8/8 (end=49, n_frames=10/50): reward=-19.8750 (mean, 1 tok)
2026-04-30 01:05:07,329 mme_vla_suite.pseudo_labeling.topreward_qwen_scorer INFO: Prefix 1/8 (end=5, n_frames=4/6): reward=-19.8750 (mean, 1 tok)
2026-04-30 01:05:14,244 mme_vla_suite.pseudo_labeling.topreward_qwen_scorer INFO: Prefix 2/8 (end=11, n_frames=4/12): reward=-18.5000 (mean, 1 tok)
2026-04-30 01:05:21,179 mme_vla_suite.pseudo_labeling.topreward_qwen_scorer INFO: Prefix 3/8 (end=17, n_frames=4/18): reward=-18.5000 (mean, 1 tok)
2026-04-30 01:05:28,115 mme_vla_suite.pseudo_labeling.topreward_qwen_scorer INFO: Prefix 4/8 (end=23, n_frames=5/24): reward=-18.0000 (mean, 1 tok)
2026-04-30 01:05:35,041 mme_vla_suite.pseudo_labeling.topreward_qwen_scorer INFO: Prefix 5/8 (end=30, n_frames=6/31): reward=-18.2500 (mean, 1 tok)
2026-04-30 01:05:42,102 mme_vla_suite.pseudo_labeling.topreward_qwen_scorer INFO: Prefix 6/8 (end=36, n_frames=7/37): reward=-18.3750 (mean, 1 tok)
2026-04-30 01:05:49,047 mme_vla_suite.pseudo_labeling.topreward_qwen_scorer INFO: Prefix 7/8 (end=42, n_frames=9/43): reward=-18.1250 (mean, 1 tok)
2026-04-30 01:05:55,929 mme_vla_suite.pseudo_labeling.topreward_qwen_scorer INFO: Prefix 8/8 (end=49, n_frames=10/50): reward=-18.2500 (mean, 1 tok)
2026-04-30 01:06:03,689 mme_vla_suite.pseudo_labeling.topreward_qwen_scorer INFO: Prefix 1/8 (end=5, n_frames=4/6): reward=-20.0000 (mean, 1 tok)
2026-04-30 01:06:10,556 mme_vla_suite.pseudo_labeling.topreward_qwen_scorer INFO: Prefix 2/8 (end=11, n_frames=4/12): reward=-20.0000 (mean, 1 tok)
2026-04-30 01:06:17,393 mme_vla_suite.pseudo_labeling.topreward_qwen_scorer INFO: Prefix 3/8 (end=17, n_frames=4/18): reward=-20.5000 (mean, 1 tok)
2026-04-30 01:06:24,294 mme_vla_suite.pseudo_labeling.topreward_qwen_scorer INFO: Prefix 4/8 (end=23, n_frames=5/24): reward=-20.5000 (mean, 1 tok)
2026-04-30 01:06:31,295 mme_vla_suite.pseudo_labeling.topreward_qwen_scorer INFO: Prefix 5/8 (end=30, n_frames=6/31): reward=-19.8750 (mean, 1 tok)
2026-04-30 01:06:38,244 mme_vla_suite.pseudo_labeling.topreward_qwen_scorer INFO: Prefix 6/8 (end=36, n_frames=7/37): reward=-20.1250 (mean, 1 tok)
2026-04-30 01:06:45,190 mme_vla_suite.pseudo_labeling.topreward_qwen_scorer INFO: Prefix 7/8 (end=42, n_frames=9/43): reward=-20.7500 (mean, 1 tok)
2026-04-30 01:06:52,163 mme_vla_suite.pseudo_labeling.topreward_qwen_scorer INFO: Prefix 8/8 (end=49, n_frames=10/50): reward=-19.8750 (mean, 1 tok)
2026-04-30 01:06:59,994 mme_vla_suite.pseudo_labeling.topreward_qwen_scorer INFO: Prefix 1/8 (end=4, n_frames=4/5): reward=-20.5000 (mean, 1 tok)
2026-04-30 01:07:06,941 mme_vla_suite.pseudo_labeling.topreward_qwen_scorer INFO: Prefix 2/8 (end=9, n_frames=4/10): reward=-18.6250 (mean, 1 tok)
2026-04-30 01:07:13,893 mme_vla_suite.pseudo_labeling.topreward_qwen_scorer INFO: Prefix 3/8 (end=14, n_frames=4/15): reward=-18.3750 (mean, 1 tok)
2026-04-30 01:07:20,864 mme_vla_suite.pseudo_labeling.topreward_qwen_scorer INFO: Prefix 4/8 (end=20, n_frames=4/21): reward=-18.8750 (mean, 1 tok)
2026-04-30 01:07:27,827 mme_vla_suite.pseudo_labeling.topreward_qwen_scorer INFO: Prefix 5/8 (end=25, n_frames=5/26): reward=-18.1250 (mean, 1 tok)
2026-04-30 01:07:34,757 mme_vla_suite.pseudo_labeling.topreward_qwen_scorer INFO: Prefix 6/8 (end=31, n_frames=6/32): reward=-18.1250 (mean, 1 tok)
2026-04-30 01:07:41,718 mme_vla_suite.pseudo_labeling.topreward_qwen_scorer INFO: Prefix 7/8 (end=36, n_frames=7/37): reward=-18.1250 (mean, 1 tok)
2026-04-30 01:07:48,649 mme_vla_suite.pseudo_labeling.topreward_qwen_scorer INFO: Prefix 8/8 (end=42, n_frames=9/43): reward=-18.2500 (mean, 1 tok)
2026-04-30 01:07:56,517 mme_vla_suite.pseudo_labeling.topreward_qwen_scorer INFO: Prefix 1/8 (end=5, n_frames=4/6): reward=-20.1250 (mean, 1 tok)
2026-04-30 01:08:03,426 mme_vla_suite.pseudo_labeling.topreward_qwen_scorer INFO: Prefix 2/8 (end=11, n_frames=4/12): reward=-18.7500 (mean, 1 tok)
2026-04-30 01:08:10,332 mme_vla_suite.pseudo_labeling.topreward_qwen_scorer INFO: Prefix 3/8 (end=17, n_frames=4/18): reward=-18.5000 (mean, 1 tok)
2026-04-30 01:08:17,268 mme_vla_suite.pseudo_labeling.topreward_qwen_scorer INFO: Prefix 4/8 (end=23, n_frames=5/24): reward=-17.8750 (mean, 1 tok)
2026-04-30 01:08:24,190 mme_vla_suite.pseudo_labeling.topreward_qwen_scorer INFO: Prefix 5/8 (end=30, n_frames=6/31): reward=-18.3750 (mean, 1 tok)
2026-04-30 01:08:31,145 mme_vla_suite.pseudo_labeling.topreward_qwen_scorer INFO: Prefix 6/8 (end=36, n_frames=7/37): reward=-18.1250 (mean, 1 tok)
2026-04-30 01:08:38,089 mme_vla_suite.pseudo_labeling.topreward_qwen_scorer INFO: Prefix 7/8 (end=42, n_frames=9/43): reward=-18.2500 (mean, 1 tok)
2026-04-30 01:08:45,088 mme_vla_suite.pseudo_labeling.topreward_qwen_scorer INFO: Prefix 8/8 (end=49, n_frames=10/50): reward=-17.8750 (mean, 1 tok)
2026-04-30 01:08:52,671 mme_vla_suite.pseudo_labeling.topreward_qwen_scorer INFO: Prefix 1/8 (end=5, n_frames=4/6): reward=-19.5000 (mean, 1 tok)
2026-04-30 01:08:59,665 mme_vla_suite.pseudo_labeling.topreward_qwen_scorer INFO: Prefix 2/8 (end=11, n_frames=4/12): reward=-19.0000 (mean, 1 tok)
2026-04-30 01:09:06,605 mme_vla_suite.pseudo_labeling.topreward_qwen_scorer INFO: Prefix 3/8 (end=17, n_frames=4/18): reward=-18.2500 (mean, 1 tok)
2026-04-30 01:09:13,553 mme_vla_suite.pseudo_labeling.topreward_qwen_scorer INFO: Prefix 4/8 (end=23, n_frames=5/24): reward=-18.8750 (mean, 1 tok)
2026-04-30 01:09:20,518 mme_vla_suite.pseudo_labeling.topreward_qwen_scorer INFO: Prefix 5/8 (end=30, n_frames=6/31): reward=-18.6250 (mean, 1 tok)
2026-04-30 01:09:27,461 mme_vla_suite.pseudo_labeling.topreward_qwen_scorer INFO: Prefix 6/8 (end=36, n_frames=7/37): reward=-19.1250 (mean, 1 tok)
2026-04-30 01:09:34,468 mme_vla_suite.pseudo_labeling.topreward_qwen_scorer INFO: Prefix 7/8 (end=42, n_frames=9/43): reward=-19.2500 (mean, 1 tok)
2026-04-30 01:09:41,438 mme_vla_suite.pseudo_labeling.topreward_qwen_scorer INFO: Prefix 8/8 (end=49, n_frames=10/50): reward=-18.7500 (mean, 1 tok)
2026-04-30 01:09:49,012 mme_vla_suite.pseudo_labeling.topreward_qwen_scorer INFO: Prefix 1/8 (end=5, n_frames=4/6): reward=-20.1250 (mean, 1 tok)
2026-04-30 01:09:55,940 mme_vla_suite.pseudo_labeling.topreward_qwen_scorer INFO: Prefix 2/8 (end=11, n_frames=4/12): reward=-19.2500 (mean, 1 tok)
2026-04-30 01:10:02,868 mme_vla_suite.pseudo_labeling.topreward_qwen_scorer INFO: Prefix 3/8 (end=17, n_frames=4/18): reward=-18.2500 (mean, 1 tok)
2026-04-30 01:10:09,837 mme_vla_suite.pseudo_labeling.topreward_qwen_scorer INFO: Prefix 4/8 (end=23, n_frames=5/24): reward=-17.6250 (mean, 1 tok)
2026-04-30 01:10:16,768 mme_vla_suite.pseudo_labeling.topreward_qwen_scorer INFO: Prefix 5/8 (end=30, n_frames=6/31): reward=-18.0000 (mean, 1 tok)
2026-04-30 01:10:23,725 mme_vla_suite.pseudo_labeling.topreward_qwen_scorer INFO: Prefix 6/8 (end=36, n_frames=7/37): reward=-17.8750 (mean, 1 tok)
2026-04-30 01:10:30,673 mme_vla_suite.pseudo_labeling.topreward_qwen_scorer INFO: Prefix 7/8 (end=42, n_frames=9/43): reward=-17.7500 (mean, 1 tok)
2026-04-30 01:10:37,603 mme_vla_suite.pseudo_labeling.topreward_qwen_scorer INFO: Prefix 8/8 (end=49, n_frames=10/50): reward=-17.6250 (mean, 1 tok)
2026-04-30 01:10:45,463 mme_vla_suite.pseudo_labeling.topreward_qwen_scorer INFO: Prefix 1/8 (end=10, n_frames=4/11): reward=-17.5000 (mean, 1 tok)
2026-04-30 01:10:52,368 mme_vla_suite.pseudo_labeling.topreward_qwen_scorer INFO: Prefix 2/8 (end=22, n_frames=5/23): reward=-17.3750 (mean, 1 tok)
2026-04-30 01:10:59,318 mme_vla_suite.pseudo_labeling.topreward_qwen_scorer INFO: Prefix 3/8 (end=35, n_frames=7/36): reward=-18.0000 (mean, 1 tok)
2026-04-30 01:11:06,256 mme_vla_suite.pseudo_labeling.topreward_qwen_scorer INFO: Prefix 4/8 (end=48, n_frames=10/49): reward=-18.2500 (mean, 1 tok)
2026-04-30 01:11:13,210 mme_vla_suite.pseudo_labeling.topreward_qwen_scorer INFO: Prefix 5/8 (end=60, n_frames=12/61): reward=-17.6250 (mean, 1 tok)
2026-04-30 01:11:20,170 mme_vla_suite.pseudo_labeling.topreward_qwen_scorer INFO: Prefix 6/8 (end=73, n_frames=15/74): reward=-19.6250 (mean, 1 tok)
2026-04-30 01:11:27,166 mme_vla_suite.pseudo_labeling.topreward_qwen_scorer INFO: Prefix 7/8 (end=86, n_frames=17/87): reward=-19.3750 (mean, 1 tok)
2026-04-30 01:11:34,129 mme_vla_suite.pseudo_labeling.topreward_qwen_scorer INFO: Prefix 8/8 (end=99, n_frames=20/100): reward=-18.3750 (mean, 1 tok)
2026-04-30 01:11:41,683 mme_vla_suite.pseudo_labeling.topreward_qwen_scorer INFO: Prefix 1/8 (end=4, n_frames=4/5): reward=-20.0000 (mean, 1 tok)
2026-04-30 01:11:48,520 mme_vla_suite.pseudo_labeling.topreward_qwen_scorer INFO: Prefix 2/8 (end=9, n_frames=4/10): reward=-20.0000 (mean, 1 tok)
2026-04-30 01:11:55,401 mme_vla_suite.pseudo_labeling.topreward_qwen_scorer INFO: Prefix 3/8 (end=14, n_frames=4/15): reward=-19.3750 (mean, 1 tok)
2026-04-30 01:12:02,295 mme_vla_suite.pseudo_labeling.topreward_qwen_scorer INFO: Prefix 4/8 (end=20, n_frames=4/21): reward=-20.1250 (mean, 1 tok)
2026-04-30 01:12:09,213 mme_vla_suite.pseudo_labeling.topreward_qwen_scorer INFO: Prefix 5/8 (end=25, n_frames=5/26): reward=-20.8750 (mean, 1 tok)
2026-04-30 01:12:16,177 mme_vla_suite.pseudo_labeling.topreward_qwen_scorer INFO: Prefix 6/8 (end=31, n_frames=6/32): reward=-20.7500 (mean, 1 tok)
2026-04-30 01:12:23,112 mme_vla_suite.pseudo_labeling.topreward_qwen_scorer INFO: Prefix 7/8 (end=36, n_frames=7/37): reward=-22.0000 (mean, 1 tok)
2026-04-30 01:12:30,048 mme_vla_suite.pseudo_labeling.topreward_qwen_scorer INFO: Prefix 8/8 (end=42, n_frames=9/43): reward=-21.5000 (mean, 1 tok)
2026-04-30 01:12:37,903 mme_vla_suite.pseudo_labeling.topreward_qwen_scorer INFO: Prefix 1/8 (end=5, n_frames=4/6): reward=-20.3750 (mean, 1 tok)
2026-04-30 01:12:44,830 mme_vla_suite.pseudo_labeling.topreward_qwen_scorer INFO: Prefix 2/8 (end=11, n_frames=4/12): reward=-19.8750 (mean, 1 tok)
2026-04-30 01:12:51,733 mme_vla_suite.pseudo_labeling.topreward_qwen_scorer INFO: Prefix 3/8 (end=17, n_frames=4/18): reward=-19.8750 (mean, 1 tok)
2026-04-30 01:12:58,610 mme_vla_suite.pseudo_labeling.topreward_qwen_scorer INFO: Prefix 4/8 (end=23, n_frames=5/24): reward=-20.7500 (mean, 1 tok)
2026-04-30 01:13:05,509 mme_vla_suite.pseudo_labeling.topreward_qwen_scorer INFO: Prefix 5/8 (end=30, n_frames=6/31): reward=-20.3750 (mean, 1 tok)
2026-04-30 01:13:12,406 mme_vla_suite.pseudo_labeling.topreward_qwen_scorer INFO: Prefix 6/8 (end=36, n_frames=7/37): reward=-22.0000 (mean, 1 tok)
2026-04-30 01:13:19,390 mme_vla_suite.pseudo_labeling.topreward_qwen_scorer INFO: Prefix 7/8 (end=42, n_frames=9/43): reward=-21.5000 (mean, 1 tok)
2026-04-30 01:13:26,335 mme_vla_suite.pseudo_labeling.topreward_qwen_scorer INFO: Prefix 8/8 (end=49, n_frames=10/50): reward=-20.3750 (mean, 1 tok)
2026-04-30 01:13:34,319 mme_vla_suite.pseudo_labeling.topreward_qwen_scorer INFO: Prefix 1/8 (end=9, n_frames=4/10): reward=-19.1250 (mean, 1 tok)
2026-04-30 01:13:41,166 mme_vla_suite.pseudo_labeling.topreward_qwen_scorer INFO: Prefix 2/8 (end=20, n_frames=4/21): reward=-19.0000 (mean, 1 tok)
2026-04-30 01:13:48,075 mme_vla_suite.pseudo_labeling.topreward_qwen_scorer INFO: Prefix 3/8 (end=32, n_frames=7/33): reward=-18.7500 (mean, 1 tok)
2026-04-30 01:13:55,021 mme_vla_suite.pseudo_labeling.topreward_qwen_scorer INFO: Prefix 4/8 (end=44, n_frames=9/45): reward=-19.6250 (mean, 1 tok)
2026-04-30 01:14:01,938 mme_vla_suite.pseudo_labeling.topreward_qwen_scorer INFO: Prefix 5/8 (end=56, n_frames=11/57): reward=-18.5000 (mean, 1 tok)
2026-04-30 01:14:08,869 mme_vla_suite.pseudo_labeling.topreward_qwen_scorer INFO: Prefix 6/8 (end=68, n_frames=14/69): reward=-19.3750 (mean, 1 tok)
2026-04-30 01:14:15,839 mme_vla_suite.pseudo_labeling.topreward_qwen_scorer INFO: Prefix 7/8 (end=80, n_frames=16/81): reward=-18.7500 (mean, 1 tok)
2026-04-30 01:14:22,814 mme_vla_suite.pseudo_labeling.topreward_qwen_scorer INFO: Prefix 8/8 (end=92, n_frames=19/93): reward=-18.2500 (mean, 1 tok)
2026-04-30 01:14:30,714 mme_vla_suite.pseudo_labeling.topreward_qwen_scorer INFO: Prefix 1/8 (end=10, n_frames=4/11): reward=-19.1250 (mean, 1 tok)
2026-04-30 01:14:37,602 mme_vla_suite.pseudo_labeling.topreward_qwen_scorer INFO: Prefix 2/8 (end=22, n_frames=5/23): reward=-18.2500 (mean, 1 tok)
2026-04-30 01:14:44,498 mme_vla_suite.pseudo_labeling.topreward_qwen_scorer INFO: Prefix 3/8 (end=35, n_frames=7/36): reward=-19.0000 (mean, 1 tok)
2026-04-30 01:14:51,422 mme_vla_suite.pseudo_labeling.topreward_qwen_scorer INFO: Prefix 4/8 (end=48, n_frames=10/49): reward=-19.3750 (mean, 1 tok)
2026-04-30 01:14:58,349 mme_vla_suite.pseudo_labeling.topreward_qwen_scorer INFO: Prefix 5/8 (end=60, n_frames=12/61): reward=-19.7500 (mean, 1 tok)
2026-04-30 01:15:05,364 mme_vla_suite.pseudo_labeling.topreward_qwen_scorer INFO: Prefix 6/8 (end=73, n_frames=15/74): reward=-18.6250 (mean, 1 tok)
2026-04-30 01:15:12,431 mme_vla_suite.pseudo_labeling.topreward_qwen_scorer INFO: Prefix 7/8 (end=86, n_frames=17/87): reward=-18.6250 (mean, 1 tok)
2026-04-30 01:15:19,429 mme_vla_suite.pseudo_labeling.topreward_qwen_scorer INFO: Prefix 8/8 (end=99, n_frames=20/100): reward=-18.8750 (mean, 1 tok)
