/coc/testnvme/shalbe3/miniconda/envs/robomme/lib/python3.11/site-packages/torch/cuda/__init__.py:63: FutureWarning: The pynvml package is deprecated. Please install nvidia-ml-py instead. If you did not install pynvml directly, please report this to the maintainers of the package that installed pynvml for you.
  import pynvml  # type: ignore[import]
`torch_dtype` is deprecated! Use `dtype` instead!
You are attempting to use Flash Attention 2 without specifying a torch dtype. This might lead to unexpected behaviour
2026-04-29 15:19:39,796 mme_vla_suite.pseudo_labeling.topreward_qwen_scorer WARNING: flash_attention_2 unavailable (/coc/testnvme/shalbe3/miniconda/envs/robomme/lib/python3.11/site-packages/flash_attn_2_cuda.cpython-311-x86_64-linux-gnu.so: undefined symbol: _ZNK3c106SymInt6sym_neERKS0_), using default attention
Loading checkpoint shards:   0%|          | 0/4 [00:00<?, ?it/s]Loading checkpoint shards:  25%|██▌       | 1/4 [00:08<00:25,  8.59s/it]Loading checkpoint shards:  50%|█████     | 2/4 [00:16<00:16,  8.05s/it]Loading checkpoint shards:  75%|███████▌  | 3/4 [00:24<00:07,  7.99s/it]Loading checkpoint shards: 100%|██████████| 4/4 [00:28<00:00,  6.55s/it]Loading checkpoint shards: 100%|██████████| 4/4 [00:28<00:00,  7.13s/it]
Asked to sample `fps` frames per second but no video metadata was provided which is required when sampling with `fps`. Defaulting to `fps=24`. Please provide `video_metadata` for more accurate results.
2026-04-29 15:20:14,901 mme_vla_suite.pseudo_labeling.topreward_qwen_scorer INFO: Prefix 1/8 (end=5, n_frames=4/6): reward=-19.2500 (mean, 1 tok)
2026-04-29 15:20:19,001 mme_vla_suite.pseudo_labeling.topreward_qwen_scorer INFO: Prefix 2/8 (end=11, n_frames=4/12): reward=-19.6250 (mean, 1 tok)
2026-04-29 15:20:23,065 mme_vla_suite.pseudo_labeling.topreward_qwen_scorer INFO: Prefix 3/8 (end=18, n_frames=4/19): reward=-19.5000 (mean, 1 tok)
2026-04-29 15:20:27,156 mme_vla_suite.pseudo_labeling.topreward_qwen_scorer INFO: Prefix 4/8 (end=25, n_frames=5/26): reward=-19.7500 (mean, 1 tok)
2026-04-29 15:20:31,241 mme_vla_suite.pseudo_labeling.topreward_qwen_scorer INFO: Prefix 5/8 (end=32, n_frames=7/33): reward=-19.6250 (mean, 1 tok)
2026-04-29 15:20:35,332 mme_vla_suite.pseudo_labeling.topreward_qwen_scorer INFO: Prefix 6/8 (end=39, n_frames=8/40): reward=-19.1250 (mean, 1 tok)
2026-04-29 15:20:39,432 mme_vla_suite.pseudo_labeling.topreward_qwen_scorer INFO: Prefix 7/8 (end=46, n_frames=9/47): reward=-18.0000 (mean, 1 tok)
2026-04-29 15:20:43,540 mme_vla_suite.pseudo_labeling.topreward_qwen_scorer INFO: Prefix 8/8 (end=53, n_frames=11/54): reward=-18.1250 (mean, 1 tok)
2026-04-29 15:20:48,856 mme_vla_suite.pseudo_labeling.topreward_qwen_scorer INFO: Prefix 1/8 (end=33, n_frames=7/34): reward=-21.5000 (mean, 1 tok)
2026-04-29 15:20:52,982 mme_vla_suite.pseudo_labeling.topreward_qwen_scorer INFO: Prefix 2/8 (end=76, n_frames=15/77): reward=-20.5000 (mean, 1 tok)
2026-04-29 15:20:57,136 mme_vla_suite.pseudo_labeling.topreward_qwen_scorer INFO: Prefix 3/8 (end=119, n_frames=24/120): reward=-20.3750 (mean, 1 tok)
2026-04-29 15:21:01,341 mme_vla_suite.pseudo_labeling.topreward_qwen_scorer INFO: Prefix 4/8 (end=162, n_frames=33/163): reward=-19.2500 (mean, 1 tok)
2026-04-29 15:21:05,608 mme_vla_suite.pseudo_labeling.topreward_qwen_scorer INFO: Prefix 5/8 (end=205, n_frames=41/206): reward=-19.2500 (mean, 1 tok)
2026-04-29 15:21:09,938 mme_vla_suite.pseudo_labeling.topreward_qwen_scorer INFO: Prefix 6/8 (end=248, n_frames=50/249): reward=-19.0000 (mean, 1 tok)
2026-04-29 15:21:14,361 mme_vla_suite.pseudo_labeling.topreward_qwen_scorer INFO: Prefix 7/8 (end=291, n_frames=58/292): reward=-19.1250 (mean, 1 tok)
2026-04-29 15:21:20,832 mme_vla_suite.pseudo_labeling.topreward_qwen_scorer INFO: Prefix 8/8 (end=335, n_frames=67/336): reward=-20.5000 (mean, 1 tok)
2026-04-29 15:21:25,321 mme_vla_suite.pseudo_labeling.topreward_qwen_scorer INFO: Prefix 1/8 (end=4, n_frames=4/5): reward=-20.0000 (mean, 1 tok)
2026-04-29 15:21:29,349 mme_vla_suite.pseudo_labeling.topreward_qwen_scorer INFO: Prefix 2/8 (end=7, n_frames=4/8): reward=-19.7500 (mean, 1 tok)
2026-04-29 15:21:33,411 mme_vla_suite.pseudo_labeling.topreward_qwen_scorer INFO: Prefix 3/8 (end=10, n_frames=4/11): reward=-19.6250 (mean, 1 tok)
2026-04-29 15:21:37,458 mme_vla_suite.pseudo_labeling.topreward_qwen_scorer INFO: Prefix 4/8 (end=13, n_frames=4/14): reward=-19.5000 (mean, 1 tok)
2026-04-29 15:21:41,502 mme_vla_suite.pseudo_labeling.topreward_qwen_scorer INFO: Prefix 5/8 (end=17, n_frames=4/18): reward=-20.0000 (mean, 1 tok)
2026-04-29 15:21:45,538 mme_vla_suite.pseudo_labeling.topreward_qwen_scorer INFO: Prefix 6/8 (end=20, n_frames=4/21): reward=-19.7500 (mean, 1 tok)
2026-04-29 15:21:49,594 mme_vla_suite.pseudo_labeling.topreward_qwen_scorer INFO: Prefix 7/8 (end=23, n_frames=5/24): reward=-18.6250 (mean, 1 tok)
2026-04-29 15:21:53,636 mme_vla_suite.pseudo_labeling.topreward_qwen_scorer INFO: Prefix 8/8 (end=27, n_frames=6/28): reward=-18.6250 (mean, 1 tok)
2026-04-29 15:21:58,209 mme_vla_suite.pseudo_labeling.topreward_qwen_scorer INFO: Prefix 1/8 (end=6, n_frames=4/7): reward=-19.7500 (mean, 1 tok)
2026-04-29 15:22:02,227 mme_vla_suite.pseudo_labeling.topreward_qwen_scorer INFO: Prefix 2/8 (end=14, n_frames=4/15): reward=-20.0000 (mean, 1 tok)
2026-04-29 15:22:06,271 mme_vla_suite.pseudo_labeling.topreward_qwen_scorer INFO: Prefix 3/8 (end=22, n_frames=5/23): reward=-19.0000 (mean, 1 tok)
2026-04-29 15:22:10,326 mme_vla_suite.pseudo_labeling.topreward_qwen_scorer INFO: Prefix 4/8 (end=30, n_frames=6/31): reward=-18.1250 (mean, 1 tok)
2026-04-29 15:22:14,383 mme_vla_suite.pseudo_labeling.topreward_qwen_scorer INFO: Prefix 5/8 (end=38, n_frames=8/39): reward=-19.0000 (mean, 1 tok)
2026-04-29 15:22:18,444 mme_vla_suite.pseudo_labeling.topreward_qwen_scorer INFO: Prefix 6/8 (end=46, n_frames=9/47): reward=-17.1250 (mean, 1 tok)
2026-04-29 15:22:22,497 mme_vla_suite.pseudo_labeling.topreward_qwen_scorer INFO: Prefix 7/8 (end=54, n_frames=11/55): reward=-17.2500 (mean, 1 tok)
2026-04-29 15:22:26,567 mme_vla_suite.pseudo_labeling.topreward_qwen_scorer INFO: Prefix 8/8 (end=62, n_frames=13/63): reward=-17.8750 (mean, 1 tok)
2026-04-29 15:22:31,302 mme_vla_suite.pseudo_labeling.topreward_qwen_scorer INFO: Prefix 1/8 (end=5, n_frames=4/6): reward=-21.0000 (mean, 1 tok)
2026-04-29 15:22:35,358 mme_vla_suite.pseudo_labeling.topreward_qwen_scorer INFO: Prefix 2/8 (end=11, n_frames=4/12): reward=-20.5000 (mean, 1 tok)
2026-04-29 15:22:39,391 mme_vla_suite.pseudo_labeling.topreward_qwen_scorer INFO: Prefix 3/8 (end=18, n_frames=4/19): reward=-20.8750 (mean, 1 tok)
2026-04-29 15:22:43,427 mme_vla_suite.pseudo_labeling.topreward_qwen_scorer INFO: Prefix 4/8 (end=25, n_frames=5/26): reward=-20.1250 (mean, 1 tok)
2026-04-29 15:22:47,459 mme_vla_suite.pseudo_labeling.topreward_qwen_scorer INFO: Prefix 5/8 (end=31, n_frames=6/32): reward=-20.1250 (mean, 1 tok)
2026-04-29 15:22:51,527 mme_vla_suite.pseudo_labeling.topreward_qwen_scorer INFO: Prefix 6/8 (end=38, n_frames=8/39): reward=-18.7500 (mean, 1 tok)
2026-04-29 15:22:55,629 mme_vla_suite.pseudo_labeling.topreward_qwen_scorer INFO: Prefix 7/8 (end=45, n_frames=9/46): reward=-17.3750 (mean, 1 tok)
2026-04-29 15:22:59,697 mme_vla_suite.pseudo_labeling.topreward_qwen_scorer INFO: Prefix 8/8 (end=52, n_frames=11/53): reward=-17.5000 (mean, 1 tok)
2026-04-29 15:23:04,518 mme_vla_suite.pseudo_labeling.topreward_qwen_scorer INFO: Prefix 1/8 (end=10, n_frames=4/11): reward=-20.7500 (mean, 1 tok)
2026-04-29 15:23:08,537 mme_vla_suite.pseudo_labeling.topreward_qwen_scorer INFO: Prefix 2/8 (end=23, n_frames=5/24): reward=-20.5000 (mean, 1 tok)
2026-04-29 15:23:12,575 mme_vla_suite.pseudo_labeling.topreward_qwen_scorer INFO: Prefix 3/8 (end=36, n_frames=7/37): reward=-20.6250 (mean, 1 tok)
2026-04-29 15:23:16,648 mme_vla_suite.pseudo_labeling.topreward_qwen_scorer INFO: Prefix 4/8 (end=49, n_frames=10/50): reward=-20.6250 (mean, 1 tok)
2026-04-29 15:23:20,714 mme_vla_suite.pseudo_labeling.topreward_qwen_scorer INFO: Prefix 5/8 (end=62, n_frames=13/63): reward=-21.2500 (mean, 1 tok)
2026-04-29 15:23:24,774 mme_vla_suite.pseudo_labeling.topreward_qwen_scorer INFO: Prefix 6/8 (end=75, n_frames=15/76): reward=-21.1250 (mean, 1 tok)
2026-04-29 15:23:28,835 mme_vla_suite.pseudo_labeling.topreward_qwen_scorer INFO: Prefix 7/8 (end=88, n_frames=18/89): reward=-20.6250 (mean, 1 tok)
2026-04-29 15:23:32,913 mme_vla_suite.pseudo_labeling.topreward_qwen_scorer INFO: Prefix 8/8 (end=101, n_frames=20/102): reward=-21.0000 (mean, 1 tok)
2026-04-29 15:23:37,457 mme_vla_suite.pseudo_labeling.topreward_qwen_scorer INFO: Prefix 1/8 (end=4, n_frames=4/5): reward=-21.6250 (mean, 1 tok)
2026-04-29 15:23:41,496 mme_vla_suite.pseudo_labeling.topreward_qwen_scorer INFO: Prefix 2/8 (end=7, n_frames=4/8): reward=-21.0000 (mean, 1 tok)
2026-04-29 15:23:45,555 mme_vla_suite.pseudo_labeling.topreward_qwen_scorer INFO: Prefix 3/8 (end=10, n_frames=4/11): reward=-21.1250 (mean, 1 tok)
2026-04-29 15:23:49,594 mme_vla_suite.pseudo_labeling.topreward_qwen_scorer INFO: Prefix 4/8 (end=13, n_frames=4/14): reward=-20.3750 (mean, 1 tok)
2026-04-29 15:23:53,609 mme_vla_suite.pseudo_labeling.topreward_qwen_scorer INFO: Prefix 5/8 (end=16, n_frames=4/17): reward=-20.2500 (mean, 1 tok)
2026-04-29 15:23:57,646 mme_vla_suite.pseudo_labeling.topreward_qwen_scorer INFO: Prefix 6/8 (end=19, n_frames=4/20): reward=-20.2500 (mean, 1 tok)
2026-04-29 15:24:01,681 mme_vla_suite.pseudo_labeling.topreward_qwen_scorer INFO: Prefix 7/8 (end=22, n_frames=5/23): reward=-19.2500 (mean, 1 tok)
2026-04-29 15:24:05,712 mme_vla_suite.pseudo_labeling.topreward_qwen_scorer INFO: Prefix 8/8 (end=26, n_frames=5/27): reward=-17.8750 (mean, 1 tok)
2026-04-29 15:24:10,402 mme_vla_suite.pseudo_labeling.topreward_qwen_scorer INFO: Prefix 1/8 (end=6, n_frames=4/7): reward=-21.6250 (mean, 1 tok)
2026-04-29 15:24:14,513 mme_vla_suite.pseudo_labeling.topreward_qwen_scorer INFO: Prefix 2/8 (end=13, n_frames=4/14): reward=-20.3750 (mean, 1 tok)
2026-04-29 15:24:18,564 mme_vla_suite.pseudo_labeling.topreward_qwen_scorer INFO: Prefix 3/8 (end=21, n_frames=4/22): reward=-19.8750 (mean, 1 tok)
2026-04-29 15:24:22,582 mme_vla_suite.pseudo_labeling.topreward_qwen_scorer INFO: Prefix 4/8 (end=28, n_frames=6/29): reward=-20.0000 (mean, 1 tok)
2026-04-29 15:24:26,665 mme_vla_suite.pseudo_labeling.topreward_qwen_scorer INFO: Prefix 5/8 (end=36, n_frames=7/37): reward=-19.2500 (mean, 1 tok)
2026-04-29 15:24:30,732 mme_vla_suite.pseudo_labeling.topreward_qwen_scorer INFO: Prefix 6/8 (end=43, n_frames=9/44): reward=-18.0000 (mean, 1 tok)
2026-04-29 15:24:34,789 mme_vla_suite.pseudo_labeling.topreward_qwen_scorer INFO: Prefix 7/8 (end=51, n_frames=10/52): reward=-18.6250 (mean, 1 tok)
2026-04-29 15:24:38,859 mme_vla_suite.pseudo_labeling.topreward_qwen_scorer INFO: Prefix 8/8 (end=59, n_frames=12/60): reward=-19.1250 (mean, 1 tok)
2026-04-29 15:24:43,352 mme_vla_suite.pseudo_labeling.topreward_qwen_scorer INFO: Prefix 1/8 (end=5, n_frames=4/6): reward=-21.0000 (mean, 1 tok)
2026-04-29 15:24:47,369 mme_vla_suite.pseudo_labeling.topreward_qwen_scorer INFO: Prefix 2/8 (end=12, n_frames=4/13): reward=-21.2500 (mean, 1 tok)
2026-04-29 15:24:51,429 mme_vla_suite.pseudo_labeling.topreward_qwen_scorer INFO: Prefix 3/8 (end=19, n_frames=4/20): reward=-21.5000 (mean, 1 tok)
2026-04-29 15:24:55,471 mme_vla_suite.pseudo_labeling.topreward_qwen_scorer INFO: Prefix 4/8 (end=26, n_frames=5/27): reward=-21.5000 (mean, 1 tok)
2026-04-29 15:24:59,517 mme_vla_suite.pseudo_labeling.topreward_qwen_scorer INFO: Prefix 5/8 (end=33, n_frames=7/34): reward=-22.0000 (mean, 1 tok)
2026-04-29 15:25:03,572 mme_vla_suite.pseudo_labeling.topreward_qwen_scorer INFO: Prefix 6/8 (end=40, n_frames=8/41): reward=-21.3750 (mean, 1 tok)
2026-04-29 15:25:07,622 mme_vla_suite.pseudo_labeling.topreward_qwen_scorer INFO: Prefix 7/8 (end=47, n_frames=10/48): reward=-19.5000 (mean, 1 tok)
2026-04-29 15:25:11,743 mme_vla_suite.pseudo_labeling.topreward_qwen_scorer INFO: Prefix 8/8 (end=55, n_frames=11/56): reward=-19.2500 (mean, 1 tok)
2026-04-29 15:25:16,516 mme_vla_suite.pseudo_labeling.topreward_qwen_scorer INFO: Prefix 1/2 (end=4, n_frames=4/5): reward=-20.5000 (mean, 1 tok)
2026-04-29 15:25:20,553 mme_vla_suite.pseudo_labeling.topreward_qwen_scorer INFO: Prefix 2/2 (end=5, n_frames=4/6): reward=-20.6250 (mean, 1 tok)
2026-04-29 15:25:25,105 mme_vla_suite.pseudo_labeling.topreward_qwen_scorer INFO: Prefix 1/8 (end=4, n_frames=4/5): reward=-20.3750 (mean, 1 tok)
2026-04-29 15:25:29,190 mme_vla_suite.pseudo_labeling.topreward_qwen_scorer INFO: Prefix 2/8 (end=7, n_frames=4/8): reward=-21.1250 (mean, 1 tok)
2026-04-29 15:25:33,234 mme_vla_suite.pseudo_labeling.topreward_qwen_scorer INFO: Prefix 3/8 (end=10, n_frames=4/11): reward=-20.5000 (mean, 1 tok)
2026-04-29 15:25:37,281 mme_vla_suite.pseudo_labeling.topreward_qwen_scorer INFO: Prefix 4/8 (end=14, n_frames=4/15): reward=-20.8750 (mean, 1 tok)
2026-04-29 15:25:41,315 mme_vla_suite.pseudo_labeling.topreward_qwen_scorer INFO: Prefix 5/8 (end=17, n_frames=4/18): reward=-20.6250 (mean, 1 tok)
2026-04-29 15:25:45,405 mme_vla_suite.pseudo_labeling.topreward_qwen_scorer INFO: Prefix 6/8 (end=21, n_frames=4/22): reward=-20.0000 (mean, 1 tok)
2026-04-29 15:25:49,498 mme_vla_suite.pseudo_labeling.topreward_qwen_scorer INFO: Prefix 7/8 (end=24, n_frames=5/25): reward=-18.5000 (mean, 1 tok)
2026-04-29 15:25:53,596 mme_vla_suite.pseudo_labeling.topreward_qwen_scorer INFO: Prefix 8/8 (end=28, n_frames=6/29): reward=-18.6250 (mean, 1 tok)
2026-04-29 15:25:58,283 mme_vla_suite.pseudo_labeling.topreward_qwen_scorer INFO: Prefix 1/8 (end=7, n_frames=4/8): reward=-21.1250 (mean, 1 tok)
2026-04-29 15:26:02,317 mme_vla_suite.pseudo_labeling.topreward_qwen_scorer INFO: Prefix 2/8 (end=16, n_frames=4/17): reward=-20.6250 (mean, 1 tok)
2026-04-29 15:26:06,358 mme_vla_suite.pseudo_labeling.topreward_qwen_scorer INFO: Prefix 3/8 (end=25, n_frames=5/26): reward=-18.3750 (mean, 1 tok)
2026-04-29 15:26:10,415 mme_vla_suite.pseudo_labeling.topreward_qwen_scorer INFO: Prefix 4/8 (end=35, n_frames=7/36): reward=-17.8750 (mean, 1 tok)
2026-04-29 15:26:14,467 mme_vla_suite.pseudo_labeling.topreward_qwen_scorer INFO: Prefix 5/8 (end=44, n_frames=9/45): reward=-16.8750 (mean, 1 tok)
2026-04-29 15:26:18,513 mme_vla_suite.pseudo_labeling.topreward_qwen_scorer INFO: Prefix 6/8 (end=54, n_frames=11/55): reward=-16.6250 (mean, 1 tok)
2026-04-29 15:26:22,550 mme_vla_suite.pseudo_labeling.topreward_qwen_scorer INFO: Prefix 7/8 (end=63, n_frames=13/64): reward=-17.2500 (mean, 1 tok)
2026-04-29 15:26:26,621 mme_vla_suite.pseudo_labeling.topreward_qwen_scorer INFO: Prefix 8/8 (end=73, n_frames=15/74): reward=-17.5000 (mean, 1 tok)
