/coc/testnvme/shalbe3/miniconda/envs/robomme/lib/python3.11/site-packages/torch/cuda/__init__.py:63: FutureWarning: The pynvml package is deprecated. Please install nvidia-ml-py instead. If you did not install pynvml directly, please report this to the maintainers of the package that installed pynvml for you.
  import pynvml  # type: ignore[import]
`torch_dtype` is deprecated! Use `dtype` instead!
You are attempting to use Flash Attention 2 without specifying a torch dtype. This might lead to unexpected behaviour
2026-04-29 23:24:22,128 mme_vla_suite.pseudo_labeling.topreward_qwen_scorer WARNING: flash_attention_2 unavailable (/coc/testnvme/shalbe3/miniconda/envs/robomme/lib/python3.11/site-packages/flash_attn_2_cuda.cpython-311-x86_64-linux-gnu.so: undefined symbol: _ZNK3c106SymInt6sym_neERKS0_), using default attention
Loading checkpoint shards:   0%|          | 0/4 [00:00<?, ?it/s]Loading checkpoint shards:  25%|██▌       | 1/4 [00:08<00:25,  8.57s/it]Loading checkpoint shards:  50%|█████     | 2/4 [00:17<00:17,  8.56s/it]Loading checkpoint shards:  75%|███████▌  | 3/4 [00:25<00:08,  8.66s/it]Loading checkpoint shards: 100%|██████████| 4/4 [00:30<00:00,  7.09s/it]Loading checkpoint shards: 100%|██████████| 4/4 [00:30<00:00,  7.65s/it]
Asked to sample `fps` frames per second but no video metadata was provided which is required when sampling with `fps`. Defaulting to `fps=24`. Please provide `video_metadata` for more accurate results.
2026-04-29 23:25:02,910 mme_vla_suite.pseudo_labeling.topreward_qwen_scorer INFO: Prefix 1/8 (end=17, n_frames=4/18): reward=-20.7500 (mean, 1 tok)
2026-04-29 23:25:09,863 mme_vla_suite.pseudo_labeling.topreward_qwen_scorer INFO: Prefix 2/8 (end=40, n_frames=8/41): reward=-16.1250 (mean, 1 tok)
2026-04-29 23:25:16,882 mme_vla_suite.pseudo_labeling.topreward_qwen_scorer INFO: Prefix 3/8 (end=63, n_frames=13/64): reward=-15.7500 (mean, 1 tok)
2026-04-29 23:25:23,924 mme_vla_suite.pseudo_labeling.topreward_qwen_scorer INFO: Prefix 4/8 (end=86, n_frames=17/87): reward=-15.3750 (mean, 1 tok)
2026-04-29 23:25:31,000 mme_vla_suite.pseudo_labeling.topreward_qwen_scorer INFO: Prefix 5/8 (end=109, n_frames=22/110): reward=-16.5000 (mean, 1 tok)
2026-04-29 23:25:38,081 mme_vla_suite.pseudo_labeling.topreward_qwen_scorer INFO: Prefix 6/8 (end=132, n_frames=27/133): reward=-15.0000 (mean, 1 tok)
2026-04-29 23:25:45,165 mme_vla_suite.pseudo_labeling.topreward_qwen_scorer INFO: Prefix 7/8 (end=155, n_frames=31/156): reward=-14.5000 (mean, 1 tok)
2026-04-29 23:25:52,332 mme_vla_suite.pseudo_labeling.topreward_qwen_scorer INFO: Prefix 8/8 (end=178, n_frames=36/179): reward=-14.2500 (mean, 1 tok)
2026-04-29 23:26:00,146 mme_vla_suite.pseudo_labeling.topreward_qwen_scorer INFO: Prefix 1/8 (end=4, n_frames=4/5): reward=-18.8750 (mean, 1 tok)
2026-04-29 23:26:07,045 mme_vla_suite.pseudo_labeling.topreward_qwen_scorer INFO: Prefix 2/8 (end=8, n_frames=4/9): reward=-18.3750 (mean, 1 tok)
2026-04-29 23:26:13,982 mme_vla_suite.pseudo_labeling.topreward_qwen_scorer INFO: Prefix 3/8 (end=12, n_frames=4/13): reward=-18.0000 (mean, 1 tok)
2026-04-29 23:26:20,880 mme_vla_suite.pseudo_labeling.topreward_qwen_scorer INFO: Prefix 4/8 (end=16, n_frames=4/17): reward=-17.6250 (mean, 1 tok)
2026-04-29 23:26:27,769 mme_vla_suite.pseudo_labeling.topreward_qwen_scorer INFO: Prefix 5/8 (end=21, n_frames=4/22): reward=-17.6250 (mean, 1 tok)
2026-04-29 23:26:34,676 mme_vla_suite.pseudo_labeling.topreward_qwen_scorer INFO: Prefix 6/8 (end=25, n_frames=5/26): reward=-17.0000 (mean, 1 tok)
2026-04-29 23:26:41,583 mme_vla_suite.pseudo_labeling.topreward_qwen_scorer INFO: Prefix 7/8 (end=29, n_frames=6/30): reward=-17.6250 (mean, 1 tok)
2026-04-29 23:26:48,530 mme_vla_suite.pseudo_labeling.topreward_qwen_scorer INFO: Prefix 8/8 (end=34, n_frames=7/35): reward=-19.5000 (mean, 1 tok)
2026-04-29 23:26:56,119 mme_vla_suite.pseudo_labeling.topreward_qwen_scorer INFO: Prefix 1/8 (end=4, n_frames=4/5): reward=-20.0000 (mean, 1 tok)
2026-04-29 23:27:03,050 mme_vla_suite.pseudo_labeling.topreward_qwen_scorer INFO: Prefix 2/8 (end=8, n_frames=4/9): reward=-18.5000 (mean, 1 tok)
2026-04-29 23:27:10,004 mme_vla_suite.pseudo_labeling.topreward_qwen_scorer INFO: Prefix 3/8 (end=13, n_frames=4/14): reward=-18.7500 (mean, 1 tok)
2026-04-29 23:27:16,951 mme_vla_suite.pseudo_labeling.topreward_qwen_scorer INFO: Prefix 4/8 (end=18, n_frames=4/19): reward=-16.8750 (mean, 1 tok)
2026-04-29 23:27:23,871 mme_vla_suite.pseudo_labeling.topreward_qwen_scorer INFO: Prefix 5/8 (end=22, n_frames=5/23): reward=-17.7500 (mean, 1 tok)
2026-04-29 23:27:30,800 mme_vla_suite.pseudo_labeling.topreward_qwen_scorer INFO: Prefix 6/8 (end=27, n_frames=6/28): reward=-18.2500 (mean, 1 tok)
2026-04-29 23:27:37,750 mme_vla_suite.pseudo_labeling.topreward_qwen_scorer INFO: Prefix 7/8 (end=32, n_frames=7/33): reward=-18.5000 (mean, 1 tok)
2026-04-29 23:27:44,698 mme_vla_suite.pseudo_labeling.topreward_qwen_scorer INFO: Prefix 8/8 (end=37, n_frames=8/38): reward=-18.6250 (mean, 1 tok)
2026-04-29 23:27:52,208 mme_vla_suite.pseudo_labeling.topreward_qwen_scorer INFO: Prefix 1/8 (end=4, n_frames=4/5): reward=-20.0000 (mean, 1 tok)
2026-04-29 23:27:59,089 mme_vla_suite.pseudo_labeling.topreward_qwen_scorer INFO: Prefix 2/8 (end=8, n_frames=4/9): reward=-19.3750 (mean, 1 tok)
2026-04-29 23:28:05,976 mme_vla_suite.pseudo_labeling.topreward_qwen_scorer INFO: Prefix 3/8 (end=13, n_frames=4/14): reward=-19.2500 (mean, 1 tok)
2026-04-29 23:28:12,911 mme_vla_suite.pseudo_labeling.topreward_qwen_scorer INFO: Prefix 4/8 (end=18, n_frames=4/19): reward=-18.2500 (mean, 1 tok)
2026-04-29 23:28:19,827 mme_vla_suite.pseudo_labeling.topreward_qwen_scorer INFO: Prefix 5/8 (end=22, n_frames=5/23): reward=-18.2500 (mean, 1 tok)
2026-04-29 23:28:26,734 mme_vla_suite.pseudo_labeling.topreward_qwen_scorer INFO: Prefix 6/8 (end=27, n_frames=6/28): reward=-18.7500 (mean, 1 tok)
2026-04-29 23:28:33,669 mme_vla_suite.pseudo_labeling.topreward_qwen_scorer INFO: Prefix 7/8 (end=32, n_frames=7/33): reward=-18.7500 (mean, 1 tok)
2026-04-29 23:28:40,844 mme_vla_suite.pseudo_labeling.topreward_qwen_scorer INFO: Prefix 8/8 (end=37, n_frames=8/38): reward=-19.0000 (mean, 1 tok)
2026-04-29 23:28:48,522 mme_vla_suite.pseudo_labeling.topreward_qwen_scorer INFO: Prefix 1/8 (end=4, n_frames=4/5): reward=-20.2500 (mean, 1 tok)
2026-04-29 23:28:55,471 mme_vla_suite.pseudo_labeling.topreward_qwen_scorer INFO: Prefix 2/8 (end=8, n_frames=4/9): reward=-19.2500 (mean, 1 tok)
2026-04-29 23:29:02,489 mme_vla_suite.pseudo_labeling.topreward_qwen_scorer INFO: Prefix 3/8 (end=13, n_frames=4/14): reward=-19.7500 (mean, 1 tok)
2026-04-29 23:29:09,390 mme_vla_suite.pseudo_labeling.topreward_qwen_scorer INFO: Prefix 4/8 (end=18, n_frames=4/19): reward=-19.1250 (mean, 1 tok)
2026-04-29 23:29:16,309 mme_vla_suite.pseudo_labeling.topreward_qwen_scorer INFO: Prefix 5/8 (end=22, n_frames=5/23): reward=-18.7500 (mean, 1 tok)
2026-04-29 23:29:23,237 mme_vla_suite.pseudo_labeling.topreward_qwen_scorer INFO: Prefix 6/8 (end=27, n_frames=6/28): reward=-19.0000 (mean, 1 tok)
2026-04-29 23:29:30,130 mme_vla_suite.pseudo_labeling.topreward_qwen_scorer INFO: Prefix 7/8 (end=32, n_frames=7/33): reward=-19.0000 (mean, 1 tok)
2026-04-29 23:29:37,135 mme_vla_suite.pseudo_labeling.topreward_qwen_scorer INFO: Prefix 8/8 (end=37, n_frames=8/38): reward=-18.7500 (mean, 1 tok)
2026-04-29 23:29:44,965 mme_vla_suite.pseudo_labeling.topreward_qwen_scorer INFO: Prefix 1/8 (end=4, n_frames=4/5): reward=-20.5000 (mean, 1 tok)
2026-04-29 23:29:51,877 mme_vla_suite.pseudo_labeling.topreward_qwen_scorer INFO: Prefix 2/8 (end=8, n_frames=4/9): reward=-20.2500 (mean, 1 tok)
2026-04-29 23:29:58,748 mme_vla_suite.pseudo_labeling.topreward_qwen_scorer INFO: Prefix 3/8 (end=13, n_frames=4/14): reward=-20.3750 (mean, 1 tok)
2026-04-29 23:30:05,664 mme_vla_suite.pseudo_labeling.topreward_qwen_scorer INFO: Prefix 4/8 (end=18, n_frames=4/19): reward=-18.6250 (mean, 1 tok)
2026-04-29 23:30:12,621 mme_vla_suite.pseudo_labeling.topreward_qwen_scorer INFO: Prefix 5/8 (end=22, n_frames=5/23): reward=-19.3750 (mean, 1 tok)
2026-04-29 23:30:19,553 mme_vla_suite.pseudo_labeling.topreward_qwen_scorer INFO: Prefix 6/8 (end=27, n_frames=6/28): reward=-19.6250 (mean, 1 tok)
2026-04-29 23:30:26,517 mme_vla_suite.pseudo_labeling.topreward_qwen_scorer INFO: Prefix 7/8 (end=32, n_frames=7/33): reward=-19.3750 (mean, 1 tok)
2026-04-29 23:30:33,489 mme_vla_suite.pseudo_labeling.topreward_qwen_scorer INFO: Prefix 8/8 (end=37, n_frames=8/38): reward=-19.3750 (mean, 1 tok)
2026-04-29 23:30:40,945 mme_vla_suite.pseudo_labeling.topreward_qwen_scorer INFO: Prefix 1/8 (end=4, n_frames=4/5): reward=-20.8750 (mean, 1 tok)
2026-04-29 23:30:47,850 mme_vla_suite.pseudo_labeling.topreward_qwen_scorer INFO: Prefix 2/8 (end=8, n_frames=4/9): reward=-20.2500 (mean, 1 tok)
2026-04-29 23:30:54,746 mme_vla_suite.pseudo_labeling.topreward_qwen_scorer INFO: Prefix 3/8 (end=13, n_frames=4/14): reward=-19.8750 (mean, 1 tok)
2026-04-29 23:31:01,684 mme_vla_suite.pseudo_labeling.topreward_qwen_scorer INFO: Prefix 4/8 (end=18, n_frames=4/19): reward=-19.7500 (mean, 1 tok)
2026-04-29 23:31:08,608 mme_vla_suite.pseudo_labeling.topreward_qwen_scorer INFO: Prefix 5/8 (end=22, n_frames=5/23): reward=-19.5000 (mean, 1 tok)
2026-04-29 23:31:15,582 mme_vla_suite.pseudo_labeling.topreward_qwen_scorer INFO: Prefix 6/8 (end=27, n_frames=6/28): reward=-19.5000 (mean, 1 tok)
2026-04-29 23:31:22,507 mme_vla_suite.pseudo_labeling.topreward_qwen_scorer INFO: Prefix 7/8 (end=32, n_frames=7/33): reward=-19.8750 (mean, 1 tok)
2026-04-29 23:31:29,372 mme_vla_suite.pseudo_labeling.topreward_qwen_scorer INFO: Prefix 8/8 (end=37, n_frames=8/38): reward=-19.8750 (mean, 1 tok)
2026-04-29 23:31:36,990 mme_vla_suite.pseudo_labeling.topreward_qwen_scorer INFO: Prefix 1/8 (end=4, n_frames=4/5): reward=-19.2500 (mean, 1 tok)
2026-04-29 23:31:43,840 mme_vla_suite.pseudo_labeling.topreward_qwen_scorer INFO: Prefix 2/8 (end=8, n_frames=4/9): reward=-19.0000 (mean, 1 tok)
2026-04-29 23:31:50,681 mme_vla_suite.pseudo_labeling.topreward_qwen_scorer INFO: Prefix 3/8 (end=12, n_frames=4/13): reward=-18.6250 (mean, 1 tok)
2026-04-29 23:31:57,528 mme_vla_suite.pseudo_labeling.topreward_qwen_scorer INFO: Prefix 4/8 (end=17, n_frames=4/18): reward=-18.0000 (mean, 1 tok)
2026-04-29 23:32:04,398 mme_vla_suite.pseudo_labeling.topreward_qwen_scorer INFO: Prefix 5/8 (end=21, n_frames=4/22): reward=-17.1250 (mean, 1 tok)
2026-04-29 23:32:11,293 mme_vla_suite.pseudo_labeling.topreward_qwen_scorer INFO: Prefix 6/8 (end=26, n_frames=5/27): reward=-18.0000 (mean, 1 tok)
2026-04-29 23:32:18,150 mme_vla_suite.pseudo_labeling.topreward_qwen_scorer INFO: Prefix 7/8 (end=30, n_frames=6/31): reward=-17.0000 (mean, 1 tok)
2026-04-29 23:32:25,053 mme_vla_suite.pseudo_labeling.topreward_qwen_scorer INFO: Prefix 8/8 (end=35, n_frames=7/36): reward=-15.1250 (mean, 1 tok)
2026-04-29 23:32:32,631 mme_vla_suite.pseudo_labeling.topreward_qwen_scorer INFO: Prefix 1/8 (end=5, n_frames=4/6): reward=-20.1250 (mean, 1 tok)
2026-04-29 23:32:39,554 mme_vla_suite.pseudo_labeling.topreward_qwen_scorer INFO: Prefix 2/8 (end=12, n_frames=4/13): reward=-19.3750 (mean, 1 tok)
2026-04-29 23:32:46,471 mme_vla_suite.pseudo_labeling.topreward_qwen_scorer INFO: Prefix 3/8 (end=20, n_frames=4/21): reward=-18.8750 (mean, 1 tok)
2026-04-29 23:32:53,407 mme_vla_suite.pseudo_labeling.topreward_qwen_scorer INFO: Prefix 4/8 (end=27, n_frames=6/28): reward=-18.6250 (mean, 1 tok)
2026-04-29 23:33:00,318 mme_vla_suite.pseudo_labeling.topreward_qwen_scorer INFO: Prefix 5/8 (end=35, n_frames=7/36): reward=-18.5000 (mean, 1 tok)
2026-04-29 23:33:07,183 mme_vla_suite.pseudo_labeling.topreward_qwen_scorer INFO: Prefix 6/8 (end=42, n_frames=9/43): reward=-19.1250 (mean, 1 tok)
2026-04-29 23:33:14,043 mme_vla_suite.pseudo_labeling.topreward_qwen_scorer INFO: Prefix 7/8 (end=50, n_frames=10/51): reward=-19.5000 (mean, 1 tok)
2026-04-29 23:33:20,995 mme_vla_suite.pseudo_labeling.topreward_qwen_scorer INFO: Prefix 8/8 (end=58, n_frames=12/59): reward=-19.6250 (mean, 1 tok)
2026-04-29 23:33:28,523 mme_vla_suite.pseudo_labeling.topreward_qwen_scorer INFO: Prefix 1/8 (end=9, n_frames=4/10): reward=-19.7500 (mean, 1 tok)
2026-04-29 23:33:35,410 mme_vla_suite.pseudo_labeling.topreward_qwen_scorer INFO: Prefix 2/8 (end=21, n_frames=4/22): reward=-18.8750 (mean, 1 tok)
2026-04-29 23:33:42,324 mme_vla_suite.pseudo_labeling.topreward_qwen_scorer INFO: Prefix 3/8 (end=33, n_frames=7/34): reward=-18.7500 (mean, 1 tok)
2026-04-29 23:33:49,224 mme_vla_suite.pseudo_labeling.topreward_qwen_scorer INFO: Prefix 4/8 (end=45, n_frames=9/46): reward=-19.5000 (mean, 1 tok)
2026-04-29 23:33:56,113 mme_vla_suite.pseudo_labeling.topreward_qwen_scorer INFO: Prefix 5/8 (end=57, n_frames=12/58): reward=-19.5000 (mean, 1 tok)
2026-04-29 23:34:03,004 mme_vla_suite.pseudo_labeling.topreward_qwen_scorer INFO: Prefix 6/8 (end=69, n_frames=14/70): reward=-20.5000 (mean, 1 tok)
2026-04-29 23:34:09,932 mme_vla_suite.pseudo_labeling.topreward_qwen_scorer INFO: Prefix 7/8 (end=81, n_frames=16/82): reward=-20.1250 (mean, 1 tok)
2026-04-29 23:34:16,924 mme_vla_suite.pseudo_labeling.topreward_qwen_scorer INFO: Prefix 8/8 (end=94, n_frames=19/95): reward=-20.1250 (mean, 1 tok)
2026-04-29 23:34:24,563 mme_vla_suite.pseudo_labeling.topreward_qwen_scorer INFO: Prefix 1/8 (end=11, n_frames=4/12): reward=-20.3750 (mean, 1 tok)
2026-04-29 23:34:31,449 mme_vla_suite.pseudo_labeling.topreward_qwen_scorer INFO: Prefix 2/8 (end=25, n_frames=5/26): reward=-21.0000 (mean, 1 tok)
2026-04-29 23:34:38,288 mme_vla_suite.pseudo_labeling.topreward_qwen_scorer INFO: Prefix 3/8 (end=40, n_frames=8/41): reward=-18.2500 (mean, 1 tok)
2026-04-29 23:34:45,177 mme_vla_suite.pseudo_labeling.topreward_qwen_scorer INFO: Prefix 4/8 (end=55, n_frames=11/56): reward=-15.5000 (mean, 1 tok)
2026-04-29 23:34:52,055 mme_vla_suite.pseudo_labeling.topreward_qwen_scorer INFO: Prefix 5/8 (end=70, n_frames=14/71): reward=-14.7500 (mean, 1 tok)
2026-04-29 23:34:58,996 mme_vla_suite.pseudo_labeling.topreward_qwen_scorer INFO: Prefix 6/8 (end=85, n_frames=17/86): reward=-12.7500 (mean, 1 tok)
2026-04-29 23:35:05,951 mme_vla_suite.pseudo_labeling.topreward_qwen_scorer INFO: Prefix 7/8 (end=100, n_frames=20/101): reward=-14.3750 (mean, 1 tok)
2026-04-29 23:35:12,999 mme_vla_suite.pseudo_labeling.topreward_qwen_scorer INFO: Prefix 8/8 (end=115, n_frames=23/116): reward=-12.7500 (mean, 1 tok)
2026-04-29 23:35:20,562 mme_vla_suite.pseudo_labeling.topreward_qwen_scorer INFO: Prefix 1/8 (end=4, n_frames=4/5): reward=-19.2500 (mean, 1 tok)
2026-04-29 23:35:27,452 mme_vla_suite.pseudo_labeling.topreward_qwen_scorer INFO: Prefix 2/8 (end=7, n_frames=4/8): reward=-18.6250 (mean, 1 tok)
2026-04-29 23:35:34,351 mme_vla_suite.pseudo_labeling.topreward_qwen_scorer INFO: Prefix 3/8 (end=11, n_frames=4/12): reward=-18.8750 (mean, 1 tok)
2026-04-29 23:35:41,265 mme_vla_suite.pseudo_labeling.topreward_qwen_scorer INFO: Prefix 4/8 (end=15, n_frames=4/16): reward=-18.6250 (mean, 1 tok)
2026-04-29 23:35:48,126 mme_vla_suite.pseudo_labeling.topreward_qwen_scorer INFO: Prefix 5/8 (end=18, n_frames=4/19): reward=-19.0000 (mean, 1 tok)
2026-04-29 23:35:54,958 mme_vla_suite.pseudo_labeling.topreward_qwen_scorer INFO: Prefix 6/8 (end=22, n_frames=5/23): reward=-19.2500 (mean, 1 tok)
2026-04-29 23:36:01,846 mme_vla_suite.pseudo_labeling.topreward_qwen_scorer INFO: Prefix 7/8 (end=26, n_frames=5/27): reward=-19.7500 (mean, 1 tok)
2026-04-29 23:36:08,732 mme_vla_suite.pseudo_labeling.topreward_qwen_scorer INFO: Prefix 8/8 (end=30, n_frames=6/31): reward=-20.2500 (mean, 1 tok)
2026-04-29 23:36:16,331 mme_vla_suite.pseudo_labeling.topreward_qwen_scorer INFO: Prefix 1/8 (end=4, n_frames=4/5): reward=-19.6250 (mean, 1 tok)
2026-04-29 23:36:23,207 mme_vla_suite.pseudo_labeling.topreward_qwen_scorer INFO: Prefix 2/8 (end=9, n_frames=4/10): reward=-18.5000 (mean, 1 tok)
2026-04-29 23:36:30,097 mme_vla_suite.pseudo_labeling.topreward_qwen_scorer INFO: Prefix 3/8 (end=14, n_frames=4/15): reward=-18.3750 (mean, 1 tok)
2026-04-29 23:36:36,959 mme_vla_suite.pseudo_labeling.topreward_qwen_scorer INFO: Prefix 4/8 (end=19, n_frames=4/20): reward=-16.6250 (mean, 1 tok)
2026-04-29 23:36:43,812 mme_vla_suite.pseudo_labeling.topreward_qwen_scorer INFO: Prefix 5/8 (end=24, n_frames=5/25): reward=-18.1250 (mean, 1 tok)
2026-04-29 23:36:50,675 mme_vla_suite.pseudo_labeling.topreward_qwen_scorer INFO: Prefix 6/8 (end=29, n_frames=6/30): reward=-17.6250 (mean, 1 tok)
2026-04-29 23:36:57,558 mme_vla_suite.pseudo_labeling.topreward_qwen_scorer INFO: Prefix 7/8 (end=34, n_frames=7/35): reward=-18.2500 (mean, 1 tok)
2026-04-29 23:37:04,413 mme_vla_suite.pseudo_labeling.topreward_qwen_scorer INFO: Prefix 8/8 (end=40, n_frames=8/41): reward=-17.5000 (mean, 1 tok)
2026-04-29 23:37:11,923 mme_vla_suite.pseudo_labeling.topreward_qwen_scorer INFO: Prefix 1/8 (end=4, n_frames=4/5): reward=-20.1250 (mean, 1 tok)
2026-04-29 23:37:18,784 mme_vla_suite.pseudo_labeling.topreward_qwen_scorer INFO: Prefix 2/8 (end=9, n_frames=4/10): reward=-19.2500 (mean, 1 tok)
2026-04-29 23:37:25,658 mme_vla_suite.pseudo_labeling.topreward_qwen_scorer INFO: Prefix 3/8 (end=14, n_frames=4/15): reward=-19.3750 (mean, 1 tok)
2026-04-29 23:37:32,497 mme_vla_suite.pseudo_labeling.topreward_qwen_scorer INFO: Prefix 4/8 (end=19, n_frames=4/20): reward=-18.8750 (mean, 1 tok)
2026-04-29 23:37:39,371 mme_vla_suite.pseudo_labeling.topreward_qwen_scorer INFO: Prefix 5/8 (end=24, n_frames=5/25): reward=-19.2500 (mean, 1 tok)
2026-04-29 23:37:46,221 mme_vla_suite.pseudo_labeling.topreward_qwen_scorer INFO: Prefix 6/8 (end=29, n_frames=6/30): reward=-18.2500 (mean, 1 tok)
2026-04-29 23:37:53,099 mme_vla_suite.pseudo_labeling.topreward_qwen_scorer INFO: Prefix 7/8 (end=34, n_frames=7/35): reward=-19.2500 (mean, 1 tok)
2026-04-29 23:37:59,994 mme_vla_suite.pseudo_labeling.topreward_qwen_scorer INFO: Prefix 8/8 (end=40, n_frames=8/41): reward=-18.5000 (mean, 1 tok)
2026-04-29 23:38:07,876 mme_vla_suite.pseudo_labeling.topreward_qwen_scorer INFO: Prefix 1/8 (end=4, n_frames=4/5): reward=-20.0000 (mean, 1 tok)
2026-04-29 23:38:14,724 mme_vla_suite.pseudo_labeling.topreward_qwen_scorer INFO: Prefix 2/8 (end=9, n_frames=4/10): reward=-19.8750 (mean, 1 tok)
2026-04-29 23:38:21,593 mme_vla_suite.pseudo_labeling.topreward_qwen_scorer INFO: Prefix 3/8 (end=14, n_frames=4/15): reward=-19.0000 (mean, 1 tok)
2026-04-29 23:38:28,710 mme_vla_suite.pseudo_labeling.topreward_qwen_scorer INFO: Prefix 4/8 (end=19, n_frames=4/20): reward=-18.6250 (mean, 1 tok)
2026-04-29 23:38:35,600 mme_vla_suite.pseudo_labeling.topreward_qwen_scorer INFO: Prefix 5/8 (end=24, n_frames=5/25): reward=-18.3750 (mean, 1 tok)
2026-04-29 23:38:42,483 mme_vla_suite.pseudo_labeling.topreward_qwen_scorer INFO: Prefix 6/8 (end=29, n_frames=6/30): reward=-18.7500 (mean, 1 tok)
2026-04-29 23:38:49,353 mme_vla_suite.pseudo_labeling.topreward_qwen_scorer INFO: Prefix 7/8 (end=34, n_frames=7/35): reward=-19.8750 (mean, 1 tok)
2026-04-29 23:38:56,193 mme_vla_suite.pseudo_labeling.topreward_qwen_scorer INFO: Prefix 8/8 (end=40, n_frames=8/41): reward=-19.5000 (mean, 1 tok)
2026-04-29 23:39:03,702 mme_vla_suite.pseudo_labeling.topreward_qwen_scorer INFO: Prefix 1/8 (end=4, n_frames=4/5): reward=-19.5000 (mean, 1 tok)
2026-04-29 23:39:10,523 mme_vla_suite.pseudo_labeling.topreward_qwen_scorer INFO: Prefix 2/8 (end=8, n_frames=4/9): reward=-19.6250 (mean, 1 tok)
2026-04-29 23:39:17,353 mme_vla_suite.pseudo_labeling.topreward_qwen_scorer INFO: Prefix 3/8 (end=12, n_frames=4/13): reward=-19.1250 (mean, 1 tok)
2026-04-29 23:39:24,168 mme_vla_suite.pseudo_labeling.topreward_qwen_scorer INFO: Prefix 4/8 (end=16, n_frames=4/17): reward=-19.1250 (mean, 1 tok)
2026-04-29 23:39:30,988 mme_vla_suite.pseudo_labeling.topreward_qwen_scorer INFO: Prefix 5/8 (end=21, n_frames=4/22): reward=-17.8750 (mean, 1 tok)
2026-04-29 23:39:37,909 mme_vla_suite.pseudo_labeling.topreward_qwen_scorer INFO: Prefix 6/8 (end=25, n_frames=5/26): reward=-17.6250 (mean, 1 tok)
2026-04-29 23:39:44,839 mme_vla_suite.pseudo_labeling.topreward_qwen_scorer INFO: Prefix 7/8 (end=29, n_frames=6/30): reward=-17.8750 (mean, 1 tok)
2026-04-29 23:39:51,665 mme_vla_suite.pseudo_labeling.topreward_qwen_scorer INFO: Prefix 8/8 (end=34, n_frames=7/35): reward=-16.5000 (mean, 1 tok)
2026-04-29 23:39:59,109 mme_vla_suite.pseudo_labeling.topreward_qwen_scorer INFO: Prefix 1/8 (end=5, n_frames=4/6): reward=-21.3750 (mean, 1 tok)
2026-04-29 23:40:05,955 mme_vla_suite.pseudo_labeling.topreward_qwen_scorer INFO: Prefix 2/8 (end=12, n_frames=4/13): reward=-21.3750 (mean, 1 tok)
2026-04-29 23:40:12,780 mme_vla_suite.pseudo_labeling.topreward_qwen_scorer INFO: Prefix 3/8 (end=20, n_frames=4/21): reward=-20.8750 (mean, 1 tok)
2026-04-29 23:40:19,720 mme_vla_suite.pseudo_labeling.topreward_qwen_scorer INFO: Prefix 4/8 (end=27, n_frames=6/28): reward=-20.7500 (mean, 1 tok)
2026-04-29 23:40:26,557 mme_vla_suite.pseudo_labeling.topreward_qwen_scorer INFO: Prefix 5/8 (end=35, n_frames=7/36): reward=-19.8750 (mean, 1 tok)
2026-04-29 23:40:33,397 mme_vla_suite.pseudo_labeling.topreward_qwen_scorer INFO: Prefix 6/8 (end=42, n_frames=9/43): reward=-19.2500 (mean, 1 tok)
2026-04-29 23:40:40,256 mme_vla_suite.pseudo_labeling.topreward_qwen_scorer INFO: Prefix 7/8 (end=50, n_frames=10/51): reward=-18.2500 (mean, 1 tok)
2026-04-29 23:40:47,098 mme_vla_suite.pseudo_labeling.topreward_qwen_scorer INFO: Prefix 8/8 (end=58, n_frames=12/59): reward=-18.3750 (mean, 1 tok)
2026-04-29 23:40:54,686 mme_vla_suite.pseudo_labeling.topreward_qwen_scorer INFO: Prefix 1/8 (end=9, n_frames=4/10): reward=-21.6250 (mean, 1 tok)
2026-04-29 23:41:01,524 mme_vla_suite.pseudo_labeling.topreward_qwen_scorer INFO: Prefix 2/8 (end=21, n_frames=4/22): reward=-20.3750 (mean, 1 tok)
2026-04-29 23:41:08,361 mme_vla_suite.pseudo_labeling.topreward_qwen_scorer INFO: Prefix 3/8 (end=33, n_frames=7/34): reward=-19.5000 (mean, 1 tok)
2026-04-29 23:41:15,230 mme_vla_suite.pseudo_labeling.topreward_qwen_scorer INFO: Prefix 4/8 (end=45, n_frames=9/46): reward=-18.5000 (mean, 1 tok)
2026-04-29 23:41:22,076 mme_vla_suite.pseudo_labeling.topreward_qwen_scorer INFO: Prefix 5/8 (end=58, n_frames=12/59): reward=-18.3750 (mean, 1 tok)
2026-04-29 23:41:28,944 mme_vla_suite.pseudo_labeling.topreward_qwen_scorer INFO: Prefix 6/8 (end=70, n_frames=14/71): reward=-19.0000 (mean, 1 tok)
2026-04-29 23:41:35,809 mme_vla_suite.pseudo_labeling.topreward_qwen_scorer INFO: Prefix 7/8 (end=82, n_frames=17/83): reward=-18.2500 (mean, 1 tok)
2026-04-29 23:41:42,703 mme_vla_suite.pseudo_labeling.topreward_qwen_scorer INFO: Prefix 8/8 (end=95, n_frames=19/96): reward=-18.1250 (mean, 1 tok)
2026-04-29 23:41:50,578 mme_vla_suite.pseudo_labeling.topreward_qwen_scorer INFO: Prefix 1/8 (end=11, n_frames=4/12): reward=-21.1250 (mean, 1 tok)
2026-04-29 23:41:57,417 mme_vla_suite.pseudo_labeling.topreward_qwen_scorer INFO: Prefix 2/8 (end=26, n_frames=5/27): reward=-21.5000 (mean, 1 tok)
2026-04-29 23:42:04,208 mme_vla_suite.pseudo_labeling.topreward_qwen_scorer INFO: Prefix 3/8 (end=41, n_frames=8/42): reward=-16.6250 (mean, 1 tok)
2026-04-29 23:42:11,055 mme_vla_suite.pseudo_labeling.topreward_qwen_scorer INFO: Prefix 4/8 (end=56, n_frames=11/57): reward=-15.7500 (mean, 1 tok)
2026-04-29 23:42:17,921 mme_vla_suite.pseudo_labeling.topreward_qwen_scorer INFO: Prefix 5/8 (end=71, n_frames=14/72): reward=-15.5000 (mean, 1 tok)
2026-04-29 23:42:24,847 mme_vla_suite.pseudo_labeling.topreward_qwen_scorer INFO: Prefix 6/8 (end=86, n_frames=17/87): reward=-14.6250 (mean, 1 tok)
2026-04-29 23:42:31,807 mme_vla_suite.pseudo_labeling.topreward_qwen_scorer INFO: Prefix 7/8 (end=101, n_frames=20/102): reward=-15.2500 (mean, 1 tok)
2026-04-29 23:42:38,813 mme_vla_suite.pseudo_labeling.topreward_qwen_scorer INFO: Prefix 8/8 (end=117, n_frames=24/118): reward=-15.0000 (mean, 1 tok)
2026-04-29 23:42:46,378 mme_vla_suite.pseudo_labeling.topreward_qwen_scorer INFO: Prefix 1/8 (end=4, n_frames=4/5): reward=-19.1250 (mean, 1 tok)
2026-04-29 23:42:53,194 mme_vla_suite.pseudo_labeling.topreward_qwen_scorer INFO: Prefix 2/8 (end=9, n_frames=4/10): reward=-18.1250 (mean, 1 tok)
2026-04-29 23:43:00,007 mme_vla_suite.pseudo_labeling.topreward_qwen_scorer INFO: Prefix 3/8 (end=14, n_frames=4/15): reward=-17.8750 (mean, 1 tok)
2026-04-29 23:43:06,801 mme_vla_suite.pseudo_labeling.topreward_qwen_scorer INFO: Prefix 4/8 (end=19, n_frames=4/20): reward=-17.3750 (mean, 1 tok)
2026-04-29 23:43:13,643 mme_vla_suite.pseudo_labeling.topreward_qwen_scorer INFO: Prefix 5/8 (end=24, n_frames=5/25): reward=-17.6250 (mean, 1 tok)
2026-04-29 23:43:20,496 mme_vla_suite.pseudo_labeling.topreward_qwen_scorer INFO: Prefix 6/8 (end=29, n_frames=6/30): reward=-17.6250 (mean, 1 tok)
2026-04-29 23:43:27,350 mme_vla_suite.pseudo_labeling.topreward_qwen_scorer INFO: Prefix 7/8 (end=34, n_frames=7/35): reward=-18.5000 (mean, 1 tok)
2026-04-29 23:43:34,193 mme_vla_suite.pseudo_labeling.topreward_qwen_scorer INFO: Prefix 8/8 (end=39, n_frames=8/40): reward=-19.0000 (mean, 1 tok)
2026-04-29 23:43:41,736 mme_vla_suite.pseudo_labeling.topreward_qwen_scorer INFO: Prefix 1/8 (end=4, n_frames=4/5): reward=-19.3750 (mean, 1 tok)
2026-04-29 23:43:48,576 mme_vla_suite.pseudo_labeling.topreward_qwen_scorer INFO: Prefix 2/8 (end=8, n_frames=4/9): reward=-19.0000 (mean, 1 tok)
2026-04-29 23:43:55,415 mme_vla_suite.pseudo_labeling.topreward_qwen_scorer INFO: Prefix 3/8 (end=13, n_frames=4/14): reward=-19.0000 (mean, 1 tok)
2026-04-29 23:44:02,246 mme_vla_suite.pseudo_labeling.topreward_qwen_scorer INFO: Prefix 4/8 (end=18, n_frames=4/19): reward=-18.0000 (mean, 1 tok)
2026-04-29 23:44:09,101 mme_vla_suite.pseudo_labeling.topreward_qwen_scorer INFO: Prefix 5/8 (end=22, n_frames=5/23): reward=-18.1250 (mean, 1 tok)
2026-04-29 23:44:15,916 mme_vla_suite.pseudo_labeling.topreward_qwen_scorer INFO: Prefix 6/8 (end=27, n_frames=6/28): reward=-17.1250 (mean, 1 tok)
2026-04-29 23:44:22,757 mme_vla_suite.pseudo_labeling.topreward_qwen_scorer INFO: Prefix 7/8 (end=32, n_frames=7/33): reward=-18.2500 (mean, 1 tok)
2026-04-29 23:44:29,626 mme_vla_suite.pseudo_labeling.topreward_qwen_scorer INFO: Prefix 8/8 (end=37, n_frames=8/38): reward=-18.7500 (mean, 1 tok)
2026-04-29 23:44:37,172 mme_vla_suite.pseudo_labeling.topreward_qwen_scorer INFO: Prefix 1/8 (end=4, n_frames=4/5): reward=-20.5000 (mean, 1 tok)
2026-04-29 23:44:43,991 mme_vla_suite.pseudo_labeling.topreward_qwen_scorer INFO: Prefix 2/8 (end=8, n_frames=4/9): reward=-19.6250 (mean, 1 tok)
2026-04-29 23:44:50,836 mme_vla_suite.pseudo_labeling.topreward_qwen_scorer INFO: Prefix 3/8 (end=13, n_frames=4/14): reward=-19.8750 (mean, 1 tok)
2026-04-29 23:44:57,664 mme_vla_suite.pseudo_labeling.topreward_qwen_scorer INFO: Prefix 4/8 (end=17, n_frames=4/18): reward=-18.7500 (mean, 1 tok)
2026-04-29 23:45:04,488 mme_vla_suite.pseudo_labeling.topreward_qwen_scorer INFO: Prefix 5/8 (end=22, n_frames=5/23): reward=-18.7500 (mean, 1 tok)
2026-04-29 23:45:11,329 mme_vla_suite.pseudo_labeling.topreward_qwen_scorer INFO: Prefix 6/8 (end=26, n_frames=5/27): reward=-19.7500 (mean, 1 tok)
2026-04-29 23:45:18,153 mme_vla_suite.pseudo_labeling.topreward_qwen_scorer INFO: Prefix 7/8 (end=31, n_frames=6/32): reward=-18.8750 (mean, 1 tok)
2026-04-29 23:45:25,048 mme_vla_suite.pseudo_labeling.topreward_qwen_scorer INFO: Prefix 8/8 (end=36, n_frames=7/37): reward=-18.8750 (mean, 1 tok)
2026-04-29 23:45:32,730 mme_vla_suite.pseudo_labeling.topreward_qwen_scorer INFO: Prefix 1/8 (end=4, n_frames=4/5): reward=-19.1250 (mean, 1 tok)
2026-04-29 23:45:39,619 mme_vla_suite.pseudo_labeling.topreward_qwen_scorer INFO: Prefix 2/8 (end=8, n_frames=4/9): reward=-18.6250 (mean, 1 tok)
2026-04-29 23:45:46,485 mme_vla_suite.pseudo_labeling.topreward_qwen_scorer INFO: Prefix 3/8 (end=13, n_frames=4/14): reward=-18.7500 (mean, 1 tok)
2026-04-29 23:45:53,336 mme_vla_suite.pseudo_labeling.topreward_qwen_scorer INFO: Prefix 4/8 (end=18, n_frames=4/19): reward=-18.7500 (mean, 1 tok)
2026-04-29 23:46:00,203 mme_vla_suite.pseudo_labeling.topreward_qwen_scorer INFO: Prefix 5/8 (end=22, n_frames=5/23): reward=-18.8750 (mean, 1 tok)
2026-04-29 23:46:07,058 mme_vla_suite.pseudo_labeling.topreward_qwen_scorer INFO: Prefix 6/8 (end=27, n_frames=6/28): reward=-18.6250 (mean, 1 tok)
2026-04-29 23:46:13,961 mme_vla_suite.pseudo_labeling.topreward_qwen_scorer INFO: Prefix 7/8 (end=32, n_frames=7/33): reward=-19.3750 (mean, 1 tok)
2026-04-29 23:46:20,854 mme_vla_suite.pseudo_labeling.topreward_qwen_scorer INFO: Prefix 8/8 (end=37, n_frames=8/38): reward=-19.5000 (mean, 1 tok)
2026-04-29 23:46:28,354 mme_vla_suite.pseudo_labeling.topreward_qwen_scorer INFO: Prefix 1/8 (end=4, n_frames=4/5): reward=-21.1250 (mean, 1 tok)
2026-04-29 23:46:35,215 mme_vla_suite.pseudo_labeling.topreward_qwen_scorer INFO: Prefix 2/8 (end=8, n_frames=4/9): reward=-20.0000 (mean, 1 tok)
2026-04-29 23:46:42,086 mme_vla_suite.pseudo_labeling.topreward_qwen_scorer INFO: Prefix 3/8 (end=12, n_frames=4/13): reward=-21.5000 (mean, 1 tok)
2026-04-29 23:46:48,958 mme_vla_suite.pseudo_labeling.topreward_qwen_scorer INFO: Prefix 4/8 (end=16, n_frames=4/17): reward=-20.2500 (mean, 1 tok)
2026-04-29 23:46:55,814 mme_vla_suite.pseudo_labeling.topreward_qwen_scorer INFO: Prefix 5/8 (end=20, n_frames=4/21): reward=-21.2500 (mean, 1 tok)
2026-04-29 23:47:02,665 mme_vla_suite.pseudo_labeling.topreward_qwen_scorer INFO: Prefix 6/8 (end=24, n_frames=5/25): reward=-20.0000 (mean, 1 tok)
2026-04-29 23:47:09,524 mme_vla_suite.pseudo_labeling.topreward_qwen_scorer INFO: Prefix 7/8 (end=28, n_frames=6/29): reward=-20.0000 (mean, 1 tok)
2026-04-29 23:47:16,391 mme_vla_suite.pseudo_labeling.topreward_qwen_scorer INFO: Prefix 8/8 (end=33, n_frames=7/34): reward=-17.7500 (mean, 1 tok)
2026-04-29 23:47:24,169 mme_vla_suite.pseudo_labeling.topreward_qwen_scorer INFO: Prefix 1/8 (end=5, n_frames=4/6): reward=-19.7500 (mean, 1 tok)
2026-04-29 23:47:31,035 mme_vla_suite.pseudo_labeling.topreward_qwen_scorer INFO: Prefix 2/8 (end=11, n_frames=4/12): reward=-19.7500 (mean, 1 tok)
2026-04-29 23:47:37,880 mme_vla_suite.pseudo_labeling.topreward_qwen_scorer INFO: Prefix 3/8 (end=18, n_frames=4/19): reward=-19.2500 (mean, 1 tok)
2026-04-29 23:47:44,759 mme_vla_suite.pseudo_labeling.topreward_qwen_scorer INFO: Prefix 4/8 (end=25, n_frames=5/26): reward=-18.6250 (mean, 1 tok)
2026-04-29 23:47:51,680 mme_vla_suite.pseudo_labeling.topreward_qwen_scorer INFO: Prefix 5/8 (end=31, n_frames=6/32): reward=-18.2500 (mean, 1 tok)
2026-04-29 23:47:58,579 mme_vla_suite.pseudo_labeling.topreward_qwen_scorer INFO: Prefix 6/8 (end=38, n_frames=8/39): reward=-18.7500 (mean, 1 tok)
2026-04-29 23:48:05,529 mme_vla_suite.pseudo_labeling.topreward_qwen_scorer INFO: Prefix 7/8 (end=45, n_frames=9/46): reward=-18.1250 (mean, 1 tok)
2026-04-29 23:48:12,401 mme_vla_suite.pseudo_labeling.topreward_qwen_scorer INFO: Prefix 8/8 (end=52, n_frames=11/53): reward=-18.3750 (mean, 1 tok)
2026-04-29 23:48:19,989 mme_vla_suite.pseudo_labeling.topreward_qwen_scorer INFO: Prefix 1/8 (end=9, n_frames=4/10): reward=-19.2500 (mean, 1 tok)
2026-04-29 23:48:26,853 mme_vla_suite.pseudo_labeling.topreward_qwen_scorer INFO: Prefix 2/8 (end=20, n_frames=4/21): reward=-19.1250 (mean, 1 tok)
2026-04-29 23:48:33,721 mme_vla_suite.pseudo_labeling.topreward_qwen_scorer INFO: Prefix 3/8 (end=32, n_frames=7/33): reward=-18.6250 (mean, 1 tok)
2026-04-29 23:48:40,594 mme_vla_suite.pseudo_labeling.topreward_qwen_scorer INFO: Prefix 4/8 (end=44, n_frames=9/45): reward=-18.3750 (mean, 1 tok)
2026-04-29 23:48:47,477 mme_vla_suite.pseudo_labeling.topreward_qwen_scorer INFO: Prefix 5/8 (end=55, n_frames=11/56): reward=-18.6250 (mean, 1 tok)
2026-04-29 23:48:54,372 mme_vla_suite.pseudo_labeling.topreward_qwen_scorer INFO: Prefix 6/8 (end=67, n_frames=14/68): reward=-18.7500 (mean, 1 tok)
2026-04-29 23:49:01,426 mme_vla_suite.pseudo_labeling.topreward_qwen_scorer INFO: Prefix 7/8 (end=79, n_frames=16/80): reward=-18.3750 (mean, 1 tok)
2026-04-29 23:49:08,492 mme_vla_suite.pseudo_labeling.topreward_qwen_scorer INFO: Prefix 8/8 (end=91, n_frames=18/92): reward=-19.0000 (mean, 1 tok)
