/coc/testnvme/shalbe3/miniconda/envs/robomme/lib/python3.11/site-packages/torch/cuda/__init__.py:63: FutureWarning: The pynvml package is deprecated. Please install nvidia-ml-py instead. If you did not install pynvml directly, please report this to the maintainers of the package that installed pynvml for you.
  import pynvml  # type: ignore[import]
`torch_dtype` is deprecated! Use `dtype` instead!
You are attempting to use Flash Attention 2 without specifying a torch dtype. This might lead to unexpected behaviour
2026-04-29 18:50:55,613 mme_vla_suite.pseudo_labeling.topreward_qwen_scorer WARNING: flash_attention_2 unavailable (/coc/testnvme/shalbe3/miniconda/envs/robomme/lib/python3.11/site-packages/flash_attn_2_cuda.cpython-311-x86_64-linux-gnu.so: undefined symbol: _ZNK3c106SymInt6sym_neERKS0_), using default attention
Loading checkpoint shards:   0%|          | 0/4 [00:00<?, ?it/s]Loading checkpoint shards:  25%|██▌       | 1/4 [00:07<00:23,  7.73s/it]Loading checkpoint shards:  50%|█████     | 2/4 [00:15<00:15,  7.79s/it]Loading checkpoint shards:  75%|███████▌  | 3/4 [00:24<00:08,  8.10s/it]Loading checkpoint shards: 100%|██████████| 4/4 [00:28<00:00,  6.76s/it]Loading checkpoint shards: 100%|██████████| 4/4 [00:28<00:00,  7.19s/it]
Asked to sample `fps` frames per second but no video metadata was provided which is required when sampling with `fps`. Defaulting to `fps=24`. Please provide `video_metadata` for more accurate results.
2026-04-29 18:51:31,832 mme_vla_suite.pseudo_labeling.topreward_qwen_scorer INFO: Prefix 1/16 (end=12, n_frames=4/13): reward=-20.0000 (mean, 1 tok)
2026-04-29 18:51:35,911 mme_vla_suite.pseudo_labeling.topreward_qwen_scorer INFO: Prefix 2/16 (end=19, n_frames=6/20): reward=-19.8750 (mean, 1 tok)
2026-04-29 18:51:40,009 mme_vla_suite.pseudo_labeling.topreward_qwen_scorer INFO: Prefix 3/16 (end=26, n_frames=8/27): reward=-19.8750 (mean, 1 tok)
2026-04-29 18:51:44,126 mme_vla_suite.pseudo_labeling.topreward_qwen_scorer INFO: Prefix 4/16 (end=33, n_frames=10/34): reward=-17.8750 (mean, 1 tok)
2026-04-29 18:51:48,245 mme_vla_suite.pseudo_labeling.topreward_qwen_scorer INFO: Prefix 5/16 (end=40, n_frames=12/41): reward=-18.8750 (mean, 1 tok)
2026-04-29 18:51:52,392 mme_vla_suite.pseudo_labeling.topreward_qwen_scorer INFO: Prefix 6/16 (end=48, n_frames=15/49): reward=-17.3750 (mean, 1 tok)
2026-04-29 18:51:56,579 mme_vla_suite.pseudo_labeling.topreward_qwen_scorer INFO: Prefix 7/16 (end=55, n_frames=17/56): reward=-16.6250 (mean, 1 tok)
2026-04-29 18:52:00,733 mme_vla_suite.pseudo_labeling.topreward_qwen_scorer INFO: Prefix 8/16 (end=62, n_frames=19/63): reward=-16.3750 (mean, 1 tok)
2026-04-29 18:52:04,933 mme_vla_suite.pseudo_labeling.topreward_qwen_scorer INFO: Prefix 9/16 (end=69, n_frames=21/70): reward=-19.2500 (mean, 1 tok)
2026-04-29 18:52:09,132 mme_vla_suite.pseudo_labeling.topreward_qwen_scorer INFO: Prefix 10/16 (end=76, n_frames=23/77): reward=-20.8750 (mean, 1 tok)
2026-04-29 18:52:13,324 mme_vla_suite.pseudo_labeling.topreward_qwen_scorer INFO: Prefix 11/16 (end=84, n_frames=26/85): reward=-19.8750 (mean, 1 tok)
2026-04-29 18:52:17,528 mme_vla_suite.pseudo_labeling.topreward_qwen_scorer INFO: Prefix 12/16 (end=91, n_frames=28/92): reward=-21.3750 (mean, 1 tok)
2026-04-29 18:52:21,723 mme_vla_suite.pseudo_labeling.topreward_qwen_scorer INFO: Prefix 13/16 (end=98, n_frames=30/99): reward=-18.3750 (mean, 1 tok)
2026-04-29 18:52:25,944 mme_vla_suite.pseudo_labeling.topreward_qwen_scorer INFO: Prefix 14/16 (end=105, n_frames=32/106): reward=-18.1250 (mean, 1 tok)
2026-04-29 18:52:30,247 mme_vla_suite.pseudo_labeling.topreward_qwen_scorer INFO: Prefix 15/16 (end=112, n_frames=34/113): reward=-17.3750 (mean, 1 tok)
2026-04-29 18:52:34,546 mme_vla_suite.pseudo_labeling.topreward_qwen_scorer INFO: Prefix 16/16 (end=120, n_frames=36/121): reward=-19.0000 (mean, 1 tok)
2026-04-29 18:52:39,346 mme_vla_suite.pseudo_labeling.topreward_qwen_scorer INFO: Prefix 1/16 (end=9, n_frames=4/10): reward=-22.0000 (mean, 1 tok)
2026-04-29 18:52:43,401 mme_vla_suite.pseudo_labeling.topreward_qwen_scorer INFO: Prefix 2/16 (end=14, n_frames=4/15): reward=-22.3750 (mean, 1 tok)
2026-04-29 18:52:47,463 mme_vla_suite.pseudo_labeling.topreward_qwen_scorer INFO: Prefix 3/16 (end=20, n_frames=6/21): reward=-23.0000 (mean, 1 tok)
2026-04-29 18:52:51,548 mme_vla_suite.pseudo_labeling.topreward_qwen_scorer INFO: Prefix 4/16 (end=26, n_frames=8/27): reward=-23.1250 (mean, 1 tok)
2026-04-29 18:52:55,637 mme_vla_suite.pseudo_labeling.topreward_qwen_scorer INFO: Prefix 5/16 (end=32, n_frames=10/33): reward=-22.3750 (mean, 1 tok)
2026-04-29 18:52:59,719 mme_vla_suite.pseudo_labeling.topreward_qwen_scorer INFO: Prefix 6/16 (end=38, n_frames=12/39): reward=-22.1250 (mean, 1 tok)
2026-04-29 18:53:03,826 mme_vla_suite.pseudo_labeling.topreward_qwen_scorer INFO: Prefix 7/16 (end=43, n_frames=13/44): reward=-22.6250 (mean, 1 tok)
2026-04-29 18:53:07,923 mme_vla_suite.pseudo_labeling.topreward_qwen_scorer INFO: Prefix 8/16 (end=49, n_frames=15/50): reward=-21.0000 (mean, 1 tok)
2026-04-29 18:53:12,027 mme_vla_suite.pseudo_labeling.topreward_qwen_scorer INFO: Prefix 9/16 (end=55, n_frames=17/56): reward=-20.2500 (mean, 1 tok)
2026-04-29 18:53:16,153 mme_vla_suite.pseudo_labeling.topreward_qwen_scorer INFO: Prefix 10/16 (end=61, n_frames=19/62): reward=-21.2500 (mean, 1 tok)
2026-04-29 18:53:20,357 mme_vla_suite.pseudo_labeling.topreward_qwen_scorer INFO: Prefix 11/16 (end=67, n_frames=20/68): reward=-21.3750 (mean, 1 tok)
2026-04-29 18:53:24,539 mme_vla_suite.pseudo_labeling.topreward_qwen_scorer INFO: Prefix 12/16 (end=72, n_frames=22/73): reward=-20.3750 (mean, 1 tok)
2026-04-29 18:53:28,700 mme_vla_suite.pseudo_labeling.topreward_qwen_scorer INFO: Prefix 13/16 (end=78, n_frames=24/79): reward=-19.5000 (mean, 1 tok)
2026-04-29 18:53:32,891 mme_vla_suite.pseudo_labeling.topreward_qwen_scorer INFO: Prefix 14/16 (end=84, n_frames=26/85): reward=-20.3750 (mean, 1 tok)
2026-04-29 18:53:37,096 mme_vla_suite.pseudo_labeling.topreward_qwen_scorer INFO: Prefix 15/16 (end=90, n_frames=27/91): reward=-21.0000 (mean, 1 tok)
2026-04-29 18:53:41,292 mme_vla_suite.pseudo_labeling.topreward_qwen_scorer INFO: Prefix 16/16 (end=96, n_frames=29/97): reward=-21.2500 (mean, 1 tok)
2026-04-29 18:53:46,344 mme_vla_suite.pseudo_labeling.topreward_qwen_scorer INFO: Prefix 1/16 (end=19, n_frames=6/20): reward=-23.7500 (mean, 1 tok)
2026-04-29 18:53:50,510 mme_vla_suite.pseudo_labeling.topreward_qwen_scorer INFO: Prefix 2/16 (end=30, n_frames=9/31): reward=-23.5000 (mean, 1 tok)
2026-04-29 18:53:54,604 mme_vla_suite.pseudo_labeling.topreward_qwen_scorer INFO: Prefix 3/16 (end=42, n_frames=13/43): reward=-23.6250 (mean, 1 tok)
2026-04-29 18:53:58,703 mme_vla_suite.pseudo_labeling.topreward_qwen_scorer INFO: Prefix 4/16 (end=54, n_frames=16/55): reward=-23.8750 (mean, 1 tok)
2026-04-29 18:54:02,822 mme_vla_suite.pseudo_labeling.topreward_qwen_scorer INFO: Prefix 5/16 (end=66, n_frames=20/67): reward=-23.0000 (mean, 1 tok)
2026-04-29 18:54:06,996 mme_vla_suite.pseudo_labeling.topreward_qwen_scorer INFO: Prefix 6/16 (end=78, n_frames=24/79): reward=-22.8750 (mean, 1 tok)
2026-04-29 18:54:11,219 mme_vla_suite.pseudo_labeling.topreward_qwen_scorer INFO: Prefix 7/16 (end=90, n_frames=27/91): reward=-23.1250 (mean, 1 tok)
2026-04-29 18:54:15,448 mme_vla_suite.pseudo_labeling.topreward_qwen_scorer INFO: Prefix 8/16 (end=102, n_frames=31/103): reward=-22.2500 (mean, 1 tok)
2026-04-29 18:54:19,728 mme_vla_suite.pseudo_labeling.topreward_qwen_scorer INFO: Prefix 9/16 (end=113, n_frames=34/114): reward=-22.3750 (mean, 1 tok)
2026-04-29 18:54:24,045 mme_vla_suite.pseudo_labeling.topreward_qwen_scorer INFO: Prefix 10/16 (end=125, n_frames=38/126): reward=-23.1250 (mean, 1 tok)
2026-04-29 18:54:28,375 mme_vla_suite.pseudo_labeling.topreward_qwen_scorer INFO: Prefix 11/16 (end=137, n_frames=41/138): reward=-21.5000 (mean, 1 tok)
2026-04-29 18:54:32,706 mme_vla_suite.pseudo_labeling.topreward_qwen_scorer INFO: Prefix 12/16 (end=149, n_frames=45/150): reward=-22.2500 (mean, 1 tok)
2026-04-29 18:54:37,097 mme_vla_suite.pseudo_labeling.topreward_qwen_scorer INFO: Prefix 13/16 (end=161, n_frames=49/162): reward=-21.8750 (mean, 1 tok)
2026-04-29 18:54:41,499 mme_vla_suite.pseudo_labeling.topreward_qwen_scorer INFO: Prefix 14/16 (end=173, n_frames=52/174): reward=-22.2500 (mean, 1 tok)
2026-04-29 18:54:45,936 mme_vla_suite.pseudo_labeling.topreward_qwen_scorer INFO: Prefix 15/16 (end=185, n_frames=56/186): reward=-18.0000 (mean, 1 tok)
2026-04-29 18:54:52,424 mme_vla_suite.pseudo_labeling.topreward_qwen_scorer INFO: Prefix 16/16 (end=197, n_frames=59/198): reward=-18.8750 (mean, 1 tok)
2026-04-29 18:54:57,201 mme_vla_suite.pseudo_labeling.topreward_qwen_scorer INFO: Prefix 1/8 (end=4, n_frames=4/5): reward=-21.0000 (mean, 1 tok)
2026-04-29 18:55:01,279 mme_vla_suite.pseudo_labeling.topreward_qwen_scorer INFO: Prefix 2/8 (end=10, n_frames=4/11): reward=-21.1250 (mean, 1 tok)
2026-04-29 18:55:05,341 mme_vla_suite.pseudo_labeling.topreward_qwen_scorer INFO: Prefix 3/8 (end=16, n_frames=5/17): reward=-20.3750 (mean, 1 tok)
2026-04-29 18:55:09,397 mme_vla_suite.pseudo_labeling.topreward_qwen_scorer INFO: Prefix 4/8 (end=22, n_frames=7/23): reward=-20.7500 (mean, 1 tok)
2026-04-29 18:55:13,491 mme_vla_suite.pseudo_labeling.topreward_qwen_scorer INFO: Prefix 5/8 (end=28, n_frames=9/29): reward=-20.6250 (mean, 1 tok)
2026-04-29 18:55:17,590 mme_vla_suite.pseudo_labeling.topreward_qwen_scorer INFO: Prefix 6/8 (end=34, n_frames=10/35): reward=-20.0000 (mean, 1 tok)
2026-04-29 18:55:21,706 mme_vla_suite.pseudo_labeling.topreward_qwen_scorer INFO: Prefix 7/8 (end=40, n_frames=12/41): reward=-21.3750 (mean, 1 tok)
2026-04-29 18:55:25,806 mme_vla_suite.pseudo_labeling.topreward_qwen_scorer INFO: Prefix 8/8 (end=47, n_frames=14/48): reward=-21.5000 (mean, 1 tok)
2026-04-29 18:55:30,561 mme_vla_suite.pseudo_labeling.topreward_qwen_scorer INFO: Prefix 1/16 (end=8, n_frames=4/9): reward=-25.3750 (mean, 1 tok)
2026-04-29 18:55:34,642 mme_vla_suite.pseudo_labeling.topreward_qwen_scorer INFO: Prefix 2/16 (end=13, n_frames=4/14): reward=-24.7500 (mean, 1 tok)
2026-04-29 18:55:38,712 mme_vla_suite.pseudo_labeling.topreward_qwen_scorer INFO: Prefix 3/16 (end=18, n_frames=6/19): reward=-24.2500 (mean, 1 tok)
2026-04-29 18:55:42,802 mme_vla_suite.pseudo_labeling.topreward_qwen_scorer INFO: Prefix 4/16 (end=23, n_frames=7/24): reward=-24.2500 (mean, 1 tok)
2026-04-29 18:55:46,889 mme_vla_suite.pseudo_labeling.topreward_qwen_scorer INFO: Prefix 5/16 (end=28, n_frames=9/29): reward=-23.7500 (mean, 1 tok)
2026-04-29 18:55:50,955 mme_vla_suite.pseudo_labeling.topreward_qwen_scorer INFO: Prefix 6/16 (end=33, n_frames=10/34): reward=-24.1250 (mean, 1 tok)
2026-04-29 18:55:55,043 mme_vla_suite.pseudo_labeling.topreward_qwen_scorer INFO: Prefix 7/16 (end=38, n_frames=12/39): reward=-23.3750 (mean, 1 tok)
2026-04-29 18:55:59,118 mme_vla_suite.pseudo_labeling.topreward_qwen_scorer INFO: Prefix 8/16 (end=43, n_frames=13/44): reward=-23.8750 (mean, 1 tok)
2026-04-29 18:56:03,212 mme_vla_suite.pseudo_labeling.topreward_qwen_scorer INFO: Prefix 9/16 (end=48, n_frames=15/49): reward=-24.2500 (mean, 1 tok)
2026-04-29 18:56:07,338 mme_vla_suite.pseudo_labeling.topreward_qwen_scorer INFO: Prefix 10/16 (end=53, n_frames=16/54): reward=-23.8750 (mean, 1 tok)
2026-04-29 18:56:11,433 mme_vla_suite.pseudo_labeling.topreward_qwen_scorer INFO: Prefix 11/16 (end=58, n_frames=18/59): reward=-23.3750 (mean, 1 tok)
2026-04-29 18:56:15,518 mme_vla_suite.pseudo_labeling.topreward_qwen_scorer INFO: Prefix 12/16 (end=63, n_frames=19/64): reward=-23.1250 (mean, 1 tok)
2026-04-29 18:56:19,690 mme_vla_suite.pseudo_labeling.topreward_qwen_scorer INFO: Prefix 13/16 (end=68, n_frames=21/69): reward=-22.5000 (mean, 1 tok)
2026-04-29 18:56:23,857 mme_vla_suite.pseudo_labeling.topreward_qwen_scorer INFO: Prefix 14/16 (end=73, n_frames=22/74): reward=-22.6250 (mean, 1 tok)
2026-04-29 18:56:28,019 mme_vla_suite.pseudo_labeling.topreward_qwen_scorer INFO: Prefix 15/16 (end=78, n_frames=24/79): reward=-20.1250 (mean, 1 tok)
2026-04-29 18:56:32,221 mme_vla_suite.pseudo_labeling.topreward_qwen_scorer INFO: Prefix 16/16 (end=84, n_frames=26/85): reward=-19.3750 (mean, 1 tok)
2026-04-29 18:56:36,878 mme_vla_suite.pseudo_labeling.topreward_qwen_scorer INFO: Prefix 1/16 (end=9, n_frames=4/10): reward=-25.5000 (mean, 1 tok)
2026-04-29 18:56:40,952 mme_vla_suite.pseudo_labeling.topreward_qwen_scorer INFO: Prefix 2/16 (end=14, n_frames=4/15): reward=-24.3750 (mean, 1 tok)
2026-04-29 18:56:45,052 mme_vla_suite.pseudo_labeling.topreward_qwen_scorer INFO: Prefix 3/16 (end=19, n_frames=6/20): reward=-24.2500 (mean, 1 tok)
2026-04-29 18:56:49,149 mme_vla_suite.pseudo_labeling.topreward_qwen_scorer INFO: Prefix 4/16 (end=25, n_frames=8/26): reward=-24.2500 (mean, 1 tok)
2026-04-29 18:56:53,227 mme_vla_suite.pseudo_labeling.topreward_qwen_scorer INFO: Prefix 5/16 (end=30, n_frames=9/31): reward=-24.0000 (mean, 1 tok)
2026-04-29 18:56:57,327 mme_vla_suite.pseudo_labeling.topreward_qwen_scorer INFO: Prefix 6/16 (end=36, n_frames=11/37): reward=-22.8750 (mean, 1 tok)
2026-04-29 18:57:01,400 mme_vla_suite.pseudo_labeling.topreward_qwen_scorer INFO: Prefix 7/16 (end=41, n_frames=13/42): reward=-24.1250 (mean, 1 tok)
2026-04-29 18:57:05,493 mme_vla_suite.pseudo_labeling.topreward_qwen_scorer INFO: Prefix 8/16 (end=46, n_frames=14/47): reward=-23.7500 (mean, 1 tok)
2026-04-29 18:57:09,611 mme_vla_suite.pseudo_labeling.topreward_qwen_scorer INFO: Prefix 9/16 (end=52, n_frames=16/53): reward=-24.1250 (mean, 1 tok)
2026-04-29 18:57:13,730 mme_vla_suite.pseudo_labeling.topreward_qwen_scorer INFO: Prefix 10/16 (end=57, n_frames=17/58): reward=-23.6250 (mean, 1 tok)
2026-04-29 18:57:17,866 mme_vla_suite.pseudo_labeling.topreward_qwen_scorer INFO: Prefix 11/16 (end=63, n_frames=19/64): reward=-23.1250 (mean, 1 tok)
2026-04-29 18:57:22,005 mme_vla_suite.pseudo_labeling.topreward_qwen_scorer INFO: Prefix 12/16 (end=68, n_frames=21/69): reward=-22.5000 (mean, 1 tok)
2026-04-29 18:57:26,138 mme_vla_suite.pseudo_labeling.topreward_qwen_scorer INFO: Prefix 13/16 (end=73, n_frames=22/74): reward=-22.6250 (mean, 1 tok)
2026-04-29 18:57:30,290 mme_vla_suite.pseudo_labeling.topreward_qwen_scorer INFO: Prefix 14/16 (end=79, n_frames=24/80): reward=-19.8750 (mean, 1 tok)
2026-04-29 18:57:34,503 mme_vla_suite.pseudo_labeling.topreward_qwen_scorer INFO: Prefix 15/16 (end=84, n_frames=26/85): reward=-19.3750 (mean, 1 tok)
2026-04-29 18:57:38,706 mme_vla_suite.pseudo_labeling.topreward_qwen_scorer INFO: Prefix 16/16 (end=90, n_frames=27/91): reward=-19.5000 (mean, 1 tok)
2026-04-29 18:57:43,536 mme_vla_suite.pseudo_labeling.topreward_qwen_scorer INFO: Prefix 1/16 (end=10, n_frames=4/11): reward=-19.1250 (mean, 1 tok)
2026-04-29 18:57:47,593 mme_vla_suite.pseudo_labeling.topreward_qwen_scorer INFO: Prefix 2/16 (end=16, n_frames=5/17): reward=-19.1250 (mean, 1 tok)
2026-04-29 18:57:51,663 mme_vla_suite.pseudo_labeling.topreward_qwen_scorer INFO: Prefix 3/16 (end=23, n_frames=7/24): reward=-19.1250 (mean, 1 tok)
2026-04-29 18:57:55,750 mme_vla_suite.pseudo_labeling.topreward_qwen_scorer INFO: Prefix 4/16 (end=29, n_frames=9/30): reward=-19.0000 (mean, 1 tok)
2026-04-29 18:57:59,826 mme_vla_suite.pseudo_labeling.topreward_qwen_scorer INFO: Prefix 5/16 (end=36, n_frames=11/37): reward=-18.7500 (mean, 1 tok)
2026-04-29 18:58:03,904 mme_vla_suite.pseudo_labeling.topreward_qwen_scorer INFO: Prefix 6/16 (end=42, n_frames=13/43): reward=-19.0000 (mean, 1 tok)
2026-04-29 18:58:07,994 mme_vla_suite.pseudo_labeling.topreward_qwen_scorer INFO: Prefix 7/16 (end=49, n_frames=15/50): reward=-18.1250 (mean, 1 tok)
2026-04-29 18:58:12,091 mme_vla_suite.pseudo_labeling.topreward_qwen_scorer INFO: Prefix 8/16 (end=55, n_frames=17/56): reward=-18.0000 (mean, 1 tok)
2026-04-29 18:58:16,237 mme_vla_suite.pseudo_labeling.topreward_qwen_scorer INFO: Prefix 9/16 (end=62, n_frames=19/63): reward=-18.7500 (mean, 1 tok)
2026-04-29 18:58:20,379 mme_vla_suite.pseudo_labeling.topreward_qwen_scorer INFO: Prefix 10/16 (end=68, n_frames=21/69): reward=-19.7500 (mean, 1 tok)
2026-04-29 18:58:24,549 mme_vla_suite.pseudo_labeling.topreward_qwen_scorer INFO: Prefix 11/16 (end=75, n_frames=23/76): reward=-19.3750 (mean, 1 tok)
2026-04-29 18:58:28,747 mme_vla_suite.pseudo_labeling.topreward_qwen_scorer INFO: Prefix 12/16 (end=81, n_frames=25/82): reward=-19.6250 (mean, 1 tok)
2026-04-29 18:58:32,967 mme_vla_suite.pseudo_labeling.topreward_qwen_scorer INFO: Prefix 13/16 (end=88, n_frames=27/89): reward=-17.8750 (mean, 1 tok)
2026-04-29 18:58:37,138 mme_vla_suite.pseudo_labeling.topreward_qwen_scorer INFO: Prefix 14/16 (end=94, n_frames=28/95): reward=-17.1250 (mean, 1 tok)
2026-04-29 18:58:41,327 mme_vla_suite.pseudo_labeling.topreward_qwen_scorer INFO: Prefix 15/16 (end=101, n_frames=31/102): reward=-17.7500 (mean, 1 tok)
2026-04-29 18:58:45,528 mme_vla_suite.pseudo_labeling.topreward_qwen_scorer INFO: Prefix 16/16 (end=108, n_frames=33/109): reward=-17.5000 (mean, 1 tok)
2026-04-29 18:58:50,366 mme_vla_suite.pseudo_labeling.topreward_qwen_scorer INFO: Prefix 1/16 (end=9, n_frames=4/10): reward=-22.1250 (mean, 1 tok)
2026-04-29 18:58:54,460 mme_vla_suite.pseudo_labeling.topreward_qwen_scorer INFO: Prefix 2/16 (end=14, n_frames=4/15): reward=-21.3750 (mean, 1 tok)
2026-04-29 18:58:58,553 mme_vla_suite.pseudo_labeling.topreward_qwen_scorer INFO: Prefix 3/16 (end=20, n_frames=6/21): reward=-21.3750 (mean, 1 tok)
2026-04-29 18:59:02,670 mme_vla_suite.pseudo_labeling.topreward_qwen_scorer INFO: Prefix 4/16 (end=26, n_frames=8/27): reward=-21.6250 (mean, 1 tok)
2026-04-29 18:59:06,784 mme_vla_suite.pseudo_labeling.topreward_qwen_scorer INFO: Prefix 5/16 (end=31, n_frames=10/32): reward=-21.7500 (mean, 1 tok)
2026-04-29 18:59:10,899 mme_vla_suite.pseudo_labeling.topreward_qwen_scorer INFO: Prefix 6/16 (end=37, n_frames=11/38): reward=-22.2500 (mean, 1 tok)
2026-04-29 18:59:15,047 mme_vla_suite.pseudo_labeling.topreward_qwen_scorer INFO: Prefix 7/16 (end=43, n_frames=13/44): reward=-21.0000 (mean, 1 tok)
2026-04-29 18:59:19,168 mme_vla_suite.pseudo_labeling.topreward_qwen_scorer INFO: Prefix 8/16 (end=48, n_frames=15/49): reward=-21.0000 (mean, 1 tok)
2026-04-29 18:59:23,317 mme_vla_suite.pseudo_labeling.topreward_qwen_scorer INFO: Prefix 9/16 (end=54, n_frames=16/55): reward=-19.7500 (mean, 1 tok)
2026-04-29 18:59:27,490 mme_vla_suite.pseudo_labeling.topreward_qwen_scorer INFO: Prefix 10/16 (end=60, n_frames=18/61): reward=-20.5000 (mean, 1 tok)
2026-04-29 18:59:31,643 mme_vla_suite.pseudo_labeling.topreward_qwen_scorer INFO: Prefix 11/16 (end=65, n_frames=20/66): reward=-20.1250 (mean, 1 tok)
2026-04-29 18:59:35,913 mme_vla_suite.pseudo_labeling.topreward_qwen_scorer INFO: Prefix 12/16 (end=71, n_frames=22/72): reward=-20.6250 (mean, 1 tok)
2026-04-29 18:59:40,115 mme_vla_suite.pseudo_labeling.topreward_qwen_scorer INFO: Prefix 13/16 (end=77, n_frames=23/78): reward=-19.3750 (mean, 1 tok)
2026-04-29 18:59:44,367 mme_vla_suite.pseudo_labeling.topreward_qwen_scorer INFO: Prefix 14/16 (end=82, n_frames=25/83): reward=-18.7500 (mean, 1 tok)
2026-04-29 18:59:48,590 mme_vla_suite.pseudo_labeling.topreward_qwen_scorer INFO: Prefix 15/16 (end=88, n_frames=27/89): reward=-20.7500 (mean, 1 tok)
2026-04-29 18:59:52,833 mme_vla_suite.pseudo_labeling.topreward_qwen_scorer INFO: Prefix 16/16 (end=94, n_frames=28/95): reward=-19.7500 (mean, 1 tok)
2026-04-29 18:59:57,973 mme_vla_suite.pseudo_labeling.topreward_qwen_scorer INFO: Prefix 1/16 (end=10, n_frames=4/11): reward=-24.5000 (mean, 1 tok)
2026-04-29 19:00:02,115 mme_vla_suite.pseudo_labeling.topreward_qwen_scorer INFO: Prefix 2/16 (end=16, n_frames=5/17): reward=-23.6250 (mean, 1 tok)
2026-04-29 19:00:06,273 mme_vla_suite.pseudo_labeling.topreward_qwen_scorer INFO: Prefix 3/16 (end=22, n_frames=7/23): reward=-23.8750 (mean, 1 tok)
2026-04-29 19:00:10,412 mme_vla_suite.pseudo_labeling.topreward_qwen_scorer INFO: Prefix 4/16 (end=28, n_frames=9/29): reward=-23.6250 (mean, 1 tok)
2026-04-29 19:00:14,550 mme_vla_suite.pseudo_labeling.topreward_qwen_scorer INFO: Prefix 5/16 (end=34, n_frames=10/35): reward=-23.7500 (mean, 1 tok)
2026-04-29 19:00:18,716 mme_vla_suite.pseudo_labeling.topreward_qwen_scorer INFO: Prefix 6/16 (end=40, n_frames=12/41): reward=-23.8750 (mean, 1 tok)
2026-04-29 19:00:22,851 mme_vla_suite.pseudo_labeling.topreward_qwen_scorer INFO: Prefix 7/16 (end=46, n_frames=14/47): reward=-23.8750 (mean, 1 tok)
2026-04-29 19:00:26,992 mme_vla_suite.pseudo_labeling.topreward_qwen_scorer INFO: Prefix 8/16 (end=52, n_frames=16/53): reward=-23.5000 (mean, 1 tok)
2026-04-29 19:00:31,164 mme_vla_suite.pseudo_labeling.topreward_qwen_scorer INFO: Prefix 9/16 (end=59, n_frames=18/60): reward=-22.8750 (mean, 1 tok)
2026-04-29 19:00:35,357 mme_vla_suite.pseudo_labeling.topreward_qwen_scorer INFO: Prefix 10/16 (end=65, n_frames=20/66): reward=-23.0000 (mean, 1 tok)
2026-04-29 19:00:39,563 mme_vla_suite.pseudo_labeling.topreward_qwen_scorer INFO: Prefix 11/16 (end=71, n_frames=22/72): reward=-23.6250 (mean, 1 tok)
2026-04-29 19:00:43,767 mme_vla_suite.pseudo_labeling.topreward_qwen_scorer INFO: Prefix 12/16 (end=77, n_frames=23/78): reward=-24.0000 (mean, 1 tok)
2026-04-29 19:00:48,024 mme_vla_suite.pseudo_labeling.topreward_qwen_scorer INFO: Prefix 13/16 (end=83, n_frames=25/84): reward=-23.7500 (mean, 1 tok)
2026-04-29 19:00:52,295 mme_vla_suite.pseudo_labeling.topreward_qwen_scorer INFO: Prefix 14/16 (end=89, n_frames=27/90): reward=-23.8750 (mean, 1 tok)
2026-04-29 19:00:56,547 mme_vla_suite.pseudo_labeling.topreward_qwen_scorer INFO: Prefix 15/16 (end=95, n_frames=29/96): reward=-23.3750 (mean, 1 tok)
2026-04-29 19:01:00,772 mme_vla_suite.pseudo_labeling.topreward_qwen_scorer INFO: Prefix 16/16 (end=102, n_frames=31/103): reward=-18.3750 (mean, 1 tok)
2026-04-29 19:01:05,399 mme_vla_suite.pseudo_labeling.topreward_qwen_scorer INFO: Prefix 1/16 (end=10, n_frames=4/11): reward=-24.5000 (mean, 1 tok)
2026-04-29 19:01:09,481 mme_vla_suite.pseudo_labeling.topreward_qwen_scorer INFO: Prefix 2/16 (end=16, n_frames=5/17): reward=-23.6250 (mean, 1 tok)
2026-04-29 19:01:13,558 mme_vla_suite.pseudo_labeling.topreward_qwen_scorer INFO: Prefix 3/16 (end=23, n_frames=7/24): reward=-23.7500 (mean, 1 tok)
2026-04-29 19:01:17,703 mme_vla_suite.pseudo_labeling.topreward_qwen_scorer INFO: Prefix 4/16 (end=29, n_frames=9/30): reward=-23.7500 (mean, 1 tok)
2026-04-29 19:01:21,840 mme_vla_suite.pseudo_labeling.topreward_qwen_scorer INFO: Prefix 5/16 (end=36, n_frames=11/37): reward=-23.2500 (mean, 1 tok)
2026-04-29 19:01:25,984 mme_vla_suite.pseudo_labeling.topreward_qwen_scorer INFO: Prefix 6/16 (end=42, n_frames=13/43): reward=-24.2500 (mean, 1 tok)
2026-04-29 19:01:30,120 mme_vla_suite.pseudo_labeling.topreward_qwen_scorer INFO: Prefix 7/16 (end=49, n_frames=15/50): reward=-23.6250 (mean, 1 tok)
2026-04-29 19:01:34,278 mme_vla_suite.pseudo_labeling.topreward_qwen_scorer INFO: Prefix 8/16 (end=55, n_frames=17/56): reward=-22.8750 (mean, 1 tok)
2026-04-29 19:01:38,428 mme_vla_suite.pseudo_labeling.topreward_qwen_scorer INFO: Prefix 9/16 (end=62, n_frames=19/63): reward=-22.6250 (mean, 1 tok)
2026-04-29 19:01:42,628 mme_vla_suite.pseudo_labeling.topreward_qwen_scorer INFO: Prefix 10/16 (end=68, n_frames=21/69): reward=-23.0000 (mean, 1 tok)
2026-04-29 19:01:46,839 mme_vla_suite.pseudo_labeling.topreward_qwen_scorer INFO: Prefix 11/16 (end=75, n_frames=23/76): reward=-24.1250 (mean, 1 tok)
2026-04-29 19:01:51,111 mme_vla_suite.pseudo_labeling.topreward_qwen_scorer INFO: Prefix 12/16 (end=81, n_frames=25/82): reward=-24.2500 (mean, 1 tok)
2026-04-29 19:01:55,365 mme_vla_suite.pseudo_labeling.topreward_qwen_scorer INFO: Prefix 13/16 (end=88, n_frames=27/89): reward=-24.1250 (mean, 1 tok)
2026-04-29 19:01:59,603 mme_vla_suite.pseudo_labeling.topreward_qwen_scorer INFO: Prefix 14/16 (end=94, n_frames=28/95): reward=-24.5000 (mean, 1 tok)
2026-04-29 19:02:03,894 mme_vla_suite.pseudo_labeling.topreward_qwen_scorer INFO: Prefix 15/16 (end=101, n_frames=31/102): reward=-18.5000 (mean, 1 tok)
2026-04-29 19:02:08,149 mme_vla_suite.pseudo_labeling.topreward_qwen_scorer INFO: Prefix 16/16 (end=108, n_frames=33/109): reward=-18.0000 (mean, 1 tok)
2026-04-29 19:02:12,976 mme_vla_suite.pseudo_labeling.topreward_qwen_scorer INFO: Prefix 1/16 (end=12, n_frames=4/13): reward=-19.1250 (mean, 1 tok)
2026-04-29 19:02:17,087 mme_vla_suite.pseudo_labeling.topreward_qwen_scorer INFO: Prefix 2/16 (end=19, n_frames=6/20): reward=-19.7500 (mean, 1 tok)
2026-04-29 19:02:21,213 mme_vla_suite.pseudo_labeling.topreward_qwen_scorer INFO: Prefix 3/16 (end=26, n_frames=8/27): reward=-19.7500 (mean, 1 tok)
2026-04-29 19:02:25,319 mme_vla_suite.pseudo_labeling.topreward_qwen_scorer INFO: Prefix 4/16 (end=33, n_frames=10/34): reward=-17.8750 (mean, 1 tok)
2026-04-29 19:02:29,451 mme_vla_suite.pseudo_labeling.topreward_qwen_scorer INFO: Prefix 5/16 (end=40, n_frames=12/41): reward=-18.0000 (mean, 1 tok)
2026-04-29 19:02:33,580 mme_vla_suite.pseudo_labeling.topreward_qwen_scorer INFO: Prefix 6/16 (end=47, n_frames=14/48): reward=-18.2500 (mean, 1 tok)
2026-04-29 19:02:37,710 mme_vla_suite.pseudo_labeling.topreward_qwen_scorer INFO: Prefix 7/16 (end=54, n_frames=16/55): reward=-19.1250 (mean, 1 tok)
2026-04-29 19:02:41,915 mme_vla_suite.pseudo_labeling.topreward_qwen_scorer INFO: Prefix 8/16 (end=61, n_frames=19/62): reward=-16.7500 (mean, 1 tok)
2026-04-29 19:02:46,089 mme_vla_suite.pseudo_labeling.topreward_qwen_scorer INFO: Prefix 9/16 (end=69, n_frames=21/70): reward=-19.2500 (mean, 1 tok)
2026-04-29 19:02:50,293 mme_vla_suite.pseudo_labeling.topreward_qwen_scorer INFO: Prefix 10/16 (end=76, n_frames=23/77): reward=-19.2500 (mean, 1 tok)
2026-04-29 19:02:54,538 mme_vla_suite.pseudo_labeling.topreward_qwen_scorer INFO: Prefix 11/16 (end=83, n_frames=25/84): reward=-20.3750 (mean, 1 tok)
2026-04-29 19:02:58,758 mme_vla_suite.pseudo_labeling.topreward_qwen_scorer INFO: Prefix 12/16 (end=90, n_frames=27/91): reward=-19.3750 (mean, 1 tok)
2026-04-29 19:03:02,977 mme_vla_suite.pseudo_labeling.topreward_qwen_scorer INFO: Prefix 13/16 (end=97, n_frames=29/98): reward=-17.0000 (mean, 1 tok)
2026-04-29 19:03:07,228 mme_vla_suite.pseudo_labeling.topreward_qwen_scorer INFO: Prefix 14/16 (end=104, n_frames=32/105): reward=-16.7500 (mean, 1 tok)
2026-04-29 19:03:11,496 mme_vla_suite.pseudo_labeling.topreward_qwen_scorer INFO: Prefix 15/16 (end=111, n_frames=34/112): reward=-15.5000 (mean, 1 tok)
2026-04-29 19:03:15,799 mme_vla_suite.pseudo_labeling.topreward_qwen_scorer INFO: Prefix 16/16 (end=119, n_frames=36/120): reward=-18.5000 (mean, 1 tok)
2026-04-29 19:03:20,818 mme_vla_suite.pseudo_labeling.topreward_qwen_scorer INFO: Prefix 1/16 (end=9, n_frames=4/10): reward=-21.2500 (mean, 1 tok)
2026-04-29 19:03:24,911 mme_vla_suite.pseudo_labeling.topreward_qwen_scorer INFO: Prefix 2/16 (end=14, n_frames=4/15): reward=-21.1250 (mean, 1 tok)
2026-04-29 19:03:28,981 mme_vla_suite.pseudo_labeling.topreward_qwen_scorer INFO: Prefix 3/16 (end=20, n_frames=6/21): reward=-21.1250 (mean, 1 tok)
2026-04-29 19:03:33,052 mme_vla_suite.pseudo_labeling.topreward_qwen_scorer INFO: Prefix 4/16 (end=25, n_frames=8/26): reward=-21.6250 (mean, 1 tok)
2026-04-29 19:03:37,138 mme_vla_suite.pseudo_labeling.topreward_qwen_scorer INFO: Prefix 5/16 (end=31, n_frames=10/32): reward=-21.2500 (mean, 1 tok)
2026-04-29 19:03:41,213 mme_vla_suite.pseudo_labeling.topreward_qwen_scorer INFO: Prefix 6/16 (end=36, n_frames=11/37): reward=-20.7500 (mean, 1 tok)
2026-04-29 19:03:45,290 mme_vla_suite.pseudo_labeling.topreward_qwen_scorer INFO: Prefix 7/16 (end=42, n_frames=13/43): reward=-20.6250 (mean, 1 tok)
2026-04-29 19:03:49,418 mme_vla_suite.pseudo_labeling.topreward_qwen_scorer INFO: Prefix 8/16 (end=47, n_frames=14/48): reward=-20.8750 (mean, 1 tok)
2026-04-29 19:03:53,547 mme_vla_suite.pseudo_labeling.topreward_qwen_scorer INFO: Prefix 9/16 (end=53, n_frames=16/54): reward=-19.7500 (mean, 1 tok)
2026-04-29 19:03:57,707 mme_vla_suite.pseudo_labeling.topreward_qwen_scorer INFO: Prefix 10/16 (end=58, n_frames=18/59): reward=-19.8750 (mean, 1 tok)
2026-04-29 19:04:01,883 mme_vla_suite.pseudo_labeling.topreward_qwen_scorer INFO: Prefix 11/16 (end=64, n_frames=20/65): reward=-19.3750 (mean, 1 tok)
2026-04-29 19:04:06,047 mme_vla_suite.pseudo_labeling.topreward_qwen_scorer INFO: Prefix 12/16 (end=69, n_frames=21/70): reward=-19.0000 (mean, 1 tok)
2026-04-29 19:04:10,279 mme_vla_suite.pseudo_labeling.topreward_qwen_scorer INFO: Prefix 13/16 (end=75, n_frames=23/76): reward=-20.1250 (mean, 1 tok)
2026-04-29 19:04:14,486 mme_vla_suite.pseudo_labeling.topreward_qwen_scorer INFO: Prefix 14/16 (end=80, n_frames=24/81): reward=-19.3750 (mean, 1 tok)
2026-04-29 19:04:18,695 mme_vla_suite.pseudo_labeling.topreward_qwen_scorer INFO: Prefix 15/16 (end=86, n_frames=26/87): reward=-20.2500 (mean, 1 tok)
2026-04-29 19:04:22,936 mme_vla_suite.pseudo_labeling.topreward_qwen_scorer INFO: Prefix 16/16 (end=92, n_frames=28/93): reward=-20.8750 (mean, 1 tok)
2026-04-29 19:04:27,834 mme_vla_suite.pseudo_labeling.topreward_qwen_scorer INFO: Prefix 1/16 (end=10, n_frames=4/11): reward=-23.0000 (mean, 1 tok)
2026-04-29 19:04:31,955 mme_vla_suite.pseudo_labeling.topreward_qwen_scorer INFO: Prefix 2/16 (end=16, n_frames=5/17): reward=-23.0000 (mean, 1 tok)
2026-04-29 19:04:36,064 mme_vla_suite.pseudo_labeling.topreward_qwen_scorer INFO: Prefix 3/16 (end=22, n_frames=7/23): reward=-23.0000 (mean, 1 tok)
2026-04-29 19:04:40,200 mme_vla_suite.pseudo_labeling.topreward_qwen_scorer INFO: Prefix 4/16 (end=28, n_frames=9/29): reward=-22.1250 (mean, 1 tok)
2026-04-29 19:04:44,334 mme_vla_suite.pseudo_labeling.topreward_qwen_scorer INFO: Prefix 5/16 (end=34, n_frames=10/35): reward=-22.6250 (mean, 1 tok)
2026-04-29 19:04:48,457 mme_vla_suite.pseudo_labeling.topreward_qwen_scorer INFO: Prefix 6/16 (end=40, n_frames=12/41): reward=-23.0000 (mean, 1 tok)
2026-04-29 19:04:52,596 mme_vla_suite.pseudo_labeling.topreward_qwen_scorer INFO: Prefix 7/16 (end=46, n_frames=14/47): reward=-22.6250 (mean, 1 tok)
2026-04-29 19:04:56,758 mme_vla_suite.pseudo_labeling.topreward_qwen_scorer INFO: Prefix 8/16 (end=52, n_frames=16/53): reward=-22.8750 (mean, 1 tok)
2026-04-29 19:05:00,882 mme_vla_suite.pseudo_labeling.topreward_qwen_scorer INFO: Prefix 9/16 (end=59, n_frames=18/60): reward=-22.2500 (mean, 1 tok)
2026-04-29 19:05:05,037 mme_vla_suite.pseudo_labeling.topreward_qwen_scorer INFO: Prefix 10/16 (end=65, n_frames=20/66): reward=-22.3750 (mean, 1 tok)
2026-04-29 19:05:09,266 mme_vla_suite.pseudo_labeling.topreward_qwen_scorer INFO: Prefix 11/16 (end=71, n_frames=22/72): reward=-21.6250 (mean, 1 tok)
2026-04-29 19:05:13,459 mme_vla_suite.pseudo_labeling.topreward_qwen_scorer INFO: Prefix 12/16 (end=77, n_frames=23/78): reward=-21.3750 (mean, 1 tok)
2026-04-29 19:05:17,683 mme_vla_suite.pseudo_labeling.topreward_qwen_scorer INFO: Prefix 13/16 (end=83, n_frames=25/84): reward=-20.5000 (mean, 1 tok)
2026-04-29 19:05:21,947 mme_vla_suite.pseudo_labeling.topreward_qwen_scorer INFO: Prefix 14/16 (end=89, n_frames=27/90): reward=-21.5000 (mean, 1 tok)
2026-04-29 19:05:26,181 mme_vla_suite.pseudo_labeling.topreward_qwen_scorer INFO: Prefix 15/16 (end=95, n_frames=29/96): reward=-22.3750 (mean, 1 tok)
2026-04-29 19:05:30,443 mme_vla_suite.pseudo_labeling.topreward_qwen_scorer INFO: Prefix 16/16 (end=102, n_frames=31/103): reward=-18.8750 (mean, 1 tok)
2026-04-29 19:05:35,252 mme_vla_suite.pseudo_labeling.topreward_qwen_scorer INFO: Prefix 1/16 (end=11, n_frames=4/12): reward=-23.3750 (mean, 1 tok)
2026-04-29 19:05:39,377 mme_vla_suite.pseudo_labeling.topreward_qwen_scorer INFO: Prefix 2/16 (end=17, n_frames=5/18): reward=-23.1250 (mean, 1 tok)
2026-04-29 19:05:43,527 mme_vla_suite.pseudo_labeling.topreward_qwen_scorer INFO: Prefix 3/16 (end=24, n_frames=8/25): reward=-22.8750 (mean, 1 tok)
2026-04-29 19:05:47,660 mme_vla_suite.pseudo_labeling.topreward_qwen_scorer INFO: Prefix 4/16 (end=30, n_frames=9/31): reward=-22.6250 (mean, 1 tok)
2026-04-29 19:05:51,764 mme_vla_suite.pseudo_labeling.topreward_qwen_scorer INFO: Prefix 5/16 (end=37, n_frames=11/38): reward=-23.0000 (mean, 1 tok)
2026-04-29 19:05:55,938 mme_vla_suite.pseudo_labeling.topreward_qwen_scorer INFO: Prefix 6/16 (end=44, n_frames=14/45): reward=-22.3750 (mean, 1 tok)
2026-04-29 19:06:00,081 mme_vla_suite.pseudo_labeling.topreward_qwen_scorer INFO: Prefix 7/16 (end=50, n_frames=15/51): reward=-22.8750 (mean, 1 tok)
2026-04-29 19:06:04,258 mme_vla_suite.pseudo_labeling.topreward_qwen_scorer INFO: Prefix 8/16 (end=57, n_frames=17/58): reward=-22.3750 (mean, 1 tok)
2026-04-29 19:06:08,445 mme_vla_suite.pseudo_labeling.topreward_qwen_scorer INFO: Prefix 9/16 (end=63, n_frames=19/64): reward=-22.3750 (mean, 1 tok)
2026-04-29 19:06:12,628 mme_vla_suite.pseudo_labeling.topreward_qwen_scorer INFO: Prefix 10/16 (end=70, n_frames=21/71): reward=-23.0000 (mean, 1 tok)
2026-04-29 19:06:16,866 mme_vla_suite.pseudo_labeling.topreward_qwen_scorer INFO: Prefix 11/16 (end=77, n_frames=23/78): reward=-21.3750 (mean, 1 tok)
2026-04-29 19:06:21,125 mme_vla_suite.pseudo_labeling.topreward_qwen_scorer INFO: Prefix 12/16 (end=83, n_frames=25/84): reward=-20.5000 (mean, 1 tok)
2026-04-29 19:06:25,370 mme_vla_suite.pseudo_labeling.topreward_qwen_scorer INFO: Prefix 13/16 (end=90, n_frames=27/91): reward=-21.5000 (mean, 1 tok)
2026-04-29 19:06:29,601 mme_vla_suite.pseudo_labeling.topreward_qwen_scorer INFO: Prefix 14/16 (end=96, n_frames=29/97): reward=-23.0000 (mean, 1 tok)
2026-04-29 19:06:33,869 mme_vla_suite.pseudo_labeling.topreward_qwen_scorer INFO: Prefix 15/16 (end=103, n_frames=31/104): reward=-19.0000 (mean, 1 tok)
2026-04-29 19:06:38,129 mme_vla_suite.pseudo_labeling.topreward_qwen_scorer INFO: Prefix 16/16 (end=110, n_frames=33/111): reward=-18.5000 (mean, 1 tok)
