/coc/testnvme/shalbe3/miniconda/envs/robomme/lib/python3.11/site-packages/torch/cuda/__init__.py:63: FutureWarning: The pynvml package is deprecated. Please install nvidia-ml-py instead. If you did not install pynvml directly, please report this to the maintainers of the package that installed pynvml for you.
  import pynvml  # type: ignore[import]
`torch_dtype` is deprecated! Use `dtype` instead!
You are attempting to use Flash Attention 2 without specifying a torch dtype. This might lead to unexpected behaviour
2026-04-30 02:23:14,300 mme_vla_suite.pseudo_labeling.topreward_qwen_scorer WARNING: flash_attention_2 unavailable (/coc/testnvme/shalbe3/miniconda/envs/robomme/lib/python3.11/site-packages/flash_attn_2_cuda.cpython-311-x86_64-linux-gnu.so: undefined symbol: _ZNK3c106SymInt6sym_neERKS0_), using default attention
Loading checkpoint shards:   0%|          | 0/4 [00:00<?, ?it/s]Loading checkpoint shards:  25%|██▌       | 1/4 [00:01<00:03,  1.16s/it]Loading checkpoint shards:  50%|█████     | 2/4 [00:02<00:02,  1.17s/it]Loading checkpoint shards:  75%|███████▌  | 3/4 [00:03<00:01,  1.18s/it]Loading checkpoint shards: 100%|██████████| 4/4 [00:04<00:00,  1.00it/s]Loading checkpoint shards: 100%|██████████| 4/4 [00:04<00:00,  1.06s/it]
Asked to sample `fps` frames per second but no video metadata was provided which is required when sampling with `fps`. Defaulting to `fps=24`. Please provide `video_metadata` for more accurate results.
2026-04-30 02:23:28,204 mme_vla_suite.pseudo_labeling.topreward_qwen_scorer INFO: Prefix 1/8 (end=10, n_frames=4/11): reward=-18.7500 (mean, 1 tok)
2026-04-30 02:23:35,185 mme_vla_suite.pseudo_labeling.topreward_qwen_scorer INFO: Prefix 2/8 (end=23, n_frames=5/24): reward=-19.0000 (mean, 1 tok)
2026-04-30 02:23:42,180 mme_vla_suite.pseudo_labeling.topreward_qwen_scorer INFO: Prefix 3/8 (end=37, n_frames=8/38): reward=-16.2500 (mean, 1 tok)
2026-04-30 02:23:49,166 mme_vla_suite.pseudo_labeling.topreward_qwen_scorer INFO: Prefix 4/8 (end=51, n_frames=10/52): reward=-14.5000 (mean, 1 tok)
2026-04-30 02:23:56,199 mme_vla_suite.pseudo_labeling.topreward_qwen_scorer INFO: Prefix 5/8 (end=65, n_frames=13/66): reward=-15.1250 (mean, 1 tok)
2026-04-30 02:24:03,273 mme_vla_suite.pseudo_labeling.topreward_qwen_scorer INFO: Prefix 6/8 (end=79, n_frames=16/80): reward=-14.3750 (mean, 1 tok)
2026-04-30 02:24:10,357 mme_vla_suite.pseudo_labeling.topreward_qwen_scorer INFO: Prefix 7/8 (end=93, n_frames=19/94): reward=-11.7500 (mean, 1 tok)
2026-04-30 02:24:17,458 mme_vla_suite.pseudo_labeling.topreward_qwen_scorer INFO: Prefix 8/8 (end=107, n_frames=22/108): reward=-11.3750 (mean, 1 tok)
2026-04-30 02:24:25,651 mme_vla_suite.pseudo_labeling.topreward_qwen_scorer INFO: Prefix 1/8 (end=6, n_frames=4/7): reward=-18.2500 (mean, 1 tok)
2026-04-30 02:24:32,627 mme_vla_suite.pseudo_labeling.topreward_qwen_scorer INFO: Prefix 2/8 (end=14, n_frames=4/15): reward=-18.6250 (mean, 1 tok)
2026-04-30 02:24:39,602 mme_vla_suite.pseudo_labeling.topreward_qwen_scorer INFO: Prefix 3/8 (end=23, n_frames=5/24): reward=-18.5000 (mean, 1 tok)
2026-04-30 02:24:46,580 mme_vla_suite.pseudo_labeling.topreward_qwen_scorer INFO: Prefix 4/8 (end=31, n_frames=6/32): reward=-17.6250 (mean, 1 tok)
2026-04-30 02:24:53,560 mme_vla_suite.pseudo_labeling.topreward_qwen_scorer INFO: Prefix 5/8 (end=40, n_frames=8/41): reward=-17.7500 (mean, 1 tok)
2026-04-30 02:25:00,536 mme_vla_suite.pseudo_labeling.topreward_qwen_scorer INFO: Prefix 6/8 (end=48, n_frames=10/49): reward=-17.6250 (mean, 1 tok)
2026-04-30 02:25:07,522 mme_vla_suite.pseudo_labeling.topreward_qwen_scorer INFO: Prefix 7/8 (end=57, n_frames=12/58): reward=-16.8750 (mean, 1 tok)
2026-04-30 02:25:14,490 mme_vla_suite.pseudo_labeling.topreward_qwen_scorer INFO: Prefix 8/8 (end=66, n_frames=13/67): reward=-17.5000 (mean, 1 tok)
2026-04-30 02:25:22,668 mme_vla_suite.pseudo_labeling.topreward_qwen_scorer INFO: Prefix 1/8 (end=10, n_frames=4/11): reward=-19.2500 (mean, 1 tok)
2026-04-30 02:25:29,658 mme_vla_suite.pseudo_labeling.topreward_qwen_scorer INFO: Prefix 2/8 (end=23, n_frames=5/24): reward=-17.0000 (mean, 1 tok)
2026-04-30 02:25:36,630 mme_vla_suite.pseudo_labeling.topreward_qwen_scorer INFO: Prefix 3/8 (end=36, n_frames=7/37): reward=-17.2500 (mean, 1 tok)
2026-04-30 02:25:43,834 mme_vla_suite.pseudo_labeling.topreward_qwen_scorer INFO: Prefix 4/8 (end=49, n_frames=10/50): reward=-16.3750 (mean, 1 tok)
2026-04-30 02:25:50,836 mme_vla_suite.pseudo_labeling.topreward_qwen_scorer INFO: Prefix 5/8 (end=63, n_frames=13/64): reward=-15.8750 (mean, 1 tok)
2026-04-30 02:25:58,129 mme_vla_suite.pseudo_labeling.topreward_qwen_scorer INFO: Prefix 6/8 (end=76, n_frames=15/77): reward=-16.3750 (mean, 1 tok)
2026-04-30 02:26:05,167 mme_vla_suite.pseudo_labeling.topreward_qwen_scorer INFO: Prefix 7/8 (end=89, n_frames=18/90): reward=-13.6250 (mean, 1 tok)
2026-04-30 02:26:12,245 mme_vla_suite.pseudo_labeling.topreward_qwen_scorer INFO: Prefix 8/8 (end=103, n_frames=21/104): reward=-14.5000 (mean, 1 tok)
2026-04-30 02:26:20,572 mme_vla_suite.pseudo_labeling.topreward_qwen_scorer INFO: Prefix 1/8 (end=7, n_frames=4/8): reward=-17.2500 (mean, 1 tok)
2026-04-30 02:26:27,503 mme_vla_suite.pseudo_labeling.topreward_qwen_scorer INFO: Prefix 2/8 (end=16, n_frames=4/17): reward=-16.8750 (mean, 1 tok)
2026-04-30 02:26:34,463 mme_vla_suite.pseudo_labeling.topreward_qwen_scorer INFO: Prefix 3/8 (end=26, n_frames=5/27): reward=-18.8750 (mean, 1 tok)
2026-04-30 02:26:41,453 mme_vla_suite.pseudo_labeling.topreward_qwen_scorer INFO: Prefix 4/8 (end=35, n_frames=7/36): reward=-19.0000 (mean, 1 tok)
2026-04-30 02:26:48,440 mme_vla_suite.pseudo_labeling.topreward_qwen_scorer INFO: Prefix 5/8 (end=45, n_frames=9/46): reward=-18.1250 (mean, 1 tok)
2026-04-30 02:26:55,422 mme_vla_suite.pseudo_labeling.topreward_qwen_scorer INFO: Prefix 6/8 (end=54, n_frames=11/55): reward=-16.6250 (mean, 1 tok)
2026-04-30 02:27:02,413 mme_vla_suite.pseudo_labeling.topreward_qwen_scorer INFO: Prefix 7/8 (end=64, n_frames=13/65): reward=-18.1250 (mean, 1 tok)
2026-04-30 02:27:09,441 mme_vla_suite.pseudo_labeling.topreward_qwen_scorer INFO: Prefix 8/8 (end=74, n_frames=15/75): reward=-18.8750 (mean, 1 tok)
2026-04-30 02:27:18,006 mme_vla_suite.pseudo_labeling.topreward_qwen_scorer INFO: Prefix 1/8 (end=22, n_frames=5/23): reward=-18.0000 (mean, 1 tok)
2026-04-30 02:27:25,176 mme_vla_suite.pseudo_labeling.topreward_qwen_scorer INFO: Prefix 2/8 (end=51, n_frames=10/52): reward=-19.2500 (mean, 1 tok)
2026-04-30 02:27:32,374 mme_vla_suite.pseudo_labeling.topreward_qwen_scorer INFO: Prefix 3/8 (end=80, n_frames=16/81): reward=-17.5000 (mean, 1 tok)
2026-04-30 02:27:39,723 mme_vla_suite.pseudo_labeling.topreward_qwen_scorer INFO: Prefix 4/8 (end=109, n_frames=22/110): reward=-18.1250 (mean, 1 tok)
2026-04-30 02:27:46,917 mme_vla_suite.pseudo_labeling.topreward_qwen_scorer INFO: Prefix 5/8 (end=139, n_frames=28/140): reward=-17.1250 (mean, 1 tok)
2026-04-30 02:27:54,123 mme_vla_suite.pseudo_labeling.topreward_qwen_scorer INFO: Prefix 6/8 (end=168, n_frames=34/169): reward=-16.8750 (mean, 1 tok)
2026-04-30 02:28:01,738 mme_vla_suite.pseudo_labeling.topreward_qwen_scorer INFO: Prefix 7/8 (end=197, n_frames=40/198): reward=-15.8750 (mean, 1 tok)
2026-04-30 02:28:09,306 mme_vla_suite.pseudo_labeling.topreward_qwen_scorer INFO: Prefix 8/8 (end=227, n_frames=46/228): reward=-14.0000 (mean, 1 tok)
2026-04-30 02:28:17,358 mme_vla_suite.pseudo_labeling.topreward_qwen_scorer INFO: Prefix 1/8 (end=8, n_frames=4/9): reward=-21.1250 (mean, 1 tok)
2026-04-30 02:28:24,396 mme_vla_suite.pseudo_labeling.topreward_qwen_scorer INFO: Prefix 2/8 (end=19, n_frames=4/20): reward=-20.1250 (mean, 1 tok)
2026-04-30 02:28:31,653 mme_vla_suite.pseudo_labeling.topreward_qwen_scorer INFO: Prefix 3/8 (end=30, n_frames=6/31): reward=-18.6250 (mean, 1 tok)
2026-04-30 02:28:38,742 mme_vla_suite.pseudo_labeling.topreward_qwen_scorer INFO: Prefix 4/8 (end=41, n_frames=8/42): reward=-19.2500 (mean, 1 tok)
2026-04-30 02:28:45,728 mme_vla_suite.pseudo_labeling.topreward_qwen_scorer INFO: Prefix 5/8 (end=52, n_frames=11/53): reward=-17.8750 (mean, 1 tok)
2026-04-30 02:28:52,709 mme_vla_suite.pseudo_labeling.topreward_qwen_scorer INFO: Prefix 6/8 (end=63, n_frames=13/64): reward=-18.8750 (mean, 1 tok)
2026-04-30 02:29:00,052 mme_vla_suite.pseudo_labeling.topreward_qwen_scorer INFO: Prefix 7/8 (end=74, n_frames=15/75): reward=-18.3750 (mean, 1 tok)
2026-04-30 02:29:07,279 mme_vla_suite.pseudo_labeling.topreward_qwen_scorer INFO: Prefix 8/8 (end=86, n_frames=17/87): reward=-17.2500 (mean, 1 tok)
2026-04-30 02:29:15,574 mme_vla_suite.pseudo_labeling.topreward_qwen_scorer INFO: Prefix 1/8 (end=10, n_frames=4/11): reward=-18.7500 (mean, 1 tok)
2026-04-30 02:29:22,527 mme_vla_suite.pseudo_labeling.topreward_qwen_scorer INFO: Prefix 2/8 (end=22, n_frames=5/23): reward=-17.0000 (mean, 1 tok)
2026-04-30 02:29:29,759 mme_vla_suite.pseudo_labeling.topreward_qwen_scorer INFO: Prefix 3/8 (end=35, n_frames=7/36): reward=-15.8750 (mean, 1 tok)
2026-04-30 02:29:36,944 mme_vla_suite.pseudo_labeling.topreward_qwen_scorer INFO: Prefix 4/8 (end=48, n_frames=10/49): reward=-15.5000 (mean, 1 tok)
2026-04-30 02:29:43,926 mme_vla_suite.pseudo_labeling.topreward_qwen_scorer INFO: Prefix 5/8 (end=61, n_frames=12/62): reward=-12.1250 (mean, 1 tok)
2026-04-30 02:29:50,916 mme_vla_suite.pseudo_labeling.topreward_qwen_scorer INFO: Prefix 6/8 (end=74, n_frames=15/75): reward=-14.3750 (mean, 1 tok)
2026-04-30 02:29:58,093 mme_vla_suite.pseudo_labeling.topreward_qwen_scorer INFO: Prefix 7/8 (end=87, n_frames=18/88): reward=-13.6250 (mean, 1 tok)
2026-04-30 02:30:05,487 mme_vla_suite.pseudo_labeling.topreward_qwen_scorer INFO: Prefix 8/8 (end=100, n_frames=20/101): reward=-12.1250 (mean, 1 tok)
2026-04-30 02:30:13,774 mme_vla_suite.pseudo_labeling.topreward_qwen_scorer INFO: Prefix 1/8 (end=6, n_frames=4/7): reward=-19.6250 (mean, 1 tok)
2026-04-30 02:30:20,684 mme_vla_suite.pseudo_labeling.topreward_qwen_scorer INFO: Prefix 2/8 (end=14, n_frames=4/15): reward=-19.6250 (mean, 1 tok)
2026-04-30 02:30:27,783 mme_vla_suite.pseudo_labeling.topreward_qwen_scorer INFO: Prefix 3/8 (end=22, n_frames=5/23): reward=-19.2500 (mean, 1 tok)
2026-04-30 02:30:34,810 mme_vla_suite.pseudo_labeling.topreward_qwen_scorer INFO: Prefix 4/8 (end=31, n_frames=6/32): reward=-18.6250 (mean, 1 tok)
2026-04-30 02:30:42,078 mme_vla_suite.pseudo_labeling.topreward_qwen_scorer INFO: Prefix 5/8 (end=39, n_frames=8/40): reward=-18.0000 (mean, 1 tok)
2026-04-30 02:30:49,267 mme_vla_suite.pseudo_labeling.topreward_qwen_scorer INFO: Prefix 6/8 (end=48, n_frames=10/49): reward=-18.5000 (mean, 1 tok)
2026-04-30 02:30:56,334 mme_vla_suite.pseudo_labeling.topreward_qwen_scorer INFO: Prefix 7/8 (end=56, n_frames=11/57): reward=-18.1250 (mean, 1 tok)
2026-04-30 02:31:03,666 mme_vla_suite.pseudo_labeling.topreward_qwen_scorer INFO: Prefix 8/8 (end=65, n_frames=13/66): reward=-19.1250 (mean, 1 tok)
2026-04-30 02:31:12,440 mme_vla_suite.pseudo_labeling.topreward_qwen_scorer INFO: Prefix 1/8 (end=6, n_frames=4/7): reward=-20.0000 (mean, 1 tok)
2026-04-30 02:31:19,623 mme_vla_suite.pseudo_labeling.topreward_qwen_scorer INFO: Prefix 2/8 (end=14, n_frames=4/15): reward=-19.7500 (mean, 1 tok)
2026-04-30 02:31:26,697 mme_vla_suite.pseudo_labeling.topreward_qwen_scorer INFO: Prefix 3/8 (end=23, n_frames=5/24): reward=-19.1250 (mean, 1 tok)
2026-04-30 02:31:33,799 mme_vla_suite.pseudo_labeling.topreward_qwen_scorer INFO: Prefix 4/8 (end=32, n_frames=7/33): reward=-18.5000 (mean, 1 tok)
2026-04-30 02:31:40,972 mme_vla_suite.pseudo_labeling.topreward_qwen_scorer INFO: Prefix 5/8 (end=41, n_frames=8/42): reward=-18.2500 (mean, 1 tok)
2026-04-30 02:31:48,048 mme_vla_suite.pseudo_labeling.topreward_qwen_scorer INFO: Prefix 6/8 (end=50, n_frames=10/51): reward=-17.3750 (mean, 1 tok)
2026-04-30 02:31:55,339 mme_vla_suite.pseudo_labeling.topreward_qwen_scorer INFO: Prefix 7/8 (end=59, n_frames=12/60): reward=-16.5000 (mean, 1 tok)
2026-04-30 02:32:02,508 mme_vla_suite.pseudo_labeling.topreward_qwen_scorer INFO: Prefix 8/8 (end=68, n_frames=14/69): reward=-17.3750 (mean, 1 tok)
2026-04-30 02:32:10,525 mme_vla_suite.pseudo_labeling.topreward_qwen_scorer INFO: Prefix 1/8 (end=10, n_frames=4/11): reward=-20.0000 (mean, 1 tok)
2026-04-30 02:32:17,653 mme_vla_suite.pseudo_labeling.topreward_qwen_scorer INFO: Prefix 2/8 (end=23, n_frames=5/24): reward=-19.1250 (mean, 1 tok)
2026-04-30 02:32:24,666 mme_vla_suite.pseudo_labeling.topreward_qwen_scorer INFO: Prefix 3/8 (end=36, n_frames=7/37): reward=-17.6250 (mean, 1 tok)
2026-04-30 02:32:31,868 mme_vla_suite.pseudo_labeling.topreward_qwen_scorer INFO: Prefix 4/8 (end=49, n_frames=10/50): reward=-17.6250 (mean, 1 tok)
2026-04-30 02:32:38,948 mme_vla_suite.pseudo_labeling.topreward_qwen_scorer INFO: Prefix 5/8 (end=63, n_frames=13/64): reward=-16.7500 (mean, 1 tok)
2026-04-30 02:32:46,125 mme_vla_suite.pseudo_labeling.topreward_qwen_scorer INFO: Prefix 6/8 (end=76, n_frames=15/77): reward=-16.7500 (mean, 1 tok)
2026-04-30 02:32:53,360 mme_vla_suite.pseudo_labeling.topreward_qwen_scorer INFO: Prefix 7/8 (end=89, n_frames=18/90): reward=-16.0000 (mean, 1 tok)
2026-04-30 02:33:00,397 mme_vla_suite.pseudo_labeling.topreward_qwen_scorer INFO: Prefix 8/8 (end=103, n_frames=21/104): reward=-17.3750 (mean, 1 tok)
2026-04-30 02:33:08,257 mme_vla_suite.pseudo_labeling.topreward_qwen_scorer INFO: Prefix 1/8 (end=11, n_frames=4/12): reward=-17.1250 (mean, 1 tok)
2026-04-30 02:33:15,147 mme_vla_suite.pseudo_labeling.topreward_qwen_scorer INFO: Prefix 2/8 (end=25, n_frames=5/26): reward=-17.7500 (mean, 1 tok)
2026-04-30 02:33:22,043 mme_vla_suite.pseudo_labeling.topreward_qwen_scorer INFO: Prefix 3/8 (end=39, n_frames=8/40): reward=-15.2500 (mean, 1 tok)
2026-04-30 02:33:28,959 mme_vla_suite.pseudo_labeling.topreward_qwen_scorer INFO: Prefix 4/8 (end=53, n_frames=11/54): reward=-12.3750 (mean, 1 tok)
2026-04-30 02:33:35,915 mme_vla_suite.pseudo_labeling.topreward_qwen_scorer INFO: Prefix 5/8 (end=67, n_frames=14/68): reward=-13.8750 (mean, 1 tok)
2026-04-30 02:33:42,891 mme_vla_suite.pseudo_labeling.topreward_qwen_scorer INFO: Prefix 6/8 (end=81, n_frames=16/82): reward=-13.5000 (mean, 1 tok)
2026-04-30 02:33:49,913 mme_vla_suite.pseudo_labeling.topreward_qwen_scorer INFO: Prefix 7/8 (end=95, n_frames=19/96): reward=-13.0000 (mean, 1 tok)
2026-04-30 02:33:56,987 mme_vla_suite.pseudo_labeling.topreward_qwen_scorer INFO: Prefix 8/8 (end=110, n_frames=22/111): reward=-12.5000 (mean, 1 tok)
2026-04-30 02:34:04,833 mme_vla_suite.pseudo_labeling.topreward_qwen_scorer INFO: Prefix 1/8 (end=6, n_frames=4/7): reward=-20.6250 (mean, 1 tok)
2026-04-30 02:34:11,743 mme_vla_suite.pseudo_labeling.topreward_qwen_scorer INFO: Prefix 2/8 (end=14, n_frames=4/15): reward=-19.8750 (mean, 1 tok)
2026-04-30 02:34:18,660 mme_vla_suite.pseudo_labeling.topreward_qwen_scorer INFO: Prefix 3/8 (end=23, n_frames=5/24): reward=-19.8750 (mean, 1 tok)
2026-04-30 02:34:25,561 mme_vla_suite.pseudo_labeling.topreward_qwen_scorer INFO: Prefix 4/8 (end=32, n_frames=7/33): reward=-18.1250 (mean, 1 tok)
2026-04-30 02:34:32,460 mme_vla_suite.pseudo_labeling.topreward_qwen_scorer INFO: Prefix 5/8 (end=40, n_frames=8/41): reward=-17.6250 (mean, 1 tok)
2026-04-30 02:34:39,384 mme_vla_suite.pseudo_labeling.topreward_qwen_scorer INFO: Prefix 6/8 (end=49, n_frames=10/50): reward=-19.3750 (mean, 1 tok)
2026-04-30 02:34:46,316 mme_vla_suite.pseudo_labeling.topreward_qwen_scorer INFO: Prefix 7/8 (end=58, n_frames=12/59): reward=-18.5000 (mean, 1 tok)
2026-04-30 02:34:53,274 mme_vla_suite.pseudo_labeling.topreward_qwen_scorer INFO: Prefix 8/8 (end=67, n_frames=14/68): reward=-20.1250 (mean, 1 tok)
2026-04-30 02:35:01,197 mme_vla_suite.pseudo_labeling.topreward_qwen_scorer INFO: Prefix 1/8 (end=10, n_frames=4/11): reward=-17.5000 (mean, 1 tok)
2026-04-30 02:35:08,138 mme_vla_suite.pseudo_labeling.topreward_qwen_scorer INFO: Prefix 2/8 (end=23, n_frames=5/24): reward=-16.1250 (mean, 1 tok)
2026-04-30 02:35:15,081 mme_vla_suite.pseudo_labeling.topreward_qwen_scorer INFO: Prefix 3/8 (end=37, n_frames=8/38): reward=-16.6250 (mean, 1 tok)
2026-04-30 02:35:22,037 mme_vla_suite.pseudo_labeling.topreward_qwen_scorer INFO: Prefix 4/8 (end=51, n_frames=10/52): reward=-15.6250 (mean, 1 tok)
2026-04-30 02:35:29,014 mme_vla_suite.pseudo_labeling.topreward_qwen_scorer INFO: Prefix 5/8 (end=65, n_frames=13/66): reward=-15.5000 (mean, 1 tok)
2026-04-30 02:35:35,989 mme_vla_suite.pseudo_labeling.topreward_qwen_scorer INFO: Prefix 6/8 (end=79, n_frames=16/80): reward=-14.5000 (mean, 1 tok)
2026-04-30 02:35:42,971 mme_vla_suite.pseudo_labeling.topreward_qwen_scorer INFO: Prefix 7/8 (end=93, n_frames=19/94): reward=-14.5000 (mean, 1 tok)
2026-04-30 02:35:50,244 mme_vla_suite.pseudo_labeling.topreward_qwen_scorer INFO: Prefix 8/8 (end=107, n_frames=22/108): reward=-13.8750 (mean, 1 tok)
2026-04-30 02:35:58,175 mme_vla_suite.pseudo_labeling.topreward_qwen_scorer INFO: Prefix 1/8 (end=8, n_frames=4/9): reward=-19.8750 (mean, 1 tok)
2026-04-30 02:36:05,108 mme_vla_suite.pseudo_labeling.topreward_qwen_scorer INFO: Prefix 2/8 (end=18, n_frames=4/19): reward=-19.5000 (mean, 1 tok)
2026-04-30 02:36:12,047 mme_vla_suite.pseudo_labeling.topreward_qwen_scorer INFO: Prefix 3/8 (end=28, n_frames=6/29): reward=-19.0000 (mean, 1 tok)
2026-04-30 02:36:18,997 mme_vla_suite.pseudo_labeling.topreward_qwen_scorer INFO: Prefix 4/8 (end=39, n_frames=8/40): reward=-19.5000 (mean, 1 tok)
2026-04-30 02:36:25,915 mme_vla_suite.pseudo_labeling.topreward_qwen_scorer INFO: Prefix 5/8 (end=49, n_frames=10/50): reward=-17.1250 (mean, 1 tok)
2026-04-30 02:36:32,908 mme_vla_suite.pseudo_labeling.topreward_qwen_scorer INFO: Prefix 6/8 (end=60, n_frames=12/61): reward=-16.0000 (mean, 1 tok)
2026-04-30 02:36:39,901 mme_vla_suite.pseudo_labeling.topreward_qwen_scorer INFO: Prefix 7/8 (end=70, n_frames=14/71): reward=-18.8750 (mean, 1 tok)
2026-04-30 02:36:46,916 mme_vla_suite.pseudo_labeling.topreward_qwen_scorer INFO: Prefix 8/8 (end=81, n_frames=16/82): reward=-18.5000 (mean, 1 tok)
2026-04-30 02:36:55,079 mme_vla_suite.pseudo_labeling.topreward_qwen_scorer INFO: Prefix 1/8 (end=10, n_frames=4/11): reward=-18.5000 (mean, 1 tok)
2026-04-30 02:37:02,022 mme_vla_suite.pseudo_labeling.topreward_qwen_scorer INFO: Prefix 2/8 (end=22, n_frames=5/23): reward=-16.1250 (mean, 1 tok)
2026-04-30 02:37:08,973 mme_vla_suite.pseudo_labeling.topreward_qwen_scorer INFO: Prefix 3/8 (end=35, n_frames=7/36): reward=-15.7500 (mean, 1 tok)
2026-04-30 02:37:16,221 mme_vla_suite.pseudo_labeling.topreward_qwen_scorer INFO: Prefix 4/8 (end=48, n_frames=10/49): reward=-15.3750 (mean, 1 tok)
2026-04-30 02:37:23,148 mme_vla_suite.pseudo_labeling.topreward_qwen_scorer INFO: Prefix 5/8 (end=60, n_frames=12/61): reward=-13.8750 (mean, 1 tok)
2026-04-30 02:37:30,339 mme_vla_suite.pseudo_labeling.topreward_qwen_scorer INFO: Prefix 6/8 (end=73, n_frames=15/74): reward=-12.8750 (mean, 1 tok)
2026-04-30 02:37:37,554 mme_vla_suite.pseudo_labeling.topreward_qwen_scorer INFO: Prefix 7/8 (end=86, n_frames=17/87): reward=-13.2500 (mean, 1 tok)
2026-04-30 02:37:44,799 mme_vla_suite.pseudo_labeling.topreward_qwen_scorer INFO: Prefix 8/8 (end=99, n_frames=20/100): reward=-14.7500 (mean, 1 tok)
2026-04-30 02:37:52,818 mme_vla_suite.pseudo_labeling.topreward_qwen_scorer INFO: Prefix 1/8 (end=7, n_frames=4/8): reward=-20.0000 (mean, 1 tok)
2026-04-30 02:37:59,782 mme_vla_suite.pseudo_labeling.topreward_qwen_scorer INFO: Prefix 2/8 (end=16, n_frames=4/17): reward=-19.5000 (mean, 1 tok)
2026-04-30 02:38:06,729 mme_vla_suite.pseudo_labeling.topreward_qwen_scorer INFO: Prefix 3/8 (end=25, n_frames=5/26): reward=-19.8750 (mean, 1 tok)
2026-04-30 02:38:13,729 mme_vla_suite.pseudo_labeling.topreward_qwen_scorer INFO: Prefix 4/8 (end=34, n_frames=7/35): reward=-17.2500 (mean, 1 tok)
2026-04-30 02:38:20,668 mme_vla_suite.pseudo_labeling.topreward_qwen_scorer INFO: Prefix 5/8 (end=43, n_frames=9/44): reward=-15.6250 (mean, 1 tok)
2026-04-30 02:38:27,607 mme_vla_suite.pseudo_labeling.topreward_qwen_scorer INFO: Prefix 6/8 (end=52, n_frames=11/53): reward=-16.3750 (mean, 1 tok)
2026-04-30 02:38:34,564 mme_vla_suite.pseudo_labeling.topreward_qwen_scorer INFO: Prefix 7/8 (end=61, n_frames=12/62): reward=-15.3750 (mean, 1 tok)
2026-04-30 02:38:41,506 mme_vla_suite.pseudo_labeling.topreward_qwen_scorer INFO: Prefix 8/8 (end=71, n_frames=14/72): reward=-19.1250 (mean, 1 tok)
2026-04-30 02:38:49,774 mme_vla_suite.pseudo_labeling.topreward_qwen_scorer INFO: Prefix 1/8 (end=6, n_frames=4/7): reward=-22.0000 (mean, 1 tok)
2026-04-30 02:38:56,723 mme_vla_suite.pseudo_labeling.topreward_qwen_scorer INFO: Prefix 2/8 (end=14, n_frames=4/15): reward=-20.0000 (mean, 1 tok)
2026-04-30 02:39:03,678 mme_vla_suite.pseudo_labeling.topreward_qwen_scorer INFO: Prefix 3/8 (end=22, n_frames=5/23): reward=-19.0000 (mean, 1 tok)
2026-04-30 02:39:10,622 mme_vla_suite.pseudo_labeling.topreward_qwen_scorer INFO: Prefix 4/8 (end=31, n_frames=6/32): reward=-18.6250 (mean, 1 tok)
2026-04-30 02:39:17,537 mme_vla_suite.pseudo_labeling.topreward_qwen_scorer INFO: Prefix 5/8 (end=39, n_frames=8/40): reward=-19.2500 (mean, 1 tok)
2026-04-30 02:39:24,512 mme_vla_suite.pseudo_labeling.topreward_qwen_scorer INFO: Prefix 6/8 (end=48, n_frames=10/49): reward=-18.1250 (mean, 1 tok)
2026-04-30 02:39:31,456 mme_vla_suite.pseudo_labeling.topreward_qwen_scorer INFO: Prefix 7/8 (end=56, n_frames=11/57): reward=-17.5000 (mean, 1 tok)
2026-04-30 02:39:38,384 mme_vla_suite.pseudo_labeling.topreward_qwen_scorer INFO: Prefix 8/8 (end=65, n_frames=13/66): reward=-18.5000 (mean, 1 tok)
2026-04-30 02:39:46,275 mme_vla_suite.pseudo_labeling.topreward_qwen_scorer INFO: Prefix 1/8 (end=10, n_frames=4/11): reward=-21.5000 (mean, 1 tok)
2026-04-30 02:39:53,197 mme_vla_suite.pseudo_labeling.topreward_qwen_scorer INFO: Prefix 2/8 (end=23, n_frames=5/24): reward=-19.3750 (mean, 1 tok)
2026-04-30 02:40:00,107 mme_vla_suite.pseudo_labeling.topreward_qwen_scorer INFO: Prefix 3/8 (end=36, n_frames=7/37): reward=-18.7500 (mean, 1 tok)
2026-04-30 02:40:07,020 mme_vla_suite.pseudo_labeling.topreward_qwen_scorer INFO: Prefix 4/8 (end=49, n_frames=10/50): reward=-18.3750 (mean, 1 tok)
2026-04-30 02:40:13,950 mme_vla_suite.pseudo_labeling.topreward_qwen_scorer INFO: Prefix 5/8 (end=63, n_frames=13/64): reward=-18.1250 (mean, 1 tok)
2026-04-30 02:40:20,896 mme_vla_suite.pseudo_labeling.topreward_qwen_scorer INFO: Prefix 6/8 (end=76, n_frames=15/77): reward=-19.3750 (mean, 1 tok)
2026-04-30 02:40:27,860 mme_vla_suite.pseudo_labeling.topreward_qwen_scorer INFO: Prefix 7/8 (end=89, n_frames=18/90): reward=-18.1250 (mean, 1 tok)
2026-04-30 02:40:34,877 mme_vla_suite.pseudo_labeling.topreward_qwen_scorer INFO: Prefix 8/8 (end=103, n_frames=21/104): reward=-18.5000 (mean, 1 tok)
2026-04-30 02:40:42,922 mme_vla_suite.pseudo_labeling.topreward_qwen_scorer INFO: Prefix 1/8 (end=10, n_frames=4/11): reward=-17.8750 (mean, 1 tok)
2026-04-30 02:40:50,078 mme_vla_suite.pseudo_labeling.topreward_qwen_scorer INFO: Prefix 2/8 (end=23, n_frames=5/24): reward=-18.1250 (mean, 1 tok)
2026-04-30 02:40:57,220 mme_vla_suite.pseudo_labeling.topreward_qwen_scorer INFO: Prefix 3/8 (end=36, n_frames=7/37): reward=-16.1250 (mean, 1 tok)
2026-04-30 02:41:04,106 mme_vla_suite.pseudo_labeling.topreward_qwen_scorer INFO: Prefix 4/8 (end=50, n_frames=10/51): reward=-14.7500 (mean, 1 tok)
2026-04-30 02:41:11,046 mme_vla_suite.pseudo_labeling.topreward_qwen_scorer INFO: Prefix 5/8 (end=63, n_frames=13/64): reward=-15.2500 (mean, 1 tok)
2026-04-30 02:41:18,028 mme_vla_suite.pseudo_labeling.topreward_qwen_scorer INFO: Prefix 6/8 (end=77, n_frames=16/78): reward=-14.8750 (mean, 1 tok)
2026-04-30 02:41:25,049 mme_vla_suite.pseudo_labeling.topreward_qwen_scorer INFO: Prefix 7/8 (end=90, n_frames=18/91): reward=-13.1250 (mean, 1 tok)
2026-04-30 02:41:32,080 mme_vla_suite.pseudo_labeling.topreward_qwen_scorer INFO: Prefix 8/8 (end=104, n_frames=21/105): reward=-13.5000 (mean, 1 tok)
2026-04-30 02:41:40,250 mme_vla_suite.pseudo_labeling.topreward_qwen_scorer INFO: Prefix 1/8 (end=5, n_frames=4/6): reward=-19.3750 (mean, 1 tok)
2026-04-30 02:41:47,186 mme_vla_suite.pseudo_labeling.topreward_qwen_scorer INFO: Prefix 2/8 (end=11, n_frames=4/12): reward=-18.5000 (mean, 1 tok)
2026-04-30 02:41:54,124 mme_vla_suite.pseudo_labeling.topreward_qwen_scorer INFO: Prefix 3/8 (end=17, n_frames=4/18): reward=-18.0000 (mean, 1 tok)
2026-04-30 02:42:01,053 mme_vla_suite.pseudo_labeling.topreward_qwen_scorer INFO: Prefix 4/8 (end=23, n_frames=5/24): reward=-18.5000 (mean, 1 tok)
2026-04-30 02:42:08,007 mme_vla_suite.pseudo_labeling.topreward_qwen_scorer INFO: Prefix 5/8 (end=30, n_frames=6/31): reward=-17.5000 (mean, 1 tok)
2026-04-30 02:42:14,981 mme_vla_suite.pseudo_labeling.topreward_qwen_scorer INFO: Prefix 6/8 (end=36, n_frames=7/37): reward=-16.8750 (mean, 1 tok)
2026-04-30 02:42:21,957 mme_vla_suite.pseudo_labeling.topreward_qwen_scorer INFO: Prefix 7/8 (end=42, n_frames=9/43): reward=-16.7500 (mean, 1 tok)
2026-04-30 02:42:28,918 mme_vla_suite.pseudo_labeling.topreward_qwen_scorer INFO: Prefix 8/8 (end=49, n_frames=10/50): reward=-18.0000 (mean, 1 tok)
2026-04-30 02:42:37,210 mme_vla_suite.pseudo_labeling.topreward_qwen_scorer INFO: Prefix 1/8 (end=10, n_frames=4/11): reward=-18.3750 (mean, 1 tok)
2026-04-30 02:42:44,430 mme_vla_suite.pseudo_labeling.topreward_qwen_scorer INFO: Prefix 2/8 (end=22, n_frames=5/23): reward=-16.7500 (mean, 1 tok)
2026-04-30 02:42:51,356 mme_vla_suite.pseudo_labeling.topreward_qwen_scorer INFO: Prefix 3/8 (end=35, n_frames=7/36): reward=-17.1250 (mean, 1 tok)
2026-04-30 02:42:58,322 mme_vla_suite.pseudo_labeling.topreward_qwen_scorer INFO: Prefix 4/8 (end=48, n_frames=10/49): reward=-16.0000 (mean, 1 tok)
2026-04-30 02:43:05,309 mme_vla_suite.pseudo_labeling.topreward_qwen_scorer INFO: Prefix 5/8 (end=60, n_frames=12/61): reward=-15.8750 (mean, 1 tok)
2026-04-30 02:43:12,256 mme_vla_suite.pseudo_labeling.topreward_qwen_scorer INFO: Prefix 6/8 (end=73, n_frames=15/74): reward=-15.3750 (mean, 1 tok)
2026-04-30 02:43:19,213 mme_vla_suite.pseudo_labeling.topreward_qwen_scorer INFO: Prefix 7/8 (end=86, n_frames=17/87): reward=-15.1250 (mean, 1 tok)
2026-04-30 02:43:26,453 mme_vla_suite.pseudo_labeling.topreward_qwen_scorer INFO: Prefix 8/8 (end=99, n_frames=20/100): reward=-13.8750 (mean, 1 tok)
2026-04-30 02:43:34,564 mme_vla_suite.pseudo_labeling.topreward_qwen_scorer INFO: Prefix 1/8 (end=7, n_frames=4/8): reward=-21.1250 (mean, 1 tok)
2026-04-30 02:43:41,432 mme_vla_suite.pseudo_labeling.topreward_qwen_scorer INFO: Prefix 2/8 (end=15, n_frames=4/16): reward=-18.2500 (mean, 1 tok)
2026-04-30 02:43:48,331 mme_vla_suite.pseudo_labeling.topreward_qwen_scorer INFO: Prefix 3/8 (end=24, n_frames=5/25): reward=-18.1250 (mean, 1 tok)
2026-04-30 02:43:55,239 mme_vla_suite.pseudo_labeling.topreward_qwen_scorer INFO: Prefix 4/8 (end=33, n_frames=7/34): reward=-17.7500 (mean, 1 tok)
2026-04-30 02:44:02,140 mme_vla_suite.pseudo_labeling.topreward_qwen_scorer INFO: Prefix 5/8 (end=42, n_frames=9/43): reward=-17.6250 (mean, 1 tok)
2026-04-30 02:44:09,051 mme_vla_suite.pseudo_labeling.topreward_qwen_scorer INFO: Prefix 6/8 (end=51, n_frames=10/52): reward=-16.3750 (mean, 1 tok)
2026-04-30 02:44:15,973 mme_vla_suite.pseudo_labeling.topreward_qwen_scorer INFO: Prefix 7/8 (end=60, n_frames=12/61): reward=-15.8750 (mean, 1 tok)
2026-04-30 02:44:22,931 mme_vla_suite.pseudo_labeling.topreward_qwen_scorer INFO: Prefix 8/8 (end=69, n_frames=14/70): reward=-18.6250 (mean, 1 tok)
2026-04-30 02:44:31,029 mme_vla_suite.pseudo_labeling.topreward_qwen_scorer INFO: Prefix 1/8 (end=10, n_frames=4/11): reward=-18.7500 (mean, 1 tok)
2026-04-30 02:44:37,932 mme_vla_suite.pseudo_labeling.topreward_qwen_scorer INFO: Prefix 2/8 (end=23, n_frames=5/24): reward=-18.0000 (mean, 1 tok)
2026-04-30 02:44:44,837 mme_vla_suite.pseudo_labeling.topreward_qwen_scorer INFO: Prefix 3/8 (end=37, n_frames=8/38): reward=-18.2500 (mean, 1 tok)
2026-04-30 02:44:52,010 mme_vla_suite.pseudo_labeling.topreward_qwen_scorer INFO: Prefix 4/8 (end=50, n_frames=10/51): reward=-16.3750 (mean, 1 tok)
2026-04-30 02:44:58,922 mme_vla_suite.pseudo_labeling.topreward_qwen_scorer INFO: Prefix 5/8 (end=64, n_frames=13/65): reward=-16.3750 (mean, 1 tok)
2026-04-30 02:45:06,121 mme_vla_suite.pseudo_labeling.topreward_qwen_scorer INFO: Prefix 6/8 (end=77, n_frames=16/78): reward=-17.1250 (mean, 1 tok)
2026-04-30 02:45:13,083 mme_vla_suite.pseudo_labeling.topreward_qwen_scorer INFO: Prefix 7/8 (end=91, n_frames=18/92): reward=-15.7500 (mean, 1 tok)
2026-04-30 02:45:20,097 mme_vla_suite.pseudo_labeling.topreward_qwen_scorer INFO: Prefix 8/8 (end=105, n_frames=21/106): reward=-15.8750 (mean, 1 tok)
2026-04-30 02:45:28,111 mme_vla_suite.pseudo_labeling.topreward_qwen_scorer INFO: Prefix 1/8 (end=5, n_frames=4/6): reward=-20.1250 (mean, 1 tok)
2026-04-30 02:45:34,994 mme_vla_suite.pseudo_labeling.topreward_qwen_scorer INFO: Prefix 2/8 (end=12, n_frames=4/13): reward=-19.8750 (mean, 1 tok)
2026-04-30 02:45:41,900 mme_vla_suite.pseudo_labeling.topreward_qwen_scorer INFO: Prefix 3/8 (end=20, n_frames=4/21): reward=-20.0000 (mean, 1 tok)
2026-04-30 02:45:48,826 mme_vla_suite.pseudo_labeling.topreward_qwen_scorer INFO: Prefix 4/8 (end=27, n_frames=6/28): reward=-18.5000 (mean, 1 tok)
2026-04-30 02:45:55,738 mme_vla_suite.pseudo_labeling.topreward_qwen_scorer INFO: Prefix 5/8 (end=35, n_frames=7/36): reward=-19.8750 (mean, 1 tok)
2026-04-30 02:46:02,688 mme_vla_suite.pseudo_labeling.topreward_qwen_scorer INFO: Prefix 6/8 (end=42, n_frames=9/43): reward=-19.5000 (mean, 1 tok)
2026-04-30 02:46:09,643 mme_vla_suite.pseudo_labeling.topreward_qwen_scorer INFO: Prefix 7/8 (end=50, n_frames=10/51): reward=-19.1250 (mean, 1 tok)
2026-04-30 02:46:16,604 mme_vla_suite.pseudo_labeling.topreward_qwen_scorer INFO: Prefix 8/8 (end=58, n_frames=12/59): reward=-19.3750 (mean, 1 tok)
2026-04-30 02:46:24,848 mme_vla_suite.pseudo_labeling.topreward_qwen_scorer INFO: Prefix 1/8 (end=6, n_frames=4/7): reward=-21.1250 (mean, 1 tok)
2026-04-30 02:46:31,752 mme_vla_suite.pseudo_labeling.topreward_qwen_scorer INFO: Prefix 2/8 (end=13, n_frames=4/14): reward=-20.8750 (mean, 1 tok)
2026-04-30 02:46:38,629 mme_vla_suite.pseudo_labeling.topreward_qwen_scorer INFO: Prefix 3/8 (end=21, n_frames=4/22): reward=-20.0000 (mean, 1 tok)
2026-04-30 02:46:45,558 mme_vla_suite.pseudo_labeling.topreward_qwen_scorer INFO: Prefix 4/8 (end=29, n_frames=6/30): reward=-19.8750 (mean, 1 tok)
2026-04-30 02:46:52,525 mme_vla_suite.pseudo_labeling.topreward_qwen_scorer INFO: Prefix 5/8 (end=36, n_frames=7/37): reward=-19.8750 (mean, 1 tok)
2026-04-30 02:46:59,510 mme_vla_suite.pseudo_labeling.topreward_qwen_scorer INFO: Prefix 6/8 (end=44, n_frames=9/45): reward=-19.1250 (mean, 1 tok)
2026-04-30 02:47:06,497 mme_vla_suite.pseudo_labeling.topreward_qwen_scorer INFO: Prefix 7/8 (end=52, n_frames=11/53): reward=-18.7500 (mean, 1 tok)
2026-04-30 02:47:13,442 mme_vla_suite.pseudo_labeling.topreward_qwen_scorer INFO: Prefix 8/8 (end=60, n_frames=12/61): reward=-17.8750 (mean, 1 tok)
2026-04-30 02:47:21,416 mme_vla_suite.pseudo_labeling.topreward_qwen_scorer INFO: Prefix 1/8 (end=9, n_frames=4/10): reward=-20.5000 (mean, 1 tok)
2026-04-30 02:47:28,347 mme_vla_suite.pseudo_labeling.topreward_qwen_scorer INFO: Prefix 2/8 (end=21, n_frames=4/22): reward=-20.0000 (mean, 1 tok)
2026-04-30 02:47:35,296 mme_vla_suite.pseudo_labeling.topreward_qwen_scorer INFO: Prefix 3/8 (end=34, n_frames=7/35): reward=-20.0000 (mean, 1 tok)
2026-04-30 02:47:42,254 mme_vla_suite.pseudo_labeling.topreward_qwen_scorer INFO: Prefix 4/8 (end=47, n_frames=10/48): reward=-19.3750 (mean, 1 tok)
2026-04-30 02:47:49,250 mme_vla_suite.pseudo_labeling.topreward_qwen_scorer INFO: Prefix 5/8 (end=59, n_frames=12/60): reward=-17.6250 (mean, 1 tok)
2026-04-30 02:47:56,217 mme_vla_suite.pseudo_labeling.topreward_qwen_scorer INFO: Prefix 6/8 (end=72, n_frames=15/73): reward=-18.2500 (mean, 1 tok)
2026-04-30 02:48:03,226 mme_vla_suite.pseudo_labeling.topreward_qwen_scorer INFO: Prefix 7/8 (end=85, n_frames=17/86): reward=-18.0000 (mean, 1 tok)
2026-04-30 02:48:10,261 mme_vla_suite.pseudo_labeling.topreward_qwen_scorer INFO: Prefix 8/8 (end=98, n_frames=20/99): reward=-19.2500 (mean, 1 tok)
