/coc/testnvme/shalbe3/miniconda/envs/robomme/lib/python3.11/site-packages/torch/cuda/__init__.py:63: FutureWarning: The pynvml package is deprecated. Please install nvidia-ml-py instead. If you did not install pynvml directly, please report this to the maintainers of the package that installed pynvml for you.
  import pynvml  # type: ignore[import]
`torch_dtype` is deprecated! Use `dtype` instead!
You are attempting to use Flash Attention 2 without specifying a torch dtype. This might lead to unexpected behaviour
2026-04-29 18:54:58,937 mme_vla_suite.pseudo_labeling.topreward_qwen_scorer WARNING: flash_attention_2 unavailable (/coc/testnvme/shalbe3/miniconda/envs/robomme/lib/python3.11/site-packages/flash_attn_2_cuda.cpython-311-x86_64-linux-gnu.so: undefined symbol: _ZNK3c106SymInt6sym_neERKS0_), using default attention
Loading checkpoint shards:   0%|          | 0/4 [00:00<?, ?it/s]Loading checkpoint shards:  25%|██▌       | 1/4 [00:00<00:02,  1.06it/s]Loading checkpoint shards:  50%|█████     | 2/4 [00:01<00:01,  1.03it/s]Loading checkpoint shards:  75%|███████▌  | 3/4 [00:02<00:00,  1.00it/s]Loading checkpoint shards: 100%|██████████| 4/4 [00:03<00:00,  1.19it/s]Loading checkpoint shards: 100%|██████████| 4/4 [00:03<00:00,  1.13it/s]
Asked to sample `fps` frames per second but no video metadata was provided which is required when sampling with `fps`. Defaulting to `fps=24`. Please provide `video_metadata` for more accurate results.
2026-04-29 18:55:09,110 mme_vla_suite.pseudo_labeling.topreward_qwen_scorer INFO: Prefix 1/8 (end=5, n_frames=4/6): reward=-19.2500 (mean, 1 tok)
2026-04-29 18:55:13,243 mme_vla_suite.pseudo_labeling.topreward_qwen_scorer INFO: Prefix 2/8 (end=11, n_frames=4/12): reward=-19.6250 (mean, 1 tok)
2026-04-29 18:55:17,388 mme_vla_suite.pseudo_labeling.topreward_qwen_scorer INFO: Prefix 3/8 (end=18, n_frames=6/19): reward=-19.2500 (mean, 1 tok)
2026-04-29 18:55:21,537 mme_vla_suite.pseudo_labeling.topreward_qwen_scorer INFO: Prefix 4/8 (end=25, n_frames=8/26): reward=-19.6250 (mean, 1 tok)
2026-04-29 18:55:25,704 mme_vla_suite.pseudo_labeling.topreward_qwen_scorer INFO: Prefix 5/8 (end=32, n_frames=10/33): reward=-18.8750 (mean, 1 tok)
2026-04-29 18:55:29,868 mme_vla_suite.pseudo_labeling.topreward_qwen_scorer INFO: Prefix 6/8 (end=39, n_frames=12/40): reward=-19.2500 (mean, 1 tok)
2026-04-29 18:55:34,101 mme_vla_suite.pseudo_labeling.topreward_qwen_scorer INFO: Prefix 7/8 (end=46, n_frames=14/47): reward=-18.1250 (mean, 1 tok)
2026-04-29 18:55:38,303 mme_vla_suite.pseudo_labeling.topreward_qwen_scorer INFO: Prefix 8/8 (end=53, n_frames=16/54): reward=-18.3750 (mean, 1 tok)
2026-04-29 18:55:43,616 mme_vla_suite.pseudo_labeling.topreward_qwen_scorer INFO: Prefix 1/24 (end=33, n_frames=10/34): reward=-21.1250 (mean, 1 tok)
2026-04-29 18:55:47,743 mme_vla_suite.pseudo_labeling.topreward_qwen_scorer INFO: Prefix 2/24 (end=46, n_frames=14/47): reward=-21.2500 (mean, 1 tok)
2026-04-29 18:55:51,931 mme_vla_suite.pseudo_labeling.topreward_qwen_scorer INFO: Prefix 3/24 (end=59, n_frames=18/60): reward=-20.1250 (mean, 1 tok)
2026-04-29 18:55:56,138 mme_vla_suite.pseudo_labeling.topreward_qwen_scorer INFO: Prefix 4/24 (end=72, n_frames=22/73): reward=-20.3750 (mean, 1 tok)
2026-04-29 18:56:00,388 mme_vla_suite.pseudo_labeling.topreward_qwen_scorer INFO: Prefix 5/24 (end=85, n_frames=26/86): reward=-20.6250 (mean, 1 tok)
2026-04-29 18:56:04,636 mme_vla_suite.pseudo_labeling.topreward_qwen_scorer INFO: Prefix 6/24 (end=98, n_frames=30/99): reward=-19.6250 (mean, 1 tok)
2026-04-29 18:56:08,927 mme_vla_suite.pseudo_labeling.topreward_qwen_scorer INFO: Prefix 7/24 (end=111, n_frames=34/112): reward=-19.8750 (mean, 1 tok)
2026-04-29 18:56:13,246 mme_vla_suite.pseudo_labeling.topreward_qwen_scorer INFO: Prefix 8/24 (end=124, n_frames=38/125): reward=-20.0000 (mean, 1 tok)
2026-04-29 18:56:17,600 mme_vla_suite.pseudo_labeling.topreward_qwen_scorer INFO: Prefix 9/24 (end=138, n_frames=42/139): reward=-19.1250 (mean, 1 tok)
2026-04-29 18:56:22,062 mme_vla_suite.pseudo_labeling.topreward_qwen_scorer INFO: Prefix 10/24 (end=151, n_frames=46/152): reward=-18.8750 (mean, 1 tok)
2026-04-29 18:56:26,551 mme_vla_suite.pseudo_labeling.topreward_qwen_scorer INFO: Prefix 11/24 (end=164, n_frames=50/165): reward=-18.3750 (mean, 1 tok)
2026-04-29 18:56:31,078 mme_vla_suite.pseudo_labeling.topreward_qwen_scorer INFO: Prefix 12/24 (end=177, n_frames=53/178): reward=-19.3750 (mean, 1 tok)
2026-04-29 18:56:35,692 mme_vla_suite.pseudo_labeling.topreward_qwen_scorer INFO: Prefix 13/24 (end=190, n_frames=57/191): reward=-19.3750 (mean, 1 tok)
2026-04-29 18:56:42,167 mme_vla_suite.pseudo_labeling.topreward_qwen_scorer INFO: Prefix 14/24 (end=203, n_frames=61/204): reward=-20.0000 (mean, 1 tok)
2026-04-29 18:56:48,802 mme_vla_suite.pseudo_labeling.topreward_qwen_scorer INFO: Prefix 15/24 (end=216, n_frames=65/217): reward=-20.1250 (mean, 1 tok)
2026-04-29 18:56:55,369 mme_vla_suite.pseudo_labeling.topreward_qwen_scorer INFO: Prefix 16/24 (end=229, n_frames=69/230): reward=-20.3750 (mean, 1 tok)
2026-04-29 18:57:01,970 mme_vla_suite.pseudo_labeling.topreward_qwen_scorer INFO: Prefix 17/24 (end=243, n_frames=73/244): reward=-21.0000 (mean, 1 tok)
2026-04-29 18:57:08,597 mme_vla_suite.pseudo_labeling.topreward_qwen_scorer INFO: Prefix 18/24 (end=256, n_frames=77/257): reward=-20.0000 (mean, 1 tok)
2026-04-29 18:57:15,212 mme_vla_suite.pseudo_labeling.topreward_qwen_scorer INFO: Prefix 19/24 (end=269, n_frames=81/270): reward=-19.2500 (mean, 1 tok)
2026-04-29 18:57:23,883 mme_vla_suite.pseudo_labeling.topreward_qwen_scorer INFO: Prefix 20/24 (end=282, n_frames=85/283): reward=-20.5000 (mean, 1 tok)
2026-04-29 18:57:32,611 mme_vla_suite.pseudo_labeling.topreward_qwen_scorer INFO: Prefix 21/24 (end=295, n_frames=89/296): reward=-20.6250 (mean, 1 tok)
2026-04-29 18:57:41,378 mme_vla_suite.pseudo_labeling.topreward_qwen_scorer INFO: Prefix 22/24 (end=308, n_frames=93/309): reward=-19.5000 (mean, 1 tok)
2026-04-29 18:57:50,189 mme_vla_suite.pseudo_labeling.topreward_qwen_scorer INFO: Prefix 23/24 (end=321, n_frames=97/322): reward=-20.7500 (mean, 1 tok)
2026-04-29 18:57:59,015 mme_vla_suite.pseudo_labeling.topreward_qwen_scorer INFO: Prefix 24/24 (end=335, n_frames=101/336): reward=-20.8750 (mean, 1 tok)
2026-04-29 18:58:03,751 mme_vla_suite.pseudo_labeling.topreward_qwen_scorer INFO: Prefix 1/8 (end=4, n_frames=4/5): reward=-20.0000 (mean, 1 tok)
2026-04-29 18:58:07,883 mme_vla_suite.pseudo_labeling.topreward_qwen_scorer INFO: Prefix 2/8 (end=7, n_frames=4/8): reward=-19.7500 (mean, 1 tok)
2026-04-29 18:58:12,028 mme_vla_suite.pseudo_labeling.topreward_qwen_scorer INFO: Prefix 3/8 (end=10, n_frames=4/11): reward=-19.6250 (mean, 1 tok)
2026-04-29 18:58:16,142 mme_vla_suite.pseudo_labeling.topreward_qwen_scorer INFO: Prefix 4/8 (end=13, n_frames=4/14): reward=-19.5000 (mean, 1 tok)
2026-04-29 18:58:20,287 mme_vla_suite.pseudo_labeling.topreward_qwen_scorer INFO: Prefix 5/8 (end=17, n_frames=5/18): reward=-19.6250 (mean, 1 tok)
2026-04-29 18:58:24,433 mme_vla_suite.pseudo_labeling.topreward_qwen_scorer INFO: Prefix 6/8 (end=20, n_frames=6/21): reward=-19.7500 (mean, 1 tok)
2026-04-29 18:58:28,573 mme_vla_suite.pseudo_labeling.topreward_qwen_scorer INFO: Prefix 7/8 (end=23, n_frames=7/24): reward=-18.5000 (mean, 1 tok)
2026-04-29 18:58:32,712 mme_vla_suite.pseudo_labeling.topreward_qwen_scorer INFO: Prefix 8/8 (end=27, n_frames=8/28): reward=-18.5000 (mean, 1 tok)
2026-04-29 18:58:37,524 mme_vla_suite.pseudo_labeling.topreward_qwen_scorer INFO: Prefix 1/16 (end=6, n_frames=4/7): reward=-19.7500 (mean, 1 tok)
2026-04-29 18:58:41,671 mme_vla_suite.pseudo_labeling.topreward_qwen_scorer INFO: Prefix 2/16 (end=9, n_frames=4/10): reward=-19.6250 (mean, 1 tok)
2026-04-29 18:58:45,803 mme_vla_suite.pseudo_labeling.topreward_qwen_scorer INFO: Prefix 3/16 (end=13, n_frames=4/14): reward=-19.5000 (mean, 1 tok)
2026-04-29 18:58:49,949 mme_vla_suite.pseudo_labeling.topreward_qwen_scorer INFO: Prefix 4/16 (end=17, n_frames=5/18): reward=-19.6250 (mean, 1 tok)
2026-04-29 18:58:54,101 mme_vla_suite.pseudo_labeling.topreward_qwen_scorer INFO: Prefix 5/16 (end=20, n_frames=6/21): reward=-19.7500 (mean, 1 tok)
2026-04-29 18:58:58,240 mme_vla_suite.pseudo_labeling.topreward_qwen_scorer INFO: Prefix 6/16 (end=24, n_frames=8/25): reward=-18.3750 (mean, 1 tok)
2026-04-29 18:59:02,387 mme_vla_suite.pseudo_labeling.topreward_qwen_scorer INFO: Prefix 7/16 (end=28, n_frames=9/29): reward=-17.7500 (mean, 1 tok)
2026-04-29 18:59:06,534 mme_vla_suite.pseudo_labeling.topreward_qwen_scorer INFO: Prefix 8/16 (end=32, n_frames=10/33): reward=-18.5000 (mean, 1 tok)
2026-04-29 18:59:10,690 mme_vla_suite.pseudo_labeling.topreward_qwen_scorer INFO: Prefix 9/16 (end=35, n_frames=11/36): reward=-17.6250 (mean, 1 tok)
2026-04-29 18:59:14,848 mme_vla_suite.pseudo_labeling.topreward_qwen_scorer INFO: Prefix 10/16 (end=39, n_frames=12/40): reward=-17.8750 (mean, 1 tok)
2026-04-29 18:59:18,994 mme_vla_suite.pseudo_labeling.topreward_qwen_scorer INFO: Prefix 11/16 (end=43, n_frames=13/44): reward=-17.8750 (mean, 1 tok)
2026-04-29 18:59:23,160 mme_vla_suite.pseudo_labeling.topreward_qwen_scorer INFO: Prefix 12/16 (end=47, n_frames=14/48): reward=-18.0000 (mean, 1 tok)
2026-04-29 18:59:27,331 mme_vla_suite.pseudo_labeling.topreward_qwen_scorer INFO: Prefix 13/16 (end=50, n_frames=15/51): reward=-18.1250 (mean, 1 tok)
2026-04-29 18:59:31,512 mme_vla_suite.pseudo_labeling.topreward_qwen_scorer INFO: Prefix 14/16 (end=54, n_frames=16/55): reward=-17.7500 (mean, 1 tok)
2026-04-29 18:59:35,693 mme_vla_suite.pseudo_labeling.topreward_qwen_scorer INFO: Prefix 15/16 (end=58, n_frames=18/59): reward=-17.8750 (mean, 1 tok)
2026-04-29 18:59:39,879 mme_vla_suite.pseudo_labeling.topreward_qwen_scorer INFO: Prefix 16/16 (end=62, n_frames=19/63): reward=-18.0000 (mean, 1 tok)
2026-04-29 18:59:44,729 mme_vla_suite.pseudo_labeling.topreward_qwen_scorer INFO: Prefix 1/8 (end=5, n_frames=4/6): reward=-21.0000 (mean, 1 tok)
2026-04-29 18:59:48,865 mme_vla_suite.pseudo_labeling.topreward_qwen_scorer INFO: Prefix 2/8 (end=11, n_frames=4/12): reward=-20.5000 (mean, 1 tok)
2026-04-29 18:59:52,995 mme_vla_suite.pseudo_labeling.topreward_qwen_scorer INFO: Prefix 3/8 (end=18, n_frames=6/19): reward=-20.7500 (mean, 1 tok)
2026-04-29 18:59:57,171 mme_vla_suite.pseudo_labeling.topreward_qwen_scorer INFO: Prefix 4/8 (end=25, n_frames=8/26): reward=-20.8750 (mean, 1 tok)
2026-04-29 19:00:01,305 mme_vla_suite.pseudo_labeling.topreward_qwen_scorer INFO: Prefix 5/8 (end=31, n_frames=10/32): reward=-19.5000 (mean, 1 tok)
2026-04-29 19:00:05,461 mme_vla_suite.pseudo_labeling.topreward_qwen_scorer INFO: Prefix 6/8 (end=38, n_frames=12/39): reward=-17.8750 (mean, 1 tok)
2026-04-29 19:00:09,608 mme_vla_suite.pseudo_labeling.topreward_qwen_scorer INFO: Prefix 7/8 (end=45, n_frames=14/46): reward=-18.6250 (mean, 1 tok)
2026-04-29 19:00:13,774 mme_vla_suite.pseudo_labeling.topreward_qwen_scorer INFO: Prefix 8/8 (end=52, n_frames=16/53): reward=-18.3750 (mean, 1 tok)
2026-04-29 19:00:18,651 mme_vla_suite.pseudo_labeling.topreward_qwen_scorer INFO: Prefix 1/16 (end=10, n_frames=4/11): reward=-20.7500 (mean, 1 tok)
2026-04-29 19:00:22,785 mme_vla_suite.pseudo_labeling.topreward_qwen_scorer INFO: Prefix 2/16 (end=16, n_frames=5/17): reward=-19.7500 (mean, 1 tok)
2026-04-29 19:00:26,915 mme_vla_suite.pseudo_labeling.topreward_qwen_scorer INFO: Prefix 3/16 (end=22, n_frames=7/23): reward=-20.2500 (mean, 1 tok)
2026-04-29 19:00:31,045 mme_vla_suite.pseudo_labeling.topreward_qwen_scorer INFO: Prefix 4/16 (end=28, n_frames=9/29): reward=-20.1250 (mean, 1 tok)
2026-04-29 19:00:35,156 mme_vla_suite.pseudo_labeling.topreward_qwen_scorer INFO: Prefix 5/16 (end=34, n_frames=10/35): reward=-20.7500 (mean, 1 tok)
2026-04-29 19:00:39,340 mme_vla_suite.pseudo_labeling.topreward_qwen_scorer INFO: Prefix 6/16 (end=40, n_frames=12/41): reward=-21.3750 (mean, 1 tok)
2026-04-29 19:00:43,499 mme_vla_suite.pseudo_labeling.topreward_qwen_scorer INFO: Prefix 7/16 (end=46, n_frames=14/47): reward=-21.2500 (mean, 1 tok)
2026-04-29 19:00:47,659 mme_vla_suite.pseudo_labeling.topreward_qwen_scorer INFO: Prefix 8/16 (end=52, n_frames=16/53): reward=-20.7500 (mean, 1 tok)
2026-04-29 19:00:51,838 mme_vla_suite.pseudo_labeling.topreward_qwen_scorer INFO: Prefix 9/16 (end=58, n_frames=18/59): reward=-20.2500 (mean, 1 tok)
2026-04-29 19:00:56,003 mme_vla_suite.pseudo_labeling.topreward_qwen_scorer INFO: Prefix 10/16 (end=64, n_frames=20/65): reward=-21.6250 (mean, 1 tok)
2026-04-29 19:01:00,191 mme_vla_suite.pseudo_labeling.topreward_qwen_scorer INFO: Prefix 11/16 (end=70, n_frames=21/71): reward=-20.8750 (mean, 1 tok)
2026-04-29 19:01:04,428 mme_vla_suite.pseudo_labeling.topreward_qwen_scorer INFO: Prefix 12/16 (end=76, n_frames=23/77): reward=-21.0000 (mean, 1 tok)
2026-04-29 19:01:08,669 mme_vla_suite.pseudo_labeling.topreward_qwen_scorer INFO: Prefix 13/16 (end=82, n_frames=25/83): reward=-20.8750 (mean, 1 tok)
2026-04-29 19:01:12,924 mme_vla_suite.pseudo_labeling.topreward_qwen_scorer INFO: Prefix 14/16 (end=88, n_frames=27/89): reward=-20.5000 (mean, 1 tok)
2026-04-29 19:01:17,172 mme_vla_suite.pseudo_labeling.topreward_qwen_scorer INFO: Prefix 15/16 (end=94, n_frames=28/95): reward=-21.1250 (mean, 1 tok)
2026-04-29 19:01:21,431 mme_vla_suite.pseudo_labeling.topreward_qwen_scorer INFO: Prefix 16/16 (end=101, n_frames=31/102): reward=-19.8750 (mean, 1 tok)
2026-04-29 19:01:25,973 mme_vla_suite.pseudo_labeling.topreward_qwen_scorer INFO: Prefix 1/8 (end=4, n_frames=4/5): reward=-21.6250 (mean, 1 tok)
2026-04-29 19:01:30,113 mme_vla_suite.pseudo_labeling.topreward_qwen_scorer INFO: Prefix 2/8 (end=7, n_frames=4/8): reward=-21.0000 (mean, 1 tok)
2026-04-29 19:01:34,257 mme_vla_suite.pseudo_labeling.topreward_qwen_scorer INFO: Prefix 3/8 (end=10, n_frames=4/11): reward=-21.1250 (mean, 1 tok)
2026-04-29 19:01:38,397 mme_vla_suite.pseudo_labeling.topreward_qwen_scorer INFO: Prefix 4/8 (end=13, n_frames=4/14): reward=-20.3750 (mean, 1 tok)
2026-04-29 19:01:42,542 mme_vla_suite.pseudo_labeling.topreward_qwen_scorer INFO: Prefix 5/8 (end=16, n_frames=5/17): reward=-20.7500 (mean, 1 tok)
2026-04-29 19:01:46,657 mme_vla_suite.pseudo_labeling.topreward_qwen_scorer INFO: Prefix 6/8 (end=19, n_frames=6/20): reward=-21.1250 (mean, 1 tok)
2026-04-29 19:01:50,825 mme_vla_suite.pseudo_labeling.topreward_qwen_scorer INFO: Prefix 7/8 (end=22, n_frames=7/23): reward=-19.3750 (mean, 1 tok)
2026-04-29 19:01:54,977 mme_vla_suite.pseudo_labeling.topreward_qwen_scorer INFO: Prefix 8/8 (end=26, n_frames=8/27): reward=-19.1250 (mean, 1 tok)
2026-04-29 19:01:59,783 mme_vla_suite.pseudo_labeling.topreward_qwen_scorer INFO: Prefix 1/16 (end=6, n_frames=4/7): reward=-21.6250 (mean, 1 tok)
2026-04-29 19:02:03,919 mme_vla_suite.pseudo_labeling.topreward_qwen_scorer INFO: Prefix 2/16 (end=9, n_frames=4/10): reward=-21.3750 (mean, 1 tok)
2026-04-29 19:02:08,052 mme_vla_suite.pseudo_labeling.topreward_qwen_scorer INFO: Prefix 3/16 (end=13, n_frames=4/14): reward=-20.3750 (mean, 1 tok)
2026-04-29 19:02:12,191 mme_vla_suite.pseudo_labeling.topreward_qwen_scorer INFO: Prefix 4/16 (end=16, n_frames=5/17): reward=-20.7500 (mean, 1 tok)
2026-04-29 19:02:16,334 mme_vla_suite.pseudo_labeling.topreward_qwen_scorer INFO: Prefix 5/16 (end=20, n_frames=6/21): reward=-21.0000 (mean, 1 tok)
2026-04-29 19:02:20,482 mme_vla_suite.pseudo_labeling.topreward_qwen_scorer INFO: Prefix 6/16 (end=23, n_frames=7/24): reward=-19.5000 (mean, 1 tok)
2026-04-29 19:02:24,637 mme_vla_suite.pseudo_labeling.topreward_qwen_scorer INFO: Prefix 7/16 (end=27, n_frames=8/28): reward=-19.3750 (mean, 1 tok)
2026-04-29 19:02:28,781 mme_vla_suite.pseudo_labeling.topreward_qwen_scorer INFO: Prefix 8/16 (end=30, n_frames=9/31): reward=-18.1250 (mean, 1 tok)
2026-04-29 19:02:32,924 mme_vla_suite.pseudo_labeling.topreward_qwen_scorer INFO: Prefix 9/16 (end=34, n_frames=10/35): reward=-17.5000 (mean, 1 tok)
2026-04-29 19:02:37,073 mme_vla_suite.pseudo_labeling.topreward_qwen_scorer INFO: Prefix 10/16 (end=37, n_frames=11/38): reward=-17.3750 (mean, 1 tok)
2026-04-29 19:02:41,245 mme_vla_suite.pseudo_labeling.topreward_qwen_scorer INFO: Prefix 11/16 (end=41, n_frames=13/42): reward=-19.1250 (mean, 1 tok)
2026-04-29 19:02:45,414 mme_vla_suite.pseudo_labeling.topreward_qwen_scorer INFO: Prefix 12/16 (end=44, n_frames=14/45): reward=-18.5000 (mean, 1 tok)
2026-04-29 19:02:49,594 mme_vla_suite.pseudo_labeling.topreward_qwen_scorer INFO: Prefix 13/16 (end=48, n_frames=15/49): reward=-18.6250 (mean, 1 tok)
2026-04-29 19:02:53,747 mme_vla_suite.pseudo_labeling.topreward_qwen_scorer INFO: Prefix 14/16 (end=51, n_frames=16/52): reward=-18.6250 (mean, 1 tok)
2026-04-29 19:02:57,939 mme_vla_suite.pseudo_labeling.topreward_qwen_scorer INFO: Prefix 15/16 (end=55, n_frames=17/56): reward=-20.0000 (mean, 1 tok)
2026-04-29 19:03:02,117 mme_vla_suite.pseudo_labeling.topreward_qwen_scorer INFO: Prefix 16/16 (end=59, n_frames=18/60): reward=-19.3750 (mean, 1 tok)
2026-04-29 19:03:06,930 mme_vla_suite.pseudo_labeling.topreward_qwen_scorer INFO: Prefix 1/8 (end=5, n_frames=4/6): reward=-21.0000 (mean, 1 tok)
2026-04-29 19:03:11,071 mme_vla_suite.pseudo_labeling.topreward_qwen_scorer INFO: Prefix 2/8 (end=12, n_frames=4/13): reward=-21.2500 (mean, 1 tok)
2026-04-29 19:03:15,220 mme_vla_suite.pseudo_labeling.topreward_qwen_scorer INFO: Prefix 3/8 (end=19, n_frames=6/20): reward=-21.3750 (mean, 1 tok)
2026-04-29 19:03:19,381 mme_vla_suite.pseudo_labeling.topreward_qwen_scorer INFO: Prefix 4/8 (end=26, n_frames=8/27): reward=-21.7500 (mean, 1 tok)
2026-04-29 19:03:23,530 mme_vla_suite.pseudo_labeling.topreward_qwen_scorer INFO: Prefix 5/8 (end=33, n_frames=10/34): reward=-21.0000 (mean, 1 tok)
2026-04-29 19:03:27,697 mme_vla_suite.pseudo_labeling.topreward_qwen_scorer INFO: Prefix 6/8 (end=40, n_frames=12/41): reward=-20.2500 (mean, 1 tok)
2026-04-29 19:03:31,867 mme_vla_suite.pseudo_labeling.topreward_qwen_scorer INFO: Prefix 7/8 (end=47, n_frames=14/48): reward=-20.0000 (mean, 1 tok)
2026-04-29 19:03:36,043 mme_vla_suite.pseudo_labeling.topreward_qwen_scorer INFO: Prefix 8/8 (end=55, n_frames=17/56): reward=-19.5000 (mean, 1 tok)
2026-04-29 19:03:40,875 mme_vla_suite.pseudo_labeling.topreward_qwen_scorer INFO: Prefix 1/2 (end=4, n_frames=4/5): reward=-20.5000 (mean, 1 tok)
2026-04-29 19:03:45,005 mme_vla_suite.pseudo_labeling.topreward_qwen_scorer INFO: Prefix 2/2 (end=5, n_frames=4/6): reward=-20.6250 (mean, 1 tok)
2026-04-29 19:03:49,550 mme_vla_suite.pseudo_labeling.topreward_qwen_scorer INFO: Prefix 1/8 (end=4, n_frames=4/5): reward=-20.3750 (mean, 1 tok)
2026-04-29 19:03:53,686 mme_vla_suite.pseudo_labeling.topreward_qwen_scorer INFO: Prefix 2/8 (end=7, n_frames=4/8): reward=-21.1250 (mean, 1 tok)
2026-04-29 19:03:57,831 mme_vla_suite.pseudo_labeling.topreward_qwen_scorer INFO: Prefix 3/8 (end=10, n_frames=4/11): reward=-20.5000 (mean, 1 tok)
2026-04-29 19:04:01,964 mme_vla_suite.pseudo_labeling.topreward_qwen_scorer INFO: Prefix 4/8 (end=14, n_frames=4/15): reward=-20.8750 (mean, 1 tok)
2026-04-29 19:04:06,092 mme_vla_suite.pseudo_labeling.topreward_qwen_scorer INFO: Prefix 5/8 (end=17, n_frames=5/18): reward=-20.2500 (mean, 1 tok)
2026-04-29 19:04:10,230 mme_vla_suite.pseudo_labeling.topreward_qwen_scorer INFO: Prefix 6/8 (end=21, n_frames=7/22): reward=-19.7500 (mean, 1 tok)
2026-04-29 19:04:14,367 mme_vla_suite.pseudo_labeling.topreward_qwen_scorer INFO: Prefix 7/8 (end=24, n_frames=8/25): reward=-19.3750 (mean, 1 tok)
2026-04-29 19:04:18,501 mme_vla_suite.pseudo_labeling.topreward_qwen_scorer INFO: Prefix 8/8 (end=28, n_frames=9/29): reward=-18.3750 (mean, 1 tok)
2026-04-29 19:04:23,297 mme_vla_suite.pseudo_labeling.topreward_qwen_scorer INFO: Prefix 1/16 (end=7, n_frames=4/8): reward=-21.1250 (mean, 1 tok)
2026-04-29 19:04:27,415 mme_vla_suite.pseudo_labeling.topreward_qwen_scorer INFO: Prefix 2/16 (end=11, n_frames=4/12): reward=-20.7500 (mean, 1 tok)
2026-04-29 19:04:31,554 mme_vla_suite.pseudo_labeling.topreward_qwen_scorer INFO: Prefix 3/16 (end=15, n_frames=5/16): reward=-21.0000 (mean, 1 tok)
2026-04-29 19:04:35,715 mme_vla_suite.pseudo_labeling.topreward_qwen_scorer INFO: Prefix 4/16 (end=20, n_frames=6/21): reward=-19.7500 (mean, 1 tok)
2026-04-29 19:04:39,872 mme_vla_suite.pseudo_labeling.topreward_qwen_scorer INFO: Prefix 5/16 (end=24, n_frames=8/25): reward=-19.3750 (mean, 1 tok)
2026-04-29 19:04:43,953 mme_vla_suite.pseudo_labeling.topreward_qwen_scorer INFO: Prefix 6/16 (end=29, n_frames=9/30): reward=-18.3750 (mean, 1 tok)
2026-04-29 19:04:48,090 mme_vla_suite.pseudo_labeling.topreward_qwen_scorer INFO: Prefix 7/16 (end=33, n_frames=10/34): reward=-18.6250 (mean, 1 tok)
2026-04-29 19:04:52,249 mme_vla_suite.pseudo_labeling.topreward_qwen_scorer INFO: Prefix 8/16 (end=37, n_frames=11/38): reward=-17.1250 (mean, 1 tok)
2026-04-29 19:04:56,400 mme_vla_suite.pseudo_labeling.topreward_qwen_scorer INFO: Prefix 9/16 (end=42, n_frames=13/43): reward=-17.3750 (mean, 1 tok)
2026-04-29 19:05:00,595 mme_vla_suite.pseudo_labeling.topreward_qwen_scorer INFO: Prefix 10/16 (end=46, n_frames=14/47): reward=-17.3750 (mean, 1 tok)
2026-04-29 19:05:04,759 mme_vla_suite.pseudo_labeling.topreward_qwen_scorer INFO: Prefix 11/16 (end=51, n_frames=16/52): reward=-17.0000 (mean, 1 tok)
2026-04-29 19:05:08,948 mme_vla_suite.pseudo_labeling.topreward_qwen_scorer INFO: Prefix 12/16 (end=55, n_frames=17/56): reward=-16.8750 (mean, 1 tok)
2026-04-29 19:05:13,104 mme_vla_suite.pseudo_labeling.topreward_qwen_scorer INFO: Prefix 13/16 (end=59, n_frames=18/60): reward=-17.0000 (mean, 1 tok)
2026-04-29 19:05:17,285 mme_vla_suite.pseudo_labeling.topreward_qwen_scorer INFO: Prefix 14/16 (end=64, n_frames=20/65): reward=-16.7500 (mean, 1 tok)
2026-04-29 19:05:21,478 mme_vla_suite.pseudo_labeling.topreward_qwen_scorer INFO: Prefix 15/16 (end=68, n_frames=21/69): reward=-17.1250 (mean, 1 tok)
2026-04-29 19:05:25,710 mme_vla_suite.pseudo_labeling.topreward_qwen_scorer INFO: Prefix 16/16 (end=73, n_frames=22/74): reward=-17.5000 (mean, 1 tok)
