/coc/testnvme/shalbe3/miniconda/envs/robomme/lib/python3.11/site-packages/torch/cuda/__init__.py:63: FutureWarning: The pynvml package is deprecated. Please install nvidia-ml-py instead. If you did not install pynvml directly, please report this to the maintainers of the package that installed pynvml for you.
  import pynvml  # type: ignore[import]
`torch_dtype` is deprecated! Use `dtype` instead!
You are attempting to use Flash Attention 2 without specifying a torch dtype. This might lead to unexpected behaviour
2026-04-30 00:37:22,893 mme_vla_suite.pseudo_labeling.topreward_qwen_scorer WARNING: flash_attention_2 unavailable (/coc/testnvme/shalbe3/miniconda/envs/robomme/lib/python3.11/site-packages/flash_attn_2_cuda.cpython-311-x86_64-linux-gnu.so: undefined symbol: _ZNK3c106SymInt6sym_neERKS0_), using default attention
Loading checkpoint shards:   0%|          | 0/4 [00:00<?, ?it/s]Loading checkpoint shards:  25%|██▌       | 1/4 [00:01<00:03,  1.29s/it]Loading checkpoint shards:  50%|█████     | 2/4 [00:02<00:02,  1.31s/it]Loading checkpoint shards:  75%|███████▌  | 3/4 [00:03<00:01,  1.32s/it]Loading checkpoint shards: 100%|██████████| 4/4 [00:04<00:00,  1.10s/it]Loading checkpoint shards: 100%|██████████| 4/4 [00:04<00:00,  1.18s/it]
Asked to sample `fps` frames per second but no video metadata was provided which is required when sampling with `fps`. Defaulting to `fps=24`. Please provide `video_metadata` for more accurate results.
2026-04-30 00:37:38,128 mme_vla_suite.pseudo_labeling.topreward_qwen_scorer INFO: Prefix 1/8 (end=19, n_frames=4/20): reward=-18.7500 (mean, 1 tok)
2026-04-30 00:37:45,196 mme_vla_suite.pseudo_labeling.topreward_qwen_scorer INFO: Prefix 2/8 (end=44, n_frames=9/45): reward=-15.7500 (mean, 1 tok)
2026-04-30 00:37:52,278 mme_vla_suite.pseudo_labeling.topreward_qwen_scorer INFO: Prefix 3/8 (end=69, n_frames=14/70): reward=-16.6250 (mean, 1 tok)
2026-04-30 00:37:59,410 mme_vla_suite.pseudo_labeling.topreward_qwen_scorer INFO: Prefix 4/8 (end=94, n_frames=19/95): reward=-17.2500 (mean, 1 tok)
2026-04-30 00:38:06,589 mme_vla_suite.pseudo_labeling.topreward_qwen_scorer INFO: Prefix 5/8 (end=119, n_frames=24/120): reward=-16.5000 (mean, 1 tok)
2026-04-30 00:38:13,827 mme_vla_suite.pseudo_labeling.topreward_qwen_scorer INFO: Prefix 6/8 (end=144, n_frames=29/145): reward=-15.0000 (mean, 1 tok)
2026-04-30 00:38:21,111 mme_vla_suite.pseudo_labeling.topreward_qwen_scorer INFO: Prefix 7/8 (end=169, n_frames=34/170): reward=-15.0000 (mean, 1 tok)
2026-04-30 00:38:28,477 mme_vla_suite.pseudo_labeling.topreward_qwen_scorer INFO: Prefix 8/8 (end=194, n_frames=39/195): reward=-12.6250 (mean, 1 tok)
2026-04-30 00:38:36,231 mme_vla_suite.pseudo_labeling.topreward_qwen_scorer INFO: Prefix 1/8 (end=7, n_frames=4/8): reward=-19.7500 (mean, 1 tok)
2026-04-30 00:38:43,215 mme_vla_suite.pseudo_labeling.topreward_qwen_scorer INFO: Prefix 2/8 (end=16, n_frames=4/17): reward=-19.0000 (mean, 1 tok)
2026-04-30 00:38:50,239 mme_vla_suite.pseudo_labeling.topreward_qwen_scorer INFO: Prefix 3/8 (end=26, n_frames=5/27): reward=-19.3750 (mean, 1 tok)
2026-04-30 00:38:57,251 mme_vla_suite.pseudo_labeling.topreward_qwen_scorer INFO: Prefix 4/8 (end=36, n_frames=7/37): reward=-19.3750 (mean, 1 tok)
2026-04-30 00:39:04,271 mme_vla_suite.pseudo_labeling.topreward_qwen_scorer INFO: Prefix 5/8 (end=45, n_frames=9/46): reward=-18.6250 (mean, 1 tok)
2026-04-30 00:39:11,290 mme_vla_suite.pseudo_labeling.topreward_qwen_scorer INFO: Prefix 6/8 (end=55, n_frames=11/56): reward=-19.0000 (mean, 1 tok)
2026-04-30 00:39:18,337 mme_vla_suite.pseudo_labeling.topreward_qwen_scorer INFO: Prefix 7/8 (end=65, n_frames=13/66): reward=-20.7500 (mean, 1 tok)
2026-04-30 00:39:25,385 mme_vla_suite.pseudo_labeling.topreward_qwen_scorer INFO: Prefix 8/8 (end=75, n_frames=15/76): reward=-16.7500 (mean, 1 tok)
2026-04-30 00:39:33,171 mme_vla_suite.pseudo_labeling.topreward_qwen_scorer INFO: Prefix 1/8 (end=8, n_frames=4/9): reward=-19.8750 (mean, 1 tok)
2026-04-30 00:39:40,173 mme_vla_suite.pseudo_labeling.topreward_qwen_scorer INFO: Prefix 2/8 (end=19, n_frames=4/20): reward=-19.6250 (mean, 1 tok)
2026-04-30 00:39:47,206 mme_vla_suite.pseudo_labeling.topreward_qwen_scorer INFO: Prefix 3/8 (end=30, n_frames=6/31): reward=-20.7500 (mean, 1 tok)
2026-04-30 00:39:54,282 mme_vla_suite.pseudo_labeling.topreward_qwen_scorer INFO: Prefix 4/8 (end=42, n_frames=9/43): reward=-18.6250 (mean, 1 tok)
2026-04-30 00:40:01,335 mme_vla_suite.pseudo_labeling.topreward_qwen_scorer INFO: Prefix 5/8 (end=53, n_frames=11/54): reward=-18.7500 (mean, 1 tok)
2026-04-30 00:40:08,378 mme_vla_suite.pseudo_labeling.topreward_qwen_scorer INFO: Prefix 6/8 (end=65, n_frames=13/66): reward=-20.7500 (mean, 1 tok)
2026-04-30 00:40:15,423 mme_vla_suite.pseudo_labeling.topreward_qwen_scorer INFO: Prefix 7/8 (end=76, n_frames=15/77): reward=-16.7500 (mean, 1 tok)
2026-04-30 00:40:22,481 mme_vla_suite.pseudo_labeling.topreward_qwen_scorer INFO: Prefix 8/8 (end=88, n_frames=18/89): reward=-18.3750 (mean, 1 tok)
2026-04-30 00:40:30,231 mme_vla_suite.pseudo_labeling.topreward_qwen_scorer INFO: Prefix 1/8 (end=11, n_frames=4/12): reward=-17.8750 (mean, 1 tok)
2026-04-30 00:40:37,246 mme_vla_suite.pseudo_labeling.topreward_qwen_scorer INFO: Prefix 2/8 (end=26, n_frames=5/27): reward=-17.8750 (mean, 1 tok)
2026-04-30 00:40:44,280 mme_vla_suite.pseudo_labeling.topreward_qwen_scorer INFO: Prefix 3/8 (end=41, n_frames=8/42): reward=-16.5000 (mean, 1 tok)
2026-04-30 00:40:51,288 mme_vla_suite.pseudo_labeling.topreward_qwen_scorer INFO: Prefix 4/8 (end=56, n_frames=11/57): reward=-15.2500 (mean, 1 tok)
2026-04-30 00:40:58,336 mme_vla_suite.pseudo_labeling.topreward_qwen_scorer INFO: Prefix 5/8 (end=71, n_frames=14/72): reward=-16.0000 (mean, 1 tok)
2026-04-30 00:41:05,426 mme_vla_suite.pseudo_labeling.topreward_qwen_scorer INFO: Prefix 6/8 (end=86, n_frames=17/87): reward=-16.5000 (mean, 1 tok)
2026-04-30 00:41:12,498 mme_vla_suite.pseudo_labeling.topreward_qwen_scorer INFO: Prefix 7/8 (end=101, n_frames=20/102): reward=-16.5000 (mean, 1 tok)
2026-04-30 00:41:19,638 mme_vla_suite.pseudo_labeling.topreward_qwen_scorer INFO: Prefix 8/8 (end=117, n_frames=24/118): reward=-15.1250 (mean, 1 tok)
Traceback (most recent call last):
  File "/nethome/shalbe3/robomme_policy_learning/scripts/pseudo_label_topreward.py", line 715, in <module>
    main()
  File "/nethome/shalbe3/robomme_policy_learning/scripts/pseudo_label_topreward.py", line 660, in main
    summary = process_segment(
              ^^^^^^^^^^^^^^^^
  File "/nethome/shalbe3/robomme_policy_learning/scripts/pseudo_label_topreward.py", line 312, in process_segment
    _save_all_outputs(
  File "/nethome/shalbe3/robomme_policy_learning/scripts/pseudo_label_topreward.py", line 447, in _save_all_outputs
    with open(os.path.join(seg_dir, "progress_scores.json"), "w") as f:
         ^^^^^^^^^^^^^^^^^^^^^^^^^^^^^^^^^^^^^^^^^^^^^^^^^^^^^^^^
FileNotFoundError: [Errno 2] No such file or directory: 'data/topreward_labels/VideoPlaceOrder_ep14_f1069-1186/progress_scores.json'
srun: error: megazord: task 0: Exited with exit code 1
srun: Terminating StepId=3033754.0
