/coc/testnvme/shalbe3/miniconda/envs/robomme/lib/python3.11/site-packages/torch/cuda/__init__.py:63: FutureWarning: The pynvml package is deprecated. Please install nvidia-ml-py instead. If you did not install pynvml directly, please report this to the maintainers of the package that installed pynvml for you.
  import pynvml  # type: ignore[import]
`torch_dtype` is deprecated! Use `dtype` instead!
You are attempting to use Flash Attention 2 without specifying a torch dtype. This might lead to unexpected behaviour
2026-04-29 18:55:59,141 mme_vla_suite.pseudo_labeling.topreward_qwen_scorer WARNING: flash_attention_2 unavailable (/coc/testnvme/shalbe3/miniconda/envs/robomme/lib/python3.11/site-packages/flash_attn_2_cuda.cpython-311-x86_64-linux-gnu.so: undefined symbol: _ZNK3c106SymInt6sym_neERKS0_), using default attention
Loading checkpoint shards:   0%|          | 0/4 [00:00<?, ?it/s]Loading checkpoint shards:  25%|██▌       | 1/4 [00:10<00:30, 10.21s/it]Loading checkpoint shards:  50%|█████     | 2/4 [00:19<00:19,  9.54s/it]Loading checkpoint shards:  75%|███████▌  | 3/4 [00:27<00:08,  8.85s/it]Loading checkpoint shards: 100%|██████████| 4/4 [00:32<00:00,  7.53s/it]Loading checkpoint shards: 100%|██████████| 4/4 [00:32<00:00,  8.20s/it]
Asked to sample `fps` frames per second but no video metadata was provided which is required when sampling with `fps`. Defaulting to `fps=24`. Please provide `video_metadata` for more accurate results.
2026-04-29 18:56:38,882 mme_vla_suite.pseudo_labeling.topreward_qwen_scorer INFO: Prefix 1/16 (end=11, n_frames=4/12): reward=-23.6250 (mean, 1 tok)
2026-04-29 18:56:43,053 mme_vla_suite.pseudo_labeling.topreward_qwen_scorer INFO: Prefix 2/16 (end=18, n_frames=6/19): reward=-23.3750 (mean, 1 tok)
2026-04-29 18:56:47,217 mme_vla_suite.pseudo_labeling.topreward_qwen_scorer INFO: Prefix 3/16 (end=25, n_frames=8/26): reward=-23.3750 (mean, 1 tok)
2026-04-29 18:56:51,400 mme_vla_suite.pseudo_labeling.topreward_qwen_scorer INFO: Prefix 4/16 (end=32, n_frames=10/33): reward=-23.2500 (mean, 1 tok)
2026-04-29 18:56:55,588 mme_vla_suite.pseudo_labeling.topreward_qwen_scorer INFO: Prefix 5/16 (end=39, n_frames=12/40): reward=-22.7500 (mean, 1 tok)
2026-04-29 18:56:59,784 mme_vla_suite.pseudo_labeling.topreward_qwen_scorer INFO: Prefix 6/16 (end=46, n_frames=14/47): reward=-22.3750 (mean, 1 tok)
2026-04-29 18:57:04,004 mme_vla_suite.pseudo_labeling.topreward_qwen_scorer INFO: Prefix 7/16 (end=53, n_frames=16/54): reward=-22.3750 (mean, 1 tok)
2026-04-29 18:57:08,555 mme_vla_suite.pseudo_labeling.topreward_qwen_scorer INFO: Prefix 8/16 (end=60, n_frames=18/61): reward=-22.0000 (mean, 1 tok)
2026-04-29 18:57:12,794 mme_vla_suite.pseudo_labeling.topreward_qwen_scorer INFO: Prefix 9/16 (end=67, n_frames=20/68): reward=-22.1250 (mean, 1 tok)
2026-04-29 18:57:17,047 mme_vla_suite.pseudo_labeling.topreward_qwen_scorer INFO: Prefix 10/16 (end=74, n_frames=22/75): reward=-22.0000 (mean, 1 tok)
2026-04-29 18:57:21,348 mme_vla_suite.pseudo_labeling.topreward_qwen_scorer INFO: Prefix 11/16 (end=81, n_frames=25/82): reward=-21.6250 (mean, 1 tok)
2026-04-29 18:57:25,642 mme_vla_suite.pseudo_labeling.topreward_qwen_scorer INFO: Prefix 12/16 (end=88, n_frames=27/89): reward=-22.2500 (mean, 1 tok)
2026-04-29 18:57:29,952 mme_vla_suite.pseudo_labeling.topreward_qwen_scorer INFO: Prefix 13/16 (end=95, n_frames=29/96): reward=-21.5000 (mean, 1 tok)
2026-04-29 18:57:34,295 mme_vla_suite.pseudo_labeling.topreward_qwen_scorer INFO: Prefix 14/16 (end=102, n_frames=31/103): reward=-17.5000 (mean, 1 tok)
2026-04-29 18:57:38,680 mme_vla_suite.pseudo_labeling.topreward_qwen_scorer INFO: Prefix 15/16 (end=109, n_frames=33/110): reward=-18.6250 (mean, 1 tok)
2026-04-29 18:57:43,048 mme_vla_suite.pseudo_labeling.topreward_qwen_scorer INFO: Prefix 16/16 (end=116, n_frames=35/117): reward=-18.1250 (mean, 1 tok)
2026-04-29 18:57:47,939 mme_vla_suite.pseudo_labeling.topreward_qwen_scorer INFO: Prefix 1/8 (end=5, n_frames=4/6): reward=-20.1250 (mean, 1 tok)
2026-04-29 18:57:52,074 mme_vla_suite.pseudo_labeling.topreward_qwen_scorer INFO: Prefix 2/8 (end=11, n_frames=4/12): reward=-20.7500 (mean, 1 tok)
2026-04-29 18:57:56,238 mme_vla_suite.pseudo_labeling.topreward_qwen_scorer INFO: Prefix 3/8 (end=18, n_frames=6/19): reward=-20.2500 (mean, 1 tok)
2026-04-29 18:58:00,419 mme_vla_suite.pseudo_labeling.topreward_qwen_scorer INFO: Prefix 4/8 (end=24, n_frames=8/25): reward=-19.2500 (mean, 1 tok)
2026-04-29 18:58:04,609 mme_vla_suite.pseudo_labeling.topreward_qwen_scorer INFO: Prefix 5/8 (end=31, n_frames=10/32): reward=-20.2500 (mean, 1 tok)
2026-04-29 18:58:08,790 mme_vla_suite.pseudo_labeling.topreward_qwen_scorer INFO: Prefix 6/8 (end=37, n_frames=11/38): reward=-18.7500 (mean, 1 tok)
2026-04-29 18:58:12,990 mme_vla_suite.pseudo_labeling.topreward_qwen_scorer INFO: Prefix 7/8 (end=44, n_frames=14/45): reward=-19.3750 (mean, 1 tok)
2026-04-29 18:58:17,197 mme_vla_suite.pseudo_labeling.topreward_qwen_scorer INFO: Prefix 8/8 (end=51, n_frames=16/52): reward=-19.1250 (mean, 1 tok)
2026-04-29 18:58:22,375 mme_vla_suite.pseudo_labeling.topreward_qwen_scorer INFO: Prefix 1/16 (end=19, n_frames=6/20): reward=-24.5000 (mean, 1 tok)
2026-04-29 18:58:26,635 mme_vla_suite.pseudo_labeling.topreward_qwen_scorer INFO: Prefix 2/16 (end=30, n_frames=9/31): reward=-23.7500 (mean, 1 tok)
2026-04-29 18:58:30,900 mme_vla_suite.pseudo_labeling.topreward_qwen_scorer INFO: Prefix 3/16 (end=42, n_frames=13/43): reward=-23.8750 (mean, 1 tok)
2026-04-29 18:58:35,181 mme_vla_suite.pseudo_labeling.topreward_qwen_scorer INFO: Prefix 4/16 (end=54, n_frames=16/55): reward=-24.2500 (mean, 1 tok)
2026-04-29 18:58:39,506 mme_vla_suite.pseudo_labeling.topreward_qwen_scorer INFO: Prefix 5/16 (end=65, n_frames=20/66): reward=-23.2500 (mean, 1 tok)
2026-04-29 18:58:43,881 mme_vla_suite.pseudo_labeling.topreward_qwen_scorer INFO: Prefix 6/16 (end=77, n_frames=23/78): reward=-23.8750 (mean, 1 tok)
2026-04-29 18:58:48,268 mme_vla_suite.pseudo_labeling.topreward_qwen_scorer INFO: Prefix 7/16 (end=89, n_frames=27/90): reward=-23.8750 (mean, 1 tok)
2026-04-29 18:58:52,629 mme_vla_suite.pseudo_labeling.topreward_qwen_scorer INFO: Prefix 8/16 (end=100, n_frames=30/101): reward=-22.1250 (mean, 1 tok)
2026-04-29 18:58:57,060 mme_vla_suite.pseudo_labeling.topreward_qwen_scorer INFO: Prefix 9/16 (end=112, n_frames=34/113): reward=-23.0000 (mean, 1 tok)
2026-04-29 18:59:01,537 mme_vla_suite.pseudo_labeling.topreward_qwen_scorer INFO: Prefix 10/16 (end=124, n_frames=38/125): reward=-22.3750 (mean, 1 tok)
2026-04-29 18:59:06,026 mme_vla_suite.pseudo_labeling.topreward_qwen_scorer INFO: Prefix 11/16 (end=135, n_frames=41/136): reward=-21.6250 (mean, 1 tok)
2026-04-29 18:59:10,443 mme_vla_suite.pseudo_labeling.topreward_qwen_scorer INFO: Prefix 12/16 (end=147, n_frames=44/148): reward=-20.8750 (mean, 1 tok)
2026-04-29 18:59:14,881 mme_vla_suite.pseudo_labeling.topreward_qwen_scorer INFO: Prefix 13/16 (end=159, n_frames=48/160): reward=-21.1250 (mean, 1 tok)
2026-04-29 18:59:19,316 mme_vla_suite.pseudo_labeling.topreward_qwen_scorer INFO: Prefix 14/16 (end=170, n_frames=51/171): reward=-21.5000 (mean, 1 tok)
2026-04-29 18:59:23,880 mme_vla_suite.pseudo_labeling.topreward_qwen_scorer INFO: Prefix 15/16 (end=182, n_frames=55/183): reward=-21.2500 (mean, 1 tok)
2026-04-29 18:59:28,412 mme_vla_suite.pseudo_labeling.topreward_qwen_scorer INFO: Prefix 16/16 (end=194, n_frames=58/195): reward=-19.5000 (mean, 1 tok)
2026-04-29 18:59:33,402 mme_vla_suite.pseudo_labeling.topreward_qwen_scorer INFO: Prefix 1/24 (end=20, n_frames=6/21): reward=-24.1250 (mean, 1 tok)
2026-04-29 18:59:37,578 mme_vla_suite.pseudo_labeling.topreward_qwen_scorer INFO: Prefix 2/24 (end=27, n_frames=8/28): reward=-24.0000 (mean, 1 tok)
2026-04-29 18:59:41,740 mme_vla_suite.pseudo_labeling.topreward_qwen_scorer INFO: Prefix 3/24 (end=35, n_frames=11/36): reward=-23.3750 (mean, 1 tok)
2026-04-29 18:59:45,907 mme_vla_suite.pseudo_labeling.topreward_qwen_scorer INFO: Prefix 4/24 (end=43, n_frames=13/44): reward=-24.5000 (mean, 1 tok)
2026-04-29 18:59:50,104 mme_vla_suite.pseudo_labeling.topreward_qwen_scorer INFO: Prefix 5/24 (end=51, n_frames=16/52): reward=-24.3750 (mean, 1 tok)
2026-04-29 18:59:54,297 mme_vla_suite.pseudo_labeling.topreward_qwen_scorer INFO: Prefix 6/24 (end=59, n_frames=18/60): reward=-23.7500 (mean, 1 tok)
2026-04-29 18:59:58,529 mme_vla_suite.pseudo_labeling.topreward_qwen_scorer INFO: Prefix 7/24 (end=66, n_frames=20/67): reward=-23.5000 (mean, 1 tok)
2026-04-29 19:00:02,782 mme_vla_suite.pseudo_labeling.topreward_qwen_scorer INFO: Prefix 8/24 (end=74, n_frames=22/75): reward=-21.8750 (mean, 1 tok)
2026-04-29 19:00:07,076 mme_vla_suite.pseudo_labeling.topreward_qwen_scorer INFO: Prefix 9/24 (end=82, n_frames=25/83): reward=-23.1250 (mean, 1 tok)
2026-04-29 19:00:11,380 mme_vla_suite.pseudo_labeling.topreward_qwen_scorer INFO: Prefix 10/24 (end=90, n_frames=27/91): reward=-23.8750 (mean, 1 tok)
2026-04-29 19:00:15,732 mme_vla_suite.pseudo_labeling.topreward_qwen_scorer INFO: Prefix 11/24 (end=98, n_frames=30/99): reward=-23.2500 (mean, 1 tok)
2026-04-29 19:00:20,072 mme_vla_suite.pseudo_labeling.topreward_qwen_scorer INFO: Prefix 12/24 (end=106, n_frames=32/107): reward=-23.0000 (mean, 1 tok)
2026-04-29 19:00:24,414 mme_vla_suite.pseudo_labeling.topreward_qwen_scorer INFO: Prefix 13/24 (end=113, n_frames=34/114): reward=-22.5000 (mean, 1 tok)
2026-04-29 19:00:28,773 mme_vla_suite.pseudo_labeling.topreward_qwen_scorer INFO: Prefix 14/24 (end=121, n_frames=37/122): reward=-23.0000 (mean, 1 tok)
2026-04-29 19:00:33,144 mme_vla_suite.pseudo_labeling.topreward_qwen_scorer INFO: Prefix 15/24 (end=129, n_frames=39/130): reward=-21.5000 (mean, 1 tok)
2026-04-29 19:00:37,521 mme_vla_suite.pseudo_labeling.topreward_qwen_scorer INFO: Prefix 16/24 (end=137, n_frames=41/138): reward=-21.6250 (mean, 1 tok)
2026-04-29 19:00:41,938 mme_vla_suite.pseudo_labeling.topreward_qwen_scorer INFO: Prefix 17/24 (end=145, n_frames=44/146): reward=-20.2500 (mean, 1 tok)
2026-04-29 19:00:46,345 mme_vla_suite.pseudo_labeling.topreward_qwen_scorer INFO: Prefix 18/24 (end=153, n_frames=46/154): reward=-21.2500 (mean, 1 tok)
2026-04-29 19:00:50,824 mme_vla_suite.pseudo_labeling.topreward_qwen_scorer INFO: Prefix 19/24 (end=160, n_frames=48/161): reward=-21.1250 (mean, 1 tok)
2026-04-29 19:00:55,306 mme_vla_suite.pseudo_labeling.topreward_qwen_scorer INFO: Prefix 20/24 (end=168, n_frames=51/169): reward=-21.2500 (mean, 1 tok)
2026-04-29 19:00:59,805 mme_vla_suite.pseudo_labeling.topreward_qwen_scorer INFO: Prefix 21/24 (end=176, n_frames=53/177): reward=-20.5000 (mean, 1 tok)
2026-04-29 19:01:04,304 mme_vla_suite.pseudo_labeling.topreward_qwen_scorer INFO: Prefix 22/24 (end=184, n_frames=56/185): reward=-20.8750 (mean, 1 tok)
2026-04-29 19:01:08,838 mme_vla_suite.pseudo_labeling.topreward_qwen_scorer INFO: Prefix 23/24 (end=192, n_frames=58/193): reward=-20.3750 (mean, 1 tok)
2026-04-29 19:01:15,425 mme_vla_suite.pseudo_labeling.topreward_qwen_scorer INFO: Prefix 24/24 (end=200, n_frames=60/201): reward=-17.8750 (mean, 1 tok)
2026-04-29 19:01:20,432 mme_vla_suite.pseudo_labeling.topreward_qwen_scorer INFO: Prefix 1/16 (end=9, n_frames=4/10): reward=-23.8750 (mean, 1 tok)
2026-04-29 19:01:24,579 mme_vla_suite.pseudo_labeling.topreward_qwen_scorer INFO: Prefix 2/16 (end=14, n_frames=4/15): reward=-23.3750 (mean, 1 tok)
2026-04-29 19:01:28,744 mme_vla_suite.pseudo_labeling.topreward_qwen_scorer INFO: Prefix 3/16 (end=19, n_frames=6/20): reward=-23.5000 (mean, 1 tok)
2026-04-29 19:01:32,914 mme_vla_suite.pseudo_labeling.topreward_qwen_scorer INFO: Prefix 4/16 (end=25, n_frames=8/26): reward=-23.5000 (mean, 1 tok)
2026-04-29 19:01:37,083 mme_vla_suite.pseudo_labeling.topreward_qwen_scorer INFO: Prefix 5/16 (end=30, n_frames=9/31): reward=-23.2500 (mean, 1 tok)
2026-04-29 19:01:41,265 mme_vla_suite.pseudo_labeling.topreward_qwen_scorer INFO: Prefix 6/16 (end=36, n_frames=11/37): reward=-22.1250 (mean, 1 tok)
2026-04-29 19:01:45,445 mme_vla_suite.pseudo_labeling.topreward_qwen_scorer INFO: Prefix 7/16 (end=41, n_frames=13/42): reward=-21.7500 (mean, 1 tok)
2026-04-29 19:01:49,656 mme_vla_suite.pseudo_labeling.topreward_qwen_scorer INFO: Prefix 8/16 (end=46, n_frames=14/47): reward=-23.0000 (mean, 1 tok)
2026-04-29 19:01:53,914 mme_vla_suite.pseudo_labeling.topreward_qwen_scorer INFO: Prefix 9/16 (end=52, n_frames=16/53): reward=-23.0000 (mean, 1 tok)
2026-04-29 19:01:58,161 mme_vla_suite.pseudo_labeling.topreward_qwen_scorer INFO: Prefix 10/16 (end=57, n_frames=17/58): reward=-23.6250 (mean, 1 tok)
2026-04-29 19:02:02,408 mme_vla_suite.pseudo_labeling.topreward_qwen_scorer INFO: Prefix 11/16 (end=63, n_frames=19/64): reward=-22.8750 (mean, 1 tok)
2026-04-29 19:02:06,659 mme_vla_suite.pseudo_labeling.topreward_qwen_scorer INFO: Prefix 12/16 (end=68, n_frames=21/69): reward=-23.8750 (mean, 1 tok)
2026-04-29 19:02:10,987 mme_vla_suite.pseudo_labeling.topreward_qwen_scorer INFO: Prefix 13/16 (end=73, n_frames=22/74): reward=-23.1250 (mean, 1 tok)
2026-04-29 19:02:15,249 mme_vla_suite.pseudo_labeling.topreward_qwen_scorer INFO: Prefix 14/16 (end=79, n_frames=24/80): reward=-23.8750 (mean, 1 tok)
2026-04-29 19:02:19,565 mme_vla_suite.pseudo_labeling.topreward_qwen_scorer INFO: Prefix 15/16 (end=84, n_frames=26/85): reward=-23.7500 (mean, 1 tok)
2026-04-29 19:02:23,883 mme_vla_suite.pseudo_labeling.topreward_qwen_scorer INFO: Prefix 16/16 (end=90, n_frames=27/91): reward=-20.1250 (mean, 1 tok)
2026-04-29 19:02:28,912 mme_vla_suite.pseudo_labeling.topreward_qwen_scorer INFO: Prefix 1/16 (end=9, n_frames=4/10): reward=-23.8750 (mean, 1 tok)
2026-04-29 19:02:33,058 mme_vla_suite.pseudo_labeling.topreward_qwen_scorer INFO: Prefix 2/16 (end=14, n_frames=4/15): reward=-23.3750 (mean, 1 tok)
2026-04-29 19:02:37,256 mme_vla_suite.pseudo_labeling.topreward_qwen_scorer INFO: Prefix 3/16 (end=20, n_frames=6/21): reward=-23.3750 (mean, 1 tok)
2026-04-29 19:02:41,452 mme_vla_suite.pseudo_labeling.topreward_qwen_scorer INFO: Prefix 4/16 (end=26, n_frames=8/27): reward=-23.5000 (mean, 1 tok)
2026-04-29 19:02:45,663 mme_vla_suite.pseudo_labeling.topreward_qwen_scorer INFO: Prefix 5/16 (end=32, n_frames=10/33): reward=-21.6250 (mean, 1 tok)
2026-04-29 19:02:49,858 mme_vla_suite.pseudo_labeling.topreward_qwen_scorer INFO: Prefix 6/16 (end=38, n_frames=12/39): reward=-21.6250 (mean, 1 tok)
2026-04-29 19:02:54,044 mme_vla_suite.pseudo_labeling.topreward_qwen_scorer INFO: Prefix 7/16 (end=44, n_frames=14/45): reward=-22.0000 (mean, 1 tok)
2026-04-29 19:02:58,229 mme_vla_suite.pseudo_labeling.topreward_qwen_scorer INFO: Prefix 8/16 (end=50, n_frames=15/51): reward=-23.5000 (mean, 1 tok)
2026-04-29 19:03:02,756 mme_vla_suite.pseudo_labeling.topreward_qwen_scorer INFO: Prefix 9/16 (end=56, n_frames=17/57): reward=-23.3750 (mean, 1 tok)
2026-04-29 19:03:07,018 mme_vla_suite.pseudo_labeling.topreward_qwen_scorer INFO: Prefix 10/16 (end=62, n_frames=19/63): reward=-23.3750 (mean, 1 tok)
2026-04-29 19:03:11,268 mme_vla_suite.pseudo_labeling.topreward_qwen_scorer INFO: Prefix 11/16 (end=68, n_frames=21/69): reward=-23.8750 (mean, 1 tok)
2026-04-29 19:03:15,510 mme_vla_suite.pseudo_labeling.topreward_qwen_scorer INFO: Prefix 12/16 (end=74, n_frames=22/75): reward=-23.8750 (mean, 1 tok)
2026-04-29 19:03:19,768 mme_vla_suite.pseudo_labeling.topreward_qwen_scorer INFO: Prefix 13/16 (end=80, n_frames=24/81): reward=-24.5000 (mean, 1 tok)
2026-04-29 19:03:24,084 mme_vla_suite.pseudo_labeling.topreward_qwen_scorer INFO: Prefix 14/16 (end=86, n_frames=26/87): reward=-20.6250 (mean, 1 tok)
2026-04-29 19:03:28,431 mme_vla_suite.pseudo_labeling.topreward_qwen_scorer INFO: Prefix 15/16 (end=92, n_frames=28/93): reward=-19.6250 (mean, 1 tok)
2026-04-29 19:03:32,754 mme_vla_suite.pseudo_labeling.topreward_qwen_scorer INFO: Prefix 16/16 (end=98, n_frames=30/99): reward=-17.8750 (mean, 1 tok)
2026-04-29 19:03:37,756 mme_vla_suite.pseudo_labeling.topreward_qwen_scorer INFO: Prefix 1/16 (end=9, n_frames=4/10): reward=-24.0000 (mean, 1 tok)
2026-04-29 19:03:41,911 mme_vla_suite.pseudo_labeling.topreward_qwen_scorer INFO: Prefix 2/16 (end=14, n_frames=4/15): reward=-24.1250 (mean, 1 tok)
2026-04-29 19:03:46,067 mme_vla_suite.pseudo_labeling.topreward_qwen_scorer INFO: Prefix 3/16 (end=20, n_frames=6/21): reward=-24.1250 (mean, 1 tok)
2026-04-29 19:03:50,224 mme_vla_suite.pseudo_labeling.topreward_qwen_scorer INFO: Prefix 4/16 (end=26, n_frames=8/27): reward=-23.7500 (mean, 1 tok)
2026-04-29 19:03:54,400 mme_vla_suite.pseudo_labeling.topreward_qwen_scorer INFO: Prefix 5/16 (end=32, n_frames=10/33): reward=-22.2500 (mean, 1 tok)
2026-04-29 19:03:58,576 mme_vla_suite.pseudo_labeling.topreward_qwen_scorer INFO: Prefix 6/16 (end=38, n_frames=12/39): reward=-23.1250 (mean, 1 tok)
2026-04-29 19:04:03,178 mme_vla_suite.pseudo_labeling.topreward_qwen_scorer INFO: Prefix 7/16 (end=44, n_frames=14/45): reward=-22.8750 (mean, 1 tok)
2026-04-29 19:04:07,400 mme_vla_suite.pseudo_labeling.topreward_qwen_scorer INFO: Prefix 8/16 (end=50, n_frames=15/51): reward=-23.5000 (mean, 1 tok)
2026-04-29 19:04:11,620 mme_vla_suite.pseudo_labeling.topreward_qwen_scorer INFO: Prefix 9/16 (end=56, n_frames=17/57): reward=-23.3750 (mean, 1 tok)
2026-04-29 19:04:15,844 mme_vla_suite.pseudo_labeling.topreward_qwen_scorer INFO: Prefix 10/16 (end=62, n_frames=19/63): reward=-23.7500 (mean, 1 tok)
2026-04-29 19:04:20,087 mme_vla_suite.pseudo_labeling.topreward_qwen_scorer INFO: Prefix 11/16 (end=68, n_frames=21/69): reward=-22.8750 (mean, 1 tok)
2026-04-29 19:04:24,354 mme_vla_suite.pseudo_labeling.topreward_qwen_scorer INFO: Prefix 12/16 (end=74, n_frames=22/75): reward=-22.8750 (mean, 1 tok)
2026-04-29 19:04:28,613 mme_vla_suite.pseudo_labeling.topreward_qwen_scorer INFO: Prefix 13/16 (end=80, n_frames=24/81): reward=-23.3750 (mean, 1 tok)
2026-04-29 19:04:32,916 mme_vla_suite.pseudo_labeling.topreward_qwen_scorer INFO: Prefix 14/16 (end=86, n_frames=26/87): reward=-22.6250 (mean, 1 tok)
2026-04-29 19:04:37,207 mme_vla_suite.pseudo_labeling.topreward_qwen_scorer INFO: Prefix 15/16 (end=92, n_frames=28/93): reward=-19.8750 (mean, 1 tok)
2026-04-29 19:04:41,522 mme_vla_suite.pseudo_labeling.topreward_qwen_scorer INFO: Prefix 16/16 (end=98, n_frames=30/99): reward=-18.7500 (mean, 1 tok)
2026-04-29 19:04:46,588 mme_vla_suite.pseudo_labeling.topreward_qwen_scorer INFO: Prefix 1/8 (end=4, n_frames=4/5): reward=-20.5000 (mean, 1 tok)
2026-04-29 19:04:50,720 mme_vla_suite.pseudo_labeling.topreward_qwen_scorer INFO: Prefix 2/8 (end=9, n_frames=4/10): reward=-19.2500 (mean, 1 tok)
2026-04-29 19:04:54,846 mme_vla_suite.pseudo_labeling.topreward_qwen_scorer INFO: Prefix 3/8 (end=14, n_frames=4/15): reward=-20.1250 (mean, 1 tok)
2026-04-29 19:04:59,002 mme_vla_suite.pseudo_labeling.topreward_qwen_scorer INFO: Prefix 4/8 (end=19, n_frames=6/20): reward=-22.2500 (mean, 1 tok)
2026-04-29 19:05:03,161 mme_vla_suite.pseudo_labeling.topreward_qwen_scorer INFO: Prefix 5/8 (end=24, n_frames=8/25): reward=-18.2500 (mean, 1 tok)
2026-04-29 19:05:08,237 mme_vla_suite.pseudo_labeling.topreward_qwen_scorer INFO: Prefix 6/8 (end=29, n_frames=9/30): reward=-19.3750 (mean, 1 tok)
2026-04-29 19:05:12,504 mme_vla_suite.pseudo_labeling.topreward_qwen_scorer INFO: Prefix 7/8 (end=34, n_frames=10/35): reward=-20.6250 (mean, 1 tok)
2026-04-29 19:05:16,679 mme_vla_suite.pseudo_labeling.topreward_qwen_scorer INFO: Prefix 8/8 (end=40, n_frames=12/41): reward=-20.8750 (mean, 1 tok)
2026-04-29 19:05:21,561 mme_vla_suite.pseudo_labeling.topreward_qwen_scorer INFO: Prefix 1/16 (end=9, n_frames=4/10): reward=-23.3750 (mean, 1 tok)
2026-04-29 19:05:25,789 mme_vla_suite.pseudo_labeling.topreward_qwen_scorer INFO: Prefix 2/16 (end=14, n_frames=4/15): reward=-23.3750 (mean, 1 tok)
2026-04-29 19:05:30,052 mme_vla_suite.pseudo_labeling.topreward_qwen_scorer INFO: Prefix 3/16 (end=20, n_frames=6/21): reward=-22.7500 (mean, 1 tok)
2026-04-29 19:05:34,305 mme_vla_suite.pseudo_labeling.topreward_qwen_scorer INFO: Prefix 4/16 (end=25, n_frames=8/26): reward=-22.5000 (mean, 1 tok)
2026-04-29 19:05:38,563 mme_vla_suite.pseudo_labeling.topreward_qwen_scorer INFO: Prefix 5/16 (end=31, n_frames=10/32): reward=-22.6250 (mean, 1 tok)
2026-04-29 19:05:42,847 mme_vla_suite.pseudo_labeling.topreward_qwen_scorer INFO: Prefix 6/16 (end=36, n_frames=11/37): reward=-23.1250 (mean, 1 tok)
2026-04-29 19:05:47,113 mme_vla_suite.pseudo_labeling.topreward_qwen_scorer INFO: Prefix 7/16 (end=42, n_frames=13/43): reward=-23.8750 (mean, 1 tok)
2026-04-29 19:05:51,363 mme_vla_suite.pseudo_labeling.topreward_qwen_scorer INFO: Prefix 8/16 (end=47, n_frames=14/48): reward=-23.5000 (mean, 1 tok)
2026-04-29 19:05:55,569 mme_vla_suite.pseudo_labeling.topreward_qwen_scorer INFO: Prefix 9/16 (end=53, n_frames=16/54): reward=-23.1250 (mean, 1 tok)
2026-04-29 19:06:00,098 mme_vla_suite.pseudo_labeling.topreward_qwen_scorer INFO: Prefix 10/16 (end=58, n_frames=18/59): reward=-23.5000 (mean, 1 tok)
2026-04-29 19:06:04,332 mme_vla_suite.pseudo_labeling.topreward_qwen_scorer INFO: Prefix 11/16 (end=64, n_frames=20/65): reward=-22.7500 (mean, 1 tok)
2026-04-29 19:06:08,575 mme_vla_suite.pseudo_labeling.topreward_qwen_scorer INFO: Prefix 12/16 (end=69, n_frames=21/70): reward=-22.5000 (mean, 1 tok)
2026-04-29 19:06:12,886 mme_vla_suite.pseudo_labeling.topreward_qwen_scorer INFO: Prefix 13/16 (end=75, n_frames=23/76): reward=-22.5000 (mean, 1 tok)
2026-04-29 19:06:17,130 mme_vla_suite.pseudo_labeling.topreward_qwen_scorer INFO: Prefix 14/16 (end=80, n_frames=24/81): reward=-22.0000 (mean, 1 tok)
2026-04-29 19:06:21,408 mme_vla_suite.pseudo_labeling.topreward_qwen_scorer INFO: Prefix 15/16 (end=86, n_frames=26/87): reward=-19.1250 (mean, 1 tok)
2026-04-29 19:06:25,749 mme_vla_suite.pseudo_labeling.topreward_qwen_scorer INFO: Prefix 16/16 (end=92, n_frames=28/93): reward=-17.2500 (mean, 1 tok)
2026-04-29 19:06:30,517 mme_vla_suite.pseudo_labeling.topreward_qwen_scorer INFO: Prefix 1/16 (end=10, n_frames=4/11): reward=-23.6250 (mean, 1 tok)
2026-04-29 19:06:34,668 mme_vla_suite.pseudo_labeling.topreward_qwen_scorer INFO: Prefix 2/16 (end=15, n_frames=5/16): reward=-23.6250 (mean, 1 tok)
2026-04-29 19:06:38,819 mme_vla_suite.pseudo_labeling.topreward_qwen_scorer INFO: Prefix 3/16 (end=21, n_frames=7/22): reward=-23.1250 (mean, 1 tok)
2026-04-29 19:06:42,984 mme_vla_suite.pseudo_labeling.topreward_qwen_scorer INFO: Prefix 4/16 (end=27, n_frames=8/28): reward=-23.0000 (mean, 1 tok)
2026-04-29 19:06:47,144 mme_vla_suite.pseudo_labeling.topreward_qwen_scorer INFO: Prefix 5/16 (end=33, n_frames=10/34): reward=-23.0000 (mean, 1 tok)
2026-04-29 19:06:51,309 mme_vla_suite.pseudo_labeling.topreward_qwen_scorer INFO: Prefix 6/16 (end=39, n_frames=12/40): reward=-23.2500 (mean, 1 tok)
2026-04-29 19:06:55,495 mme_vla_suite.pseudo_labeling.topreward_qwen_scorer INFO: Prefix 7/16 (end=45, n_frames=14/46): reward=-24.0000 (mean, 1 tok)
2026-04-29 19:06:59,703 mme_vla_suite.pseudo_labeling.topreward_qwen_scorer INFO: Prefix 8/16 (end=51, n_frames=16/52): reward=-23.2500 (mean, 1 tok)
2026-04-29 19:07:03,922 mme_vla_suite.pseudo_labeling.topreward_qwen_scorer INFO: Prefix 9/16 (end=57, n_frames=17/58): reward=-22.5000 (mean, 1 tok)
2026-04-29 19:07:08,133 mme_vla_suite.pseudo_labeling.topreward_qwen_scorer INFO: Prefix 10/16 (end=63, n_frames=19/64): reward=-22.7500 (mean, 1 tok)
2026-04-29 19:07:12,385 mme_vla_suite.pseudo_labeling.topreward_qwen_scorer INFO: Prefix 11/16 (end=69, n_frames=21/70): reward=-22.5000 (mean, 1 tok)
2026-04-29 19:07:16,640 mme_vla_suite.pseudo_labeling.topreward_qwen_scorer INFO: Prefix 12/16 (end=75, n_frames=23/76): reward=-22.5000 (mean, 1 tok)
2026-04-29 19:07:20,937 mme_vla_suite.pseudo_labeling.topreward_qwen_scorer INFO: Prefix 13/16 (end=81, n_frames=25/82): reward=-22.0000 (mean, 1 tok)
2026-04-29 19:07:25,243 mme_vla_suite.pseudo_labeling.topreward_qwen_scorer INFO: Prefix 14/16 (end=87, n_frames=26/88): reward=-18.1250 (mean, 1 tok)
2026-04-29 19:07:30,268 mme_vla_suite.pseudo_labeling.topreward_qwen_scorer INFO: Prefix 15/16 (end=93, n_frames=28/94): reward=-17.7500 (mean, 1 tok)
2026-04-29 19:07:34,576 mme_vla_suite.pseudo_labeling.topreward_qwen_scorer INFO: Prefix 16/16 (end=99, n_frames=30/100): reward=-18.1250 (mean, 1 tok)
