/coc/testnvme/shalbe3/miniconda/envs/robomme/lib/python3.11/site-packages/torch/cuda/__init__.py:63: FutureWarning: The pynvml package is deprecated. Please install nvidia-ml-py instead. If you did not install pynvml directly, please report this to the maintainers of the package that installed pynvml for you.
  import pynvml  # type: ignore[import]
`torch_dtype` is deprecated! Use `dtype` instead!
You are attempting to use Flash Attention 2 without specifying a torch dtype. This might lead to unexpected behaviour
2026-04-30 01:45:25,123 mme_vla_suite.pseudo_labeling.topreward_qwen_scorer WARNING: flash_attention_2 unavailable (/coc/testnvme/shalbe3/miniconda/envs/robomme/lib/python3.11/site-packages/flash_attn_2_cuda.cpython-311-x86_64-linux-gnu.so: undefined symbol: _ZNK3c106SymInt6sym_neERKS0_), using default attention
Loading checkpoint shards:   0%|          | 0/4 [00:00<?, ?it/s]Loading checkpoint shards:  25%|██▌       | 1/4 [00:15<00:46, 15.40s/it]Loading checkpoint shards:  50%|█████     | 2/4 [00:30<00:30, 15.38s/it]Loading checkpoint shards:  75%|███████▌  | 3/4 [00:46<00:15, 15.56s/it]Loading checkpoint shards: 100%|██████████| 4/4 [00:54<00:00, 12.65s/it]Loading checkpoint shards: 100%|██████████| 4/4 [00:54<00:00, 13.68s/it]
Asked to sample `fps` frames per second but no video metadata was provided which is required when sampling with `fps`. Defaulting to `fps=24`. Please provide `video_metadata` for more accurate results.
2026-04-30 01:46:29,721 mme_vla_suite.pseudo_labeling.topreward_qwen_scorer INFO: Prefix 1/8 (end=12, n_frames=4/13): reward=-20.0000 (mean, 1 tok)
2026-04-30 01:46:36,540 mme_vla_suite.pseudo_labeling.topreward_qwen_scorer INFO: Prefix 2/8 (end=27, n_frames=6/28): reward=-19.8750 (mean, 1 tok)
2026-04-30 01:46:43,349 mme_vla_suite.pseudo_labeling.topreward_qwen_scorer INFO: Prefix 3/8 (end=42, n_frames=9/43): reward=-18.2500 (mean, 1 tok)
2026-04-30 01:46:50,233 mme_vla_suite.pseudo_labeling.topreward_qwen_scorer INFO: Prefix 4/8 (end=58, n_frames=12/59): reward=-16.7500 (mean, 1 tok)
2026-04-30 01:46:57,121 mme_vla_suite.pseudo_labeling.topreward_qwen_scorer INFO: Prefix 5/8 (end=73, n_frames=15/74): reward=-19.3750 (mean, 1 tok)
2026-04-30 01:47:03,992 mme_vla_suite.pseudo_labeling.topreward_qwen_scorer INFO: Prefix 6/8 (end=89, n_frames=18/90): reward=-19.0000 (mean, 1 tok)
2026-04-30 01:47:10,904 mme_vla_suite.pseudo_labeling.topreward_qwen_scorer INFO: Prefix 7/8 (end=104, n_frames=21/105): reward=-19.0000 (mean, 1 tok)
2026-04-30 01:47:17,800 mme_vla_suite.pseudo_labeling.topreward_qwen_scorer INFO: Prefix 8/8 (end=120, n_frames=24/121): reward=-20.0000 (mean, 1 tok)
2026-04-30 01:47:25,686 mme_vla_suite.pseudo_labeling.topreward_qwen_scorer INFO: Prefix 1/8 (end=9, n_frames=4/10): reward=-22.0000 (mean, 1 tok)
2026-04-30 01:47:32,462 mme_vla_suite.pseudo_labeling.topreward_qwen_scorer INFO: Prefix 2/8 (end=21, n_frames=4/22): reward=-22.8750 (mean, 1 tok)
2026-04-30 01:47:39,266 mme_vla_suite.pseudo_labeling.topreward_qwen_scorer INFO: Prefix 3/8 (end=33, n_frames=7/34): reward=-22.7500 (mean, 1 tok)
2026-04-30 01:47:46,067 mme_vla_suite.pseudo_labeling.topreward_qwen_scorer INFO: Prefix 4/8 (end=46, n_frames=9/47): reward=-21.7500 (mean, 1 tok)
2026-04-30 01:47:52,908 mme_vla_suite.pseudo_labeling.topreward_qwen_scorer INFO: Prefix 5/8 (end=58, n_frames=12/59): reward=-20.1250 (mean, 1 tok)
2026-04-30 01:47:59,725 mme_vla_suite.pseudo_labeling.topreward_qwen_scorer INFO: Prefix 6/8 (end=71, n_frames=14/72): reward=-20.7500 (mean, 1 tok)
2026-04-30 01:48:06,679 mme_vla_suite.pseudo_labeling.topreward_qwen_scorer INFO: Prefix 7/8 (end=83, n_frames=17/84): reward=-19.7500 (mean, 1 tok)
2026-04-30 01:48:13,706 mme_vla_suite.pseudo_labeling.topreward_qwen_scorer INFO: Prefix 8/8 (end=96, n_frames=19/97): reward=-21.8750 (mean, 1 tok)
2026-04-30 01:48:22,030 mme_vla_suite.pseudo_labeling.topreward_qwen_scorer INFO: Prefix 1/8 (end=19, n_frames=4/20): reward=-23.6250 (mean, 1 tok)
2026-04-30 01:48:28,865 mme_vla_suite.pseudo_labeling.topreward_qwen_scorer INFO: Prefix 2/8 (end=44, n_frames=9/45): reward=-23.7500 (mean, 1 tok)
2026-04-30 01:48:35,712 mme_vla_suite.pseudo_labeling.topreward_qwen_scorer INFO: Prefix 3/8 (end=69, n_frames=14/70): reward=-23.6250 (mean, 1 tok)
2026-04-30 01:48:42,581 mme_vla_suite.pseudo_labeling.topreward_qwen_scorer INFO: Prefix 4/8 (end=95, n_frames=19/96): reward=-21.3750 (mean, 1 tok)
2026-04-30 01:48:49,505 mme_vla_suite.pseudo_labeling.topreward_qwen_scorer INFO: Prefix 5/8 (end=120, n_frames=24/121): reward=-22.6250 (mean, 1 tok)
2026-04-30 01:48:56,524 mme_vla_suite.pseudo_labeling.topreward_qwen_scorer INFO: Prefix 6/8 (end=146, n_frames=29/147): reward=-22.6250 (mean, 1 tok)
2026-04-30 01:49:03,617 mme_vla_suite.pseudo_labeling.topreward_qwen_scorer INFO: Prefix 7/8 (end=171, n_frames=34/172): reward=-22.7500 (mean, 1 tok)
2026-04-30 01:49:10,727 mme_vla_suite.pseudo_labeling.topreward_qwen_scorer INFO: Prefix 8/8 (end=197, n_frames=40/198): reward=-17.0000 (mean, 1 tok)
2026-04-30 01:49:18,661 mme_vla_suite.pseudo_labeling.topreward_qwen_scorer INFO: Prefix 1/8 (end=4, n_frames=4/5): reward=-21.0000 (mean, 1 tok)
2026-04-30 01:49:25,437 mme_vla_suite.pseudo_labeling.topreward_qwen_scorer INFO: Prefix 2/8 (end=10, n_frames=4/11): reward=-21.1250 (mean, 1 tok)
2026-04-30 01:49:32,201 mme_vla_suite.pseudo_labeling.topreward_qwen_scorer INFO: Prefix 3/8 (end=16, n_frames=4/17): reward=-21.6250 (mean, 1 tok)
2026-04-30 01:49:39,081 mme_vla_suite.pseudo_labeling.topreward_qwen_scorer INFO: Prefix 4/8 (end=22, n_frames=5/23): reward=-20.6250 (mean, 1 tok)
2026-04-30 01:49:45,871 mme_vla_suite.pseudo_labeling.topreward_qwen_scorer INFO: Prefix 5/8 (end=28, n_frames=6/29): reward=-20.6250 (mean, 1 tok)
2026-04-30 01:49:52,663 mme_vla_suite.pseudo_labeling.topreward_qwen_scorer INFO: Prefix 6/8 (end=34, n_frames=7/35): reward=-21.1250 (mean, 1 tok)
2026-04-30 01:49:59,466 mme_vla_suite.pseudo_labeling.topreward_qwen_scorer INFO: Prefix 7/8 (end=40, n_frames=8/41): reward=-20.5000 (mean, 1 tok)
2026-04-30 01:50:06,426 mme_vla_suite.pseudo_labeling.topreward_qwen_scorer INFO: Prefix 8/8 (end=47, n_frames=10/48): reward=-19.6250 (mean, 1 tok)
2026-04-30 01:50:14,208 mme_vla_suite.pseudo_labeling.topreward_qwen_scorer INFO: Prefix 1/8 (end=8, n_frames=4/9): reward=-25.3750 (mean, 1 tok)
2026-04-30 01:50:21,001 mme_vla_suite.pseudo_labeling.topreward_qwen_scorer INFO: Prefix 2/8 (end=18, n_frames=4/19): reward=-24.7500 (mean, 1 tok)
2026-04-30 01:50:27,787 mme_vla_suite.pseudo_labeling.topreward_qwen_scorer INFO: Prefix 3/8 (end=29, n_frames=6/30): reward=-23.8750 (mean, 1 tok)
2026-04-30 01:50:34,601 mme_vla_suite.pseudo_labeling.topreward_qwen_scorer INFO: Prefix 4/8 (end=40, n_frames=8/41): reward=-23.8750 (mean, 1 tok)
2026-04-30 01:50:41,422 mme_vla_suite.pseudo_labeling.topreward_qwen_scorer INFO: Prefix 5/8 (end=51, n_frames=10/52): reward=-23.5000 (mean, 1 tok)
2026-04-30 01:50:48,245 mme_vla_suite.pseudo_labeling.topreward_qwen_scorer INFO: Prefix 6/8 (end=62, n_frames=13/63): reward=-23.0000 (mean, 1 tok)
2026-04-30 01:50:55,103 mme_vla_suite.pseudo_labeling.topreward_qwen_scorer INFO: Prefix 7/8 (end=73, n_frames=15/74): reward=-23.2500 (mean, 1 tok)
2026-04-30 01:51:01,948 mme_vla_suite.pseudo_labeling.topreward_qwen_scorer INFO: Prefix 8/8 (end=84, n_frames=17/85): reward=-19.1250 (mean, 1 tok)
2026-04-30 01:51:09,437 mme_vla_suite.pseudo_labeling.topreward_qwen_scorer INFO: Prefix 1/8 (end=9, n_frames=4/10): reward=-25.5000 (mean, 1 tok)
2026-04-30 01:51:16,207 mme_vla_suite.pseudo_labeling.topreward_qwen_scorer INFO: Prefix 2/8 (end=20, n_frames=4/21): reward=-24.7500 (mean, 1 tok)
2026-04-30 01:51:23,006 mme_vla_suite.pseudo_labeling.topreward_qwen_scorer INFO: Prefix 3/8 (end=32, n_frames=7/33): reward=-24.1250 (mean, 1 tok)
2026-04-30 01:51:29,830 mme_vla_suite.pseudo_labeling.topreward_qwen_scorer INFO: Prefix 4/8 (end=43, n_frames=9/44): reward=-24.3750 (mean, 1 tok)
2026-04-30 01:51:36,665 mme_vla_suite.pseudo_labeling.topreward_qwen_scorer INFO: Prefix 5/8 (end=55, n_frames=11/56): reward=-23.1250 (mean, 1 tok)
2026-04-30 01:51:43,509 mme_vla_suite.pseudo_labeling.topreward_qwen_scorer INFO: Prefix 6/8 (end=66, n_frames=13/67): reward=-23.1250 (mean, 1 tok)
2026-04-30 01:51:50,349 mme_vla_suite.pseudo_labeling.topreward_qwen_scorer INFO: Prefix 7/8 (end=78, n_frames=16/79): reward=-19.8750 (mean, 1 tok)
2026-04-30 01:51:57,196 mme_vla_suite.pseudo_labeling.topreward_qwen_scorer INFO: Prefix 8/8 (end=90, n_frames=18/91): reward=-18.6250 (mean, 1 tok)
2026-04-30 01:52:04,849 mme_vla_suite.pseudo_labeling.topreward_qwen_scorer INFO: Prefix 1/8 (end=10, n_frames=4/11): reward=-19.1250 (mean, 1 tok)
2026-04-30 01:52:11,628 mme_vla_suite.pseudo_labeling.topreward_qwen_scorer INFO: Prefix 2/8 (end=24, n_frames=5/25): reward=-19.1250 (mean, 1 tok)
2026-04-30 01:52:18,426 mme_vla_suite.pseudo_labeling.topreward_qwen_scorer INFO: Prefix 3/8 (end=38, n_frames=8/39): reward=-19.2500 (mean, 1 tok)
2026-04-30 01:52:25,235 mme_vla_suite.pseudo_labeling.topreward_qwen_scorer INFO: Prefix 4/8 (end=52, n_frames=11/53): reward=-17.8750 (mean, 1 tok)
2026-04-30 01:52:32,059 mme_vla_suite.pseudo_labeling.topreward_qwen_scorer INFO: Prefix 5/8 (end=66, n_frames=13/67): reward=-18.8750 (mean, 1 tok)
2026-04-30 01:52:38,892 mme_vla_suite.pseudo_labeling.topreward_qwen_scorer INFO: Prefix 6/8 (end=80, n_frames=16/81): reward=-20.0000 (mean, 1 tok)
2026-04-30 01:52:45,744 mme_vla_suite.pseudo_labeling.topreward_qwen_scorer INFO: Prefix 7/8 (end=94, n_frames=19/95): reward=-17.5000 (mean, 1 tok)
2026-04-30 01:52:52,648 mme_vla_suite.pseudo_labeling.topreward_qwen_scorer INFO: Prefix 8/8 (end=108, n_frames=22/109): reward=-16.1250 (mean, 1 tok)
2026-04-30 01:53:00,459 mme_vla_suite.pseudo_labeling.topreward_qwen_scorer INFO: Prefix 1/8 (end=9, n_frames=4/10): reward=-22.1250 (mean, 1 tok)
2026-04-30 01:53:07,229 mme_vla_suite.pseudo_labeling.topreward_qwen_scorer INFO: Prefix 2/8 (end=21, n_frames=4/22): reward=-20.7500 (mean, 1 tok)
2026-04-30 01:53:14,021 mme_vla_suite.pseudo_labeling.topreward_qwen_scorer INFO: Prefix 3/8 (end=33, n_frames=7/34): reward=-21.1250 (mean, 1 tok)
2026-04-30 01:53:20,802 mme_vla_suite.pseudo_labeling.topreward_qwen_scorer INFO: Prefix 4/8 (end=45, n_frames=9/46): reward=-20.2500 (mean, 1 tok)
2026-04-30 01:53:27,638 mme_vla_suite.pseudo_labeling.topreward_qwen_scorer INFO: Prefix 5/8 (end=57, n_frames=12/58): reward=-20.6250 (mean, 1 tok)
2026-04-30 01:53:34,476 mme_vla_suite.pseudo_labeling.topreward_qwen_scorer INFO: Prefix 6/8 (end=69, n_frames=14/70): reward=-20.1250 (mean, 1 tok)
2026-04-30 01:53:41,321 mme_vla_suite.pseudo_labeling.topreward_qwen_scorer INFO: Prefix 7/8 (end=81, n_frames=16/82): reward=-20.2500 (mean, 1 tok)
2026-04-30 01:53:48,177 mme_vla_suite.pseudo_labeling.topreward_qwen_scorer INFO: Prefix 8/8 (end=94, n_frames=19/95): reward=-19.6250 (mean, 1 tok)
2026-04-30 01:53:56,406 mme_vla_suite.pseudo_labeling.topreward_qwen_scorer INFO: Prefix 1/8 (end=10, n_frames=4/11): reward=-24.5000 (mean, 1 tok)
2026-04-30 01:54:03,305 mme_vla_suite.pseudo_labeling.topreward_qwen_scorer INFO: Prefix 2/8 (end=23, n_frames=5/24): reward=-24.3750 (mean, 1 tok)
2026-04-30 01:54:10,232 mme_vla_suite.pseudo_labeling.topreward_qwen_scorer INFO: Prefix 3/8 (end=36, n_frames=7/37): reward=-23.8750 (mean, 1 tok)
2026-04-30 01:54:17,186 mme_vla_suite.pseudo_labeling.topreward_qwen_scorer INFO: Prefix 4/8 (end=49, n_frames=10/50): reward=-23.3750 (mean, 1 tok)
2026-04-30 01:54:24,125 mme_vla_suite.pseudo_labeling.topreward_qwen_scorer INFO: Prefix 5/8 (end=62, n_frames=13/63): reward=-22.8750 (mean, 1 tok)
2026-04-30 01:54:31,087 mme_vla_suite.pseudo_labeling.topreward_qwen_scorer INFO: Prefix 6/8 (end=75, n_frames=15/76): reward=-23.3750 (mean, 1 tok)
2026-04-30 01:54:38,040 mme_vla_suite.pseudo_labeling.topreward_qwen_scorer INFO: Prefix 7/8 (end=88, n_frames=18/89): reward=-23.7500 (mean, 1 tok)
2026-04-30 01:54:45,082 mme_vla_suite.pseudo_labeling.topreward_qwen_scorer INFO: Prefix 8/8 (end=102, n_frames=21/103): reward=-19.2500 (mean, 1 tok)
2026-04-30 01:54:52,735 mme_vla_suite.pseudo_labeling.topreward_qwen_scorer INFO: Prefix 1/8 (end=10, n_frames=4/11): reward=-24.5000 (mean, 1 tok)
2026-04-30 01:54:59,571 mme_vla_suite.pseudo_labeling.topreward_qwen_scorer INFO: Prefix 2/8 (end=24, n_frames=5/25): reward=-24.1250 (mean, 1 tok)
2026-04-30 01:55:06,415 mme_vla_suite.pseudo_labeling.topreward_qwen_scorer INFO: Prefix 3/8 (end=38, n_frames=8/39): reward=-24.0000 (mean, 1 tok)
2026-04-30 01:55:13,276 mme_vla_suite.pseudo_labeling.topreward_qwen_scorer INFO: Prefix 4/8 (end=52, n_frames=11/53): reward=-22.2500 (mean, 1 tok)
2026-04-30 01:55:20,173 mme_vla_suite.pseudo_labeling.topreward_qwen_scorer INFO: Prefix 5/8 (end=66, n_frames=13/67): reward=-23.2500 (mean, 1 tok)
2026-04-30 01:55:27,045 mme_vla_suite.pseudo_labeling.topreward_qwen_scorer INFO: Prefix 6/8 (end=80, n_frames=16/81): reward=-23.8750 (mean, 1 tok)
2026-04-30 01:55:33,968 mme_vla_suite.pseudo_labeling.topreward_qwen_scorer INFO: Prefix 7/8 (end=94, n_frames=19/95): reward=-23.8750 (mean, 1 tok)
2026-04-30 01:55:40,897 mme_vla_suite.pseudo_labeling.topreward_qwen_scorer INFO: Prefix 8/8 (end=108, n_frames=22/109): reward=-19.2500 (mean, 1 tok)
2026-04-30 01:55:48,903 mme_vla_suite.pseudo_labeling.topreward_qwen_scorer INFO: Prefix 1/8 (end=12, n_frames=4/13): reward=-19.1250 (mean, 1 tok)
2026-04-30 01:55:55,752 mme_vla_suite.pseudo_labeling.topreward_qwen_scorer INFO: Prefix 2/8 (end=27, n_frames=6/28): reward=-19.7500 (mean, 1 tok)
2026-04-30 01:56:02,595 mme_vla_suite.pseudo_labeling.topreward_qwen_scorer INFO: Prefix 3/8 (end=42, n_frames=9/43): reward=-17.7500 (mean, 1 tok)
2026-04-30 01:56:09,500 mme_vla_suite.pseudo_labeling.topreward_qwen_scorer INFO: Prefix 4/8 (end=57, n_frames=12/58): reward=-18.1250 (mean, 1 tok)
2026-04-30 01:56:16,418 mme_vla_suite.pseudo_labeling.topreward_qwen_scorer INFO: Prefix 5/8 (end=73, n_frames=15/74): reward=-18.3750 (mean, 1 tok)
2026-04-30 01:56:23,343 mme_vla_suite.pseudo_labeling.topreward_qwen_scorer INFO: Prefix 6/8 (end=88, n_frames=18/89): reward=-19.1250 (mean, 1 tok)
2026-04-30 01:56:30,271 mme_vla_suite.pseudo_labeling.topreward_qwen_scorer INFO: Prefix 7/8 (end=103, n_frames=21/104): reward=-17.7500 (mean, 1 tok)
2026-04-30 01:56:37,242 mme_vla_suite.pseudo_labeling.topreward_qwen_scorer INFO: Prefix 8/8 (end=119, n_frames=24/120): reward=-18.7500 (mean, 1 tok)
2026-04-30 01:56:45,460 mme_vla_suite.pseudo_labeling.topreward_qwen_scorer INFO: Prefix 1/8 (end=9, n_frames=4/10): reward=-21.2500 (mean, 1 tok)
2026-04-30 01:56:52,327 mme_vla_suite.pseudo_labeling.topreward_qwen_scorer INFO: Prefix 2/8 (end=20, n_frames=4/21): reward=-20.7500 (mean, 1 tok)
2026-04-30 01:56:59,178 mme_vla_suite.pseudo_labeling.topreward_qwen_scorer INFO: Prefix 3/8 (end=32, n_frames=7/33): reward=-21.0000 (mean, 1 tok)
2026-04-30 01:57:06,052 mme_vla_suite.pseudo_labeling.topreward_qwen_scorer INFO: Prefix 4/8 (end=44, n_frames=9/45): reward=-19.8750 (mean, 1 tok)
2026-04-30 01:57:12,915 mme_vla_suite.pseudo_labeling.topreward_qwen_scorer INFO: Prefix 5/8 (end=56, n_frames=11/57): reward=-20.1250 (mean, 1 tok)
2026-04-30 01:57:19,808 mme_vla_suite.pseudo_labeling.topreward_qwen_scorer INFO: Prefix 6/8 (end=68, n_frames=14/69): reward=-19.2500 (mean, 1 tok)
2026-04-30 01:57:26,737 mme_vla_suite.pseudo_labeling.topreward_qwen_scorer INFO: Prefix 7/8 (end=80, n_frames=16/81): reward=-19.6250 (mean, 1 tok)
2026-04-30 01:57:33,636 mme_vla_suite.pseudo_labeling.topreward_qwen_scorer INFO: Prefix 8/8 (end=92, n_frames=19/93): reward=-19.8750 (mean, 1 tok)
2026-04-30 01:57:41,843 mme_vla_suite.pseudo_labeling.topreward_qwen_scorer INFO: Prefix 1/8 (end=10, n_frames=4/11): reward=-23.0000 (mean, 1 tok)
2026-04-30 01:57:48,699 mme_vla_suite.pseudo_labeling.topreward_qwen_scorer INFO: Prefix 2/8 (end=23, n_frames=5/24): reward=-23.0000 (mean, 1 tok)
2026-04-30 01:57:55,600 mme_vla_suite.pseudo_labeling.topreward_qwen_scorer INFO: Prefix 3/8 (end=36, n_frames=7/37): reward=-22.6250 (mean, 1 tok)
2026-04-30 01:58:02,526 mme_vla_suite.pseudo_labeling.topreward_qwen_scorer INFO: Prefix 4/8 (end=49, n_frames=10/50): reward=-22.0000 (mean, 1 tok)
2026-04-30 01:58:09,426 mme_vla_suite.pseudo_labeling.topreward_qwen_scorer INFO: Prefix 5/8 (end=62, n_frames=13/63): reward=-22.5000 (mean, 1 tok)
2026-04-30 01:58:16,282 mme_vla_suite.pseudo_labeling.topreward_qwen_scorer INFO: Prefix 6/8 (end=75, n_frames=15/76): reward=-21.8750 (mean, 1 tok)
2026-04-30 01:58:23,215 mme_vla_suite.pseudo_labeling.topreward_qwen_scorer INFO: Prefix 7/8 (end=88, n_frames=18/89): reward=-20.2500 (mean, 1 tok)
2026-04-30 01:58:30,160 mme_vla_suite.pseudo_labeling.topreward_qwen_scorer INFO: Prefix 8/8 (end=102, n_frames=21/103): reward=-19.5000 (mean, 1 tok)
2026-04-30 01:58:37,894 mme_vla_suite.pseudo_labeling.topreward_qwen_scorer INFO: Prefix 1/8 (end=11, n_frames=4/12): reward=-23.3750 (mean, 1 tok)
2026-04-30 01:58:44,752 mme_vla_suite.pseudo_labeling.topreward_qwen_scorer INFO: Prefix 2/8 (end=25, n_frames=5/26): reward=-23.0000 (mean, 1 tok)
2026-04-30 01:58:51,662 mme_vla_suite.pseudo_labeling.topreward_qwen_scorer INFO: Prefix 3/8 (end=39, n_frames=8/40): reward=-22.6250 (mean, 1 tok)
2026-04-30 01:58:58,558 mme_vla_suite.pseudo_labeling.topreward_qwen_scorer INFO: Prefix 4/8 (end=53, n_frames=11/54): reward=-22.0000 (mean, 1 tok)
2026-04-30 01:59:05,429 mme_vla_suite.pseudo_labeling.topreward_qwen_scorer INFO: Prefix 5/8 (end=67, n_frames=14/68): reward=-22.5000 (mean, 1 tok)
2026-04-30 01:59:12,322 mme_vla_suite.pseudo_labeling.topreward_qwen_scorer INFO: Prefix 6/8 (end=81, n_frames=16/82): reward=-21.7500 (mean, 1 tok)
2026-04-30 01:59:19,258 mme_vla_suite.pseudo_labeling.topreward_qwen_scorer INFO: Prefix 7/8 (end=95, n_frames=19/96): reward=-22.3750 (mean, 1 tok)
2026-04-30 01:59:26,240 mme_vla_suite.pseudo_labeling.topreward_qwen_scorer INFO: Prefix 8/8 (end=110, n_frames=22/111): reward=-19.1250 (mean, 1 tok)
