/coc/testnvme/shalbe3/miniconda/envs/robomme/lib/python3.11/site-packages/torch/cuda/__init__.py:63: FutureWarning: The pynvml package is deprecated. Please install nvidia-ml-py instead. If you did not install pynvml directly, please report this to the maintainers of the package that installed pynvml for you.
  import pynvml  # type: ignore[import]
`torch_dtype` is deprecated! Use `dtype` instead!
You are attempting to use Flash Attention 2 without specifying a torch dtype. This might lead to unexpected behaviour
2026-04-29 23:26:13,990 mme_vla_suite.pseudo_labeling.topreward_qwen_scorer WARNING: flash_attention_2 unavailable (/coc/testnvme/shalbe3/miniconda/envs/robomme/lib/python3.11/site-packages/flash_attn_2_cuda.cpython-311-x86_64-linux-gnu.so: undefined symbol: _ZNK3c106SymInt6sym_neERKS0_), using default attention
Loading checkpoint shards:   0%|          | 0/4 [00:00<?, ?it/s]Loading checkpoint shards:  25%|██▌       | 1/4 [00:13<00:41, 13.77s/it]Loading checkpoint shards:  50%|█████     | 2/4 [00:28<00:28, 14.05s/it]Loading checkpoint shards:  75%|███████▌  | 3/4 [00:42<00:14, 14.20s/it]Loading checkpoint shards: 100%|██████████| 4/4 [00:50<00:00, 11.73s/it]Loading checkpoint shards: 100%|██████████| 4/4 [00:50<00:00, 12.59s/it]
Asked to sample `fps` frames per second but no video metadata was provided which is required when sampling with `fps`. Defaulting to `fps=24`. Please provide `video_metadata` for more accurate results.
2026-04-29 23:27:14,192 mme_vla_suite.pseudo_labeling.topreward_qwen_scorer INFO: Prefix 1/8 (end=11, n_frames=4/12): reward=-23.6250 (mean, 1 tok)
2026-04-29 23:27:20,927 mme_vla_suite.pseudo_labeling.topreward_qwen_scorer INFO: Prefix 2/8 (end=26, n_frames=5/27): reward=-23.3750 (mean, 1 tok)
2026-04-29 23:27:27,731 mme_vla_suite.pseudo_labeling.topreward_qwen_scorer INFO: Prefix 3/8 (end=41, n_frames=8/42): reward=-23.1250 (mean, 1 tok)
2026-04-29 23:27:34,580 mme_vla_suite.pseudo_labeling.topreward_qwen_scorer INFO: Prefix 4/8 (end=56, n_frames=11/57): reward=-22.3750 (mean, 1 tok)
2026-04-29 23:27:41,414 mme_vla_suite.pseudo_labeling.topreward_qwen_scorer INFO: Prefix 5/8 (end=71, n_frames=14/72): reward=-21.2500 (mean, 1 tok)
2026-04-29 23:27:48,349 mme_vla_suite.pseudo_labeling.topreward_qwen_scorer INFO: Prefix 6/8 (end=86, n_frames=17/87): reward=-22.3750 (mean, 1 tok)
2026-04-29 23:27:55,130 mme_vla_suite.pseudo_labeling.topreward_qwen_scorer INFO: Prefix 7/8 (end=101, n_frames=20/102): reward=-18.2500 (mean, 1 tok)
2026-04-29 23:28:02,049 mme_vla_suite.pseudo_labeling.topreward_qwen_scorer INFO: Prefix 8/8 (end=116, n_frames=23/117): reward=-19.0000 (mean, 1 tok)
2026-04-29 23:28:09,584 mme_vla_suite.pseudo_labeling.topreward_qwen_scorer INFO: Prefix 1/8 (end=5, n_frames=4/6): reward=-20.1250 (mean, 1 tok)
2026-04-29 23:28:16,242 mme_vla_suite.pseudo_labeling.topreward_qwen_scorer INFO: Prefix 2/8 (end=11, n_frames=4/12): reward=-20.7500 (mean, 1 tok)
2026-04-29 23:28:22,892 mme_vla_suite.pseudo_labeling.topreward_qwen_scorer INFO: Prefix 3/8 (end=18, n_frames=4/19): reward=-20.0000 (mean, 1 tok)
2026-04-29 23:28:29,585 mme_vla_suite.pseudo_labeling.topreward_qwen_scorer INFO: Prefix 4/8 (end=24, n_frames=5/25): reward=-20.0000 (mean, 1 tok)
2026-04-29 23:28:36,259 mme_vla_suite.pseudo_labeling.topreward_qwen_scorer INFO: Prefix 5/8 (end=31, n_frames=6/32): reward=-20.2500 (mean, 1 tok)
2026-04-29 23:28:42,961 mme_vla_suite.pseudo_labeling.topreward_qwen_scorer INFO: Prefix 6/8 (end=37, n_frames=8/38): reward=-20.6250 (mean, 1 tok)
2026-04-29 23:28:49,678 mme_vla_suite.pseudo_labeling.topreward_qwen_scorer INFO: Prefix 7/8 (end=44, n_frames=9/45): reward=-17.7500 (mean, 1 tok)
2026-04-29 23:28:56,392 mme_vla_suite.pseudo_labeling.topreward_qwen_scorer INFO: Prefix 8/8 (end=51, n_frames=10/52): reward=-18.5000 (mean, 1 tok)
2026-04-29 23:29:04,276 mme_vla_suite.pseudo_labeling.topreward_qwen_scorer INFO: Prefix 1/8 (end=19, n_frames=4/20): reward=-24.7500 (mean, 1 tok)
2026-04-29 23:29:11,104 mme_vla_suite.pseudo_labeling.topreward_qwen_scorer INFO: Prefix 2/8 (end=44, n_frames=9/45): reward=-23.6250 (mean, 1 tok)
2026-04-29 23:29:17,942 mme_vla_suite.pseudo_labeling.topreward_qwen_scorer INFO: Prefix 3/8 (end=69, n_frames=14/70): reward=-22.5000 (mean, 1 tok)
2026-04-29 23:29:24,810 mme_vla_suite.pseudo_labeling.topreward_qwen_scorer INFO: Prefix 4/8 (end=94, n_frames=19/95): reward=-24.0000 (mean, 1 tok)
2026-04-29 23:29:31,730 mme_vla_suite.pseudo_labeling.topreward_qwen_scorer INFO: Prefix 5/8 (end=119, n_frames=24/120): reward=-23.6250 (mean, 1 tok)
2026-04-29 23:29:38,597 mme_vla_suite.pseudo_labeling.topreward_qwen_scorer INFO: Prefix 6/8 (end=144, n_frames=29/145): reward=-21.5000 (mean, 1 tok)
2026-04-29 23:29:45,549 mme_vla_suite.pseudo_labeling.topreward_qwen_scorer INFO: Prefix 7/8 (end=169, n_frames=34/170): reward=-21.1250 (mean, 1 tok)
2026-04-29 23:29:52,555 mme_vla_suite.pseudo_labeling.topreward_qwen_scorer INFO: Prefix 8/8 (end=194, n_frames=39/195): reward=-21.3750 (mean, 1 tok)
2026-04-29 23:29:59,975 mme_vla_suite.pseudo_labeling.topreward_qwen_scorer INFO: Prefix 1/8 (end=20, n_frames=4/21): reward=-24.3750 (mean, 1 tok)
2026-04-29 23:30:06,685 mme_vla_suite.pseudo_labeling.topreward_qwen_scorer INFO: Prefix 2/8 (end=45, n_frames=9/46): reward=-23.3750 (mean, 1 tok)
2026-04-29 23:30:13,407 mme_vla_suite.pseudo_labeling.topreward_qwen_scorer INFO: Prefix 3/8 (end=71, n_frames=14/72): reward=-22.7500 (mean, 1 tok)
2026-04-29 23:30:20,134 mme_vla_suite.pseudo_labeling.topreward_qwen_scorer INFO: Prefix 4/8 (end=97, n_frames=20/98): reward=-24.1250 (mean, 1 tok)
2026-04-29 23:30:26,958 mme_vla_suite.pseudo_labeling.topreward_qwen_scorer INFO: Prefix 5/8 (end=122, n_frames=25/123): reward=-23.5000 (mean, 1 tok)
2026-04-29 23:30:33,801 mme_vla_suite.pseudo_labeling.topreward_qwen_scorer INFO: Prefix 6/8 (end=148, n_frames=30/149): reward=-21.8750 (mean, 1 tok)
2026-04-29 23:30:40,708 mme_vla_suite.pseudo_labeling.topreward_qwen_scorer INFO: Prefix 7/8 (end=174, n_frames=35/175): reward=-21.5000 (mean, 1 tok)
2026-04-29 23:30:47,659 mme_vla_suite.pseudo_labeling.topreward_qwen_scorer INFO: Prefix 8/8 (end=200, n_frames=40/201): reward=-19.1250 (mean, 1 tok)
2026-04-29 23:30:55,229 mme_vla_suite.pseudo_labeling.topreward_qwen_scorer INFO: Prefix 1/8 (end=9, n_frames=4/10): reward=-23.8750 (mean, 1 tok)
2026-04-29 23:31:01,907 mme_vla_suite.pseudo_labeling.topreward_qwen_scorer INFO: Prefix 2/8 (end=20, n_frames=4/21): reward=-23.8750 (mean, 1 tok)
2026-04-29 23:31:08,597 mme_vla_suite.pseudo_labeling.topreward_qwen_scorer INFO: Prefix 3/8 (end=32, n_frames=7/33): reward=-22.1250 (mean, 1 tok)
2026-04-29 23:31:15,277 mme_vla_suite.pseudo_labeling.topreward_qwen_scorer INFO: Prefix 4/8 (end=43, n_frames=9/44): reward=-22.1250 (mean, 1 tok)
2026-04-29 23:31:21,983 mme_vla_suite.pseudo_labeling.topreward_qwen_scorer INFO: Prefix 5/8 (end=55, n_frames=11/56): reward=-22.6250 (mean, 1 tok)
2026-04-29 23:31:28,670 mme_vla_suite.pseudo_labeling.topreward_qwen_scorer INFO: Prefix 6/8 (end=66, n_frames=13/67): reward=-23.5000 (mean, 1 tok)
2026-04-29 23:31:35,368 mme_vla_suite.pseudo_labeling.topreward_qwen_scorer INFO: Prefix 7/8 (end=78, n_frames=16/79): reward=-23.7500 (mean, 1 tok)
2026-04-29 23:31:42,062 mme_vla_suite.pseudo_labeling.topreward_qwen_scorer INFO: Prefix 8/8 (end=90, n_frames=18/91): reward=-19.1250 (mean, 1 tok)
2026-04-29 23:31:49,384 mme_vla_suite.pseudo_labeling.topreward_qwen_scorer INFO: Prefix 1/8 (end=9, n_frames=4/10): reward=-23.8750 (mean, 1 tok)
2026-04-29 23:31:56,058 mme_vla_suite.pseudo_labeling.topreward_qwen_scorer INFO: Prefix 2/8 (end=21, n_frames=4/22): reward=-24.0000 (mean, 1 tok)
2026-04-29 23:32:02,736 mme_vla_suite.pseudo_labeling.topreward_qwen_scorer INFO: Prefix 3/8 (end=34, n_frames=7/35): reward=-21.5000 (mean, 1 tok)
2026-04-29 23:32:09,445 mme_vla_suite.pseudo_labeling.topreward_qwen_scorer INFO: Prefix 4/8 (end=47, n_frames=10/48): reward=-23.0000 (mean, 1 tok)
2026-04-29 23:32:16,141 mme_vla_suite.pseudo_labeling.topreward_qwen_scorer INFO: Prefix 5/8 (end=59, n_frames=12/60): reward=-23.3750 (mean, 1 tok)
2026-04-29 23:32:22,854 mme_vla_suite.pseudo_labeling.topreward_qwen_scorer INFO: Prefix 6/8 (end=72, n_frames=15/73): reward=-24.0000 (mean, 1 tok)
2026-04-29 23:32:29,594 mme_vla_suite.pseudo_labeling.topreward_qwen_scorer INFO: Prefix 7/8 (end=85, n_frames=17/86): reward=-20.2500 (mean, 1 tok)
2026-04-29 23:32:36,317 mme_vla_suite.pseudo_labeling.topreward_qwen_scorer INFO: Prefix 8/8 (end=98, n_frames=20/99): reward=-20.0000 (mean, 1 tok)
2026-04-29 23:32:43,988 mme_vla_suite.pseudo_labeling.topreward_qwen_scorer INFO: Prefix 1/8 (end=9, n_frames=4/10): reward=-24.0000 (mean, 1 tok)
2026-04-29 23:32:50,634 mme_vla_suite.pseudo_labeling.topreward_qwen_scorer INFO: Prefix 2/8 (end=21, n_frames=4/22): reward=-24.0000 (mean, 1 tok)
2026-04-29 23:32:57,295 mme_vla_suite.pseudo_labeling.topreward_qwen_scorer INFO: Prefix 3/8 (end=34, n_frames=7/35): reward=-22.3750 (mean, 1 tok)
2026-04-29 23:33:03,981 mme_vla_suite.pseudo_labeling.topreward_qwen_scorer INFO: Prefix 4/8 (end=47, n_frames=10/48): reward=-23.2500 (mean, 1 tok)
2026-04-29 23:33:10,677 mme_vla_suite.pseudo_labeling.topreward_qwen_scorer INFO: Prefix 5/8 (end=59, n_frames=12/60): reward=-23.6250 (mean, 1 tok)
2026-04-29 23:33:17,387 mme_vla_suite.pseudo_labeling.topreward_qwen_scorer INFO: Prefix 6/8 (end=72, n_frames=15/73): reward=-23.6250 (mean, 1 tok)
2026-04-29 23:33:24,097 mme_vla_suite.pseudo_labeling.topreward_qwen_scorer INFO: Prefix 7/8 (end=85, n_frames=17/86): reward=-22.8750 (mean, 1 tok)
2026-04-29 23:33:30,828 mme_vla_suite.pseudo_labeling.topreward_qwen_scorer INFO: Prefix 8/8 (end=98, n_frames=20/99): reward=-19.1250 (mean, 1 tok)
2026-04-29 23:33:38,429 mme_vla_suite.pseudo_labeling.topreward_qwen_scorer INFO: Prefix 1/8 (end=4, n_frames=4/5): reward=-20.5000 (mean, 1 tok)
2026-04-29 23:33:45,116 mme_vla_suite.pseudo_labeling.topreward_qwen_scorer INFO: Prefix 2/8 (end=9, n_frames=4/10): reward=-19.2500 (mean, 1 tok)
2026-04-29 23:33:51,785 mme_vla_suite.pseudo_labeling.topreward_qwen_scorer INFO: Prefix 3/8 (end=14, n_frames=4/15): reward=-20.1250 (mean, 1 tok)
2026-04-29 23:33:58,456 mme_vla_suite.pseudo_labeling.topreward_qwen_scorer INFO: Prefix 4/8 (end=19, n_frames=4/20): reward=-21.5000 (mean, 1 tok)
2026-04-29 23:34:05,119 mme_vla_suite.pseudo_labeling.topreward_qwen_scorer INFO: Prefix 5/8 (end=24, n_frames=5/25): reward=-20.2500 (mean, 1 tok)
2026-04-29 23:34:11,791 mme_vla_suite.pseudo_labeling.topreward_qwen_scorer INFO: Prefix 6/8 (end=29, n_frames=6/30): reward=-21.2500 (mean, 1 tok)
2026-04-29 23:34:18,503 mme_vla_suite.pseudo_labeling.topreward_qwen_scorer INFO: Prefix 7/8 (end=34, n_frames=7/35): reward=-21.1250 (mean, 1 tok)
2026-04-29 23:34:25,193 mme_vla_suite.pseudo_labeling.topreward_qwen_scorer INFO: Prefix 8/8 (end=40, n_frames=8/41): reward=-21.3750 (mean, 1 tok)
2026-04-29 23:34:32,659 mme_vla_suite.pseudo_labeling.topreward_qwen_scorer INFO: Prefix 1/8 (end=9, n_frames=4/10): reward=-23.3750 (mean, 1 tok)
2026-04-29 23:34:39,347 mme_vla_suite.pseudo_labeling.topreward_qwen_scorer INFO: Prefix 2/8 (end=20, n_frames=4/21): reward=-22.6250 (mean, 1 tok)
2026-04-29 23:34:46,026 mme_vla_suite.pseudo_labeling.topreward_qwen_scorer INFO: Prefix 3/8 (end=32, n_frames=7/33): reward=-23.3750 (mean, 1 tok)
2026-04-29 23:34:52,717 mme_vla_suite.pseudo_labeling.topreward_qwen_scorer INFO: Prefix 4/8 (end=44, n_frames=9/45): reward=-23.2500 (mean, 1 tok)
2026-04-29 23:34:59,461 mme_vla_suite.pseudo_labeling.topreward_qwen_scorer INFO: Prefix 5/8 (end=56, n_frames=11/57): reward=-23.0000 (mean, 1 tok)
2026-04-29 23:35:06,192 mme_vla_suite.pseudo_labeling.topreward_qwen_scorer INFO: Prefix 6/8 (end=68, n_frames=14/69): reward=-23.2500 (mean, 1 tok)
2026-04-29 23:35:12,920 mme_vla_suite.pseudo_labeling.topreward_qwen_scorer INFO: Prefix 7/8 (end=80, n_frames=16/81): reward=-22.5000 (mean, 1 tok)
2026-04-29 23:35:19,655 mme_vla_suite.pseudo_labeling.topreward_qwen_scorer INFO: Prefix 8/8 (end=92, n_frames=19/93): reward=-17.7500 (mean, 1 tok)
2026-04-29 23:35:27,154 mme_vla_suite.pseudo_labeling.topreward_qwen_scorer INFO: Prefix 1/8 (end=10, n_frames=4/11): reward=-23.6250 (mean, 1 tok)
2026-04-29 23:35:33,838 mme_vla_suite.pseudo_labeling.topreward_qwen_scorer INFO: Prefix 2/8 (end=22, n_frames=5/23): reward=-22.8750 (mean, 1 tok)
2026-04-29 23:35:40,511 mme_vla_suite.pseudo_labeling.topreward_qwen_scorer INFO: Prefix 3/8 (end=35, n_frames=7/36): reward=-23.8750 (mean, 1 tok)
2026-04-29 23:35:47,227 mme_vla_suite.pseudo_labeling.topreward_qwen_scorer INFO: Prefix 4/8 (end=48, n_frames=10/49): reward=-22.8750 (mean, 1 tok)
2026-04-29 23:35:53,926 mme_vla_suite.pseudo_labeling.topreward_qwen_scorer INFO: Prefix 5/8 (end=60, n_frames=12/61): reward=-23.0000 (mean, 1 tok)
2026-04-29 23:36:00,649 mme_vla_suite.pseudo_labeling.topreward_qwen_scorer INFO: Prefix 6/8 (end=73, n_frames=15/74): reward=-22.6250 (mean, 1 tok)
2026-04-29 23:36:07,373 mme_vla_suite.pseudo_labeling.topreward_qwen_scorer INFO: Prefix 7/8 (end=86, n_frames=17/87): reward=-18.3750 (mean, 1 tok)
2026-04-29 23:36:14,127 mme_vla_suite.pseudo_labeling.topreward_qwen_scorer INFO: Prefix 8/8 (end=99, n_frames=20/100): reward=-17.5000 (mean, 1 tok)
