/coc/testnvme/shalbe3/miniconda/envs/robomme/lib/python3.11/site-packages/torch/cuda/__init__.py:63: FutureWarning: The pynvml package is deprecated. Please install nvidia-ml-py instead. If you did not install pynvml directly, please report this to the maintainers of the package that installed pynvml for you.
  import pynvml  # type: ignore[import]
`torch_dtype` is deprecated! Use `dtype` instead!
You are attempting to use Flash Attention 2 without specifying a torch dtype. This might lead to unexpected behaviour
2026-04-30 01:45:29,945 mme_vla_suite.pseudo_labeling.topreward_qwen_scorer WARNING: flash_attention_2 unavailable (/coc/testnvme/shalbe3/miniconda/envs/robomme/lib/python3.11/site-packages/flash_attn_2_cuda.cpython-311-x86_64-linux-gnu.so: undefined symbol: _ZNK3c106SymInt6sym_neERKS0_), using default attention
Loading checkpoint shards:   0%|          | 0/4 [00:00<?, ?it/s]Loading checkpoint shards:  25%|██▌       | 1/4 [00:09<00:27,  9.27s/it]Loading checkpoint shards:  50%|█████     | 2/4 [00:22<00:22, 11.48s/it]Loading checkpoint shards:  75%|███████▌  | 3/4 [00:36<00:12, 12.53s/it]Loading checkpoint shards: 100%|██████████| 4/4 [00:43<00:00, 10.53s/it]Loading checkpoint shards: 100%|██████████| 4/4 [00:43<00:00, 10.89s/it]
Asked to sample `fps` frames per second but no video metadata was provided which is required when sampling with `fps`. Defaulting to `fps=24`. Please provide `video_metadata` for more accurate results.
2026-04-30 01:46:23,403 mme_vla_suite.pseudo_labeling.topreward_qwen_scorer INFO: Prefix 1/8 (end=19, n_frames=4/20): reward=-18.6250 (mean, 1 tok)
2026-04-30 01:46:30,387 mme_vla_suite.pseudo_labeling.topreward_qwen_scorer INFO: Prefix 2/8 (end=43, n_frames=9/44): reward=-17.1250 (mean, 1 tok)
2026-04-30 01:46:37,357 mme_vla_suite.pseudo_labeling.topreward_qwen_scorer INFO: Prefix 3/8 (end=68, n_frames=14/69): reward=-16.1250 (mean, 1 tok)
2026-04-30 01:46:44,393 mme_vla_suite.pseudo_labeling.topreward_qwen_scorer INFO: Prefix 4/8 (end=93, n_frames=19/94): reward=-17.1250 (mean, 1 tok)
2026-04-30 01:46:51,460 mme_vla_suite.pseudo_labeling.topreward_qwen_scorer INFO: Prefix 5/8 (end=118, n_frames=24/119): reward=-16.3750 (mean, 1 tok)
2026-04-30 01:46:58,568 mme_vla_suite.pseudo_labeling.topreward_qwen_scorer INFO: Prefix 6/8 (end=143, n_frames=29/144): reward=-15.0000 (mean, 1 tok)
2026-04-30 01:47:05,698 mme_vla_suite.pseudo_labeling.topreward_qwen_scorer INFO: Prefix 7/8 (end=168, n_frames=34/169): reward=-15.1250 (mean, 1 tok)
2026-04-30 01:47:12,897 mme_vla_suite.pseudo_labeling.topreward_qwen_scorer INFO: Prefix 8/8 (end=193, n_frames=39/194): reward=-14.0000 (mean, 1 tok)
2026-04-30 01:47:20,904 mme_vla_suite.pseudo_labeling.topreward_qwen_scorer INFO: Prefix 1/8 (end=7, n_frames=4/8): reward=-19.7500 (mean, 1 tok)
2026-04-30 01:47:27,791 mme_vla_suite.pseudo_labeling.topreward_qwen_scorer INFO: Prefix 2/8 (end=15, n_frames=4/16): reward=-19.8750 (mean, 1 tok)
2026-04-30 01:47:34,666 mme_vla_suite.pseudo_labeling.topreward_qwen_scorer INFO: Prefix 3/8 (end=24, n_frames=5/25): reward=-20.7500 (mean, 1 tok)
2026-04-30 01:47:41,567 mme_vla_suite.pseudo_labeling.topreward_qwen_scorer INFO: Prefix 4/8 (end=33, n_frames=7/34): reward=-19.0000 (mean, 1 tok)
2026-04-30 01:47:48,501 mme_vla_suite.pseudo_labeling.topreward_qwen_scorer INFO: Prefix 5/8 (end=42, n_frames=9/43): reward=-19.6250 (mean, 1 tok)
2026-04-30 01:47:55,444 mme_vla_suite.pseudo_labeling.topreward_qwen_scorer INFO: Prefix 6/8 (end=51, n_frames=10/52): reward=-18.7500 (mean, 1 tok)
2026-04-30 01:48:02,377 mme_vla_suite.pseudo_labeling.topreward_qwen_scorer INFO: Prefix 7/8 (end=60, n_frames=12/61): reward=-20.5000 (mean, 1 tok)
2026-04-30 01:48:09,315 mme_vla_suite.pseudo_labeling.topreward_qwen_scorer INFO: Prefix 8/8 (end=69, n_frames=14/70): reward=-20.0000 (mean, 1 tok)
2026-04-30 01:48:17,511 mme_vla_suite.pseudo_labeling.topreward_qwen_scorer INFO: Prefix 1/8 (end=8, n_frames=4/9): reward=-19.5000 (mean, 1 tok)
2026-04-30 01:48:24,390 mme_vla_suite.pseudo_labeling.topreward_qwen_scorer INFO: Prefix 2/8 (end=19, n_frames=4/20): reward=-19.8750 (mean, 1 tok)
2026-04-30 01:48:31,283 mme_vla_suite.pseudo_labeling.topreward_qwen_scorer INFO: Prefix 3/8 (end=30, n_frames=6/31): reward=-20.1250 (mean, 1 tok)
2026-04-30 01:48:38,184 mme_vla_suite.pseudo_labeling.topreward_qwen_scorer INFO: Prefix 4/8 (end=41, n_frames=8/42): reward=-18.7500 (mean, 1 tok)
2026-04-30 01:48:45,098 mme_vla_suite.pseudo_labeling.topreward_qwen_scorer INFO: Prefix 5/8 (end=53, n_frames=11/54): reward=-19.3750 (mean, 1 tok)
2026-04-30 01:48:52,013 mme_vla_suite.pseudo_labeling.topreward_qwen_scorer INFO: Prefix 6/8 (end=64, n_frames=13/65): reward=-19.8750 (mean, 1 tok)
2026-04-30 01:48:58,937 mme_vla_suite.pseudo_labeling.topreward_qwen_scorer INFO: Prefix 7/8 (end=75, n_frames=15/76): reward=-19.3750 (mean, 1 tok)
2026-04-30 01:49:05,889 mme_vla_suite.pseudo_labeling.topreward_qwen_scorer INFO: Prefix 8/8 (end=87, n_frames=18/88): reward=-19.6250 (mean, 1 tok)
2026-04-30 01:49:14,093 mme_vla_suite.pseudo_labeling.topreward_qwen_scorer INFO: Prefix 1/8 (end=11, n_frames=4/12): reward=-18.8750 (mean, 1 tok)
2026-04-30 01:49:20,996 mme_vla_suite.pseudo_labeling.topreward_qwen_scorer INFO: Prefix 2/8 (end=26, n_frames=5/27): reward=-18.6250 (mean, 1 tok)
2026-04-30 01:49:27,901 mme_vla_suite.pseudo_labeling.topreward_qwen_scorer INFO: Prefix 3/8 (end=41, n_frames=8/42): reward=-17.1250 (mean, 1 tok)
2026-04-30 01:49:34,806 mme_vla_suite.pseudo_labeling.topreward_qwen_scorer INFO: Prefix 4/8 (end=56, n_frames=11/57): reward=-16.2500 (mean, 1 tok)
2026-04-30 01:49:41,787 mme_vla_suite.pseudo_labeling.topreward_qwen_scorer INFO: Prefix 5/8 (end=72, n_frames=15/73): reward=-16.1250 (mean, 1 tok)
2026-04-30 01:49:48,728 mme_vla_suite.pseudo_labeling.topreward_qwen_scorer INFO: Prefix 6/8 (end=87, n_frames=18/88): reward=-16.3750 (mean, 1 tok)
2026-04-30 01:49:55,730 mme_vla_suite.pseudo_labeling.topreward_qwen_scorer INFO: Prefix 7/8 (end=102, n_frames=21/103): reward=-15.7500 (mean, 1 tok)
2026-04-30 01:50:02,747 mme_vla_suite.pseudo_labeling.topreward_qwen_scorer INFO: Prefix 8/8 (end=118, n_frames=24/119): reward=-15.7500 (mean, 1 tok)
2026-04-30 01:50:10,631 mme_vla_suite.pseudo_labeling.topreward_qwen_scorer INFO: Prefix 1/8 (end=6, n_frames=4/7): reward=-19.5000 (mean, 1 tok)
2026-04-30 01:50:17,526 mme_vla_suite.pseudo_labeling.topreward_qwen_scorer INFO: Prefix 2/8 (end=14, n_frames=4/15): reward=-19.3750 (mean, 1 tok)
2026-04-30 01:50:24,398 mme_vla_suite.pseudo_labeling.topreward_qwen_scorer INFO: Prefix 3/8 (end=23, n_frames=5/24): reward=-17.5000 (mean, 1 tok)
2026-04-30 01:50:31,295 mme_vla_suite.pseudo_labeling.topreward_qwen_scorer INFO: Prefix 4/8 (end=31, n_frames=6/32): reward=-17.2500 (mean, 1 tok)
2026-04-30 01:50:38,206 mme_vla_suite.pseudo_labeling.topreward_qwen_scorer INFO: Prefix 5/8 (end=40, n_frames=8/41): reward=-17.3750 (mean, 1 tok)
2026-04-30 01:50:45,097 mme_vla_suite.pseudo_labeling.topreward_qwen_scorer INFO: Prefix 6/8 (end=48, n_frames=10/49): reward=-17.6250 (mean, 1 tok)
2026-04-30 01:50:51,991 mme_vla_suite.pseudo_labeling.topreward_qwen_scorer INFO: Prefix 7/8 (end=57, n_frames=12/58): reward=-18.3750 (mean, 1 tok)
2026-04-30 01:50:58,892 mme_vla_suite.pseudo_labeling.topreward_qwen_scorer INFO: Prefix 8/8 (end=66, n_frames=13/67): reward=-17.6250 (mean, 1 tok)
2026-04-30 01:51:06,671 mme_vla_suite.pseudo_labeling.topreward_qwen_scorer INFO: Prefix 1/8 (end=8, n_frames=4/9): reward=-18.3750 (mean, 1 tok)
2026-04-30 01:51:13,582 mme_vla_suite.pseudo_labeling.topreward_qwen_scorer INFO: Prefix 2/8 (end=18, n_frames=4/19): reward=-18.5000 (mean, 1 tok)
2026-04-30 01:51:20,495 mme_vla_suite.pseudo_labeling.topreward_qwen_scorer INFO: Prefix 3/8 (end=29, n_frames=6/30): reward=-17.3750 (mean, 1 tok)
2026-04-30 01:51:27,408 mme_vla_suite.pseudo_labeling.topreward_qwen_scorer INFO: Prefix 4/8 (end=40, n_frames=8/41): reward=-17.3750 (mean, 1 tok)
2026-04-30 01:51:34,342 mme_vla_suite.pseudo_labeling.topreward_qwen_scorer INFO: Prefix 5/8 (end=51, n_frames=10/52): reward=-18.8750 (mean, 1 tok)
2026-04-30 01:51:41,253 mme_vla_suite.pseudo_labeling.topreward_qwen_scorer INFO: Prefix 6/8 (end=62, n_frames=13/63): reward=-18.2500 (mean, 1 tok)
2026-04-30 01:51:48,178 mme_vla_suite.pseudo_labeling.topreward_qwen_scorer INFO: Prefix 7/8 (end=73, n_frames=15/74): reward=-17.8750 (mean, 1 tok)
2026-04-30 01:51:55,153 mme_vla_suite.pseudo_labeling.topreward_qwen_scorer INFO: Prefix 8/8 (end=84, n_frames=17/85): reward=-17.7500 (mean, 1 tok)
2026-04-30 01:52:03,450 mme_vla_suite.pseudo_labeling.topreward_qwen_scorer INFO: Prefix 1/8 (end=12, n_frames=4/13): reward=-18.6250 (mean, 1 tok)
2026-04-30 01:52:10,369 mme_vla_suite.pseudo_labeling.topreward_qwen_scorer INFO: Prefix 2/8 (end=27, n_frames=6/28): reward=-18.8750 (mean, 1 tok)
2026-04-30 01:52:17,278 mme_vla_suite.pseudo_labeling.topreward_qwen_scorer INFO: Prefix 3/8 (end=42, n_frames=9/43): reward=-16.1250 (mean, 1 tok)
2026-04-30 01:52:24,182 mme_vla_suite.pseudo_labeling.topreward_qwen_scorer INFO: Prefix 4/8 (end=57, n_frames=12/58): reward=-15.7500 (mean, 1 tok)
2026-04-30 01:52:31,123 mme_vla_suite.pseudo_labeling.topreward_qwen_scorer INFO: Prefix 5/8 (end=73, n_frames=15/74): reward=-16.1250 (mean, 1 tok)
2026-04-30 01:52:38,107 mme_vla_suite.pseudo_labeling.topreward_qwen_scorer INFO: Prefix 6/8 (end=88, n_frames=18/89): reward=-15.1250 (mean, 1 tok)
2026-04-30 01:52:45,122 mme_vla_suite.pseudo_labeling.topreward_qwen_scorer INFO: Prefix 7/8 (end=103, n_frames=21/104): reward=-15.3750 (mean, 1 tok)
2026-04-30 01:52:52,171 mme_vla_suite.pseudo_labeling.topreward_qwen_scorer INFO: Prefix 8/8 (end=119, n_frames=24/120): reward=-14.8750 (mean, 1 tok)
2026-04-30 01:53:00,226 mme_vla_suite.pseudo_labeling.topreward_qwen_scorer INFO: Prefix 1/8 (end=7, n_frames=4/8): reward=-19.5000 (mean, 1 tok)
2026-04-30 01:53:07,125 mme_vla_suite.pseudo_labeling.topreward_qwen_scorer INFO: Prefix 2/8 (end=15, n_frames=4/16): reward=-19.0000 (mean, 1 tok)
2026-04-30 01:53:14,019 mme_vla_suite.pseudo_labeling.topreward_qwen_scorer INFO: Prefix 3/8 (end=24, n_frames=5/25): reward=-18.6250 (mean, 1 tok)
2026-04-30 01:53:20,932 mme_vla_suite.pseudo_labeling.topreward_qwen_scorer INFO: Prefix 4/8 (end=33, n_frames=7/34): reward=-19.6250 (mean, 1 tok)
2026-04-30 01:53:27,863 mme_vla_suite.pseudo_labeling.topreward_qwen_scorer INFO: Prefix 5/8 (end=42, n_frames=9/43): reward=-18.5000 (mean, 1 tok)
2026-04-30 01:53:34,778 mme_vla_suite.pseudo_labeling.topreward_qwen_scorer INFO: Prefix 6/8 (end=51, n_frames=10/52): reward=-18.2500 (mean, 1 tok)
2026-04-30 01:53:41,719 mme_vla_suite.pseudo_labeling.topreward_qwen_scorer INFO: Prefix 7/8 (end=60, n_frames=12/61): reward=-17.8750 (mean, 1 tok)
2026-04-30 01:53:48,672 mme_vla_suite.pseudo_labeling.topreward_qwen_scorer INFO: Prefix 8/8 (end=69, n_frames=14/70): reward=-17.7500 (mean, 1 tok)
2026-04-30 01:53:56,516 mme_vla_suite.pseudo_labeling.topreward_qwen_scorer INFO: Prefix 1/8 (end=8, n_frames=4/9): reward=-19.1250 (mean, 1 tok)
2026-04-30 01:54:03,424 mme_vla_suite.pseudo_labeling.topreward_qwen_scorer INFO: Prefix 2/8 (end=18, n_frames=4/19): reward=-18.8750 (mean, 1 tok)
2026-04-30 01:54:10,355 mme_vla_suite.pseudo_labeling.topreward_qwen_scorer INFO: Prefix 3/8 (end=28, n_frames=6/29): reward=-18.5000 (mean, 1 tok)
2026-04-30 01:54:17,259 mme_vla_suite.pseudo_labeling.topreward_qwen_scorer INFO: Prefix 4/8 (end=39, n_frames=8/40): reward=-19.2500 (mean, 1 tok)
2026-04-30 01:54:24,179 mme_vla_suite.pseudo_labeling.topreward_qwen_scorer INFO: Prefix 5/8 (end=49, n_frames=10/50): reward=-18.3750 (mean, 1 tok)
2026-04-30 01:54:31,097 mme_vla_suite.pseudo_labeling.topreward_qwen_scorer INFO: Prefix 6/8 (end=60, n_frames=12/61): reward=-17.8750 (mean, 1 tok)
2026-04-30 01:54:38,010 mme_vla_suite.pseudo_labeling.topreward_qwen_scorer INFO: Prefix 7/8 (end=70, n_frames=14/71): reward=-18.7500 (mean, 1 tok)
2026-04-30 01:54:44,955 mme_vla_suite.pseudo_labeling.topreward_qwen_scorer INFO: Prefix 8/8 (end=81, n_frames=16/82): reward=-18.5000 (mean, 1 tok)
