/coc/testnvme/shalbe3/miniconda/envs/robomme/lib/python3.11/site-packages/torch/cuda/__init__.py:63: FutureWarning: The pynvml package is deprecated. Please install nvidia-ml-py instead. If you did not install pynvml directly, please report this to the maintainers of the package that installed pynvml for you.
  import pynvml  # type: ignore[import]
`torch_dtype` is deprecated! Use `dtype` instead!
You are attempting to use Flash Attention 2 without specifying a torch dtype. This might lead to unexpected behaviour
2026-04-29 18:55:10,542 mme_vla_suite.pseudo_labeling.topreward_qwen_scorer WARNING: flash_attention_2 unavailable (/coc/testnvme/shalbe3/miniconda/envs/robomme/lib/python3.11/site-packages/flash_attn_2_cuda.cpython-311-x86_64-linux-gnu.so: undefined symbol: _ZNK3c106SymInt6sym_neERKS0_), using default attention
Loading checkpoint shards:   0%|          | 0/4 [00:00<?, ?it/s]Loading checkpoint shards:  25%|██▌       | 1/4 [00:01<00:03,  1.27s/it]Loading checkpoint shards:  50%|█████     | 2/4 [00:02<00:02,  1.27s/it]Loading checkpoint shards:  75%|███████▌  | 3/4 [00:03<00:01,  1.24s/it]Loading checkpoint shards: 100%|██████████| 4/4 [00:04<00:00,  1.03s/it]Loading checkpoint shards: 100%|██████████| 4/4 [00:04<00:00,  1.11s/it]
Asked to sample `fps` frames per second but no video metadata was provided which is required when sampling with `fps`. Defaulting to `fps=24`. Please provide `video_metadata` for more accurate results.
2026-04-29 18:55:24,562 mme_vla_suite.pseudo_labeling.topreward_qwen_scorer INFO: Prefix 1/8 (end=5, n_frames=4/6): reward=-20.1250 (mean, 1 tok)
2026-04-29 18:55:31,432 mme_vla_suite.pseudo_labeling.topreward_qwen_scorer INFO: Prefix 2/8 (end=11, n_frames=4/12): reward=-18.8750 (mean, 1 tok)
2026-04-29 18:55:38,293 mme_vla_suite.pseudo_labeling.topreward_qwen_scorer INFO: Prefix 3/8 (end=17, n_frames=5/18): reward=-18.6250 (mean, 1 tok)
2026-04-29 18:55:45,160 mme_vla_suite.pseudo_labeling.topreward_qwen_scorer INFO: Prefix 4/8 (end=23, n_frames=7/24): reward=-18.7500 (mean, 1 tok)
2026-04-29 18:55:52,072 mme_vla_suite.pseudo_labeling.topreward_qwen_scorer INFO: Prefix 5/8 (end=30, n_frames=9/31): reward=-19.5000 (mean, 1 tok)
2026-04-29 18:55:58,992 mme_vla_suite.pseudo_labeling.topreward_qwen_scorer INFO: Prefix 6/8 (end=36, n_frames=11/37): reward=-19.3750 (mean, 1 tok)
2026-04-29 18:56:05,910 mme_vla_suite.pseudo_labeling.topreward_qwen_scorer INFO: Prefix 7/8 (end=42, n_frames=13/43): reward=-19.0000 (mean, 1 tok)
2026-04-29 18:56:12,857 mme_vla_suite.pseudo_labeling.topreward_qwen_scorer INFO: Prefix 8/8 (end=49, n_frames=15/50): reward=-18.7500 (mean, 1 tok)
2026-04-29 18:56:20,570 mme_vla_suite.pseudo_labeling.topreward_qwen_scorer INFO: Prefix 1/8 (end=5, n_frames=4/6): reward=-20.6250 (mean, 1 tok)
2026-04-29 18:56:27,395 mme_vla_suite.pseudo_labeling.topreward_qwen_scorer INFO: Prefix 2/8 (end=11, n_frames=4/12): reward=-20.1250 (mean, 1 tok)
2026-04-29 18:56:34,227 mme_vla_suite.pseudo_labeling.topreward_qwen_scorer INFO: Prefix 3/8 (end=17, n_frames=5/18): reward=-20.5000 (mean, 1 tok)
2026-04-29 18:56:41,105 mme_vla_suite.pseudo_labeling.topreward_qwen_scorer INFO: Prefix 4/8 (end=23, n_frames=7/24): reward=-20.1250 (mean, 1 tok)
2026-04-29 18:56:48,002 mme_vla_suite.pseudo_labeling.topreward_qwen_scorer INFO: Prefix 5/8 (end=30, n_frames=9/31): reward=-20.1250 (mean, 1 tok)
2026-04-29 18:56:54,884 mme_vla_suite.pseudo_labeling.topreward_qwen_scorer INFO: Prefix 6/8 (end=36, n_frames=11/37): reward=-20.2500 (mean, 1 tok)
2026-04-29 18:57:01,834 mme_vla_suite.pseudo_labeling.topreward_qwen_scorer INFO: Prefix 7/8 (end=42, n_frames=13/43): reward=-20.8750 (mean, 1 tok)
2026-04-29 18:57:08,780 mme_vla_suite.pseudo_labeling.topreward_qwen_scorer INFO: Prefix 8/8 (end=49, n_frames=15/50): reward=-19.8750 (mean, 1 tok)
2026-04-29 18:57:16,730 mme_vla_suite.pseudo_labeling.topreward_qwen_scorer INFO: Prefix 1/8 (end=5, n_frames=4/6): reward=-19.8750 (mean, 1 tok)
2026-04-29 18:57:23,573 mme_vla_suite.pseudo_labeling.topreward_qwen_scorer INFO: Prefix 2/8 (end=11, n_frames=4/12): reward=-18.5000 (mean, 1 tok)
2026-04-29 18:57:30,435 mme_vla_suite.pseudo_labeling.topreward_qwen_scorer INFO: Prefix 3/8 (end=17, n_frames=5/18): reward=-18.6250 (mean, 1 tok)
2026-04-29 18:57:37,277 mme_vla_suite.pseudo_labeling.topreward_qwen_scorer INFO: Prefix 4/8 (end=23, n_frames=7/24): reward=-18.3750 (mean, 1 tok)
2026-04-29 18:57:44,149 mme_vla_suite.pseudo_labeling.topreward_qwen_scorer INFO: Prefix 5/8 (end=30, n_frames=9/31): reward=-17.8750 (mean, 1 tok)
2026-04-29 18:57:51,032 mme_vla_suite.pseudo_labeling.topreward_qwen_scorer INFO: Prefix 6/8 (end=36, n_frames=11/37): reward=-18.0000 (mean, 1 tok)
2026-04-29 18:57:57,944 mme_vla_suite.pseudo_labeling.topreward_qwen_scorer INFO: Prefix 7/8 (end=42, n_frames=13/43): reward=-18.5000 (mean, 1 tok)
2026-04-29 18:58:04,857 mme_vla_suite.pseudo_labeling.topreward_qwen_scorer INFO: Prefix 8/8 (end=49, n_frames=15/50): reward=-18.2500 (mean, 1 tok)
2026-04-29 18:58:12,450 mme_vla_suite.pseudo_labeling.topreward_qwen_scorer INFO: Prefix 1/8 (end=5, n_frames=4/6): reward=-20.0000 (mean, 1 tok)
2026-04-29 18:58:19,313 mme_vla_suite.pseudo_labeling.topreward_qwen_scorer INFO: Prefix 2/8 (end=11, n_frames=4/12): reward=-20.0000 (mean, 1 tok)
2026-04-29 18:58:26,168 mme_vla_suite.pseudo_labeling.topreward_qwen_scorer INFO: Prefix 3/8 (end=17, n_frames=5/18): reward=-20.3750 (mean, 1 tok)
2026-04-29 18:58:33,077 mme_vla_suite.pseudo_labeling.topreward_qwen_scorer INFO: Prefix 4/8 (end=23, n_frames=7/24): reward=-19.7500 (mean, 1 tok)
2026-04-29 18:58:39,969 mme_vla_suite.pseudo_labeling.topreward_qwen_scorer INFO: Prefix 5/8 (end=30, n_frames=9/31): reward=-19.8750 (mean, 1 tok)
2026-04-29 18:58:46,947 mme_vla_suite.pseudo_labeling.topreward_qwen_scorer INFO: Prefix 6/8 (end=36, n_frames=11/37): reward=-20.1250 (mean, 1 tok)
2026-04-29 18:58:53,861 mme_vla_suite.pseudo_labeling.topreward_qwen_scorer INFO: Prefix 7/8 (end=42, n_frames=13/43): reward=-20.7500 (mean, 1 tok)
2026-04-29 18:59:00,791 mme_vla_suite.pseudo_labeling.topreward_qwen_scorer INFO: Prefix 8/8 (end=49, n_frames=15/50): reward=-20.5000 (mean, 1 tok)
2026-04-29 18:59:08,525 mme_vla_suite.pseudo_labeling.topreward_qwen_scorer INFO: Prefix 1/8 (end=4, n_frames=4/5): reward=-20.5000 (mean, 1 tok)
2026-04-29 18:59:15,366 mme_vla_suite.pseudo_labeling.topreward_qwen_scorer INFO: Prefix 2/8 (end=9, n_frames=4/10): reward=-18.6250 (mean, 1 tok)
2026-04-29 18:59:22,198 mme_vla_suite.pseudo_labeling.topreward_qwen_scorer INFO: Prefix 3/8 (end=14, n_frames=4/15): reward=-18.3750 (mean, 1 tok)
2026-04-29 18:59:29,059 mme_vla_suite.pseudo_labeling.topreward_qwen_scorer INFO: Prefix 4/8 (end=20, n_frames=6/21): reward=-19.0000 (mean, 1 tok)
2026-04-29 18:59:35,931 mme_vla_suite.pseudo_labeling.topreward_qwen_scorer INFO: Prefix 5/8 (end=25, n_frames=8/26): reward=-18.3750 (mean, 1 tok)
2026-04-29 18:59:42,844 mme_vla_suite.pseudo_labeling.topreward_qwen_scorer INFO: Prefix 6/8 (end=31, n_frames=10/32): reward=-18.1250 (mean, 1 tok)
2026-04-29 18:59:49,787 mme_vla_suite.pseudo_labeling.topreward_qwen_scorer INFO: Prefix 7/8 (end=36, n_frames=11/37): reward=-18.5000 (mean, 1 tok)
2026-04-29 18:59:56,758 mme_vla_suite.pseudo_labeling.topreward_qwen_scorer INFO: Prefix 8/8 (end=42, n_frames=13/43): reward=-18.3750 (mean, 1 tok)
2026-04-29 19:00:04,402 mme_vla_suite.pseudo_labeling.topreward_qwen_scorer INFO: Prefix 1/8 (end=5, n_frames=4/6): reward=-20.1250 (mean, 1 tok)
2026-04-29 19:00:11,240 mme_vla_suite.pseudo_labeling.topreward_qwen_scorer INFO: Prefix 2/8 (end=11, n_frames=4/12): reward=-18.7500 (mean, 1 tok)
2026-04-29 19:00:18,068 mme_vla_suite.pseudo_labeling.topreward_qwen_scorer INFO: Prefix 3/8 (end=17, n_frames=5/18): reward=-18.5000 (mean, 1 tok)
2026-04-29 19:00:24,929 mme_vla_suite.pseudo_labeling.topreward_qwen_scorer INFO: Prefix 4/8 (end=23, n_frames=7/24): reward=-18.2500 (mean, 1 tok)
2026-04-29 19:00:31,799 mme_vla_suite.pseudo_labeling.topreward_qwen_scorer INFO: Prefix 5/8 (end=30, n_frames=9/31): reward=-17.7500 (mean, 1 tok)
2026-04-29 19:00:38,710 mme_vla_suite.pseudo_labeling.topreward_qwen_scorer INFO: Prefix 6/8 (end=36, n_frames=11/37): reward=-18.5000 (mean, 1 tok)
2026-04-29 19:00:45,624 mme_vla_suite.pseudo_labeling.topreward_qwen_scorer INFO: Prefix 7/8 (end=42, n_frames=13/43): reward=-18.3750 (mean, 1 tok)
2026-04-29 19:00:52,587 mme_vla_suite.pseudo_labeling.topreward_qwen_scorer INFO: Prefix 8/8 (end=49, n_frames=15/50): reward=-18.0000 (mean, 1 tok)
2026-04-29 19:01:00,154 mme_vla_suite.pseudo_labeling.topreward_qwen_scorer INFO: Prefix 1/8 (end=5, n_frames=4/6): reward=-19.5000 (mean, 1 tok)
2026-04-29 19:01:07,031 mme_vla_suite.pseudo_labeling.topreward_qwen_scorer INFO: Prefix 2/8 (end=11, n_frames=4/12): reward=-19.0000 (mean, 1 tok)
2026-04-29 19:01:13,901 mme_vla_suite.pseudo_labeling.topreward_qwen_scorer INFO: Prefix 3/8 (end=17, n_frames=5/18): reward=-18.1250 (mean, 1 tok)
2026-04-29 19:01:20,789 mme_vla_suite.pseudo_labeling.topreward_qwen_scorer INFO: Prefix 4/8 (end=23, n_frames=7/24): reward=-18.1250 (mean, 1 tok)
2026-04-29 19:01:27,692 mme_vla_suite.pseudo_labeling.topreward_qwen_scorer INFO: Prefix 5/8 (end=30, n_frames=9/31): reward=-18.3750 (mean, 1 tok)
2026-04-29 19:01:34,600 mme_vla_suite.pseudo_labeling.topreward_qwen_scorer INFO: Prefix 6/8 (end=36, n_frames=11/37): reward=-18.5000 (mean, 1 tok)
2026-04-29 19:01:41,522 mme_vla_suite.pseudo_labeling.topreward_qwen_scorer INFO: Prefix 7/8 (end=42, n_frames=13/43): reward=-19.5000 (mean, 1 tok)
2026-04-29 19:01:48,449 mme_vla_suite.pseudo_labeling.topreward_qwen_scorer INFO: Prefix 8/8 (end=49, n_frames=15/50): reward=-18.7500 (mean, 1 tok)
2026-04-29 19:01:55,909 mme_vla_suite.pseudo_labeling.topreward_qwen_scorer INFO: Prefix 1/8 (end=5, n_frames=4/6): reward=-20.1250 (mean, 1 tok)
2026-04-29 19:02:02,734 mme_vla_suite.pseudo_labeling.topreward_qwen_scorer INFO: Prefix 2/8 (end=11, n_frames=4/12): reward=-19.2500 (mean, 1 tok)
2026-04-29 19:02:09,586 mme_vla_suite.pseudo_labeling.topreward_qwen_scorer INFO: Prefix 3/8 (end=17, n_frames=5/18): reward=-18.3750 (mean, 1 tok)
2026-04-29 19:02:16,452 mme_vla_suite.pseudo_labeling.topreward_qwen_scorer INFO: Prefix 4/8 (end=23, n_frames=7/24): reward=-18.0000 (mean, 1 tok)
2026-04-29 19:02:23,305 mme_vla_suite.pseudo_labeling.topreward_qwen_scorer INFO: Prefix 5/8 (end=30, n_frames=9/31): reward=-18.0000 (mean, 1 tok)
2026-04-29 19:02:30,204 mme_vla_suite.pseudo_labeling.topreward_qwen_scorer INFO: Prefix 6/8 (end=36, n_frames=11/37): reward=-17.5000 (mean, 1 tok)
2026-04-29 19:02:37,122 mme_vla_suite.pseudo_labeling.topreward_qwen_scorer INFO: Prefix 7/8 (end=42, n_frames=13/43): reward=-18.1250 (mean, 1 tok)
2026-04-29 19:02:44,053 mme_vla_suite.pseudo_labeling.topreward_qwen_scorer INFO: Prefix 8/8 (end=49, n_frames=15/50): reward=-17.8750 (mean, 1 tok)
2026-04-29 19:02:51,718 mme_vla_suite.pseudo_labeling.topreward_qwen_scorer INFO: Prefix 1/16 (end=10, n_frames=4/11): reward=-17.5000 (mean, 1 tok)
2026-04-29 19:02:58,564 mme_vla_suite.pseudo_labeling.topreward_qwen_scorer INFO: Prefix 2/16 (end=15, n_frames=5/16): reward=-17.7500 (mean, 1 tok)
2026-04-29 19:03:05,410 mme_vla_suite.pseudo_labeling.topreward_qwen_scorer INFO: Prefix 3/16 (end=21, n_frames=7/22): reward=-18.1250 (mean, 1 tok)
2026-04-29 19:03:12,397 mme_vla_suite.pseudo_labeling.topreward_qwen_scorer INFO: Prefix 4/16 (end=27, n_frames=8/28): reward=-17.7500 (mean, 1 tok)
2026-04-29 19:03:19,264 mme_vla_suite.pseudo_labeling.topreward_qwen_scorer INFO: Prefix 5/16 (end=33, n_frames=10/34): reward=-17.7500 (mean, 1 tok)
2026-04-29 19:03:26,234 mme_vla_suite.pseudo_labeling.topreward_qwen_scorer INFO: Prefix 6/16 (end=39, n_frames=12/40): reward=-17.8750 (mean, 1 tok)
2026-04-29 19:03:33,142 mme_vla_suite.pseudo_labeling.topreward_qwen_scorer INFO: Prefix 7/16 (end=45, n_frames=14/46): reward=-18.3750 (mean, 1 tok)
2026-04-29 19:03:40,127 mme_vla_suite.pseudo_labeling.topreward_qwen_scorer INFO: Prefix 8/16 (end=51, n_frames=16/52): reward=-17.5000 (mean, 1 tok)
2026-04-29 19:03:47,077 mme_vla_suite.pseudo_labeling.topreward_qwen_scorer INFO: Prefix 9/16 (end=57, n_frames=17/58): reward=-17.8750 (mean, 1 tok)
2026-04-29 19:03:54,120 mme_vla_suite.pseudo_labeling.topreward_qwen_scorer INFO: Prefix 10/16 (end=63, n_frames=19/64): reward=-19.2500 (mean, 1 tok)
2026-04-29 19:04:01,098 mme_vla_suite.pseudo_labeling.topreward_qwen_scorer INFO: Prefix 11/16 (end=69, n_frames=21/70): reward=-19.1250 (mean, 1 tok)
2026-04-29 19:04:08,088 mme_vla_suite.pseudo_labeling.topreward_qwen_scorer INFO: Prefix 12/16 (end=75, n_frames=23/76): reward=-20.1250 (mean, 1 tok)
2026-04-29 19:04:15,106 mme_vla_suite.pseudo_labeling.topreward_qwen_scorer INFO: Prefix 13/16 (end=81, n_frames=25/82): reward=-19.3750 (mean, 1 tok)
2026-04-29 19:04:22,093 mme_vla_suite.pseudo_labeling.topreward_qwen_scorer INFO: Prefix 14/16 (end=87, n_frames=26/88): reward=-19.7500 (mean, 1 tok)
2026-04-29 19:04:29,103 mme_vla_suite.pseudo_labeling.topreward_qwen_scorer INFO: Prefix 15/16 (end=93, n_frames=28/94): reward=-19.3750 (mean, 1 tok)
2026-04-29 19:04:36,413 mme_vla_suite.pseudo_labeling.topreward_qwen_scorer INFO: Prefix 16/16 (end=99, n_frames=30/100): reward=-18.5000 (mean, 1 tok)
2026-04-29 19:04:44,192 mme_vla_suite.pseudo_labeling.topreward_qwen_scorer INFO: Prefix 1/8 (end=4, n_frames=4/5): reward=-20.0000 (mean, 1 tok)
2026-04-29 19:04:51,043 mme_vla_suite.pseudo_labeling.topreward_qwen_scorer INFO: Prefix 2/8 (end=9, n_frames=4/10): reward=-20.0000 (mean, 1 tok)
2026-04-29 19:04:57,903 mme_vla_suite.pseudo_labeling.topreward_qwen_scorer INFO: Prefix 3/8 (end=14, n_frames=4/15): reward=-19.3750 (mean, 1 tok)
2026-04-29 19:05:04,786 mme_vla_suite.pseudo_labeling.topreward_qwen_scorer INFO: Prefix 4/8 (end=20, n_frames=6/21): reward=-20.7500 (mean, 1 tok)
2026-04-29 19:05:11,659 mme_vla_suite.pseudo_labeling.topreward_qwen_scorer INFO: Prefix 5/8 (end=25, n_frames=8/26): reward=-20.3750 (mean, 1 tok)
2026-04-29 19:05:18,539 mme_vla_suite.pseudo_labeling.topreward_qwen_scorer INFO: Prefix 6/8 (end=31, n_frames=10/32): reward=-20.8750 (mean, 1 tok)
2026-04-29 19:05:25,409 mme_vla_suite.pseudo_labeling.topreward_qwen_scorer INFO: Prefix 7/8 (end=36, n_frames=11/37): reward=-22.1250 (mean, 1 tok)
2026-04-29 19:05:32,277 mme_vla_suite.pseudo_labeling.topreward_qwen_scorer INFO: Prefix 8/8 (end=42, n_frames=13/43): reward=-22.3750 (mean, 1 tok)
2026-04-29 19:05:39,751 mme_vla_suite.pseudo_labeling.topreward_qwen_scorer INFO: Prefix 1/8 (end=5, n_frames=4/6): reward=-20.3750 (mean, 1 tok)
2026-04-29 19:05:46,578 mme_vla_suite.pseudo_labeling.topreward_qwen_scorer INFO: Prefix 2/8 (end=11, n_frames=4/12): reward=-19.8750 (mean, 1 tok)
2026-04-29 19:05:53,418 mme_vla_suite.pseudo_labeling.topreward_qwen_scorer INFO: Prefix 3/8 (end=17, n_frames=5/18): reward=-20.2500 (mean, 1 tok)
2026-04-29 19:06:00,263 mme_vla_suite.pseudo_labeling.topreward_qwen_scorer INFO: Prefix 4/8 (end=23, n_frames=7/24): reward=-20.1250 (mean, 1 tok)
2026-04-29 19:06:07,111 mme_vla_suite.pseudo_labeling.topreward_qwen_scorer INFO: Prefix 5/8 (end=30, n_frames=9/31): reward=-21.1250 (mean, 1 tok)
2026-04-29 19:06:13,995 mme_vla_suite.pseudo_labeling.topreward_qwen_scorer INFO: Prefix 6/8 (end=36, n_frames=11/37): reward=-22.1250 (mean, 1 tok)
2026-04-29 19:06:20,866 mme_vla_suite.pseudo_labeling.topreward_qwen_scorer INFO: Prefix 7/8 (end=42, n_frames=13/43): reward=-22.3750 (mean, 1 tok)
2026-04-29 19:06:27,744 mme_vla_suite.pseudo_labeling.topreward_qwen_scorer INFO: Prefix 8/8 (end=49, n_frames=15/50): reward=-21.1250 (mean, 1 tok)
2026-04-29 19:06:35,694 mme_vla_suite.pseudo_labeling.topreward_qwen_scorer INFO: Prefix 1/16 (end=9, n_frames=4/10): reward=-19.1250 (mean, 1 tok)
2026-04-29 19:06:42,637 mme_vla_suite.pseudo_labeling.topreward_qwen_scorer INFO: Prefix 2/16 (end=14, n_frames=4/15): reward=-19.1250 (mean, 1 tok)
2026-04-29 19:06:49,465 mme_vla_suite.pseudo_labeling.topreward_qwen_scorer INFO: Prefix 3/16 (end=20, n_frames=6/21): reward=-18.8750 (mean, 1 tok)
2026-04-29 19:06:56,461 mme_vla_suite.pseudo_labeling.topreward_qwen_scorer INFO: Prefix 4/16 (end=25, n_frames=8/26): reward=-18.8750 (mean, 1 tok)
2026-04-29 19:07:03,357 mme_vla_suite.pseudo_labeling.topreward_qwen_scorer INFO: Prefix 5/16 (end=31, n_frames=10/32): reward=-19.0000 (mean, 1 tok)
2026-04-29 19:07:10,278 mme_vla_suite.pseudo_labeling.topreward_qwen_scorer INFO: Prefix 6/16 (end=36, n_frames=11/37): reward=-19.3750 (mean, 1 tok)
2026-04-29 19:07:17,170 mme_vla_suite.pseudo_labeling.topreward_qwen_scorer INFO: Prefix 7/16 (end=42, n_frames=13/43): reward=-19.6250 (mean, 1 tok)
2026-04-29 19:07:24,033 mme_vla_suite.pseudo_labeling.topreward_qwen_scorer INFO: Prefix 8/16 (end=47, n_frames=14/48): reward=-19.5000 (mean, 1 tok)
2026-04-29 19:07:30,947 mme_vla_suite.pseudo_labeling.topreward_qwen_scorer INFO: Prefix 9/16 (end=53, n_frames=16/54): reward=-19.7500 (mean, 1 tok)
2026-04-29 19:07:37,882 mme_vla_suite.pseudo_labeling.topreward_qwen_scorer INFO: Prefix 10/16 (end=58, n_frames=18/59): reward=-18.8750 (mean, 1 tok)
2026-04-29 19:07:44,809 mme_vla_suite.pseudo_labeling.topreward_qwen_scorer INFO: Prefix 11/16 (end=64, n_frames=20/65): reward=-19.0000 (mean, 1 tok)
2026-04-29 19:07:51,772 mme_vla_suite.pseudo_labeling.topreward_qwen_scorer INFO: Prefix 12/16 (end=69, n_frames=21/70): reward=-17.6250 (mean, 1 tok)
2026-04-29 19:07:58,719 mme_vla_suite.pseudo_labeling.topreward_qwen_scorer INFO: Prefix 13/16 (end=75, n_frames=23/76): reward=-19.0000 (mean, 1 tok)
2026-04-29 19:08:05,684 mme_vla_suite.pseudo_labeling.topreward_qwen_scorer INFO: Prefix 14/16 (end=80, n_frames=24/81): reward=-19.1250 (mean, 1 tok)
2026-04-29 19:08:12,659 mme_vla_suite.pseudo_labeling.topreward_qwen_scorer INFO: Prefix 15/16 (end=86, n_frames=26/87): reward=-19.0000 (mean, 1 tok)
2026-04-29 19:08:19,758 mme_vla_suite.pseudo_labeling.topreward_qwen_scorer INFO: Prefix 16/16 (end=92, n_frames=28/93): reward=-18.6250 (mean, 1 tok)
2026-04-29 19:08:27,545 mme_vla_suite.pseudo_labeling.topreward_qwen_scorer INFO: Prefix 1/16 (end=10, n_frames=4/11): reward=-19.1250 (mean, 1 tok)
2026-04-29 19:08:34,403 mme_vla_suite.pseudo_labeling.topreward_qwen_scorer INFO: Prefix 2/16 (end=15, n_frames=5/16): reward=-18.6250 (mean, 1 tok)
2026-04-29 19:08:41,263 mme_vla_suite.pseudo_labeling.topreward_qwen_scorer INFO: Prefix 3/16 (end=21, n_frames=7/22): reward=-18.5000 (mean, 1 tok)
2026-04-29 19:08:48,120 mme_vla_suite.pseudo_labeling.topreward_qwen_scorer INFO: Prefix 4/16 (end=27, n_frames=8/28): reward=-18.2500 (mean, 1 tok)
2026-04-29 19:08:54,995 mme_vla_suite.pseudo_labeling.topreward_qwen_scorer INFO: Prefix 5/16 (end=33, n_frames=10/34): reward=-19.3750 (mean, 1 tok)
2026-04-29 19:09:01,864 mme_vla_suite.pseudo_labeling.topreward_qwen_scorer INFO: Prefix 6/16 (end=39, n_frames=12/40): reward=-18.7500 (mean, 1 tok)
2026-04-29 19:09:08,736 mme_vla_suite.pseudo_labeling.topreward_qwen_scorer INFO: Prefix 7/16 (end=45, n_frames=14/46): reward=-19.5000 (mean, 1 tok)
2026-04-29 19:09:15,650 mme_vla_suite.pseudo_labeling.topreward_qwen_scorer INFO: Prefix 8/16 (end=51, n_frames=16/52): reward=-19.0000 (mean, 1 tok)
2026-04-29 19:09:22,580 mme_vla_suite.pseudo_labeling.topreward_qwen_scorer INFO: Prefix 9/16 (end=57, n_frames=17/58): reward=-19.0000 (mean, 1 tok)
2026-04-29 19:09:29,559 mme_vla_suite.pseudo_labeling.topreward_qwen_scorer INFO: Prefix 10/16 (end=63, n_frames=19/64): reward=-19.2500 (mean, 1 tok)
2026-04-29 19:09:36,518 mme_vla_suite.pseudo_labeling.topreward_qwen_scorer INFO: Prefix 11/16 (end=69, n_frames=21/70): reward=-17.6250 (mean, 1 tok)
2026-04-29 19:09:43,464 mme_vla_suite.pseudo_labeling.topreward_qwen_scorer INFO: Prefix 12/16 (end=75, n_frames=23/76): reward=-19.0000 (mean, 1 tok)
2026-04-29 19:09:50,439 mme_vla_suite.pseudo_labeling.topreward_qwen_scorer INFO: Prefix 13/16 (end=81, n_frames=25/82): reward=-18.7500 (mean, 1 tok)
2026-04-29 19:09:57,409 mme_vla_suite.pseudo_labeling.topreward_qwen_scorer INFO: Prefix 14/16 (end=87, n_frames=26/88): reward=-18.6250 (mean, 1 tok)
2026-04-29 19:10:04,394 mme_vla_suite.pseudo_labeling.topreward_qwen_scorer INFO: Prefix 15/16 (end=93, n_frames=28/94): reward=-19.2500 (mean, 1 tok)
2026-04-29 19:10:11,377 mme_vla_suite.pseudo_labeling.topreward_qwen_scorer INFO: Prefix 16/16 (end=99, n_frames=30/100): reward=-19.0000 (mean, 1 tok)
