/coc/testnvme/shalbe3/miniconda/envs/robomme/lib/python3.11/site-packages/torch/cuda/__init__.py:63: FutureWarning: The pynvml package is deprecated. Please install nvidia-ml-py instead. If you did not install pynvml directly, please report this to the maintainers of the package that installed pynvml for you.
  import pynvml  # type: ignore[import]
`torch_dtype` is deprecated! Use `dtype` instead!
You are attempting to use Flash Attention 2 without specifying a torch dtype. This might lead to unexpected behaviour
2026-04-30 02:33:08,118 mme_vla_suite.pseudo_labeling.topreward_qwen_scorer WARNING: flash_attention_2 unavailable (/coc/testnvme/shalbe3/miniconda/envs/robomme/lib/python3.11/site-packages/flash_attn_2_cuda.cpython-311-x86_64-linux-gnu.so: undefined symbol: _ZNK3c106SymInt6sym_neERKS0_), using default attention
Loading checkpoint shards:   0%|          | 0/4 [00:00<?, ?it/s]Loading checkpoint shards:  25%|██▌       | 1/4 [00:01<00:04,  1.64s/it]Loading checkpoint shards:  50%|█████     | 2/4 [00:02<00:02,  1.34s/it]Loading checkpoint shards:  75%|███████▌  | 3/4 [00:03<00:01,  1.21s/it]Loading checkpoint shards: 100%|██████████| 4/4 [00:04<00:00,  1.03s/it]Loading checkpoint shards: 100%|██████████| 4/4 [00:04<00:00,  1.15s/it]
Asked to sample `fps` frames per second but no video metadata was provided which is required when sampling with `fps`. Defaulting to `fps=24`. Please provide `video_metadata` for more accurate results.
2026-04-30 02:33:22,833 mme_vla_suite.pseudo_labeling.topreward_qwen_scorer INFO: Prefix 1/8 (end=14, n_frames=4/15): reward=-21.2500 (mean, 1 tok)
2026-04-30 02:33:29,689 mme_vla_suite.pseudo_labeling.topreward_qwen_scorer INFO: Prefix 2/8 (end=32, n_frames=7/33): reward=-21.7500 (mean, 1 tok)
2026-04-30 02:33:36,530 mme_vla_suite.pseudo_labeling.topreward_qwen_scorer INFO: Prefix 3/8 (end=50, n_frames=10/51): reward=-19.7500 (mean, 1 tok)
2026-04-30 02:33:43,411 mme_vla_suite.pseudo_labeling.topreward_qwen_scorer INFO: Prefix 4/8 (end=68, n_frames=14/69): reward=-18.6250 (mean, 1 tok)
2026-04-30 02:33:50,314 mme_vla_suite.pseudo_labeling.topreward_qwen_scorer INFO: Prefix 5/8 (end=86, n_frames=17/87): reward=-17.8750 (mean, 1 tok)
2026-04-30 02:33:57,239 mme_vla_suite.pseudo_labeling.topreward_qwen_scorer INFO: Prefix 6/8 (end=104, n_frames=21/105): reward=-17.6250 (mean, 1 tok)
2026-04-30 02:34:04,193 mme_vla_suite.pseudo_labeling.topreward_qwen_scorer INFO: Prefix 7/8 (end=122, n_frames=25/123): reward=-16.8750 (mean, 1 tok)
2026-04-30 02:34:11,142 mme_vla_suite.pseudo_labeling.topreward_qwen_scorer INFO: Prefix 8/8 (end=141, n_frames=28/142): reward=-17.1250 (mean, 1 tok)
2026-04-30 02:34:18,892 mme_vla_suite.pseudo_labeling.topreward_qwen_scorer INFO: Prefix 1/8 (end=8, n_frames=4/9): reward=-18.1250 (mean, 1 tok)
2026-04-30 02:34:25,657 mme_vla_suite.pseudo_labeling.topreward_qwen_scorer INFO: Prefix 2/8 (end=18, n_frames=4/19): reward=-17.2500 (mean, 1 tok)
2026-04-30 02:34:32,498 mme_vla_suite.pseudo_labeling.topreward_qwen_scorer INFO: Prefix 3/8 (end=29, n_frames=6/30): reward=-17.1250 (mean, 1 tok)
2026-04-30 02:34:39,343 mme_vla_suite.pseudo_labeling.topreward_qwen_scorer INFO: Prefix 4/8 (end=39, n_frames=8/40): reward=-16.8750 (mean, 1 tok)
2026-04-30 02:34:46,220 mme_vla_suite.pseudo_labeling.topreward_qwen_scorer INFO: Prefix 5/8 (end=50, n_frames=10/51): reward=-16.5000 (mean, 1 tok)
2026-04-30 02:34:53,029 mme_vla_suite.pseudo_labeling.topreward_qwen_scorer INFO: Prefix 6/8 (end=60, n_frames=12/61): reward=-16.6250 (mean, 1 tok)
2026-04-30 02:34:59,897 mme_vla_suite.pseudo_labeling.topreward_qwen_scorer INFO: Prefix 7/8 (end=71, n_frames=14/72): reward=-16.2500 (mean, 1 tok)
2026-04-30 02:35:06,817 mme_vla_suite.pseudo_labeling.topreward_qwen_scorer INFO: Prefix 8/8 (end=82, n_frames=17/83): reward=-16.7500 (mean, 1 tok)
2026-04-30 02:35:14,734 mme_vla_suite.pseudo_labeling.topreward_qwen_scorer INFO: Prefix 1/8 (end=9, n_frames=4/10): reward=-22.3750 (mean, 1 tok)
2026-04-30 02:35:21,539 mme_vla_suite.pseudo_labeling.topreward_qwen_scorer INFO: Prefix 2/8 (end=21, n_frames=4/22): reward=-22.0000 (mean, 1 tok)
2026-04-30 02:35:28,358 mme_vla_suite.pseudo_labeling.topreward_qwen_scorer INFO: Prefix 3/8 (end=34, n_frames=7/35): reward=-21.3750 (mean, 1 tok)
2026-04-30 02:35:35,180 mme_vla_suite.pseudo_labeling.topreward_qwen_scorer INFO: Prefix 4/8 (end=46, n_frames=9/47): reward=-21.2500 (mean, 1 tok)
2026-04-30 02:35:42,005 mme_vla_suite.pseudo_labeling.topreward_qwen_scorer INFO: Prefix 5/8 (end=59, n_frames=12/60): reward=-21.6250 (mean, 1 tok)
2026-04-30 02:35:48,828 mme_vla_suite.pseudo_labeling.topreward_qwen_scorer INFO: Prefix 6/8 (end=71, n_frames=14/72): reward=-21.0000 (mean, 1 tok)
2026-04-30 02:35:55,683 mme_vla_suite.pseudo_labeling.topreward_qwen_scorer INFO: Prefix 7/8 (end=84, n_frames=17/85): reward=-19.7500 (mean, 1 tok)
2026-04-30 02:36:02,561 mme_vla_suite.pseudo_labeling.topreward_qwen_scorer INFO: Prefix 8/8 (end=97, n_frames=20/98): reward=-19.2500 (mean, 1 tok)
2026-04-30 02:36:10,313 mme_vla_suite.pseudo_labeling.topreward_qwen_scorer INFO: Prefix 1/8 (end=8, n_frames=4/9): reward=-18.2500 (mean, 1 tok)
2026-04-30 02:36:17,082 mme_vla_suite.pseudo_labeling.topreward_qwen_scorer INFO: Prefix 2/8 (end=18, n_frames=4/19): reward=-17.2500 (mean, 1 tok)
2026-04-30 02:36:23,867 mme_vla_suite.pseudo_labeling.topreward_qwen_scorer INFO: Prefix 3/8 (end=29, n_frames=6/30): reward=-16.8750 (mean, 1 tok)
2026-04-30 02:36:30,642 mme_vla_suite.pseudo_labeling.topreward_qwen_scorer INFO: Prefix 4/8 (end=40, n_frames=8/41): reward=-17.1250 (mean, 1 tok)
2026-04-30 02:36:37,427 mme_vla_suite.pseudo_labeling.topreward_qwen_scorer INFO: Prefix 5/8 (end=51, n_frames=10/52): reward=-16.0000 (mean, 1 tok)
2026-04-30 02:36:44,237 mme_vla_suite.pseudo_labeling.topreward_qwen_scorer INFO: Prefix 6/8 (end=62, n_frames=13/63): reward=-16.8750 (mean, 1 tok)
2026-04-30 02:36:51,064 mme_vla_suite.pseudo_labeling.topreward_qwen_scorer INFO: Prefix 7/8 (end=73, n_frames=15/74): reward=-16.1250 (mean, 1 tok)
2026-04-30 02:36:57,917 mme_vla_suite.pseudo_labeling.topreward_qwen_scorer INFO: Prefix 8/8 (end=84, n_frames=17/85): reward=-16.5000 (mean, 1 tok)
2026-04-30 02:37:06,276 mme_vla_suite.pseudo_labeling.topreward_qwen_scorer INFO: Prefix 1/8 (end=21, n_frames=4/22): reward=-21.7500 (mean, 1 tok)
2026-04-30 02:37:13,236 mme_vla_suite.pseudo_labeling.topreward_qwen_scorer INFO: Prefix 2/8 (end=48, n_frames=10/49): reward=-20.7500 (mean, 1 tok)
2026-04-30 02:37:20,228 mme_vla_suite.pseudo_labeling.topreward_qwen_scorer INFO: Prefix 3/8 (end=76, n_frames=15/77): reward=-21.0000 (mean, 1 tok)
2026-04-30 02:37:27,270 mme_vla_suite.pseudo_labeling.topreward_qwen_scorer INFO: Prefix 4/8 (end=104, n_frames=21/105): reward=-20.5000 (mean, 1 tok)
2026-04-30 02:37:34,317 mme_vla_suite.pseudo_labeling.topreward_qwen_scorer INFO: Prefix 5/8 (end=131, n_frames=26/132): reward=-21.1250 (mean, 1 tok)
2026-04-30 02:37:41,448 mme_vla_suite.pseudo_labeling.topreward_qwen_scorer INFO: Prefix 6/8 (end=159, n_frames=32/160): reward=-20.7500 (mean, 1 tok)
2026-04-30 02:37:48,623 mme_vla_suite.pseudo_labeling.topreward_qwen_scorer INFO: Prefix 7/8 (end=187, n_frames=38/188): reward=-20.6250 (mean, 1 tok)
2026-04-30 02:37:55,843 mme_vla_suite.pseudo_labeling.topreward_qwen_scorer INFO: Prefix 8/8 (end=215, n_frames=43/216): reward=-18.8750 (mean, 1 tok)
2026-04-30 02:38:03,773 mme_vla_suite.pseudo_labeling.topreward_qwen_scorer INFO: Prefix 1/8 (end=9, n_frames=4/10): reward=-18.0000 (mean, 1 tok)
2026-04-30 02:38:10,545 mme_vla_suite.pseudo_labeling.topreward_qwen_scorer INFO: Prefix 2/8 (end=21, n_frames=4/22): reward=-17.6250 (mean, 1 tok)
2026-04-30 02:38:17,348 mme_vla_suite.pseudo_labeling.topreward_qwen_scorer INFO: Prefix 3/8 (end=33, n_frames=7/34): reward=-16.8750 (mean, 1 tok)
2026-04-30 02:38:24,149 mme_vla_suite.pseudo_labeling.topreward_qwen_scorer INFO: Prefix 4/8 (end=45, n_frames=9/46): reward=-16.1250 (mean, 1 tok)
2026-04-30 02:38:30,973 mme_vla_suite.pseudo_labeling.topreward_qwen_scorer INFO: Prefix 5/8 (end=57, n_frames=12/58): reward=-16.8750 (mean, 1 tok)
2026-04-30 02:38:37,787 mme_vla_suite.pseudo_labeling.topreward_qwen_scorer INFO: Prefix 6/8 (end=69, n_frames=14/70): reward=-16.5000 (mean, 1 tok)
2026-04-30 02:38:44,623 mme_vla_suite.pseudo_labeling.topreward_qwen_scorer INFO: Prefix 7/8 (end=81, n_frames=16/82): reward=-16.5000 (mean, 1 tok)
2026-04-30 02:38:51,494 mme_vla_suite.pseudo_labeling.topreward_qwen_scorer INFO: Prefix 8/8 (end=93, n_frames=19/94): reward=-16.0000 (mean, 1 tok)
2026-04-30 02:38:59,307 mme_vla_suite.pseudo_labeling.topreward_qwen_scorer INFO: Prefix 1/8 (end=5, n_frames=4/6): reward=-20.1250 (mean, 1 tok)
2026-04-30 02:39:06,083 mme_vla_suite.pseudo_labeling.topreward_qwen_scorer INFO: Prefix 2/8 (end=11, n_frames=4/12): reward=-20.3750 (mean, 1 tok)
2026-04-30 02:39:12,852 mme_vla_suite.pseudo_labeling.topreward_qwen_scorer INFO: Prefix 3/8 (end=18, n_frames=4/19): reward=-20.1250 (mean, 1 tok)
2026-04-30 02:39:19,632 mme_vla_suite.pseudo_labeling.topreward_qwen_scorer INFO: Prefix 4/8 (end=25, n_frames=5/26): reward=-20.7500 (mean, 1 tok)
2026-04-30 02:39:26,416 mme_vla_suite.pseudo_labeling.topreward_qwen_scorer INFO: Prefix 5/8 (end=31, n_frames=6/32): reward=-20.1250 (mean, 1 tok)
2026-04-30 02:39:33,217 mme_vla_suite.pseudo_labeling.topreward_qwen_scorer INFO: Prefix 6/8 (end=38, n_frames=8/39): reward=-19.2500 (mean, 1 tok)
2026-04-30 02:39:40,025 mme_vla_suite.pseudo_labeling.topreward_qwen_scorer INFO: Prefix 7/8 (end=45, n_frames=9/46): reward=-18.7500 (mean, 1 tok)
2026-04-30 02:39:46,837 mme_vla_suite.pseudo_labeling.topreward_qwen_scorer INFO: Prefix 8/8 (end=52, n_frames=11/53): reward=-18.7500 (mean, 1 tok)
2026-04-30 02:39:54,974 mme_vla_suite.pseudo_labeling.topreward_qwen_scorer INFO: Prefix 1/8 (end=9, n_frames=4/10): reward=-20.5000 (mean, 1 tok)
2026-04-30 02:40:01,744 mme_vla_suite.pseudo_labeling.topreward_qwen_scorer INFO: Prefix 2/8 (end=21, n_frames=4/22): reward=-20.6250 (mean, 1 tok)
2026-04-30 02:40:08,553 mme_vla_suite.pseudo_labeling.topreward_qwen_scorer INFO: Prefix 3/8 (end=33, n_frames=7/34): reward=-20.5000 (mean, 1 tok)
2026-04-30 02:40:15,330 mme_vla_suite.pseudo_labeling.topreward_qwen_scorer INFO: Prefix 4/8 (end=45, n_frames=9/46): reward=-18.7500 (mean, 1 tok)
2026-04-30 02:40:22,128 mme_vla_suite.pseudo_labeling.topreward_qwen_scorer INFO: Prefix 5/8 (end=57, n_frames=12/58): reward=-19.3750 (mean, 1 tok)
2026-04-30 02:40:28,947 mme_vla_suite.pseudo_labeling.topreward_qwen_scorer INFO: Prefix 6/8 (end=69, n_frames=14/70): reward=-18.5000 (mean, 1 tok)
2026-04-30 02:40:35,783 mme_vla_suite.pseudo_labeling.topreward_qwen_scorer INFO: Prefix 7/8 (end=81, n_frames=16/82): reward=-18.3750 (mean, 1 tok)
2026-04-30 02:40:42,679 mme_vla_suite.pseudo_labeling.topreward_qwen_scorer INFO: Prefix 8/8 (end=94, n_frames=19/95): reward=-18.1250 (mean, 1 tok)
2026-04-30 02:40:50,437 mme_vla_suite.pseudo_labeling.topreward_qwen_scorer INFO: Prefix 1/8 (end=11, n_frames=4/12): reward=-20.3750 (mean, 1 tok)
2026-04-30 02:40:57,205 mme_vla_suite.pseudo_labeling.topreward_qwen_scorer INFO: Prefix 2/8 (end=25, n_frames=5/26): reward=-20.6250 (mean, 1 tok)
2026-04-30 02:41:03,992 mme_vla_suite.pseudo_labeling.topreward_qwen_scorer INFO: Prefix 3/8 (end=39, n_frames=8/40): reward=-18.3750 (mean, 1 tok)
2026-04-30 02:41:10,806 mme_vla_suite.pseudo_labeling.topreward_qwen_scorer INFO: Prefix 4/8 (end=53, n_frames=11/54): reward=-17.0000 (mean, 1 tok)
2026-04-30 02:41:17,620 mme_vla_suite.pseudo_labeling.topreward_qwen_scorer INFO: Prefix 5/8 (end=67, n_frames=14/68): reward=-18.0000 (mean, 1 tok)
2026-04-30 02:41:24,465 mme_vla_suite.pseudo_labeling.topreward_qwen_scorer INFO: Prefix 6/8 (end=81, n_frames=16/82): reward=-17.5000 (mean, 1 tok)
2026-04-30 02:41:31,356 mme_vla_suite.pseudo_labeling.topreward_qwen_scorer INFO: Prefix 7/8 (end=95, n_frames=19/96): reward=-17.2500 (mean, 1 tok)
2026-04-30 02:41:38,239 mme_vla_suite.pseudo_labeling.topreward_qwen_scorer INFO: Prefix 8/8 (end=109, n_frames=22/110): reward=-16.2500 (mean, 1 tok)
2026-04-30 02:41:46,103 mme_vla_suite.pseudo_labeling.topreward_qwen_scorer INFO: Prefix 1/8 (end=6, n_frames=4/7): reward=-18.0000 (mean, 1 tok)
2026-04-30 02:41:52,888 mme_vla_suite.pseudo_labeling.topreward_qwen_scorer INFO: Prefix 2/8 (end=13, n_frames=4/14): reward=-16.8750 (mean, 1 tok)
2026-04-30 02:41:59,675 mme_vla_suite.pseudo_labeling.topreward_qwen_scorer INFO: Prefix 3/8 (end=21, n_frames=4/22): reward=-16.2500 (mean, 1 tok)
2026-04-30 02:42:06,501 mme_vla_suite.pseudo_labeling.topreward_qwen_scorer INFO: Prefix 4/8 (end=28, n_frames=6/29): reward=-16.1250 (mean, 1 tok)
2026-04-30 02:42:13,316 mme_vla_suite.pseudo_labeling.topreward_qwen_scorer INFO: Prefix 5/8 (end=36, n_frames=7/37): reward=-15.7500 (mean, 1 tok)
2026-04-30 02:42:20,142 mme_vla_suite.pseudo_labeling.topreward_qwen_scorer INFO: Prefix 6/8 (end=43, n_frames=9/44): reward=-16.3750 (mean, 1 tok)
2026-04-30 02:42:26,949 mme_vla_suite.pseudo_labeling.topreward_qwen_scorer INFO: Prefix 7/8 (end=51, n_frames=10/52): reward=-17.0000 (mean, 1 tok)
2026-04-30 02:42:33,740 mme_vla_suite.pseudo_labeling.topreward_qwen_scorer INFO: Prefix 8/8 (end=59, n_frames=12/60): reward=-15.6250 (mean, 1 tok)
2026-04-30 02:42:41,545 mme_vla_suite.pseudo_labeling.topreward_qwen_scorer INFO: Prefix 1/8 (end=7, n_frames=4/8): reward=-21.3750 (mean, 1 tok)
2026-04-30 02:42:48,334 mme_vla_suite.pseudo_labeling.topreward_qwen_scorer INFO: Prefix 2/8 (end=15, n_frames=4/16): reward=-21.2500 (mean, 1 tok)
2026-04-30 02:42:55,122 mme_vla_suite.pseudo_labeling.topreward_qwen_scorer INFO: Prefix 3/8 (end=24, n_frames=5/25): reward=-20.3750 (mean, 1 tok)
2026-04-30 02:43:01,911 mme_vla_suite.pseudo_labeling.topreward_qwen_scorer INFO: Prefix 4/8 (end=33, n_frames=7/34): reward=-19.7500 (mean, 1 tok)
2026-04-30 02:43:08,700 mme_vla_suite.pseudo_labeling.topreward_qwen_scorer INFO: Prefix 5/8 (end=42, n_frames=9/43): reward=-19.6250 (mean, 1 tok)
2026-04-30 02:43:15,499 mme_vla_suite.pseudo_labeling.topreward_qwen_scorer INFO: Prefix 6/8 (end=51, n_frames=10/52): reward=-20.2500 (mean, 1 tok)
2026-04-30 02:43:22,331 mme_vla_suite.pseudo_labeling.topreward_qwen_scorer INFO: Prefix 7/8 (end=60, n_frames=12/61): reward=-18.0000 (mean, 1 tok)
2026-04-30 02:43:29,159 mme_vla_suite.pseudo_labeling.topreward_qwen_scorer INFO: Prefix 8/8 (end=69, n_frames=14/70): reward=-17.7500 (mean, 1 tok)
2026-04-30 02:43:36,810 mme_vla_suite.pseudo_labeling.topreward_qwen_scorer INFO: Prefix 1/8 (end=6, n_frames=4/7): reward=-17.7500 (mean, 1 tok)
2026-04-30 02:43:43,579 mme_vla_suite.pseudo_labeling.topreward_qwen_scorer INFO: Prefix 2/8 (end=13, n_frames=4/14): reward=-16.8750 (mean, 1 tok)
2026-04-30 02:43:50,350 mme_vla_suite.pseudo_labeling.topreward_qwen_scorer INFO: Prefix 3/8 (end=21, n_frames=4/22): reward=-16.8750 (mean, 1 tok)
2026-04-30 02:43:57,144 mme_vla_suite.pseudo_labeling.topreward_qwen_scorer INFO: Prefix 4/8 (end=29, n_frames=6/30): reward=-16.0000 (mean, 1 tok)
2026-04-30 02:44:03,937 mme_vla_suite.pseudo_labeling.topreward_qwen_scorer INFO: Prefix 5/8 (end=36, n_frames=7/37): reward=-16.5000 (mean, 1 tok)
2026-04-30 02:44:10,726 mme_vla_suite.pseudo_labeling.topreward_qwen_scorer INFO: Prefix 6/8 (end=44, n_frames=9/45): reward=-16.7500 (mean, 1 tok)
2026-04-30 02:44:17,521 mme_vla_suite.pseudo_labeling.topreward_qwen_scorer INFO: Prefix 7/8 (end=52, n_frames=11/53): reward=-16.3750 (mean, 1 tok)
2026-04-30 02:44:24,334 mme_vla_suite.pseudo_labeling.topreward_qwen_scorer INFO: Prefix 8/8 (end=60, n_frames=12/61): reward=-15.6250 (mean, 1 tok)
2026-04-30 02:44:32,151 mme_vla_suite.pseudo_labeling.topreward_qwen_scorer INFO: Prefix 1/8 (end=7, n_frames=4/8): reward=-21.1250 (mean, 1 tok)
2026-04-30 02:44:38,943 mme_vla_suite.pseudo_labeling.topreward_qwen_scorer INFO: Prefix 2/8 (end=16, n_frames=4/17): reward=-20.8750 (mean, 1 tok)
2026-04-30 02:44:45,745 mme_vla_suite.pseudo_labeling.topreward_qwen_scorer INFO: Prefix 3/8 (end=25, n_frames=5/26): reward=-19.8750 (mean, 1 tok)
2026-04-30 02:44:52,563 mme_vla_suite.pseudo_labeling.topreward_qwen_scorer INFO: Prefix 4/8 (end=34, n_frames=7/35): reward=-20.2500 (mean, 1 tok)
2026-04-30 02:44:59,377 mme_vla_suite.pseudo_labeling.topreward_qwen_scorer INFO: Prefix 5/8 (end=43, n_frames=9/44): reward=-19.8750 (mean, 1 tok)
2026-04-30 02:45:06,204 mme_vla_suite.pseudo_labeling.topreward_qwen_scorer INFO: Prefix 6/8 (end=52, n_frames=11/53): reward=-19.6250 (mean, 1 tok)
2026-04-30 02:45:13,008 mme_vla_suite.pseudo_labeling.topreward_qwen_scorer INFO: Prefix 7/8 (end=61, n_frames=12/62): reward=-18.6250 (mean, 1 tok)
2026-04-30 02:45:19,832 mme_vla_suite.pseudo_labeling.topreward_qwen_scorer INFO: Prefix 8/8 (end=70, n_frames=14/71): reward=-18.1250 (mean, 1 tok)
2026-04-30 02:45:27,508 mme_vla_suite.pseudo_labeling.topreward_qwen_scorer INFO: Prefix 1/8 (end=6, n_frames=4/7): reward=-18.1250 (mean, 1 tok)
2026-04-30 02:45:34,299 mme_vla_suite.pseudo_labeling.topreward_qwen_scorer INFO: Prefix 2/8 (end=13, n_frames=4/14): reward=-16.2500 (mean, 1 tok)
2026-04-30 02:45:41,099 mme_vla_suite.pseudo_labeling.topreward_qwen_scorer INFO: Prefix 3/8 (end=21, n_frames=4/22): reward=-16.1250 (mean, 1 tok)
2026-04-30 02:45:47,901 mme_vla_suite.pseudo_labeling.topreward_qwen_scorer INFO: Prefix 4/8 (end=29, n_frames=6/30): reward=-16.7500 (mean, 1 tok)
2026-04-30 02:45:54,724 mme_vla_suite.pseudo_labeling.topreward_qwen_scorer INFO: Prefix 5/8 (end=36, n_frames=7/37): reward=-16.8750 (mean, 1 tok)
2026-04-30 02:46:01,541 mme_vla_suite.pseudo_labeling.topreward_qwen_scorer INFO: Prefix 6/8 (end=44, n_frames=9/45): reward=-16.3750 (mean, 1 tok)
2026-04-30 02:46:08,372 mme_vla_suite.pseudo_labeling.topreward_qwen_scorer INFO: Prefix 7/8 (end=52, n_frames=11/53): reward=-17.0000 (mean, 1 tok)
2026-04-30 02:46:15,184 mme_vla_suite.pseudo_labeling.topreward_qwen_scorer INFO: Prefix 8/8 (end=60, n_frames=12/61): reward=-16.1250 (mean, 1 tok)
2026-04-30 02:46:23,019 mme_vla_suite.pseudo_labeling.topreward_qwen_scorer INFO: Prefix 1/8 (end=5, n_frames=4/6): reward=-21.3750 (mean, 1 tok)
2026-04-30 02:46:29,764 mme_vla_suite.pseudo_labeling.topreward_qwen_scorer INFO: Prefix 2/8 (end=11, n_frames=4/12): reward=-21.5000 (mean, 1 tok)
2026-04-30 02:46:36,530 mme_vla_suite.pseudo_labeling.topreward_qwen_scorer INFO: Prefix 3/8 (end=18, n_frames=4/19): reward=-20.2500 (mean, 1 tok)
2026-04-30 02:46:43,328 mme_vla_suite.pseudo_labeling.topreward_qwen_scorer INFO: Prefix 4/8 (end=24, n_frames=5/25): reward=-18.7500 (mean, 1 tok)
2026-04-30 02:46:50,115 mme_vla_suite.pseudo_labeling.topreward_qwen_scorer INFO: Prefix 5/8 (end=31, n_frames=6/32): reward=-18.6250 (mean, 1 tok)
2026-04-30 02:46:56,913 mme_vla_suite.pseudo_labeling.topreward_qwen_scorer INFO: Prefix 6/8 (end=37, n_frames=8/38): reward=-19.7500 (mean, 1 tok)
2026-04-30 02:47:03,718 mme_vla_suite.pseudo_labeling.topreward_qwen_scorer INFO: Prefix 7/8 (end=44, n_frames=9/45): reward=-19.2500 (mean, 1 tok)
2026-04-30 02:47:10,504 mme_vla_suite.pseudo_labeling.topreward_qwen_scorer INFO: Prefix 8/8 (end=51, n_frames=10/52): reward=-19.6250 (mean, 1 tok)
2026-04-30 02:47:18,315 mme_vla_suite.pseudo_labeling.topreward_qwen_scorer INFO: Prefix 1/8 (end=8, n_frames=4/9): reward=-21.6250 (mean, 1 tok)
2026-04-30 02:47:25,080 mme_vla_suite.pseudo_labeling.topreward_qwen_scorer INFO: Prefix 2/8 (end=19, n_frames=4/20): reward=-20.1250 (mean, 1 tok)
2026-04-30 02:47:31,859 mme_vla_suite.pseudo_labeling.topreward_qwen_scorer INFO: Prefix 3/8 (end=30, n_frames=6/31): reward=-18.5000 (mean, 1 tok)
2026-04-30 02:47:38,649 mme_vla_suite.pseudo_labeling.topreward_qwen_scorer INFO: Prefix 4/8 (end=42, n_frames=9/43): reward=-19.5000 (mean, 1 tok)
2026-04-30 02:47:45,621 mme_vla_suite.pseudo_labeling.topreward_qwen_scorer INFO: Prefix 5/8 (end=53, n_frames=11/54): reward=-19.1250 (mean, 1 tok)
2026-04-30 02:47:52,435 mme_vla_suite.pseudo_labeling.topreward_qwen_scorer INFO: Prefix 6/8 (end=65, n_frames=13/66): reward=-19.0000 (mean, 1 tok)
2026-04-30 02:47:59,267 mme_vla_suite.pseudo_labeling.topreward_qwen_scorer INFO: Prefix 7/8 (end=76, n_frames=15/77): reward=-20.0000 (mean, 1 tok)
2026-04-30 02:48:06,138 mme_vla_suite.pseudo_labeling.topreward_qwen_scorer INFO: Prefix 8/8 (end=88, n_frames=18/89): reward=-19.8750 (mean, 1 tok)
2026-04-30 02:48:14,316 mme_vla_suite.pseudo_labeling.topreward_qwen_scorer INFO: Prefix 1/8 (end=10, n_frames=4/11): reward=-21.2500 (mean, 1 tok)
2026-04-30 02:48:21,116 mme_vla_suite.pseudo_labeling.topreward_qwen_scorer INFO: Prefix 2/8 (end=23, n_frames=5/24): reward=-20.8750 (mean, 1 tok)
2026-04-30 02:48:27,930 mme_vla_suite.pseudo_labeling.topreward_qwen_scorer INFO: Prefix 3/8 (end=36, n_frames=7/37): reward=-17.6250 (mean, 1 tok)
2026-04-30 02:48:34,741 mme_vla_suite.pseudo_labeling.topreward_qwen_scorer INFO: Prefix 4/8 (end=49, n_frames=10/50): reward=-17.0000 (mean, 1 tok)
2026-04-30 02:48:41,543 mme_vla_suite.pseudo_labeling.topreward_qwen_scorer INFO: Prefix 5/8 (end=63, n_frames=13/64): reward=-17.5000 (mean, 1 tok)
2026-04-30 02:48:48,356 mme_vla_suite.pseudo_labeling.topreward_qwen_scorer INFO: Prefix 6/8 (end=76, n_frames=15/77): reward=-17.2500 (mean, 1 tok)
2026-04-30 02:48:55,210 mme_vla_suite.pseudo_labeling.topreward_qwen_scorer INFO: Prefix 7/8 (end=89, n_frames=18/90): reward=-16.2500 (mean, 1 tok)
2026-04-30 02:49:02,101 mme_vla_suite.pseudo_labeling.topreward_qwen_scorer INFO: Prefix 8/8 (end=103, n_frames=21/104): reward=-16.3750 (mean, 1 tok)
2026-04-30 02:49:09,881 mme_vla_suite.pseudo_labeling.topreward_qwen_scorer INFO: Prefix 1/8 (end=5, n_frames=4/6): reward=-19.2500 (mean, 1 tok)
2026-04-30 02:49:16,831 mme_vla_suite.pseudo_labeling.topreward_qwen_scorer INFO: Prefix 2/8 (end=11, n_frames=4/12): reward=-18.6250 (mean, 1 tok)
2026-04-30 02:49:23,617 mme_vla_suite.pseudo_labeling.topreward_qwen_scorer INFO: Prefix 3/8 (end=17, n_frames=4/18): reward=-17.2500 (mean, 1 tok)
2026-04-30 02:49:30,546 mme_vla_suite.pseudo_labeling.topreward_qwen_scorer INFO: Prefix 4/8 (end=23, n_frames=5/24): reward=-16.2500 (mean, 1 tok)
2026-04-30 02:49:37,477 mme_vla_suite.pseudo_labeling.topreward_qwen_scorer INFO: Prefix 5/8 (end=30, n_frames=6/31): reward=-16.6250 (mean, 1 tok)
2026-04-30 02:49:44,280 mme_vla_suite.pseudo_labeling.topreward_qwen_scorer INFO: Prefix 6/8 (end=36, n_frames=7/37): reward=-17.2500 (mean, 1 tok)
2026-04-30 02:49:51,256 mme_vla_suite.pseudo_labeling.topreward_qwen_scorer INFO: Prefix 7/8 (end=42, n_frames=9/43): reward=-16.8750 (mean, 1 tok)
2026-04-30 02:49:58,058 mme_vla_suite.pseudo_labeling.topreward_qwen_scorer INFO: Prefix 8/8 (end=49, n_frames=10/50): reward=-17.3750 (mean, 1 tok)
2026-04-30 02:50:05,739 mme_vla_suite.pseudo_labeling.topreward_qwen_scorer INFO: Prefix 1/8 (end=7, n_frames=4/8): reward=-21.5000 (mean, 1 tok)
2026-04-30 02:50:12,535 mme_vla_suite.pseudo_labeling.topreward_qwen_scorer INFO: Prefix 2/8 (end=16, n_frames=4/17): reward=-21.2500 (mean, 1 tok)
2026-04-30 02:50:19,318 mme_vla_suite.pseudo_labeling.topreward_qwen_scorer INFO: Prefix 3/8 (end=25, n_frames=5/26): reward=-20.3750 (mean, 1 tok)
2026-04-30 02:50:26,119 mme_vla_suite.pseudo_labeling.topreward_qwen_scorer INFO: Prefix 4/8 (end=34, n_frames=7/35): reward=-20.6250 (mean, 1 tok)
2026-04-30 02:50:32,939 mme_vla_suite.pseudo_labeling.topreward_qwen_scorer INFO: Prefix 5/8 (end=43, n_frames=9/44): reward=-19.7500 (mean, 1 tok)
2026-04-30 02:50:39,746 mme_vla_suite.pseudo_labeling.topreward_qwen_scorer INFO: Prefix 6/8 (end=52, n_frames=11/53): reward=-19.7500 (mean, 1 tok)
2026-04-30 02:50:46,559 mme_vla_suite.pseudo_labeling.topreward_qwen_scorer INFO: Prefix 7/8 (end=61, n_frames=12/62): reward=-19.8750 (mean, 1 tok)
2026-04-30 02:50:53,376 mme_vla_suite.pseudo_labeling.topreward_qwen_scorer INFO: Prefix 8/8 (end=70, n_frames=14/71): reward=-19.2500 (mean, 1 tok)
2026-04-30 02:51:01,154 mme_vla_suite.pseudo_labeling.topreward_qwen_scorer INFO: Prefix 1/8 (end=5, n_frames=4/6): reward=-19.2500 (mean, 1 tok)
2026-04-30 02:51:07,947 mme_vla_suite.pseudo_labeling.topreward_qwen_scorer INFO: Prefix 2/8 (end=11, n_frames=4/12): reward=-18.5000 (mean, 1 tok)
2026-04-30 02:51:14,719 mme_vla_suite.pseudo_labeling.topreward_qwen_scorer INFO: Prefix 3/8 (end=17, n_frames=4/18): reward=-17.8750 (mean, 1 tok)
2026-04-30 02:51:21,505 mme_vla_suite.pseudo_labeling.topreward_qwen_scorer INFO: Prefix 4/8 (end=23, n_frames=5/24): reward=-16.8750 (mean, 1 tok)
2026-04-30 02:51:28,300 mme_vla_suite.pseudo_labeling.topreward_qwen_scorer INFO: Prefix 5/8 (end=30, n_frames=6/31): reward=-16.6250 (mean, 1 tok)
2026-04-30 02:51:35,094 mme_vla_suite.pseudo_labeling.topreward_qwen_scorer INFO: Prefix 6/8 (end=36, n_frames=7/37): reward=-17.0000 (mean, 1 tok)
2026-04-30 02:51:41,888 mme_vla_suite.pseudo_labeling.topreward_qwen_scorer INFO: Prefix 7/8 (end=42, n_frames=9/43): reward=-16.8750 (mean, 1 tok)
2026-04-30 02:51:48,664 mme_vla_suite.pseudo_labeling.topreward_qwen_scorer INFO: Prefix 8/8 (end=49, n_frames=10/50): reward=-16.5000 (mean, 1 tok)
2026-04-30 02:51:56,421 mme_vla_suite.pseudo_labeling.topreward_qwen_scorer INFO: Prefix 1/8 (end=6, n_frames=4/7): reward=-23.8750 (mean, 1 tok)
2026-04-30 02:52:03,214 mme_vla_suite.pseudo_labeling.topreward_qwen_scorer INFO: Prefix 2/8 (end=14, n_frames=4/15): reward=-23.3750 (mean, 1 tok)
2026-04-30 02:52:10,013 mme_vla_suite.pseudo_labeling.topreward_qwen_scorer INFO: Prefix 3/8 (end=23, n_frames=5/24): reward=-17.8750 (mean, 1 tok)
2026-04-30 02:52:16,816 mme_vla_suite.pseudo_labeling.topreward_qwen_scorer INFO: Prefix 4/8 (end=31, n_frames=6/32): reward=-17.6250 (mean, 1 tok)
2026-04-30 02:52:23,629 mme_vla_suite.pseudo_labeling.topreward_qwen_scorer INFO: Prefix 5/8 (end=40, n_frames=8/41): reward=-17.8750 (mean, 1 tok)
2026-04-30 02:52:30,444 mme_vla_suite.pseudo_labeling.topreward_qwen_scorer INFO: Prefix 6/8 (end=48, n_frames=10/49): reward=-17.8750 (mean, 1 tok)
2026-04-30 02:52:37,262 mme_vla_suite.pseudo_labeling.topreward_qwen_scorer INFO: Prefix 7/8 (end=57, n_frames=12/58): reward=-18.2500 (mean, 1 tok)
2026-04-30 02:52:44,078 mme_vla_suite.pseudo_labeling.topreward_qwen_scorer INFO: Prefix 8/8 (end=66, n_frames=13/67): reward=-19.8750 (mean, 1 tok)
2026-04-30 02:52:51,925 mme_vla_suite.pseudo_labeling.topreward_qwen_scorer INFO: Prefix 1/8 (end=10, n_frames=4/11): reward=-23.2500 (mean, 1 tok)
2026-04-30 02:52:58,823 mme_vla_suite.pseudo_labeling.topreward_qwen_scorer INFO: Prefix 2/8 (end=23, n_frames=5/24): reward=-17.8750 (mean, 1 tok)
2026-04-30 02:53:05,622 mme_vla_suite.pseudo_labeling.topreward_qwen_scorer INFO: Prefix 3/8 (end=36, n_frames=7/37): reward=-17.3750 (mean, 1 tok)
2026-04-30 02:53:12,432 mme_vla_suite.pseudo_labeling.topreward_qwen_scorer INFO: Prefix 4/8 (end=50, n_frames=10/51): reward=-17.1250 (mean, 1 tok)
2026-04-30 02:53:19,355 mme_vla_suite.pseudo_labeling.topreward_qwen_scorer INFO: Prefix 5/8 (end=63, n_frames=13/64): reward=-17.7500 (mean, 1 tok)
2026-04-30 02:53:26,171 mme_vla_suite.pseudo_labeling.topreward_qwen_scorer INFO: Prefix 6/8 (end=77, n_frames=16/78): reward=-19.2500 (mean, 1 tok)
2026-04-30 02:53:33,104 mme_vla_suite.pseudo_labeling.topreward_qwen_scorer INFO: Prefix 7/8 (end=90, n_frames=18/91): reward=-18.6250 (mean, 1 tok)
2026-04-30 02:53:39,998 mme_vla_suite.pseudo_labeling.topreward_qwen_scorer INFO: Prefix 8/8 (end=104, n_frames=21/105): reward=-18.6250 (mean, 1 tok)
