/coc/testnvme/shalbe3/miniconda/envs/robomme/lib/python3.11/site-packages/torch/cuda/__init__.py:63: FutureWarning: The pynvml package is deprecated. Please install nvidia-ml-py instead. If you did not install pynvml directly, please report this to the maintainers of the package that installed pynvml for you.
  import pynvml  # type: ignore[import]
`torch_dtype` is deprecated! Use `dtype` instead!
You are attempting to use Flash Attention 2 without specifying a torch dtype. This might lead to unexpected behaviour
2026-04-30 02:29:19,742 mme_vla_suite.pseudo_labeling.topreward_qwen_scorer WARNING: flash_attention_2 unavailable (/coc/testnvme/shalbe3/miniconda/envs/robomme/lib/python3.11/site-packages/flash_attn_2_cuda.cpython-311-x86_64-linux-gnu.so: undefined symbol: _ZNK3c106SymInt6sym_neERKS0_), using default attention
Loading checkpoint shards:   0%|          | 0/4 [00:00<?, ?it/s]Loading checkpoint shards:  25%|██▌       | 1/4 [00:00<00:02,  1.12it/s]Loading checkpoint shards:  50%|█████     | 2/4 [00:01<00:01,  1.12it/s]Loading checkpoint shards:  75%|███████▌  | 3/4 [00:02<00:00,  1.10it/s]Loading checkpoint shards: 100%|██████████| 4/4 [00:03<00:00,  1.31it/s]Loading checkpoint shards: 100%|██████████| 4/4 [00:03<00:00,  1.23it/s]
Asked to sample `fps` frames per second but no video metadata was provided which is required when sampling with `fps`. Defaulting to `fps=24`. Please provide `video_metadata` for more accurate results.
2026-04-30 02:29:30,388 mme_vla_suite.pseudo_labeling.topreward_qwen_scorer INFO: Prefix 1/8 (end=11, n_frames=4/12): reward=-19.5000 (mean, 1 tok)
2026-04-30 02:29:35,190 mme_vla_suite.pseudo_labeling.topreward_qwen_scorer INFO: Prefix 2/8 (end=26, n_frames=5/27): reward=-19.6250 (mean, 1 tok)
2026-04-30 02:29:39,974 mme_vla_suite.pseudo_labeling.topreward_qwen_scorer INFO: Prefix 3/8 (end=41, n_frames=8/42): reward=-17.2500 (mean, 1 tok)
2026-04-30 02:29:44,802 mme_vla_suite.pseudo_labeling.topreward_qwen_scorer INFO: Prefix 4/8 (end=56, n_frames=11/57): reward=-16.8750 (mean, 1 tok)
2026-04-30 02:29:49,853 mme_vla_suite.pseudo_labeling.topreward_qwen_scorer INFO: Prefix 5/8 (end=72, n_frames=15/73): reward=-16.8750 (mean, 1 tok)
2026-04-30 02:29:54,642 mme_vla_suite.pseudo_labeling.topreward_qwen_scorer INFO: Prefix 6/8 (end=87, n_frames=18/88): reward=-16.8750 (mean, 1 tok)
2026-04-30 02:29:59,564 mme_vla_suite.pseudo_labeling.topreward_qwen_scorer INFO: Prefix 7/8 (end=102, n_frames=21/103): reward=-16.5000 (mean, 1 tok)
2026-04-30 02:30:04,720 mme_vla_suite.pseudo_labeling.topreward_qwen_scorer INFO: Prefix 8/8 (end=118, n_frames=24/119): reward=-15.1250 (mean, 1 tok)
2026-04-30 02:30:10,690 mme_vla_suite.pseudo_labeling.topreward_qwen_scorer INFO: Prefix 1/8 (end=8, n_frames=4/9): reward=-20.0000 (mean, 1 tok)
2026-04-30 02:30:15,683 mme_vla_suite.pseudo_labeling.topreward_qwen_scorer INFO: Prefix 2/8 (end=19, n_frames=4/20): reward=-18.7500 (mean, 1 tok)
2026-04-30 02:30:20,586 mme_vla_suite.pseudo_labeling.topreward_qwen_scorer INFO: Prefix 3/8 (end=30, n_frames=6/31): reward=-19.5000 (mean, 1 tok)
2026-04-30 02:30:25,403 mme_vla_suite.pseudo_labeling.topreward_qwen_scorer INFO: Prefix 4/8 (end=41, n_frames=8/42): reward=-17.8750 (mean, 1 tok)
2026-04-30 02:30:30,242 mme_vla_suite.pseudo_labeling.topreward_qwen_scorer INFO: Prefix 5/8 (end=53, n_frames=11/54): reward=-18.5000 (mean, 1 tok)
2026-04-30 02:30:35,002 mme_vla_suite.pseudo_labeling.topreward_qwen_scorer INFO: Prefix 6/8 (end=64, n_frames=13/65): reward=-18.0000 (mean, 1 tok)
2026-04-30 02:30:39,756 mme_vla_suite.pseudo_labeling.topreward_qwen_scorer INFO: Prefix 7/8 (end=75, n_frames=15/76): reward=-19.1250 (mean, 1 tok)
2026-04-30 02:30:44,535 mme_vla_suite.pseudo_labeling.topreward_qwen_scorer INFO: Prefix 8/8 (end=87, n_frames=18/88): reward=-17.7500 (mean, 1 tok)
2026-04-30 02:30:50,303 mme_vla_suite.pseudo_labeling.topreward_qwen_scorer INFO: Prefix 1/8 (end=16, n_frames=4/17): reward=-20.8750 (mean, 1 tok)
2026-04-30 02:30:55,122 mme_vla_suite.pseudo_labeling.topreward_qwen_scorer INFO: Prefix 2/8 (end=36, n_frames=7/37): reward=-20.1250 (mean, 1 tok)
2026-04-30 02:30:59,836 mme_vla_suite.pseudo_labeling.topreward_qwen_scorer INFO: Prefix 3/8 (end=56, n_frames=11/57): reward=-18.8750 (mean, 1 tok)
2026-04-30 02:31:04,559 mme_vla_suite.pseudo_labeling.topreward_qwen_scorer INFO: Prefix 4/8 (end=77, n_frames=16/78): reward=-19.2500 (mean, 1 tok)
2026-04-30 02:31:09,440 mme_vla_suite.pseudo_labeling.topreward_qwen_scorer INFO: Prefix 5/8 (end=97, n_frames=20/98): reward=-19.6250 (mean, 1 tok)
2026-04-30 02:31:14,202 mme_vla_suite.pseudo_labeling.topreward_qwen_scorer INFO: Prefix 6/8 (end=118, n_frames=24/119): reward=-18.7500 (mean, 1 tok)
2026-04-30 02:31:19,055 mme_vla_suite.pseudo_labeling.topreward_qwen_scorer INFO: Prefix 7/8 (end=138, n_frames=28/139): reward=-18.6250 (mean, 1 tok)
2026-04-30 02:31:23,924 mme_vla_suite.pseudo_labeling.topreward_qwen_scorer INFO: Prefix 8/8 (end=159, n_frames=32/160): reward=-17.7500 (mean, 1 tok)
2026-04-30 02:31:29,520 mme_vla_suite.pseudo_labeling.topreward_qwen_scorer INFO: Prefix 1/8 (end=6, n_frames=4/7): reward=-19.1250 (mean, 1 tok)
2026-04-30 02:31:34,187 mme_vla_suite.pseudo_labeling.topreward_qwen_scorer INFO: Prefix 2/8 (end=14, n_frames=4/15): reward=-21.7500 (mean, 1 tok)
2026-04-30 02:31:39,053 mme_vla_suite.pseudo_labeling.topreward_qwen_scorer INFO: Prefix 3/8 (end=23, n_frames=5/24): reward=-18.2500 (mean, 1 tok)
2026-04-30 02:31:43,721 mme_vla_suite.pseudo_labeling.topreward_qwen_scorer INFO: Prefix 4/8 (end=31, n_frames=6/32): reward=-21.3750 (mean, 1 tok)
2026-04-30 02:31:48,371 mme_vla_suite.pseudo_labeling.topreward_qwen_scorer INFO: Prefix 5/8 (end=40, n_frames=8/41): reward=-17.2500 (mean, 1 tok)
2026-04-30 02:31:53,021 mme_vla_suite.pseudo_labeling.topreward_qwen_scorer INFO: Prefix 6/8 (end=48, n_frames=10/49): reward=-16.8750 (mean, 1 tok)
2026-04-30 02:31:57,622 mme_vla_suite.pseudo_labeling.topreward_qwen_scorer INFO: Prefix 7/8 (end=57, n_frames=12/58): reward=-19.0000 (mean, 1 tok)
2026-04-30 02:32:02,237 mme_vla_suite.pseudo_labeling.topreward_qwen_scorer INFO: Prefix 8/8 (end=66, n_frames=13/67): reward=-18.2500 (mean, 1 tok)
2026-04-30 02:32:07,940 mme_vla_suite.pseudo_labeling.topreward_qwen_scorer INFO: Prefix 1/8 (end=7, n_frames=4/8): reward=-21.3750 (mean, 1 tok)
2026-04-30 02:32:12,700 mme_vla_suite.pseudo_labeling.topreward_qwen_scorer INFO: Prefix 2/8 (end=15, n_frames=4/16): reward=-20.6250 (mean, 1 tok)
2026-04-30 02:32:17,477 mme_vla_suite.pseudo_labeling.topreward_qwen_scorer INFO: Prefix 3/8 (end=24, n_frames=5/25): reward=-20.2500 (mean, 1 tok)
2026-04-30 02:32:22,175 mme_vla_suite.pseudo_labeling.topreward_qwen_scorer INFO: Prefix 4/8 (end=33, n_frames=7/34): reward=-20.5000 (mean, 1 tok)
2026-04-30 02:32:26,877 mme_vla_suite.pseudo_labeling.topreward_qwen_scorer INFO: Prefix 5/8 (end=42, n_frames=9/43): reward=-18.6250 (mean, 1 tok)
2026-04-30 02:32:31,627 mme_vla_suite.pseudo_labeling.topreward_qwen_scorer INFO: Prefix 6/8 (end=51, n_frames=10/52): reward=-19.3750 (mean, 1 tok)
2026-04-30 02:32:36,359 mme_vla_suite.pseudo_labeling.topreward_qwen_scorer INFO: Prefix 7/8 (end=60, n_frames=12/61): reward=-18.2500 (mean, 1 tok)
2026-04-30 02:32:41,098 mme_vla_suite.pseudo_labeling.topreward_qwen_scorer INFO: Prefix 8/8 (end=69, n_frames=14/70): reward=-19.0000 (mean, 1 tok)
2026-04-30 02:32:46,694 mme_vla_suite.pseudo_labeling.topreward_qwen_scorer INFO: Prefix 1/8 (end=6, n_frames=4/7): reward=-19.8750 (mean, 1 tok)
2026-04-30 02:32:51,366 mme_vla_suite.pseudo_labeling.topreward_qwen_scorer INFO: Prefix 2/8 (end=14, n_frames=4/15): reward=-21.1250 (mean, 1 tok)
2026-04-30 02:32:56,062 mme_vla_suite.pseudo_labeling.topreward_qwen_scorer INFO: Prefix 3/8 (end=23, n_frames=5/24): reward=-18.2500 (mean, 1 tok)
2026-04-30 02:33:00,862 mme_vla_suite.pseudo_labeling.topreward_qwen_scorer INFO: Prefix 4/8 (end=31, n_frames=6/32): reward=-19.6250 (mean, 1 tok)
2026-04-30 02:33:05,557 mme_vla_suite.pseudo_labeling.topreward_qwen_scorer INFO: Prefix 5/8 (end=40, n_frames=8/41): reward=-17.5000 (mean, 1 tok)
2026-04-30 02:33:10,255 mme_vla_suite.pseudo_labeling.topreward_qwen_scorer INFO: Prefix 6/8 (end=48, n_frames=10/49): reward=-17.2500 (mean, 1 tok)
2026-04-30 02:33:14,930 mme_vla_suite.pseudo_labeling.topreward_qwen_scorer INFO: Prefix 7/8 (end=57, n_frames=12/58): reward=-18.1250 (mean, 1 tok)
2026-04-30 02:33:19,695 mme_vla_suite.pseudo_labeling.topreward_qwen_scorer INFO: Prefix 8/8 (end=66, n_frames=13/67): reward=-18.3750 (mean, 1 tok)
2026-04-30 02:33:25,413 mme_vla_suite.pseudo_labeling.topreward_qwen_scorer INFO: Prefix 1/8 (end=6, n_frames=4/7): reward=-21.2500 (mean, 1 tok)
2026-04-30 02:33:30,138 mme_vla_suite.pseudo_labeling.topreward_qwen_scorer INFO: Prefix 2/8 (end=14, n_frames=4/15): reward=-21.0000 (mean, 1 tok)
2026-04-30 02:33:34,932 mme_vla_suite.pseudo_labeling.topreward_qwen_scorer INFO: Prefix 3/8 (end=23, n_frames=5/24): reward=-20.5000 (mean, 1 tok)
2026-04-30 02:33:39,715 mme_vla_suite.pseudo_labeling.topreward_qwen_scorer INFO: Prefix 4/8 (end=32, n_frames=7/33): reward=-20.0000 (mean, 1 tok)
2026-04-30 02:33:44,523 mme_vla_suite.pseudo_labeling.topreward_qwen_scorer INFO: Prefix 5/8 (end=41, n_frames=8/42): reward=-20.3750 (mean, 1 tok)
2026-04-30 02:33:49,383 mme_vla_suite.pseudo_labeling.topreward_qwen_scorer INFO: Prefix 6/8 (end=50, n_frames=10/51): reward=-19.7500 (mean, 1 tok)
2026-04-30 02:33:54,202 mme_vla_suite.pseudo_labeling.topreward_qwen_scorer INFO: Prefix 7/8 (end=59, n_frames=12/60): reward=-18.0000 (mean, 1 tok)
2026-04-30 02:33:59,051 mme_vla_suite.pseudo_labeling.topreward_qwen_scorer INFO: Prefix 8/8 (end=68, n_frames=14/69): reward=-19.5000 (mean, 1 tok)
2026-04-30 02:34:04,695 mme_vla_suite.pseudo_labeling.topreward_qwen_scorer INFO: Prefix 1/8 (end=6, n_frames=4/7): reward=-19.6250 (mean, 1 tok)
2026-04-30 02:34:09,506 mme_vla_suite.pseudo_labeling.topreward_qwen_scorer INFO: Prefix 2/8 (end=14, n_frames=4/15): reward=-20.5000 (mean, 1 tok)
2026-04-30 02:34:14,361 mme_vla_suite.pseudo_labeling.topreward_qwen_scorer INFO: Prefix 3/8 (end=22, n_frames=5/23): reward=-18.2500 (mean, 1 tok)
2026-04-30 02:34:19,114 mme_vla_suite.pseudo_labeling.topreward_qwen_scorer INFO: Prefix 4/8 (end=31, n_frames=6/32): reward=-18.2500 (mean, 1 tok)
2026-04-30 02:34:23,891 mme_vla_suite.pseudo_labeling.topreward_qwen_scorer INFO: Prefix 5/8 (end=39, n_frames=8/40): reward=-17.6250 (mean, 1 tok)
2026-04-30 02:34:28,694 mme_vla_suite.pseudo_labeling.topreward_qwen_scorer INFO: Prefix 6/8 (end=48, n_frames=10/49): reward=-17.7500 (mean, 1 tok)
2026-04-30 02:34:33,610 mme_vla_suite.pseudo_labeling.topreward_qwen_scorer INFO: Prefix 7/8 (end=56, n_frames=11/57): reward=-17.7500 (mean, 1 tok)
2026-04-30 02:34:38,567 mme_vla_suite.pseudo_labeling.topreward_qwen_scorer INFO: Prefix 8/8 (end=65, n_frames=13/66): reward=-19.2500 (mean, 1 tok)
2026-04-30 02:34:44,809 mme_vla_suite.pseudo_labeling.topreward_qwen_scorer INFO: Prefix 1/8 (end=6, n_frames=4/7): reward=-22.7500 (mean, 1 tok)
2026-04-30 02:34:49,659 mme_vla_suite.pseudo_labeling.topreward_qwen_scorer INFO: Prefix 2/8 (end=14, n_frames=4/15): reward=-21.1250 (mean, 1 tok)
2026-04-30 02:34:54,472 mme_vla_suite.pseudo_labeling.topreward_qwen_scorer INFO: Prefix 3/8 (end=22, n_frames=5/23): reward=-18.2500 (mean, 1 tok)
2026-04-30 02:34:59,367 mme_vla_suite.pseudo_labeling.topreward_qwen_scorer INFO: Prefix 4/8 (end=30, n_frames=6/31): reward=-18.8750 (mean, 1 tok)
2026-04-30 02:35:04,269 mme_vla_suite.pseudo_labeling.topreward_qwen_scorer INFO: Prefix 5/8 (end=38, n_frames=8/39): reward=-18.5000 (mean, 1 tok)
2026-04-30 02:35:09,085 mme_vla_suite.pseudo_labeling.topreward_qwen_scorer INFO: Prefix 6/8 (end=46, n_frames=9/47): reward=-19.6250 (mean, 1 tok)
2026-04-30 02:35:13,844 mme_vla_suite.pseudo_labeling.topreward_qwen_scorer INFO: Prefix 7/8 (end=54, n_frames=11/55): reward=-19.0000 (mean, 1 tok)
2026-04-30 02:35:18,964 mme_vla_suite.pseudo_labeling.topreward_qwen_scorer INFO: Prefix 8/8 (end=63, n_frames=13/64): reward=-20.7500 (mean, 1 tok)
2026-04-30 02:35:24,661 mme_vla_suite.pseudo_labeling.topreward_qwen_scorer INFO: Prefix 1/8 (end=10, n_frames=4/11): reward=-22.2500 (mean, 1 tok)
2026-04-30 02:35:29,434 mme_vla_suite.pseudo_labeling.topreward_qwen_scorer INFO: Prefix 2/8 (end=23, n_frames=5/24): reward=-18.2500 (mean, 1 tok)
2026-04-30 02:35:34,228 mme_vla_suite.pseudo_labeling.topreward_qwen_scorer INFO: Prefix 3/8 (end=37, n_frames=8/38): reward=-18.2500 (mean, 1 tok)
2026-04-30 02:35:38,967 mme_vla_suite.pseudo_labeling.topreward_qwen_scorer INFO: Prefix 4/8 (end=51, n_frames=10/52): reward=-18.6250 (mean, 1 tok)
2026-04-30 02:35:44,108 mme_vla_suite.pseudo_labeling.topreward_qwen_scorer INFO: Prefix 5/8 (end=65, n_frames=13/66): reward=-19.1250 (mean, 1 tok)
2026-04-30 02:35:49,190 mme_vla_suite.pseudo_labeling.topreward_qwen_scorer INFO: Prefix 6/8 (end=79, n_frames=16/80): reward=-19.1250 (mean, 1 tok)
2026-04-30 02:35:54,245 mme_vla_suite.pseudo_labeling.topreward_qwen_scorer INFO: Prefix 7/8 (end=93, n_frames=19/94): reward=-20.2500 (mean, 1 tok)
2026-04-30 02:35:59,327 mme_vla_suite.pseudo_labeling.topreward_qwen_scorer INFO: Prefix 8/8 (end=107, n_frames=22/108): reward=-21.1250 (mean, 1 tok)
2026-04-30 02:36:05,253 mme_vla_suite.pseudo_labeling.topreward_qwen_scorer INFO: Prefix 1/8 (end=11, n_frames=4/12): reward=-19.5000 (mean, 1 tok)
2026-04-30 02:36:10,051 mme_vla_suite.pseudo_labeling.topreward_qwen_scorer INFO: Prefix 2/8 (end=26, n_frames=5/27): reward=-20.0000 (mean, 1 tok)
2026-04-30 02:36:14,827 mme_vla_suite.pseudo_labeling.topreward_qwen_scorer INFO: Prefix 3/8 (end=41, n_frames=8/42): reward=-18.7500 (mean, 1 tok)
2026-04-30 02:36:19,662 mme_vla_suite.pseudo_labeling.topreward_qwen_scorer INFO: Prefix 4/8 (end=56, n_frames=11/57): reward=-16.5000 (mean, 1 tok)
2026-04-30 02:36:24,600 mme_vla_suite.pseudo_labeling.topreward_qwen_scorer INFO: Prefix 5/8 (end=71, n_frames=14/72): reward=-16.0000 (mean, 1 tok)
2026-04-30 02:36:29,624 mme_vla_suite.pseudo_labeling.topreward_qwen_scorer INFO: Prefix 6/8 (end=86, n_frames=17/87): reward=-16.6250 (mean, 1 tok)
2026-04-30 02:36:34,672 mme_vla_suite.pseudo_labeling.topreward_qwen_scorer INFO: Prefix 7/8 (end=101, n_frames=20/102): reward=-16.8750 (mean, 1 tok)
2026-04-30 02:36:39,539 mme_vla_suite.pseudo_labeling.topreward_qwen_scorer INFO: Prefix 8/8 (end=117, n_frames=24/118): reward=-15.7500 (mean, 1 tok)
2026-04-30 02:36:45,115 mme_vla_suite.pseudo_labeling.topreward_qwen_scorer INFO: Prefix 1/8 (end=8, n_frames=4/9): reward=-19.5000 (mean, 1 tok)
2026-04-30 02:36:49,962 mme_vla_suite.pseudo_labeling.topreward_qwen_scorer INFO: Prefix 2/8 (end=19, n_frames=4/20): reward=-17.6250 (mean, 1 tok)
2026-04-30 02:36:54,961 mme_vla_suite.pseudo_labeling.topreward_qwen_scorer INFO: Prefix 3/8 (end=30, n_frames=6/31): reward=-17.5000 (mean, 1 tok)
2026-04-30 02:36:59,826 mme_vla_suite.pseudo_labeling.topreward_qwen_scorer INFO: Prefix 4/8 (end=41, n_frames=8/42): reward=-18.3750 (mean, 1 tok)
2026-04-30 02:37:04,437 mme_vla_suite.pseudo_labeling.topreward_qwen_scorer INFO: Prefix 5/8 (end=53, n_frames=11/54): reward=-18.3750 (mean, 1 tok)
2026-04-30 02:37:09,195 mme_vla_suite.pseudo_labeling.topreward_qwen_scorer INFO: Prefix 6/8 (end=64, n_frames=13/65): reward=-16.7500 (mean, 1 tok)
2026-04-30 02:37:13,965 mme_vla_suite.pseudo_labeling.topreward_qwen_scorer INFO: Prefix 7/8 (end=75, n_frames=15/76): reward=-17.0000 (mean, 1 tok)
2026-04-30 02:37:18,839 mme_vla_suite.pseudo_labeling.topreward_qwen_scorer INFO: Prefix 8/8 (end=87, n_frames=18/88): reward=-17.6250 (mean, 1 tok)
2026-04-30 02:37:24,339 mme_vla_suite.pseudo_labeling.topreward_qwen_scorer INFO: Prefix 1/8 (end=7, n_frames=4/8): reward=-21.3750 (mean, 1 tok)
2026-04-30 02:37:28,928 mme_vla_suite.pseudo_labeling.topreward_qwen_scorer INFO: Prefix 2/8 (end=16, n_frames=4/17): reward=-21.2500 (mean, 1 tok)
2026-04-30 02:37:33,646 mme_vla_suite.pseudo_labeling.topreward_qwen_scorer INFO: Prefix 3/8 (end=25, n_frames=5/26): reward=-21.2500 (mean, 1 tok)
2026-04-30 02:37:38,218 mme_vla_suite.pseudo_labeling.topreward_qwen_scorer INFO: Prefix 4/8 (end=34, n_frames=7/35): reward=-20.8750 (mean, 1 tok)
2026-04-30 02:37:42,869 mme_vla_suite.pseudo_labeling.topreward_qwen_scorer INFO: Prefix 5/8 (end=43, n_frames=9/44): reward=-20.1250 (mean, 1 tok)
2026-04-30 02:37:47,719 mme_vla_suite.pseudo_labeling.topreward_qwen_scorer INFO: Prefix 6/8 (end=52, n_frames=11/53): reward=-19.7500 (mean, 1 tok)
2026-04-30 02:37:52,410 mme_vla_suite.pseudo_labeling.topreward_qwen_scorer INFO: Prefix 7/8 (end=61, n_frames=12/62): reward=-19.8750 (mean, 1 tok)
2026-04-30 02:37:57,099 mme_vla_suite.pseudo_labeling.topreward_qwen_scorer INFO: Prefix 8/8 (end=71, n_frames=14/72): reward=-20.2500 (mean, 1 tok)
2026-04-30 02:38:02,499 mme_vla_suite.pseudo_labeling.topreward_qwen_scorer INFO: Prefix 1/8 (end=5, n_frames=4/6): reward=-21.2500 (mean, 1 tok)
2026-04-30 02:38:07,152 mme_vla_suite.pseudo_labeling.topreward_qwen_scorer INFO: Prefix 2/8 (end=11, n_frames=4/12): reward=-21.7500 (mean, 1 tok)
2026-04-30 02:38:11,927 mme_vla_suite.pseudo_labeling.topreward_qwen_scorer INFO: Prefix 3/8 (end=18, n_frames=4/19): reward=-20.7500 (mean, 1 tok)
2026-04-30 02:38:16,709 mme_vla_suite.pseudo_labeling.topreward_qwen_scorer INFO: Prefix 4/8 (end=25, n_frames=5/26): reward=-17.0000 (mean, 1 tok)
2026-04-30 02:38:21,456 mme_vla_suite.pseudo_labeling.topreward_qwen_scorer INFO: Prefix 5/8 (end=31, n_frames=6/32): reward=-17.7500 (mean, 1 tok)
2026-04-30 02:38:26,240 mme_vla_suite.pseudo_labeling.topreward_qwen_scorer INFO: Prefix 6/8 (end=38, n_frames=8/39): reward=-17.2500 (mean, 1 tok)
2026-04-30 02:38:31,041 mme_vla_suite.pseudo_labeling.topreward_qwen_scorer INFO: Prefix 7/8 (end=45, n_frames=9/46): reward=-17.0000 (mean, 1 tok)
2026-04-30 02:38:35,861 mme_vla_suite.pseudo_labeling.topreward_qwen_scorer INFO: Prefix 8/8 (end=52, n_frames=11/53): reward=-17.3750 (mean, 1 tok)
2026-04-30 02:38:41,539 mme_vla_suite.pseudo_labeling.topreward_qwen_scorer INFO: Prefix 1/8 (end=7, n_frames=4/8): reward=-21.5000 (mean, 1 tok)
2026-04-30 02:38:46,315 mme_vla_suite.pseudo_labeling.topreward_qwen_scorer INFO: Prefix 2/8 (end=16, n_frames=4/17): reward=-21.5000 (mean, 1 tok)
2026-04-30 02:38:51,102 mme_vla_suite.pseudo_labeling.topreward_qwen_scorer INFO: Prefix 3/8 (end=25, n_frames=5/26): reward=-21.0000 (mean, 1 tok)
2026-04-30 02:38:55,906 mme_vla_suite.pseudo_labeling.topreward_qwen_scorer INFO: Prefix 4/8 (end=35, n_frames=7/36): reward=-21.2500 (mean, 1 tok)
2026-04-30 02:39:00,719 mme_vla_suite.pseudo_labeling.topreward_qwen_scorer INFO: Prefix 5/8 (end=44, n_frames=9/45): reward=-19.2500 (mean, 1 tok)
2026-04-30 02:39:05,546 mme_vla_suite.pseudo_labeling.topreward_qwen_scorer INFO: Prefix 6/8 (end=54, n_frames=11/55): reward=-19.7500 (mean, 1 tok)
2026-04-30 02:39:10,382 mme_vla_suite.pseudo_labeling.topreward_qwen_scorer INFO: Prefix 7/8 (end=63, n_frames=13/64): reward=-19.0000 (mean, 1 tok)
2026-04-30 02:39:15,180 mme_vla_suite.pseudo_labeling.topreward_qwen_scorer INFO: Prefix 8/8 (end=73, n_frames=15/74): reward=-18.6250 (mean, 1 tok)
2026-04-30 02:39:21,064 mme_vla_suite.pseudo_labeling.topreward_qwen_scorer INFO: Prefix 1/8 (end=5, n_frames=4/6): reward=-20.8750 (mean, 1 tok)
2026-04-30 02:39:25,830 mme_vla_suite.pseudo_labeling.topreward_qwen_scorer INFO: Prefix 2/8 (end=12, n_frames=4/13): reward=-20.5000 (mean, 1 tok)
2026-04-30 02:39:30,586 mme_vla_suite.pseudo_labeling.topreward_qwen_scorer INFO: Prefix 3/8 (end=19, n_frames=4/20): reward=-19.8750 (mean, 1 tok)
2026-04-30 02:39:35,273 mme_vla_suite.pseudo_labeling.topreward_qwen_scorer INFO: Prefix 4/8 (end=26, n_frames=5/27): reward=-17.7500 (mean, 1 tok)
2026-04-30 02:39:39,979 mme_vla_suite.pseudo_labeling.topreward_qwen_scorer INFO: Prefix 5/8 (end=33, n_frames=7/34): reward=-16.3750 (mean, 1 tok)
2026-04-30 02:39:44,720 mme_vla_suite.pseudo_labeling.topreward_qwen_scorer INFO: Prefix 6/8 (end=40, n_frames=8/41): reward=-16.5000 (mean, 1 tok)
2026-04-30 02:39:49,497 mme_vla_suite.pseudo_labeling.topreward_qwen_scorer INFO: Prefix 7/8 (end=47, n_frames=10/48): reward=-16.3750 (mean, 1 tok)
2026-04-30 02:39:54,310 mme_vla_suite.pseudo_labeling.topreward_qwen_scorer INFO: Prefix 8/8 (end=54, n_frames=11/55): reward=-18.3750 (mean, 1 tok)
2026-04-30 02:39:59,790 mme_vla_suite.pseudo_labeling.topreward_qwen_scorer INFO: Prefix 1/8 (end=6, n_frames=4/7): reward=-22.6250 (mean, 1 tok)
2026-04-30 02:40:04,621 mme_vla_suite.pseudo_labeling.topreward_qwen_scorer INFO: Prefix 2/8 (end=13, n_frames=4/14): reward=-22.1250 (mean, 1 tok)
2026-04-30 02:40:09,466 mme_vla_suite.pseudo_labeling.topreward_qwen_scorer INFO: Prefix 3/8 (end=21, n_frames=4/22): reward=-20.1250 (mean, 1 tok)
2026-04-30 02:40:14,326 mme_vla_suite.pseudo_labeling.topreward_qwen_scorer INFO: Prefix 4/8 (end=29, n_frames=6/30): reward=-17.8750 (mean, 1 tok)
2026-04-30 02:40:19,176 mme_vla_suite.pseudo_labeling.topreward_qwen_scorer INFO: Prefix 5/8 (end=36, n_frames=7/37): reward=-18.2500 (mean, 1 tok)
2026-04-30 02:40:24,057 mme_vla_suite.pseudo_labeling.topreward_qwen_scorer INFO: Prefix 6/8 (end=44, n_frames=9/45): reward=-17.8750 (mean, 1 tok)
2026-04-30 02:40:28,922 mme_vla_suite.pseudo_labeling.topreward_qwen_scorer INFO: Prefix 7/8 (end=52, n_frames=11/53): reward=-17.7500 (mean, 1 tok)
2026-04-30 02:40:33,838 mme_vla_suite.pseudo_labeling.topreward_qwen_scorer INFO: Prefix 8/8 (end=60, n_frames=12/61): reward=-19.7500 (mean, 1 tok)
2026-04-30 02:40:39,528 mme_vla_suite.pseudo_labeling.topreward_qwen_scorer INFO: Prefix 1/8 (end=9, n_frames=4/10): reward=-23.0000 (mean, 1 tok)
2026-04-30 02:40:44,342 mme_vla_suite.pseudo_labeling.topreward_qwen_scorer INFO: Prefix 2/8 (end=21, n_frames=4/22): reward=-20.1250 (mean, 1 tok)
2026-04-30 02:40:49,213 mme_vla_suite.pseudo_labeling.topreward_qwen_scorer INFO: Prefix 3/8 (end=33, n_frames=7/34): reward=-17.7500 (mean, 1 tok)
2026-04-30 02:40:54,084 mme_vla_suite.pseudo_labeling.topreward_qwen_scorer INFO: Prefix 4/8 (end=45, n_frames=9/46): reward=-17.8750 (mean, 1 tok)
2026-04-30 02:40:58,991 mme_vla_suite.pseudo_labeling.topreward_qwen_scorer INFO: Prefix 5/8 (end=58, n_frames=12/59): reward=-19.7500 (mean, 1 tok)
2026-04-30 02:41:04,025 mme_vla_suite.pseudo_labeling.topreward_qwen_scorer INFO: Prefix 6/8 (end=70, n_frames=14/71): reward=-19.2500 (mean, 1 tok)
2026-04-30 02:41:09,132 mme_vla_suite.pseudo_labeling.topreward_qwen_scorer INFO: Prefix 7/8 (end=82, n_frames=17/83): reward=-19.6250 (mean, 1 tok)
2026-04-30 02:41:14,064 mme_vla_suite.pseudo_labeling.topreward_qwen_scorer INFO: Prefix 8/8 (end=95, n_frames=19/96): reward=-19.1250 (mean, 1 tok)
2026-04-30 02:41:19,806 mme_vla_suite.pseudo_labeling.topreward_qwen_scorer INFO: Prefix 1/8 (end=11, n_frames=4/12): reward=-20.3750 (mean, 1 tok)
2026-04-30 02:41:24,590 mme_vla_suite.pseudo_labeling.topreward_qwen_scorer INFO: Prefix 2/8 (end=25, n_frames=5/26): reward=-20.3750 (mean, 1 tok)
2026-04-30 02:41:29,457 mme_vla_suite.pseudo_labeling.topreward_qwen_scorer INFO: Prefix 3/8 (end=40, n_frames=8/41): reward=-18.3750 (mean, 1 tok)
2026-04-30 02:41:34,306 mme_vla_suite.pseudo_labeling.topreward_qwen_scorer INFO: Prefix 4/8 (end=55, n_frames=11/56): reward=-16.5000 (mean, 1 tok)
2026-04-30 02:41:39,100 mme_vla_suite.pseudo_labeling.topreward_qwen_scorer INFO: Prefix 5/8 (end=69, n_frames=14/70): reward=-17.0000 (mean, 1 tok)
2026-04-30 02:41:43,995 mme_vla_suite.pseudo_labeling.topreward_qwen_scorer INFO: Prefix 6/8 (end=84, n_frames=17/85): reward=-16.3750 (mean, 1 tok)
2026-04-30 02:41:48,884 mme_vla_suite.pseudo_labeling.topreward_qwen_scorer INFO: Prefix 7/8 (end=99, n_frames=20/100): reward=-15.8750 (mean, 1 tok)
2026-04-30 02:41:53,823 mme_vla_suite.pseudo_labeling.topreward_qwen_scorer INFO: Prefix 8/8 (end=114, n_frames=23/115): reward=-14.8750 (mean, 1 tok)
2026-04-30 02:41:59,435 mme_vla_suite.pseudo_labeling.topreward_qwen_scorer INFO: Prefix 1/8 (end=8, n_frames=4/9): reward=-20.8750 (mean, 1 tok)
2026-04-30 02:42:04,164 mme_vla_suite.pseudo_labeling.topreward_qwen_scorer INFO: Prefix 2/8 (end=18, n_frames=4/19): reward=-18.7500 (mean, 1 tok)
2026-04-30 02:42:08,995 mme_vla_suite.pseudo_labeling.topreward_qwen_scorer INFO: Prefix 3/8 (end=29, n_frames=6/30): reward=-19.0000 (mean, 1 tok)
2026-04-30 02:42:13,798 mme_vla_suite.pseudo_labeling.topreward_qwen_scorer INFO: Prefix 4/8 (end=39, n_frames=8/40): reward=-18.3750 (mean, 1 tok)
2026-04-30 02:42:18,543 mme_vla_suite.pseudo_labeling.topreward_qwen_scorer INFO: Prefix 5/8 (end=50, n_frames=10/51): reward=-17.3750 (mean, 1 tok)
2026-04-30 02:42:23,380 mme_vla_suite.pseudo_labeling.topreward_qwen_scorer INFO: Prefix 6/8 (end=60, n_frames=12/61): reward=-17.5000 (mean, 1 tok)
2026-04-30 02:42:28,128 mme_vla_suite.pseudo_labeling.topreward_qwen_scorer INFO: Prefix 7/8 (end=71, n_frames=14/72): reward=-17.3750 (mean, 1 tok)
2026-04-30 02:42:32,931 mme_vla_suite.pseudo_labeling.topreward_qwen_scorer INFO: Prefix 8/8 (end=82, n_frames=17/83): reward=-18.8750 (mean, 1 tok)
2026-04-30 02:42:38,502 mme_vla_suite.pseudo_labeling.topreward_qwen_scorer INFO: Prefix 1/8 (end=7, n_frames=4/8): reward=-20.6250 (mean, 1 tok)
2026-04-30 02:42:43,315 mme_vla_suite.pseudo_labeling.topreward_qwen_scorer INFO: Prefix 2/8 (end=15, n_frames=4/16): reward=-21.0000 (mean, 1 tok)
2026-04-30 02:42:48,117 mme_vla_suite.pseudo_labeling.topreward_qwen_scorer INFO: Prefix 3/8 (end=24, n_frames=5/25): reward=-20.1250 (mean, 1 tok)
2026-04-30 02:42:52,928 mme_vla_suite.pseudo_labeling.topreward_qwen_scorer INFO: Prefix 4/8 (end=33, n_frames=7/34): reward=-19.5000 (mean, 1 tok)
2026-04-30 02:42:57,553 mme_vla_suite.pseudo_labeling.topreward_qwen_scorer INFO: Prefix 5/8 (end=42, n_frames=9/43): reward=-18.2500 (mean, 1 tok)
2026-04-30 02:43:02,460 mme_vla_suite.pseudo_labeling.topreward_qwen_scorer INFO: Prefix 6/8 (end=51, n_frames=10/52): reward=-18.3750 (mean, 1 tok)
2026-04-30 02:43:07,126 mme_vla_suite.pseudo_labeling.topreward_qwen_scorer INFO: Prefix 7/8 (end=60, n_frames=12/61): reward=-18.0000 (mean, 1 tok)
2026-04-30 02:43:12,054 mme_vla_suite.pseudo_labeling.topreward_qwen_scorer INFO: Prefix 8/8 (end=69, n_frames=14/70): reward=-18.5000 (mean, 1 tok)
2026-04-30 02:43:17,488 mme_vla_suite.pseudo_labeling.topreward_qwen_scorer INFO: Prefix 1/8 (end=5, n_frames=4/6): reward=-20.7500 (mean, 1 tok)
2026-04-30 02:43:22,093 mme_vla_suite.pseudo_labeling.topreward_qwen_scorer INFO: Prefix 2/8 (end=12, n_frames=4/13): reward=-19.1250 (mean, 1 tok)
2026-04-30 02:43:26,687 mme_vla_suite.pseudo_labeling.topreward_qwen_scorer INFO: Prefix 3/8 (end=19, n_frames=4/20): reward=-17.8750 (mean, 1 tok)
2026-04-30 02:43:31,296 mme_vla_suite.pseudo_labeling.topreward_qwen_scorer INFO: Prefix 4/8 (end=26, n_frames=5/27): reward=-18.2500 (mean, 1 tok)
2026-04-30 02:43:35,873 mme_vla_suite.pseudo_labeling.topreward_qwen_scorer INFO: Prefix 5/8 (end=33, n_frames=7/34): reward=-17.7500 (mean, 1 tok)
2026-04-30 02:43:40,478 mme_vla_suite.pseudo_labeling.topreward_qwen_scorer INFO: Prefix 6/8 (end=40, n_frames=8/41): reward=-17.8750 (mean, 1 tok)
2026-04-30 02:43:45,048 mme_vla_suite.pseudo_labeling.topreward_qwen_scorer INFO: Prefix 7/8 (end=47, n_frames=10/48): reward=-18.0000 (mean, 1 tok)
2026-04-30 02:43:49,698 mme_vla_suite.pseudo_labeling.topreward_qwen_scorer INFO: Prefix 8/8 (end=55, n_frames=11/56): reward=-17.3750 (mean, 1 tok)
2026-04-30 02:43:55,101 mme_vla_suite.pseudo_labeling.topreward_qwen_scorer INFO: Prefix 1/8 (end=7, n_frames=4/8): reward=-20.5000 (mean, 1 tok)
2026-04-30 02:43:59,757 mme_vla_suite.pseudo_labeling.topreward_qwen_scorer INFO: Prefix 2/8 (end=15, n_frames=4/16): reward=-19.8750 (mean, 1 tok)
2026-04-30 02:44:04,639 mme_vla_suite.pseudo_labeling.topreward_qwen_scorer INFO: Prefix 3/8 (end=24, n_frames=5/25): reward=-20.2500 (mean, 1 tok)
2026-04-30 02:44:09,420 mme_vla_suite.pseudo_labeling.topreward_qwen_scorer INFO: Prefix 4/8 (end=33, n_frames=7/34): reward=-19.6250 (mean, 1 tok)
2026-04-30 02:44:14,213 mme_vla_suite.pseudo_labeling.topreward_qwen_scorer INFO: Prefix 5/8 (end=42, n_frames=9/43): reward=-18.3750 (mean, 1 tok)
2026-04-30 02:44:19,027 mme_vla_suite.pseudo_labeling.topreward_qwen_scorer INFO: Prefix 6/8 (end=51, n_frames=10/52): reward=-18.1250 (mean, 1 tok)
2026-04-30 02:44:23,891 mme_vla_suite.pseudo_labeling.topreward_qwen_scorer INFO: Prefix 7/8 (end=60, n_frames=12/61): reward=-18.0000 (mean, 1 tok)
2026-04-30 02:44:28,699 mme_vla_suite.pseudo_labeling.topreward_qwen_scorer INFO: Prefix 8/8 (end=69, n_frames=14/70): reward=-18.1250 (mean, 1 tok)
2026-04-30 02:44:34,345 mme_vla_suite.pseudo_labeling.topreward_qwen_scorer INFO: Prefix 1/8 (end=6, n_frames=4/7): reward=-20.3750 (mean, 1 tok)
2026-04-30 02:44:39,118 mme_vla_suite.pseudo_labeling.topreward_qwen_scorer INFO: Prefix 2/8 (end=14, n_frames=4/15): reward=-19.8750 (mean, 1 tok)
2026-04-30 02:44:43,885 mme_vla_suite.pseudo_labeling.topreward_qwen_scorer INFO: Prefix 3/8 (end=23, n_frames=5/24): reward=-17.3750 (mean, 1 tok)
2026-04-30 02:44:48,646 mme_vla_suite.pseudo_labeling.topreward_qwen_scorer INFO: Prefix 4/8 (end=31, n_frames=6/32): reward=-17.8750 (mean, 1 tok)
2026-04-30 02:44:53,418 mme_vla_suite.pseudo_labeling.topreward_qwen_scorer INFO: Prefix 5/8 (end=40, n_frames=8/41): reward=-17.5000 (mean, 1 tok)
2026-04-30 02:44:58,272 mme_vla_suite.pseudo_labeling.topreward_qwen_scorer INFO: Prefix 6/8 (end=48, n_frames=10/49): reward=-17.3750 (mean, 1 tok)
2026-04-30 02:45:03,083 mme_vla_suite.pseudo_labeling.topreward_qwen_scorer INFO: Prefix 7/8 (end=57, n_frames=12/58): reward=-17.1250 (mean, 1 tok)
2026-04-30 02:45:07,940 mme_vla_suite.pseudo_labeling.topreward_qwen_scorer INFO: Prefix 8/8 (end=66, n_frames=13/67): reward=-17.5000 (mean, 1 tok)
2026-04-30 02:45:14,270 mme_vla_suite.pseudo_labeling.topreward_qwen_scorer INFO: Prefix 1/8 (end=6, n_frames=4/7): reward=-20.8750 (mean, 1 tok)
2026-04-30 02:45:18,982 mme_vla_suite.pseudo_labeling.topreward_qwen_scorer INFO: Prefix 2/8 (end=14, n_frames=4/15): reward=-20.8750 (mean, 1 tok)
2026-04-30 02:45:23,697 mme_vla_suite.pseudo_labeling.topreward_qwen_scorer INFO: Prefix 3/8 (end=22, n_frames=5/23): reward=-19.7500 (mean, 1 tok)
2026-04-30 02:45:28,584 mme_vla_suite.pseudo_labeling.topreward_qwen_scorer INFO: Prefix 4/8 (end=30, n_frames=6/31): reward=-20.0000 (mean, 1 tok)
2026-04-30 02:45:33,502 mme_vla_suite.pseudo_labeling.topreward_qwen_scorer INFO: Prefix 5/8 (end=39, n_frames=8/40): reward=-20.0000 (mean, 1 tok)
2026-04-30 02:45:38,385 mme_vla_suite.pseudo_labeling.topreward_qwen_scorer INFO: Prefix 6/8 (end=47, n_frames=10/48): reward=-19.7500 (mean, 1 tok)
2026-04-30 02:45:43,205 mme_vla_suite.pseudo_labeling.topreward_qwen_scorer INFO: Prefix 7/8 (end=55, n_frames=11/56): reward=-20.5000 (mean, 1 tok)
2026-04-30 02:45:48,000 mme_vla_suite.pseudo_labeling.topreward_qwen_scorer INFO: Prefix 8/8 (end=64, n_frames=13/65): reward=-19.3750 (mean, 1 tok)
2026-04-30 02:45:53,598 mme_vla_suite.pseudo_labeling.topreward_qwen_scorer INFO: Prefix 1/8 (end=10, n_frames=4/11): reward=-20.8750 (mean, 1 tok)
2026-04-30 02:45:58,380 mme_vla_suite.pseudo_labeling.topreward_qwen_scorer INFO: Prefix 2/8 (end=23, n_frames=5/24): reward=-19.8750 (mean, 1 tok)
2026-04-30 02:46:03,153 mme_vla_suite.pseudo_labeling.topreward_qwen_scorer INFO: Prefix 3/8 (end=36, n_frames=7/37): reward=-20.0000 (mean, 1 tok)
2026-04-30 02:46:07,964 mme_vla_suite.pseudo_labeling.topreward_qwen_scorer INFO: Prefix 4/8 (end=49, n_frames=10/50): reward=-19.6250 (mean, 1 tok)
2026-04-30 02:46:12,808 mme_vla_suite.pseudo_labeling.topreward_qwen_scorer INFO: Prefix 5/8 (end=62, n_frames=13/63): reward=-20.1250 (mean, 1 tok)
2026-04-30 02:46:17,690 mme_vla_suite.pseudo_labeling.topreward_qwen_scorer INFO: Prefix 6/8 (end=75, n_frames=15/76): reward=-20.1250 (mean, 1 tok)
2026-04-30 02:46:22,469 mme_vla_suite.pseudo_labeling.topreward_qwen_scorer INFO: Prefix 7/8 (end=88, n_frames=18/89): reward=-19.6250 (mean, 1 tok)
2026-04-30 02:46:27,261 mme_vla_suite.pseudo_labeling.topreward_qwen_scorer INFO: Prefix 8/8 (end=102, n_frames=21/103): reward=-19.7500 (mean, 1 tok)
