/coc/testnvme/shalbe3/miniconda/envs/robomme/lib/python3.11/site-packages/torch/cuda/__init__.py:63: FutureWarning: The pynvml package is deprecated. Please install nvidia-ml-py instead. If you did not install pynvml directly, please report this to the maintainers of the package that installed pynvml for you.
  import pynvml  # type: ignore[import]
`torch_dtype` is deprecated! Use `dtype` instead!
You are attempting to use Flash Attention 2 without specifying a torch dtype. This might lead to unexpected behaviour
2026-04-29 18:55:38,837 mme_vla_suite.pseudo_labeling.topreward_qwen_scorer WARNING: flash_attention_2 unavailable (/coc/testnvme/shalbe3/miniconda/envs/robomme/lib/python3.11/site-packages/flash_attn_2_cuda.cpython-311-x86_64-linux-gnu.so: undefined symbol: _ZNK3c106SymInt6sym_neERKS0_), using default attention
Loading checkpoint shards:   0%|          | 0/4 [00:00<?, ?it/s]Loading checkpoint shards:  25%|██▌       | 1/4 [00:00<00:02,  1.17it/s]Loading checkpoint shards:  50%|█████     | 2/4 [00:01<00:01,  1.21it/s]Loading checkpoint shards:  75%|███████▌  | 3/4 [00:02<00:00,  1.25it/s]Loading checkpoint shards: 100%|██████████| 4/4 [00:02<00:00,  1.49it/s]Loading checkpoint shards: 100%|██████████| 4/4 [00:02<00:00,  1.38it/s]
Asked to sample `fps` frames per second but no video metadata was provided which is required when sampling with `fps`. Defaulting to `fps=24`. Please provide `video_metadata` for more accurate results.
2026-04-29 18:55:49,171 mme_vla_suite.pseudo_labeling.topreward_qwen_scorer INFO: Prefix 1/16 (end=14, n_frames=4/15): reward=-21.2500 (mean, 1 tok)
2026-04-29 18:55:53,952 mme_vla_suite.pseudo_labeling.topreward_qwen_scorer INFO: Prefix 2/16 (end=22, n_frames=7/23): reward=-21.7500 (mean, 1 tok)
2026-04-29 18:55:58,637 mme_vla_suite.pseudo_labeling.topreward_qwen_scorer INFO: Prefix 3/16 (end=30, n_frames=9/31): reward=-21.0000 (mean, 1 tok)
2026-04-29 18:56:03,301 mme_vla_suite.pseudo_labeling.topreward_qwen_scorer INFO: Prefix 4/16 (end=39, n_frames=12/40): reward=-21.1250 (mean, 1 tok)
2026-04-29 18:56:07,981 mme_vla_suite.pseudo_labeling.topreward_qwen_scorer INFO: Prefix 5/16 (end=47, n_frames=14/48): reward=-21.3750 (mean, 1 tok)
2026-04-29 18:56:12,663 mme_vla_suite.pseudo_labeling.topreward_qwen_scorer INFO: Prefix 6/16 (end=56, n_frames=17/57): reward=-20.3750 (mean, 1 tok)
2026-04-29 18:56:17,362 mme_vla_suite.pseudo_labeling.topreward_qwen_scorer INFO: Prefix 7/16 (end=64, n_frames=20/65): reward=-20.3750 (mean, 1 tok)
2026-04-29 18:56:22,077 mme_vla_suite.pseudo_labeling.topreward_qwen_scorer INFO: Prefix 8/16 (end=73, n_frames=22/74): reward=-18.1250 (mean, 1 tok)
2026-04-29 18:56:26,832 mme_vla_suite.pseudo_labeling.topreward_qwen_scorer INFO: Prefix 9/16 (end=81, n_frames=25/82): reward=-17.3750 (mean, 1 tok)
2026-04-29 18:56:31,565 mme_vla_suite.pseudo_labeling.topreward_qwen_scorer INFO: Prefix 10/16 (end=90, n_frames=27/91): reward=-18.0000 (mean, 1 tok)
2026-04-29 18:56:36,343 mme_vla_suite.pseudo_labeling.topreward_qwen_scorer INFO: Prefix 11/16 (end=98, n_frames=30/99): reward=-17.3750 (mean, 1 tok)
2026-04-29 18:56:41,121 mme_vla_suite.pseudo_labeling.topreward_qwen_scorer INFO: Prefix 12/16 (end=107, n_frames=32/108): reward=-17.7500 (mean, 1 tok)
2026-04-29 18:56:45,921 mme_vla_suite.pseudo_labeling.topreward_qwen_scorer INFO: Prefix 13/16 (end=115, n_frames=35/116): reward=-17.5000 (mean, 1 tok)
2026-04-29 18:56:50,761 mme_vla_suite.pseudo_labeling.topreward_qwen_scorer INFO: Prefix 14/16 (end=124, n_frames=38/125): reward=-16.7500 (mean, 1 tok)
2026-04-29 18:56:55,609 mme_vla_suite.pseudo_labeling.topreward_qwen_scorer INFO: Prefix 15/16 (end=132, n_frames=40/133): reward=-16.0000 (mean, 1 tok)
2026-04-29 18:57:00,480 mme_vla_suite.pseudo_labeling.topreward_qwen_scorer INFO: Prefix 16/16 (end=141, n_frames=43/142): reward=-16.8750 (mean, 1 tok)
2026-04-29 18:57:05,850 mme_vla_suite.pseudo_labeling.topreward_qwen_scorer INFO: Prefix 1/16 (end=8, n_frames=4/9): reward=-18.1250 (mean, 1 tok)
2026-04-29 18:57:10,456 mme_vla_suite.pseudo_labeling.topreward_qwen_scorer INFO: Prefix 2/16 (end=12, n_frames=4/13): reward=-17.3750 (mean, 1 tok)
2026-04-29 18:57:15,066 mme_vla_suite.pseudo_labeling.topreward_qwen_scorer INFO: Prefix 3/16 (end=17, n_frames=5/18): reward=-17.0000 (mean, 1 tok)
2026-04-29 18:57:19,669 mme_vla_suite.pseudo_labeling.topreward_qwen_scorer INFO: Prefix 4/16 (end=22, n_frames=7/23): reward=-17.2500 (mean, 1 tok)
2026-04-29 18:57:24,285 mme_vla_suite.pseudo_labeling.topreward_qwen_scorer INFO: Prefix 5/16 (end=27, n_frames=8/28): reward=-17.1250 (mean, 1 tok)
2026-04-29 18:57:28,903 mme_vla_suite.pseudo_labeling.topreward_qwen_scorer INFO: Prefix 6/16 (end=32, n_frames=10/33): reward=-16.6250 (mean, 1 tok)
2026-04-29 18:57:33,527 mme_vla_suite.pseudo_labeling.topreward_qwen_scorer INFO: Prefix 7/16 (end=37, n_frames=11/38): reward=-16.5000 (mean, 1 tok)
2026-04-29 18:57:38,143 mme_vla_suite.pseudo_labeling.topreward_qwen_scorer INFO: Prefix 8/16 (end=42, n_frames=13/43): reward=-17.1250 (mean, 1 tok)
2026-04-29 18:57:42,752 mme_vla_suite.pseudo_labeling.topreward_qwen_scorer INFO: Prefix 9/16 (end=47, n_frames=14/48): reward=-16.8750 (mean, 1 tok)
2026-04-29 18:57:47,392 mme_vla_suite.pseudo_labeling.topreward_qwen_scorer INFO: Prefix 10/16 (end=52, n_frames=16/53): reward=-16.1250 (mean, 1 tok)
2026-04-29 18:57:52,032 mme_vla_suite.pseudo_labeling.topreward_qwen_scorer INFO: Prefix 11/16 (end=57, n_frames=17/58): reward=-16.6250 (mean, 1 tok)
2026-04-29 18:57:56,687 mme_vla_suite.pseudo_labeling.topreward_qwen_scorer INFO: Prefix 12/16 (end=62, n_frames=19/63): reward=-16.6250 (mean, 1 tok)
2026-04-29 18:58:01,377 mme_vla_suite.pseudo_labeling.topreward_qwen_scorer INFO: Prefix 13/16 (end=67, n_frames=20/68): reward=-16.5000 (mean, 1 tok)
2026-04-29 18:58:06,085 mme_vla_suite.pseudo_labeling.topreward_qwen_scorer INFO: Prefix 14/16 (end=72, n_frames=22/73): reward=-16.0000 (mean, 1 tok)
2026-04-29 18:58:10,771 mme_vla_suite.pseudo_labeling.topreward_qwen_scorer INFO: Prefix 15/16 (end=77, n_frames=23/78): reward=-16.8750 (mean, 1 tok)
2026-04-29 18:58:15,502 mme_vla_suite.pseudo_labeling.topreward_qwen_scorer INFO: Prefix 16/16 (end=82, n_frames=25/83): reward=-16.6250 (mean, 1 tok)
2026-04-29 18:58:20,946 mme_vla_suite.pseudo_labeling.topreward_qwen_scorer INFO: Prefix 1/16 (end=9, n_frames=4/10): reward=-22.3750 (mean, 1 tok)
2026-04-29 18:58:25,536 mme_vla_suite.pseudo_labeling.topreward_qwen_scorer INFO: Prefix 2/16 (end=14, n_frames=4/15): reward=-22.0000 (mean, 1 tok)
2026-04-29 18:58:30,123 mme_vla_suite.pseudo_labeling.topreward_qwen_scorer INFO: Prefix 3/16 (end=20, n_frames=6/21): reward=-22.1250 (mean, 1 tok)
2026-04-29 18:58:34,708 mme_vla_suite.pseudo_labeling.topreward_qwen_scorer INFO: Prefix 4/16 (end=26, n_frames=8/27): reward=-21.7500 (mean, 1 tok)
2026-04-29 18:58:39,306 mme_vla_suite.pseudo_labeling.topreward_qwen_scorer INFO: Prefix 5/16 (end=32, n_frames=10/33): reward=-21.3750 (mean, 1 tok)
2026-04-29 18:58:43,940 mme_vla_suite.pseudo_labeling.topreward_qwen_scorer INFO: Prefix 6/16 (end=38, n_frames=12/39): reward=-20.7500 (mean, 1 tok)
2026-04-29 18:58:48,564 mme_vla_suite.pseudo_labeling.topreward_qwen_scorer INFO: Prefix 7/16 (end=44, n_frames=14/45): reward=-21.6250 (mean, 1 tok)
2026-04-29 18:58:53,207 mme_vla_suite.pseudo_labeling.topreward_qwen_scorer INFO: Prefix 8/16 (end=50, n_frames=15/51): reward=-21.3750 (mean, 1 tok)
2026-04-29 18:58:57,847 mme_vla_suite.pseudo_labeling.topreward_qwen_scorer INFO: Prefix 9/16 (end=55, n_frames=17/56): reward=-21.6250 (mean, 1 tok)
2026-04-29 18:59:02,535 mme_vla_suite.pseudo_labeling.topreward_qwen_scorer INFO: Prefix 10/16 (end=61, n_frames=19/62): reward=-21.3750 (mean, 1 tok)
2026-04-29 18:59:07,225 mme_vla_suite.pseudo_labeling.topreward_qwen_scorer INFO: Prefix 11/16 (end=67, n_frames=20/68): reward=-21.3750 (mean, 1 tok)
2026-04-29 18:59:11,927 mme_vla_suite.pseudo_labeling.topreward_qwen_scorer INFO: Prefix 12/16 (end=73, n_frames=22/74): reward=-20.3750 (mean, 1 tok)
2026-04-29 18:59:16,643 mme_vla_suite.pseudo_labeling.topreward_qwen_scorer INFO: Prefix 13/16 (end=79, n_frames=24/80): reward=-20.1250 (mean, 1 tok)
2026-04-29 18:59:21,367 mme_vla_suite.pseudo_labeling.topreward_qwen_scorer INFO: Prefix 14/16 (end=85, n_frames=26/86): reward=-20.8750 (mean, 1 tok)
2026-04-29 18:59:26,093 mme_vla_suite.pseudo_labeling.topreward_qwen_scorer INFO: Prefix 15/16 (end=91, n_frames=28/92): reward=-20.1250 (mean, 1 tok)
2026-04-29 18:59:30,843 mme_vla_suite.pseudo_labeling.topreward_qwen_scorer INFO: Prefix 16/16 (end=97, n_frames=29/98): reward=-18.3750 (mean, 1 tok)
2026-04-29 18:59:36,282 mme_vla_suite.pseudo_labeling.topreward_qwen_scorer INFO: Prefix 1/16 (end=8, n_frames=4/9): reward=-18.2500 (mean, 1 tok)
2026-04-29 18:59:40,878 mme_vla_suite.pseudo_labeling.topreward_qwen_scorer INFO: Prefix 2/16 (end=13, n_frames=4/14): reward=-17.0000 (mean, 1 tok)
2026-04-29 18:59:45,492 mme_vla_suite.pseudo_labeling.topreward_qwen_scorer INFO: Prefix 3/16 (end=18, n_frames=6/19): reward=-16.7500 (mean, 1 tok)
2026-04-29 18:59:50,096 mme_vla_suite.pseudo_labeling.topreward_qwen_scorer INFO: Prefix 4/16 (end=23, n_frames=7/24): reward=-17.5000 (mean, 1 tok)
2026-04-29 18:59:54,701 mme_vla_suite.pseudo_labeling.topreward_qwen_scorer INFO: Prefix 5/16 (end=28, n_frames=9/29): reward=-16.6250 (mean, 1 tok)
2026-04-29 18:59:59,314 mme_vla_suite.pseudo_labeling.topreward_qwen_scorer INFO: Prefix 6/16 (end=33, n_frames=10/34): reward=-16.2500 (mean, 1 tok)
2026-04-29 19:00:03,928 mme_vla_suite.pseudo_labeling.topreward_qwen_scorer INFO: Prefix 7/16 (end=38, n_frames=12/39): reward=-16.0000 (mean, 1 tok)
2026-04-29 19:00:08,543 mme_vla_suite.pseudo_labeling.topreward_qwen_scorer INFO: Prefix 8/16 (end=43, n_frames=13/44): reward=-16.5000 (mean, 1 tok)
2026-04-29 19:00:13,149 mme_vla_suite.pseudo_labeling.topreward_qwen_scorer INFO: Prefix 9/16 (end=48, n_frames=15/49): reward=-16.5000 (mean, 1 tok)
2026-04-29 19:00:17,770 mme_vla_suite.pseudo_labeling.topreward_qwen_scorer INFO: Prefix 10/16 (end=53, n_frames=16/54): reward=-16.7500 (mean, 1 tok)
2026-04-29 19:00:22,403 mme_vla_suite.pseudo_labeling.topreward_qwen_scorer INFO: Prefix 11/16 (end=58, n_frames=18/59): reward=-16.5000 (mean, 1 tok)
2026-04-29 19:00:27,072 mme_vla_suite.pseudo_labeling.topreward_qwen_scorer INFO: Prefix 12/16 (end=63, n_frames=19/64): reward=-16.6250 (mean, 1 tok)
2026-04-29 19:00:31,760 mme_vla_suite.pseudo_labeling.topreward_qwen_scorer INFO: Prefix 13/16 (end=68, n_frames=21/69): reward=-16.3750 (mean, 1 tok)
2026-04-29 19:00:36,443 mme_vla_suite.pseudo_labeling.topreward_qwen_scorer INFO: Prefix 14/16 (end=73, n_frames=22/74): reward=-16.2500 (mean, 1 tok)
2026-04-29 19:00:41,153 mme_vla_suite.pseudo_labeling.topreward_qwen_scorer INFO: Prefix 15/16 (end=78, n_frames=24/79): reward=-16.1250 (mean, 1 tok)
2026-04-29 19:00:45,887 mme_vla_suite.pseudo_labeling.topreward_qwen_scorer INFO: Prefix 16/16 (end=84, n_frames=26/85): reward=-16.6250 (mean, 1 tok)
2026-04-29 19:00:51,433 mme_vla_suite.pseudo_labeling.topreward_qwen_scorer INFO: Prefix 1/24 (end=21, n_frames=7/22): reward=-21.5000 (mean, 1 tok)
2026-04-29 19:00:56,143 mme_vla_suite.pseudo_labeling.topreward_qwen_scorer INFO: Prefix 2/24 (end=29, n_frames=9/30): reward=-21.2500 (mean, 1 tok)
2026-04-29 19:01:00,814 mme_vla_suite.pseudo_labeling.topreward_qwen_scorer INFO: Prefix 3/24 (end=37, n_frames=11/38): reward=-21.2500 (mean, 1 tok)
2026-04-29 19:01:05,515 mme_vla_suite.pseudo_labeling.topreward_qwen_scorer INFO: Prefix 4/24 (end=46, n_frames=14/47): reward=-21.2500 (mean, 1 tok)
2026-04-29 19:01:10,242 mme_vla_suite.pseudo_labeling.topreward_qwen_scorer INFO: Prefix 5/24 (end=54, n_frames=16/55): reward=-21.0000 (mean, 1 tok)
2026-04-29 19:01:14,960 mme_vla_suite.pseudo_labeling.topreward_qwen_scorer INFO: Prefix 6/24 (end=63, n_frames=19/64): reward=-20.3750 (mean, 1 tok)
2026-04-29 19:01:19,665 mme_vla_suite.pseudo_labeling.topreward_qwen_scorer INFO: Prefix 7/24 (end=71, n_frames=22/72): reward=-19.7500 (mean, 1 tok)
2026-04-29 19:01:24,492 mme_vla_suite.pseudo_labeling.topreward_qwen_scorer INFO: Prefix 8/24 (end=80, n_frames=24/81): reward=-21.0000 (mean, 1 tok)
2026-04-29 19:01:29,250 mme_vla_suite.pseudo_labeling.topreward_qwen_scorer INFO: Prefix 9/24 (end=88, n_frames=27/89): reward=-21.0000 (mean, 1 tok)
2026-04-29 19:01:33,993 mme_vla_suite.pseudo_labeling.topreward_qwen_scorer INFO: Prefix 10/24 (end=96, n_frames=29/97): reward=-20.1250 (mean, 1 tok)
2026-04-29 19:01:38,785 mme_vla_suite.pseudo_labeling.topreward_qwen_scorer INFO: Prefix 11/24 (end=105, n_frames=32/106): reward=-20.3750 (mean, 1 tok)
2026-04-29 19:01:43,600 mme_vla_suite.pseudo_labeling.topreward_qwen_scorer INFO: Prefix 12/24 (end=113, n_frames=34/114): reward=-19.8750 (mean, 1 tok)
2026-04-29 19:01:48,432 mme_vla_suite.pseudo_labeling.topreward_qwen_scorer INFO: Prefix 13/24 (end=122, n_frames=37/123): reward=-20.3750 (mean, 1 tok)
2026-04-29 19:01:53,291 mme_vla_suite.pseudo_labeling.topreward_qwen_scorer INFO: Prefix 14/24 (end=130, n_frames=39/131): reward=-19.3750 (mean, 1 tok)
2026-04-29 19:01:58,166 mme_vla_suite.pseudo_labeling.topreward_qwen_scorer INFO: Prefix 15/24 (end=139, n_frames=42/140): reward=-21.0000 (mean, 1 tok)
2026-04-29 19:02:03,036 mme_vla_suite.pseudo_labeling.topreward_qwen_scorer INFO: Prefix 16/24 (end=147, n_frames=44/148): reward=-21.0000 (mean, 1 tok)
2026-04-29 19:02:07,953 mme_vla_suite.pseudo_labeling.topreward_qwen_scorer INFO: Prefix 17/24 (end=155, n_frames=47/156): reward=-20.7500 (mean, 1 tok)
2026-04-29 19:02:12,887 mme_vla_suite.pseudo_labeling.topreward_qwen_scorer INFO: Prefix 18/24 (end=164, n_frames=50/165): reward=-21.0000 (mean, 1 tok)
2026-04-29 19:02:17,833 mme_vla_suite.pseudo_labeling.topreward_qwen_scorer INFO: Prefix 19/24 (end=172, n_frames=52/173): reward=-21.0000 (mean, 1 tok)
2026-04-29 19:02:22,836 mme_vla_suite.pseudo_labeling.topreward_qwen_scorer INFO: Prefix 20/24 (end=181, n_frames=55/182): reward=-20.0000 (mean, 1 tok)
2026-04-29 19:02:27,847 mme_vla_suite.pseudo_labeling.topreward_qwen_scorer INFO: Prefix 21/24 (end=189, n_frames=57/190): reward=-19.2500 (mean, 1 tok)
2026-04-29 19:02:35,121 mme_vla_suite.pseudo_labeling.topreward_qwen_scorer INFO: Prefix 22/24 (end=198, n_frames=60/199): reward=-19.5000 (mean, 1 tok)
2026-04-29 19:02:42,401 mme_vla_suite.pseudo_labeling.topreward_qwen_scorer INFO: Prefix 23/24 (end=206, n_frames=62/207): reward=-19.0000 (mean, 1 tok)
2026-04-29 19:02:49,731 mme_vla_suite.pseudo_labeling.topreward_qwen_scorer INFO: Prefix 24/24 (end=215, n_frames=65/216): reward=-19.5000 (mean, 1 tok)
2026-04-29 19:02:55,526 mme_vla_suite.pseudo_labeling.topreward_qwen_scorer INFO: Prefix 1/16 (end=9, n_frames=4/10): reward=-18.0000 (mean, 1 tok)
2026-04-29 19:03:00,125 mme_vla_suite.pseudo_labeling.topreward_qwen_scorer INFO: Prefix 2/16 (end=14, n_frames=4/15): reward=-17.1250 (mean, 1 tok)
2026-04-29 19:03:04,724 mme_vla_suite.pseudo_labeling.topreward_qwen_scorer INFO: Prefix 3/16 (end=20, n_frames=6/21): reward=-17.6250 (mean, 1 tok)
2026-04-29 19:03:09,335 mme_vla_suite.pseudo_labeling.topreward_qwen_scorer INFO: Prefix 4/16 (end=25, n_frames=8/26): reward=-17.3750 (mean, 1 tok)
2026-04-29 19:03:13,945 mme_vla_suite.pseudo_labeling.topreward_qwen_scorer INFO: Prefix 5/16 (end=31, n_frames=10/32): reward=-16.6250 (mean, 1 tok)
2026-04-29 19:03:18,568 mme_vla_suite.pseudo_labeling.topreward_qwen_scorer INFO: Prefix 6/16 (end=37, n_frames=11/38): reward=-15.8750 (mean, 1 tok)
2026-04-29 19:03:23,176 mme_vla_suite.pseudo_labeling.topreward_qwen_scorer INFO: Prefix 7/16 (end=42, n_frames=13/43): reward=-16.2500 (mean, 1 tok)
2026-04-29 19:03:27,787 mme_vla_suite.pseudo_labeling.topreward_qwen_scorer INFO: Prefix 8/16 (end=48, n_frames=15/49): reward=-16.0000 (mean, 1 tok)
2026-04-29 19:03:32,409 mme_vla_suite.pseudo_labeling.topreward_qwen_scorer INFO: Prefix 9/16 (end=53, n_frames=16/54): reward=-16.3750 (mean, 1 tok)
2026-04-29 19:03:37,040 mme_vla_suite.pseudo_labeling.topreward_qwen_scorer INFO: Prefix 10/16 (end=59, n_frames=18/60): reward=-17.1250 (mean, 1 tok)
2026-04-29 19:03:41,705 mme_vla_suite.pseudo_labeling.topreward_qwen_scorer INFO: Prefix 11/16 (end=65, n_frames=20/66): reward=-16.8750 (mean, 1 tok)
2026-04-29 19:03:46,405 mme_vla_suite.pseudo_labeling.topreward_qwen_scorer INFO: Prefix 12/16 (end=70, n_frames=21/71): reward=-16.6250 (mean, 1 tok)
2026-04-29 19:03:51,107 mme_vla_suite.pseudo_labeling.topreward_qwen_scorer INFO: Prefix 13/16 (end=76, n_frames=23/77): reward=-16.7500 (mean, 1 tok)
2026-04-29 19:03:55,848 mme_vla_suite.pseudo_labeling.topreward_qwen_scorer INFO: Prefix 14/16 (end=81, n_frames=25/82): reward=-16.6250 (mean, 1 tok)
2026-04-29 19:04:00,569 mme_vla_suite.pseudo_labeling.topreward_qwen_scorer INFO: Prefix 15/16 (end=87, n_frames=26/88): reward=-16.6250 (mean, 1 tok)
2026-04-29 19:04:05,298 mme_vla_suite.pseudo_labeling.topreward_qwen_scorer INFO: Prefix 16/16 (end=93, n_frames=28/94): reward=-16.1250 (mean, 1 tok)
2026-04-29 19:04:10,602 mme_vla_suite.pseudo_labeling.topreward_qwen_scorer INFO: Prefix 1/8 (end=5, n_frames=4/6): reward=-20.1250 (mean, 1 tok)
2026-04-29 19:04:15,174 mme_vla_suite.pseudo_labeling.topreward_qwen_scorer INFO: Prefix 2/8 (end=11, n_frames=4/12): reward=-20.3750 (mean, 1 tok)
2026-04-29 19:04:19,778 mme_vla_suite.pseudo_labeling.topreward_qwen_scorer INFO: Prefix 3/8 (end=18, n_frames=6/19): reward=-21.1250 (mean, 1 tok)
2026-04-29 19:04:24,389 mme_vla_suite.pseudo_labeling.topreward_qwen_scorer INFO: Prefix 4/8 (end=25, n_frames=8/26): reward=-20.5000 (mean, 1 tok)
2026-04-29 19:04:28,992 mme_vla_suite.pseudo_labeling.topreward_qwen_scorer INFO: Prefix 5/8 (end=31, n_frames=10/32): reward=-20.1250 (mean, 1 tok)
2026-04-29 19:04:33,621 mme_vla_suite.pseudo_labeling.topreward_qwen_scorer INFO: Prefix 6/8 (end=38, n_frames=12/39): reward=-19.3750 (mean, 1 tok)
2026-04-29 19:04:38,237 mme_vla_suite.pseudo_labeling.topreward_qwen_scorer INFO: Prefix 7/8 (end=45, n_frames=14/46): reward=-19.7500 (mean, 1 tok)
2026-04-29 19:04:42,874 mme_vla_suite.pseudo_labeling.topreward_qwen_scorer INFO: Prefix 8/8 (end=52, n_frames=16/53): reward=-19.6250 (mean, 1 tok)
2026-04-29 19:04:48,413 mme_vla_suite.pseudo_labeling.topreward_qwen_scorer INFO: Prefix 1/16 (end=9, n_frames=4/10): reward=-20.5000 (mean, 1 tok)
2026-04-29 19:04:53,019 mme_vla_suite.pseudo_labeling.topreward_qwen_scorer INFO: Prefix 2/16 (end=14, n_frames=4/15): reward=-20.2500 (mean, 1 tok)
2026-04-29 19:04:57,626 mme_vla_suite.pseudo_labeling.topreward_qwen_scorer INFO: Prefix 3/16 (end=20, n_frames=6/21): reward=-19.7500 (mean, 1 tok)
2026-04-29 19:05:02,210 mme_vla_suite.pseudo_labeling.topreward_qwen_scorer INFO: Prefix 4/16 (end=26, n_frames=8/27): reward=-20.3750 (mean, 1 tok)
2026-04-29 19:05:06,817 mme_vla_suite.pseudo_labeling.topreward_qwen_scorer INFO: Prefix 5/16 (end=31, n_frames=10/32): reward=-20.1250 (mean, 1 tok)
2026-04-29 19:05:11,455 mme_vla_suite.pseudo_labeling.topreward_qwen_scorer INFO: Prefix 6/16 (end=37, n_frames=11/38): reward=-19.2500 (mean, 1 tok)
2026-04-29 19:05:16,082 mme_vla_suite.pseudo_labeling.topreward_qwen_scorer INFO: Prefix 7/16 (end=43, n_frames=13/44): reward=-19.2500 (mean, 1 tok)
2026-04-29 19:05:20,747 mme_vla_suite.pseudo_labeling.topreward_qwen_scorer INFO: Prefix 8/16 (end=48, n_frames=15/49): reward=-18.8750 (mean, 1 tok)
2026-04-29 19:05:25,411 mme_vla_suite.pseudo_labeling.topreward_qwen_scorer INFO: Prefix 9/16 (end=54, n_frames=16/55): reward=-19.7500 (mean, 1 tok)
2026-04-29 19:05:30,093 mme_vla_suite.pseudo_labeling.topreward_qwen_scorer INFO: Prefix 10/16 (end=60, n_frames=18/61): reward=-19.2500 (mean, 1 tok)
2026-04-29 19:05:34,789 mme_vla_suite.pseudo_labeling.topreward_qwen_scorer INFO: Prefix 11/16 (end=65, n_frames=20/66): reward=-18.6250 (mean, 1 tok)
2026-04-29 19:05:39,499 mme_vla_suite.pseudo_labeling.topreward_qwen_scorer INFO: Prefix 12/16 (end=71, n_frames=22/72): reward=-18.0000 (mean, 1 tok)
2026-04-29 19:05:44,360 mme_vla_suite.pseudo_labeling.topreward_qwen_scorer INFO: Prefix 13/16 (end=77, n_frames=23/78): reward=-18.1250 (mean, 1 tok)
2026-04-29 19:05:49,067 mme_vla_suite.pseudo_labeling.topreward_qwen_scorer INFO: Prefix 14/16 (end=82, n_frames=25/83): reward=-18.6250 (mean, 1 tok)
2026-04-29 19:05:53,782 mme_vla_suite.pseudo_labeling.topreward_qwen_scorer INFO: Prefix 15/16 (end=88, n_frames=27/89): reward=-18.2500 (mean, 1 tok)
2026-04-29 19:05:58,476 mme_vla_suite.pseudo_labeling.topreward_qwen_scorer INFO: Prefix 16/16 (end=94, n_frames=28/95): reward=-18.0000 (mean, 1 tok)
2026-04-29 19:06:03,864 mme_vla_suite.pseudo_labeling.topreward_qwen_scorer INFO: Prefix 1/16 (end=11, n_frames=4/12): reward=-20.3750 (mean, 1 tok)
2026-04-29 19:06:08,446 mme_vla_suite.pseudo_labeling.topreward_qwen_scorer INFO: Prefix 2/16 (end=17, n_frames=5/18): reward=-20.6250 (mean, 1 tok)
2026-04-29 19:06:13,056 mme_vla_suite.pseudo_labeling.topreward_qwen_scorer INFO: Prefix 3/16 (end=24, n_frames=8/25): reward=-20.6250 (mean, 1 tok)
2026-04-29 19:06:17,667 mme_vla_suite.pseudo_labeling.topreward_qwen_scorer INFO: Prefix 4/16 (end=30, n_frames=9/31): reward=-20.0000 (mean, 1 tok)
2026-04-29 19:06:22,296 mme_vla_suite.pseudo_labeling.topreward_qwen_scorer INFO: Prefix 5/16 (end=37, n_frames=11/38): reward=-17.7500 (mean, 1 tok)
2026-04-29 19:06:26,934 mme_vla_suite.pseudo_labeling.topreward_qwen_scorer INFO: Prefix 6/16 (end=43, n_frames=13/44): reward=-17.8750 (mean, 1 tok)
2026-04-29 19:06:31,584 mme_vla_suite.pseudo_labeling.topreward_qwen_scorer INFO: Prefix 7/16 (end=50, n_frames=15/51): reward=-17.5000 (mean, 1 tok)
2026-04-29 19:06:36,248 mme_vla_suite.pseudo_labeling.topreward_qwen_scorer INFO: Prefix 8/16 (end=56, n_frames=17/57): reward=-17.8750 (mean, 1 tok)
2026-04-29 19:06:40,943 mme_vla_suite.pseudo_labeling.topreward_qwen_scorer INFO: Prefix 9/16 (end=63, n_frames=19/64): reward=-17.6250 (mean, 1 tok)
2026-04-29 19:06:45,656 mme_vla_suite.pseudo_labeling.topreward_qwen_scorer INFO: Prefix 10/16 (end=69, n_frames=21/70): reward=-18.2500 (mean, 1 tok)
2026-04-29 19:06:50,363 mme_vla_suite.pseudo_labeling.topreward_qwen_scorer INFO: Prefix 11/16 (end=76, n_frames=23/77): reward=-17.6250 (mean, 1 tok)
2026-04-29 19:06:55,077 mme_vla_suite.pseudo_labeling.topreward_qwen_scorer INFO: Prefix 12/16 (end=82, n_frames=25/83): reward=-17.2500 (mean, 1 tok)
2026-04-29 19:06:59,795 mme_vla_suite.pseudo_labeling.topreward_qwen_scorer INFO: Prefix 13/16 (end=89, n_frames=27/90): reward=-17.8750 (mean, 1 tok)
2026-04-29 19:07:04,507 mme_vla_suite.pseudo_labeling.topreward_qwen_scorer INFO: Prefix 14/16 (end=95, n_frames=29/96): reward=-16.7500 (mean, 1 tok)
2026-04-29 19:07:09,238 mme_vla_suite.pseudo_labeling.topreward_qwen_scorer INFO: Prefix 15/16 (end=102, n_frames=31/103): reward=-16.7500 (mean, 1 tok)
2026-04-29 19:07:13,981 mme_vla_suite.pseudo_labeling.topreward_qwen_scorer INFO: Prefix 16/16 (end=109, n_frames=33/110): reward=-15.5000 (mean, 1 tok)
2026-04-29 19:07:19,352 mme_vla_suite.pseudo_labeling.topreward_qwen_scorer INFO: Prefix 1/16 (end=6, n_frames=4/7): reward=-18.0000 (mean, 1 tok)
2026-04-29 19:07:23,918 mme_vla_suite.pseudo_labeling.topreward_qwen_scorer INFO: Prefix 2/16 (end=9, n_frames=4/10): reward=-17.1250 (mean, 1 tok)
2026-04-29 19:07:28,500 mme_vla_suite.pseudo_labeling.topreward_qwen_scorer INFO: Prefix 3/16 (end=13, n_frames=4/14): reward=-16.8750 (mean, 1 tok)
2026-04-29 19:07:33,195 mme_vla_suite.pseudo_labeling.topreward_qwen_scorer INFO: Prefix 4/16 (end=16, n_frames=5/17): reward=-16.3750 (mean, 1 tok)
2026-04-29 19:07:37,799 mme_vla_suite.pseudo_labeling.topreward_qwen_scorer INFO: Prefix 5/16 (end=20, n_frames=6/21): reward=-16.1250 (mean, 1 tok)
2026-04-29 19:07:42,484 mme_vla_suite.pseudo_labeling.topreward_qwen_scorer INFO: Prefix 6/16 (end=23, n_frames=7/24): reward=-16.3750 (mean, 1 tok)
2026-04-29 19:07:47,210 mme_vla_suite.pseudo_labeling.topreward_qwen_scorer INFO: Prefix 7/16 (end=27, n_frames=8/28): reward=-16.2500 (mean, 1 tok)
2026-04-29 19:07:51,828 mme_vla_suite.pseudo_labeling.topreward_qwen_scorer INFO: Prefix 8/16 (end=30, n_frames=9/31): reward=-15.3750 (mean, 1 tok)
2026-04-29 19:07:56,521 mme_vla_suite.pseudo_labeling.topreward_qwen_scorer INFO: Prefix 9/16 (end=34, n_frames=10/35): reward=-15.2500 (mean, 1 tok)
2026-04-29 19:08:01,147 mme_vla_suite.pseudo_labeling.topreward_qwen_scorer INFO: Prefix 10/16 (end=37, n_frames=11/38): reward=-15.8750 (mean, 1 tok)
2026-04-29 19:08:05,849 mme_vla_suite.pseudo_labeling.topreward_qwen_scorer INFO: Prefix 11/16 (end=41, n_frames=13/42): reward=-16.6250 (mean, 1 tok)
2026-04-29 19:08:10,458 mme_vla_suite.pseudo_labeling.topreward_qwen_scorer INFO: Prefix 12/16 (end=44, n_frames=14/45): reward=-15.8750 (mean, 1 tok)
2026-04-29 19:08:15,112 mme_vla_suite.pseudo_labeling.topreward_qwen_scorer INFO: Prefix 13/16 (end=48, n_frames=15/49): reward=-17.0000 (mean, 1 tok)
2026-04-29 19:08:19,781 mme_vla_suite.pseudo_labeling.topreward_qwen_scorer INFO: Prefix 14/16 (end=51, n_frames=16/52): reward=-17.6250 (mean, 1 tok)
2026-04-29 19:08:24,447 mme_vla_suite.pseudo_labeling.topreward_qwen_scorer INFO: Prefix 15/16 (end=55, n_frames=17/56): reward=-16.6250 (mean, 1 tok)
2026-04-29 19:08:29,112 mme_vla_suite.pseudo_labeling.topreward_qwen_scorer INFO: Prefix 16/16 (end=59, n_frames=18/60): reward=-16.2500 (mean, 1 tok)
2026-04-29 19:08:34,431 mme_vla_suite.pseudo_labeling.topreward_qwen_scorer INFO: Prefix 1/16 (end=7, n_frames=4/8): reward=-21.3750 (mean, 1 tok)
2026-04-29 19:08:39,024 mme_vla_suite.pseudo_labeling.topreward_qwen_scorer INFO: Prefix 2/16 (end=11, n_frames=4/12): reward=-21.5000 (mean, 1 tok)
2026-04-29 19:08:43,625 mme_vla_suite.pseudo_labeling.topreward_qwen_scorer INFO: Prefix 3/16 (end=15, n_frames=5/16): reward=-21.3750 (mean, 1 tok)
2026-04-29 19:08:48,228 mme_vla_suite.pseudo_labeling.topreward_qwen_scorer INFO: Prefix 4/16 (end=19, n_frames=6/20): reward=-21.1250 (mean, 1 tok)
2026-04-29 19:08:52,834 mme_vla_suite.pseudo_labeling.topreward_qwen_scorer INFO: Prefix 5/16 (end=23, n_frames=7/24): reward=-21.1250 (mean, 1 tok)
2026-04-29 19:08:57,447 mme_vla_suite.pseudo_labeling.topreward_qwen_scorer INFO: Prefix 6/16 (end=27, n_frames=8/28): reward=-19.7500 (mean, 1 tok)
2026-04-29 19:09:02,079 mme_vla_suite.pseudo_labeling.topreward_qwen_scorer INFO: Prefix 7/16 (end=31, n_frames=10/32): reward=-19.3750 (mean, 1 tok)
2026-04-29 19:09:06,718 mme_vla_suite.pseudo_labeling.topreward_qwen_scorer INFO: Prefix 8/16 (end=35, n_frames=11/36): reward=-18.8750 (mean, 1 tok)
2026-04-29 19:09:11,344 mme_vla_suite.pseudo_labeling.topreward_qwen_scorer INFO: Prefix 9/16 (end=40, n_frames=12/41): reward=-18.8750 (mean, 1 tok)
2026-04-29 19:09:15,989 mme_vla_suite.pseudo_labeling.topreward_qwen_scorer INFO: Prefix 10/16 (end=44, n_frames=14/45): reward=-20.0000 (mean, 1 tok)
2026-04-29 19:09:20,659 mme_vla_suite.pseudo_labeling.topreward_qwen_scorer INFO: Prefix 11/16 (end=48, n_frames=15/49): reward=-19.8750 (mean, 1 tok)
2026-04-29 19:09:25,340 mme_vla_suite.pseudo_labeling.topreward_qwen_scorer INFO: Prefix 12/16 (end=52, n_frames=16/53): reward=-19.7500 (mean, 1 tok)
2026-04-29 19:09:30,027 mme_vla_suite.pseudo_labeling.topreward_qwen_scorer INFO: Prefix 13/16 (end=56, n_frames=17/57): reward=-19.1250 (mean, 1 tok)
2026-04-29 19:09:34,712 mme_vla_suite.pseudo_labeling.topreward_qwen_scorer INFO: Prefix 14/16 (end=60, n_frames=18/61): reward=-18.1250 (mean, 1 tok)
2026-04-29 19:09:39,418 mme_vla_suite.pseudo_labeling.topreward_qwen_scorer INFO: Prefix 15/16 (end=64, n_frames=20/65): reward=-18.2500 (mean, 1 tok)
2026-04-29 19:09:44,117 mme_vla_suite.pseudo_labeling.topreward_qwen_scorer INFO: Prefix 16/16 (end=69, n_frames=21/70): reward=-16.7500 (mean, 1 tok)
2026-04-29 19:09:49,370 mme_vla_suite.pseudo_labeling.topreward_qwen_scorer INFO: Prefix 1/16 (end=6, n_frames=4/7): reward=-17.7500 (mean, 1 tok)
2026-04-29 19:09:53,967 mme_vla_suite.pseudo_labeling.topreward_qwen_scorer INFO: Prefix 2/16 (end=9, n_frames=4/10): reward=-17.8750 (mean, 1 tok)
2026-04-29 19:09:58,566 mme_vla_suite.pseudo_labeling.topreward_qwen_scorer INFO: Prefix 3/16 (end=13, n_frames=4/14): reward=-16.8750 (mean, 1 tok)
2026-04-29 19:10:03,155 mme_vla_suite.pseudo_labeling.topreward_qwen_scorer INFO: Prefix 4/16 (end=16, n_frames=5/17): reward=-16.2500 (mean, 1 tok)
2026-04-29 19:10:07,763 mme_vla_suite.pseudo_labeling.topreward_qwen_scorer INFO: Prefix 5/16 (end=20, n_frames=6/21): reward=-16.6250 (mean, 1 tok)
2026-04-29 19:10:12,372 mme_vla_suite.pseudo_labeling.topreward_qwen_scorer INFO: Prefix 6/16 (end=24, n_frames=8/25): reward=-17.1250 (mean, 1 tok)
2026-04-29 19:10:16,976 mme_vla_suite.pseudo_labeling.topreward_qwen_scorer INFO: Prefix 7/16 (end=27, n_frames=8/28): reward=-16.5000 (mean, 1 tok)
2026-04-29 19:10:21,598 mme_vla_suite.pseudo_labeling.topreward_qwen_scorer INFO: Prefix 8/16 (end=31, n_frames=10/32): reward=-16.3750 (mean, 1 tok)
2026-04-29 19:10:26,212 mme_vla_suite.pseudo_labeling.topreward_qwen_scorer INFO: Prefix 9/16 (end=34, n_frames=10/35): reward=-16.3750 (mean, 1 tok)
2026-04-29 19:10:30,834 mme_vla_suite.pseudo_labeling.topreward_qwen_scorer INFO: Prefix 10/16 (end=38, n_frames=12/39): reward=-15.8750 (mean, 1 tok)
2026-04-29 19:10:35,468 mme_vla_suite.pseudo_labeling.topreward_qwen_scorer INFO: Prefix 11/16 (end=42, n_frames=13/43): reward=-16.5000 (mean, 1 tok)
2026-04-29 19:10:40,098 mme_vla_suite.pseudo_labeling.topreward_qwen_scorer INFO: Prefix 12/16 (end=45, n_frames=14/46): reward=-16.8750 (mean, 1 tok)
2026-04-29 19:10:44,764 mme_vla_suite.pseudo_labeling.topreward_qwen_scorer INFO: Prefix 13/16 (end=49, n_frames=15/50): reward=-17.8750 (mean, 1 tok)
2026-04-29 19:10:49,438 mme_vla_suite.pseudo_labeling.topreward_qwen_scorer INFO: Prefix 14/16 (end=52, n_frames=16/53): reward=-17.3750 (mean, 1 tok)
2026-04-29 19:10:54,127 mme_vla_suite.pseudo_labeling.topreward_qwen_scorer INFO: Prefix 15/16 (end=56, n_frames=17/57): reward=-16.1250 (mean, 1 tok)
2026-04-29 19:10:58,796 mme_vla_suite.pseudo_labeling.topreward_qwen_scorer INFO: Prefix 16/16 (end=60, n_frames=18/61): reward=-15.8750 (mean, 1 tok)
2026-04-29 19:11:04,064 mme_vla_suite.pseudo_labeling.topreward_qwen_scorer INFO: Prefix 1/16 (end=7, n_frames=4/8): reward=-21.1250 (mean, 1 tok)
2026-04-29 19:11:08,658 mme_vla_suite.pseudo_labeling.topreward_qwen_scorer INFO: Prefix 2/16 (end=11, n_frames=4/12): reward=-20.8750 (mean, 1 tok)
2026-04-29 19:11:13,258 mme_vla_suite.pseudo_labeling.topreward_qwen_scorer INFO: Prefix 3/16 (end=15, n_frames=5/16): reward=-20.6250 (mean, 1 tok)
2026-04-29 19:11:17,876 mme_vla_suite.pseudo_labeling.topreward_qwen_scorer INFO: Prefix 4/16 (end=19, n_frames=6/20): reward=-20.8750 (mean, 1 tok)
2026-04-29 19:11:22,495 mme_vla_suite.pseudo_labeling.topreward_qwen_scorer INFO: Prefix 5/16 (end=23, n_frames=7/24): reward=-21.2500 (mean, 1 tok)
2026-04-29 19:11:27,122 mme_vla_suite.pseudo_labeling.topreward_qwen_scorer INFO: Prefix 6/16 (end=28, n_frames=9/29): reward=-20.2500 (mean, 1 tok)
2026-04-29 19:11:31,765 mme_vla_suite.pseudo_labeling.topreward_qwen_scorer INFO: Prefix 7/16 (end=32, n_frames=10/33): reward=-19.3750 (mean, 1 tok)
2026-04-29 19:11:36,399 mme_vla_suite.pseudo_labeling.topreward_qwen_scorer INFO: Prefix 8/16 (end=36, n_frames=11/37): reward=-19.1250 (mean, 1 tok)
2026-04-29 19:11:41,191 mme_vla_suite.pseudo_labeling.topreward_qwen_scorer INFO: Prefix 9/16 (end=40, n_frames=12/41): reward=-19.5000 (mean, 1 tok)
2026-04-29 19:11:45,983 mme_vla_suite.pseudo_labeling.topreward_qwen_scorer INFO: Prefix 10/16 (end=44, n_frames=14/45): reward=-20.1250 (mean, 1 tok)
2026-04-29 19:11:50,648 mme_vla_suite.pseudo_labeling.topreward_qwen_scorer INFO: Prefix 11/16 (end=49, n_frames=15/50): reward=-19.7500 (mean, 1 tok)
2026-04-29 19:11:55,407 mme_vla_suite.pseudo_labeling.topreward_qwen_scorer INFO: Prefix 12/16 (end=53, n_frames=16/54): reward=-20.1250 (mean, 1 tok)
2026-04-29 19:12:00,164 mme_vla_suite.pseudo_labeling.topreward_qwen_scorer INFO: Prefix 13/16 (end=57, n_frames=17/58): reward=-18.8750 (mean, 1 tok)
2026-04-29 19:12:04,866 mme_vla_suite.pseudo_labeling.topreward_qwen_scorer INFO: Prefix 14/16 (end=61, n_frames=19/62): reward=-19.1250 (mean, 1 tok)
2026-04-29 19:12:09,568 mme_vla_suite.pseudo_labeling.topreward_qwen_scorer INFO: Prefix 15/16 (end=65, n_frames=20/66): reward=-18.1250 (mean, 1 tok)
2026-04-29 19:12:14,312 mme_vla_suite.pseudo_labeling.topreward_qwen_scorer INFO: Prefix 16/16 (end=70, n_frames=21/71): reward=-17.2500 (mean, 1 tok)
2026-04-29 19:12:19,845 mme_vla_suite.pseudo_labeling.topreward_qwen_scorer INFO: Prefix 1/16 (end=6, n_frames=4/7): reward=-18.1250 (mean, 1 tok)
2026-04-29 19:12:24,530 mme_vla_suite.pseudo_labeling.topreward_qwen_scorer INFO: Prefix 2/16 (end=9, n_frames=4/10): reward=-17.8750 (mean, 1 tok)
2026-04-29 19:12:29,183 mme_vla_suite.pseudo_labeling.topreward_qwen_scorer INFO: Prefix 3/16 (end=13, n_frames=4/14): reward=-16.2500 (mean, 1 tok)
2026-04-29 19:12:33,771 mme_vla_suite.pseudo_labeling.topreward_qwen_scorer INFO: Prefix 4/16 (end=16, n_frames=5/17): reward=-16.1250 (mean, 1 tok)
2026-04-29 19:12:38,367 mme_vla_suite.pseudo_labeling.topreward_qwen_scorer INFO: Prefix 5/16 (end=20, n_frames=6/21): reward=-16.1250 (mean, 1 tok)
2026-04-29 19:12:42,969 mme_vla_suite.pseudo_labeling.topreward_qwen_scorer INFO: Prefix 6/16 (end=24, n_frames=8/25): reward=-16.3750 (mean, 1 tok)
2026-04-29 19:12:47,573 mme_vla_suite.pseudo_labeling.topreward_qwen_scorer INFO: Prefix 7/16 (end=27, n_frames=8/28): reward=-16.3750 (mean, 1 tok)
2026-04-29 19:12:52,192 mme_vla_suite.pseudo_labeling.topreward_qwen_scorer INFO: Prefix 8/16 (end=31, n_frames=10/32): reward=-15.8750 (mean, 1 tok)
2026-04-29 19:12:56,811 mme_vla_suite.pseudo_labeling.topreward_qwen_scorer INFO: Prefix 9/16 (end=34, n_frames=10/35): reward=-17.0000 (mean, 1 tok)
2026-04-29 19:13:01,425 mme_vla_suite.pseudo_labeling.topreward_qwen_scorer INFO: Prefix 10/16 (end=38, n_frames=12/39): reward=-15.5000 (mean, 1 tok)
2026-04-29 19:13:06,027 mme_vla_suite.pseudo_labeling.topreward_qwen_scorer INFO: Prefix 11/16 (end=42, n_frames=13/43): reward=-16.8750 (mean, 1 tok)
2026-04-29 19:13:10,642 mme_vla_suite.pseudo_labeling.topreward_qwen_scorer INFO: Prefix 12/16 (end=45, n_frames=14/46): reward=-16.1250 (mean, 1 tok)
2026-04-29 19:13:15,349 mme_vla_suite.pseudo_labeling.topreward_qwen_scorer INFO: Prefix 13/16 (end=49, n_frames=15/50): reward=-17.1250 (mean, 1 tok)
2026-04-29 19:13:19,986 mme_vla_suite.pseudo_labeling.topreward_qwen_scorer INFO: Prefix 14/16 (end=52, n_frames=16/53): reward=-16.5000 (mean, 1 tok)
2026-04-29 19:13:24,633 mme_vla_suite.pseudo_labeling.topreward_qwen_scorer INFO: Prefix 15/16 (end=56, n_frames=17/57): reward=-16.1250 (mean, 1 tok)
2026-04-29 19:13:29,392 mme_vla_suite.pseudo_labeling.topreward_qwen_scorer INFO: Prefix 16/16 (end=60, n_frames=18/61): reward=-16.2500 (mean, 1 tok)
2026-04-29 19:13:34,843 mme_vla_suite.pseudo_labeling.topreward_qwen_scorer INFO: Prefix 1/8 (end=5, n_frames=4/6): reward=-21.3750 (mean, 1 tok)
2026-04-29 19:13:39,505 mme_vla_suite.pseudo_labeling.topreward_qwen_scorer INFO: Prefix 2/8 (end=11, n_frames=4/12): reward=-21.5000 (mean, 1 tok)
2026-04-29 19:13:44,105 mme_vla_suite.pseudo_labeling.topreward_qwen_scorer INFO: Prefix 3/8 (end=18, n_frames=6/19): reward=-20.5000 (mean, 1 tok)
2026-04-29 19:13:48,705 mme_vla_suite.pseudo_labeling.topreward_qwen_scorer INFO: Prefix 4/8 (end=24, n_frames=8/25): reward=-20.2500 (mean, 1 tok)
2026-04-29 19:13:53,316 mme_vla_suite.pseudo_labeling.topreward_qwen_scorer INFO: Prefix 5/8 (end=31, n_frames=10/32): reward=-18.2500 (mean, 1 tok)
2026-04-29 19:13:57,934 mme_vla_suite.pseudo_labeling.topreward_qwen_scorer INFO: Prefix 6/8 (end=37, n_frames=11/38): reward=-19.1250 (mean, 1 tok)
2026-04-29 19:14:02,555 mme_vla_suite.pseudo_labeling.topreward_qwen_scorer INFO: Prefix 7/8 (end=44, n_frames=14/45): reward=-19.1250 (mean, 1 tok)
2026-04-29 19:14:07,197 mme_vla_suite.pseudo_labeling.topreward_qwen_scorer INFO: Prefix 8/8 (end=51, n_frames=16/52): reward=-19.7500 (mean, 1 tok)
2026-04-29 19:14:12,335 mme_vla_suite.pseudo_labeling.topreward_qwen_scorer INFO: Prefix 1/16 (end=8, n_frames=4/9): reward=-21.6250 (mean, 1 tok)
2026-04-29 19:14:16,949 mme_vla_suite.pseudo_labeling.topreward_qwen_scorer INFO: Prefix 2/16 (end=13, n_frames=4/14): reward=-20.7500 (mean, 1 tok)
2026-04-29 19:14:21,553 mme_vla_suite.pseudo_labeling.topreward_qwen_scorer INFO: Prefix 3/16 (end=18, n_frames=6/19): reward=-20.5000 (mean, 1 tok)
2026-04-29 19:14:26,168 mme_vla_suite.pseudo_labeling.topreward_qwen_scorer INFO: Prefix 4/16 (end=24, n_frames=8/25): reward=-20.2500 (mean, 1 tok)
2026-04-29 19:14:30,787 mme_vla_suite.pseudo_labeling.topreward_qwen_scorer INFO: Prefix 5/16 (end=29, n_frames=9/30): reward=-18.6250 (mean, 1 tok)
2026-04-29 19:14:35,413 mme_vla_suite.pseudo_labeling.topreward_qwen_scorer INFO: Prefix 6/16 (end=34, n_frames=10/35): reward=-18.7500 (mean, 1 tok)
2026-04-29 19:14:40,041 mme_vla_suite.pseudo_labeling.topreward_qwen_scorer INFO: Prefix 7/16 (end=40, n_frames=12/41): reward=-19.5000 (mean, 1 tok)
2026-04-29 19:14:44,673 mme_vla_suite.pseudo_labeling.topreward_qwen_scorer INFO: Prefix 8/16 (end=45, n_frames=14/46): reward=-19.0000 (mean, 1 tok)
2026-04-29 19:14:49,318 mme_vla_suite.pseudo_labeling.topreward_qwen_scorer INFO: Prefix 9/16 (end=50, n_frames=15/51): reward=-19.1250 (mean, 1 tok)
2026-04-29 19:14:53,928 mme_vla_suite.pseudo_labeling.topreward_qwen_scorer INFO: Prefix 10/16 (end=56, n_frames=17/57): reward=-19.5000 (mean, 1 tok)
2026-04-29 19:14:58,589 mme_vla_suite.pseudo_labeling.topreward_qwen_scorer INFO: Prefix 11/16 (end=61, n_frames=19/62): reward=-19.8750 (mean, 1 tok)
2026-04-29 19:15:03,271 mme_vla_suite.pseudo_labeling.topreward_qwen_scorer INFO: Prefix 12/16 (end=66, n_frames=20/67): reward=-19.6250 (mean, 1 tok)
2026-04-29 19:15:07,977 mme_vla_suite.pseudo_labeling.topreward_qwen_scorer INFO: Prefix 13/16 (end=72, n_frames=22/73): reward=-19.1250 (mean, 1 tok)
2026-04-29 19:15:12,694 mme_vla_suite.pseudo_labeling.topreward_qwen_scorer INFO: Prefix 14/16 (end=77, n_frames=23/78): reward=-19.6250 (mean, 1 tok)
2026-04-29 19:15:17,476 mme_vla_suite.pseudo_labeling.topreward_qwen_scorer INFO: Prefix 15/16 (end=82, n_frames=25/83): reward=-20.1250 (mean, 1 tok)
2026-04-29 19:15:22,217 mme_vla_suite.pseudo_labeling.topreward_qwen_scorer INFO: Prefix 16/16 (end=88, n_frames=27/89): reward=-19.5000 (mean, 1 tok)
2026-04-29 19:15:27,529 mme_vla_suite.pseudo_labeling.topreward_qwen_scorer INFO: Prefix 1/16 (end=10, n_frames=4/11): reward=-21.2500 (mean, 1 tok)
2026-04-29 19:15:32,139 mme_vla_suite.pseudo_labeling.topreward_qwen_scorer INFO: Prefix 2/16 (end=16, n_frames=5/17): reward=-20.8750 (mean, 1 tok)
2026-04-29 19:15:36,758 mme_vla_suite.pseudo_labeling.topreward_qwen_scorer INFO: Prefix 3/16 (end=22, n_frames=7/23): reward=-20.8750 (mean, 1 tok)
2026-04-29 19:15:41,385 mme_vla_suite.pseudo_labeling.topreward_qwen_scorer INFO: Prefix 4/16 (end=28, n_frames=9/29): reward=-19.6250 (mean, 1 tok)
2026-04-29 19:15:46,009 mme_vla_suite.pseudo_labeling.topreward_qwen_scorer INFO: Prefix 5/16 (end=34, n_frames=10/35): reward=-17.8750 (mean, 1 tok)
2026-04-29 19:15:50,635 mme_vla_suite.pseudo_labeling.topreward_qwen_scorer INFO: Prefix 6/16 (end=41, n_frames=13/42): reward=-17.6250 (mean, 1 tok)
2026-04-29 19:15:55,265 mme_vla_suite.pseudo_labeling.topreward_qwen_scorer INFO: Prefix 7/16 (end=47, n_frames=14/48): reward=-17.5000 (mean, 1 tok)
2026-04-29 19:15:59,918 mme_vla_suite.pseudo_labeling.topreward_qwen_scorer INFO: Prefix 8/16 (end=53, n_frames=16/54): reward=-17.3750 (mean, 1 tok)
2026-04-29 19:16:04,595 mme_vla_suite.pseudo_labeling.topreward_qwen_scorer INFO: Prefix 9/16 (end=59, n_frames=18/60): reward=-16.7500 (mean, 1 tok)
2026-04-29 19:16:09,269 mme_vla_suite.pseudo_labeling.topreward_qwen_scorer INFO: Prefix 10/16 (end=65, n_frames=20/66): reward=-17.6250 (mean, 1 tok)
2026-04-29 19:16:13,981 mme_vla_suite.pseudo_labeling.topreward_qwen_scorer INFO: Prefix 11/16 (end=72, n_frames=22/73): reward=-17.1250 (mean, 1 tok)
2026-04-29 19:16:18,698 mme_vla_suite.pseudo_labeling.topreward_qwen_scorer INFO: Prefix 12/16 (end=78, n_frames=24/79): reward=-17.6250 (mean, 1 tok)
2026-04-29 19:16:23,459 mme_vla_suite.pseudo_labeling.topreward_qwen_scorer INFO: Prefix 13/16 (end=84, n_frames=26/85): reward=-17.0000 (mean, 1 tok)
2026-04-29 19:16:28,183 mme_vla_suite.pseudo_labeling.topreward_qwen_scorer INFO: Prefix 14/16 (end=90, n_frames=27/91): reward=-16.5000 (mean, 1 tok)
2026-04-29 19:16:32,940 mme_vla_suite.pseudo_labeling.topreward_qwen_scorer INFO: Prefix 15/16 (end=96, n_frames=29/97): reward=-15.2500 (mean, 1 tok)
2026-04-29 19:16:37,710 mme_vla_suite.pseudo_labeling.topreward_qwen_scorer INFO: Prefix 16/16 (end=103, n_frames=31/104): reward=-15.8750 (mean, 1 tok)
2026-04-29 19:16:43,082 mme_vla_suite.pseudo_labeling.topreward_qwen_scorer INFO: Prefix 1/8 (end=5, n_frames=4/6): reward=-19.2500 (mean, 1 tok)
2026-04-29 19:16:47,605 mme_vla_suite.pseudo_labeling.topreward_qwen_scorer INFO: Prefix 2/8 (end=11, n_frames=4/12): reward=-18.6250 (mean, 1 tok)
2026-04-29 19:16:52,205 mme_vla_suite.pseudo_labeling.topreward_qwen_scorer INFO: Prefix 3/8 (end=17, n_frames=5/18): reward=-17.3750 (mean, 1 tok)
2026-04-29 19:16:56,812 mme_vla_suite.pseudo_labeling.topreward_qwen_scorer INFO: Prefix 4/8 (end=23, n_frames=7/24): reward=-17.1250 (mean, 1 tok)
2026-04-29 19:17:01,412 mme_vla_suite.pseudo_labeling.topreward_qwen_scorer INFO: Prefix 5/8 (end=30, n_frames=9/31): reward=-16.5000 (mean, 1 tok)
2026-04-29 19:17:06,014 mme_vla_suite.pseudo_labeling.topreward_qwen_scorer INFO: Prefix 6/8 (end=36, n_frames=11/37): reward=-16.6250 (mean, 1 tok)
2026-04-29 19:17:10,631 mme_vla_suite.pseudo_labeling.topreward_qwen_scorer INFO: Prefix 7/8 (end=42, n_frames=13/43): reward=-16.5000 (mean, 1 tok)
2026-04-29 19:17:15,249 mme_vla_suite.pseudo_labeling.topreward_qwen_scorer INFO: Prefix 8/8 (end=49, n_frames=15/50): reward=-19.1250 (mean, 1 tok)
2026-04-29 19:17:20,680 mme_vla_suite.pseudo_labeling.topreward_qwen_scorer INFO: Prefix 1/16 (end=7, n_frames=4/8): reward=-21.5000 (mean, 1 tok)
2026-04-29 19:17:25,267 mme_vla_suite.pseudo_labeling.topreward_qwen_scorer INFO: Prefix 2/16 (end=11, n_frames=4/12): reward=-21.3750 (mean, 1 tok)
2026-04-29 19:17:29,852 mme_vla_suite.pseudo_labeling.topreward_qwen_scorer INFO: Prefix 3/16 (end=15, n_frames=5/16): reward=-21.0000 (mean, 1 tok)
2026-04-29 19:17:34,465 mme_vla_suite.pseudo_labeling.topreward_qwen_scorer INFO: Prefix 4/16 (end=19, n_frames=6/20): reward=-21.3750 (mean, 1 tok)
2026-04-29 19:17:39,084 mme_vla_suite.pseudo_labeling.topreward_qwen_scorer INFO: Prefix 5/16 (end=23, n_frames=7/24): reward=-20.7500 (mean, 1 tok)
2026-04-29 19:17:43,697 mme_vla_suite.pseudo_labeling.topreward_qwen_scorer INFO: Prefix 6/16 (end=28, n_frames=9/29): reward=-20.1250 (mean, 1 tok)
2026-04-29 19:17:48,311 mme_vla_suite.pseudo_labeling.topreward_qwen_scorer INFO: Prefix 7/16 (end=32, n_frames=10/33): reward=-19.6250 (mean, 1 tok)
2026-04-29 19:17:52,951 mme_vla_suite.pseudo_labeling.topreward_qwen_scorer INFO: Prefix 8/16 (end=36, n_frames=11/37): reward=-20.3750 (mean, 1 tok)
2026-04-29 19:17:57,583 mme_vla_suite.pseudo_labeling.topreward_qwen_scorer INFO: Prefix 9/16 (end=40, n_frames=12/41): reward=-20.2500 (mean, 1 tok)
2026-04-29 19:18:02,205 mme_vla_suite.pseudo_labeling.topreward_qwen_scorer INFO: Prefix 10/16 (end=44, n_frames=14/45): reward=-20.1250 (mean, 1 tok)
2026-04-29 19:18:06,859 mme_vla_suite.pseudo_labeling.topreward_qwen_scorer INFO: Prefix 11/16 (end=49, n_frames=15/50): reward=-20.1250 (mean, 1 tok)
2026-04-29 19:18:11,536 mme_vla_suite.pseudo_labeling.topreward_qwen_scorer INFO: Prefix 12/16 (end=53, n_frames=16/54): reward=-19.8750 (mean, 1 tok)
2026-04-29 19:18:16,223 mme_vla_suite.pseudo_labeling.topreward_qwen_scorer INFO: Prefix 13/16 (end=57, n_frames=17/58): reward=-19.5000 (mean, 1 tok)
2026-04-29 19:18:20,914 mme_vla_suite.pseudo_labeling.topreward_qwen_scorer INFO: Prefix 14/16 (end=61, n_frames=19/62): reward=-20.2500 (mean, 1 tok)
2026-04-29 19:18:25,609 mme_vla_suite.pseudo_labeling.topreward_qwen_scorer INFO: Prefix 15/16 (end=65, n_frames=20/66): reward=-19.7500 (mean, 1 tok)
2026-04-29 19:18:30,315 mme_vla_suite.pseudo_labeling.topreward_qwen_scorer INFO: Prefix 16/16 (end=70, n_frames=21/71): reward=-18.2500 (mean, 1 tok)
2026-04-29 19:18:35,762 mme_vla_suite.pseudo_labeling.topreward_qwen_scorer INFO: Prefix 1/8 (end=5, n_frames=4/6): reward=-19.2500 (mean, 1 tok)
2026-04-29 19:18:40,357 mme_vla_suite.pseudo_labeling.topreward_qwen_scorer INFO: Prefix 2/8 (end=11, n_frames=4/12): reward=-18.5000 (mean, 1 tok)
2026-04-29 19:18:44,954 mme_vla_suite.pseudo_labeling.topreward_qwen_scorer INFO: Prefix 3/8 (end=17, n_frames=5/18): reward=-17.0000 (mean, 1 tok)
2026-04-29 19:18:49,545 mme_vla_suite.pseudo_labeling.topreward_qwen_scorer INFO: Prefix 4/8 (end=23, n_frames=7/24): reward=-16.8750 (mean, 1 tok)
2026-04-29 19:18:54,154 mme_vla_suite.pseudo_labeling.topreward_qwen_scorer INFO: Prefix 5/8 (end=30, n_frames=9/31): reward=-16.3750 (mean, 1 tok)
2026-04-29 19:18:58,766 mme_vla_suite.pseudo_labeling.topreward_qwen_scorer INFO: Prefix 6/8 (end=36, n_frames=11/37): reward=-17.8750 (mean, 1 tok)
2026-04-29 19:19:03,393 mme_vla_suite.pseudo_labeling.topreward_qwen_scorer INFO: Prefix 7/8 (end=42, n_frames=13/43): reward=-17.3750 (mean, 1 tok)
2026-04-29 19:19:08,047 mme_vla_suite.pseudo_labeling.topreward_qwen_scorer INFO: Prefix 8/8 (end=49, n_frames=15/50): reward=-17.5000 (mean, 1 tok)
2026-04-29 19:19:13,283 mme_vla_suite.pseudo_labeling.topreward_qwen_scorer INFO: Prefix 1/16 (end=6, n_frames=4/7): reward=-23.8750 (mean, 1 tok)
2026-04-29 19:19:17,877 mme_vla_suite.pseudo_labeling.topreward_qwen_scorer INFO: Prefix 2/16 (end=10, n_frames=4/11): reward=-23.2500 (mean, 1 tok)
2026-04-29 19:19:22,472 mme_vla_suite.pseudo_labeling.topreward_qwen_scorer INFO: Prefix 3/16 (end=14, n_frames=4/15): reward=-23.3750 (mean, 1 tok)
2026-04-29 19:19:27,065 mme_vla_suite.pseudo_labeling.topreward_qwen_scorer INFO: Prefix 4/16 (end=18, n_frames=6/19): reward=-21.8750 (mean, 1 tok)
2026-04-29 19:19:31,667 mme_vla_suite.pseudo_labeling.topreward_qwen_scorer INFO: Prefix 5/16 (end=22, n_frames=7/23): reward=-17.1250 (mean, 1 tok)
2026-04-29 19:19:36,266 mme_vla_suite.pseudo_labeling.topreward_qwen_scorer INFO: Prefix 6/16 (end=26, n_frames=8/27): reward=-17.5000 (mean, 1 tok)
2026-04-29 19:19:40,870 mme_vla_suite.pseudo_labeling.topreward_qwen_scorer INFO: Prefix 7/16 (end=30, n_frames=9/31): reward=-18.3750 (mean, 1 tok)
2026-04-29 19:19:45,478 mme_vla_suite.pseudo_labeling.topreward_qwen_scorer INFO: Prefix 8/16 (end=34, n_frames=10/35): reward=-18.1250 (mean, 1 tok)
2026-04-29 19:19:50,087 mme_vla_suite.pseudo_labeling.topreward_qwen_scorer INFO: Prefix 9/16 (end=38, n_frames=12/39): reward=-17.2500 (mean, 1 tok)
2026-04-29 19:19:54,710 mme_vla_suite.pseudo_labeling.topreward_qwen_scorer INFO: Prefix 10/16 (end=42, n_frames=13/43): reward=-17.6250 (mean, 1 tok)
2026-04-29 19:19:59,320 mme_vla_suite.pseudo_labeling.topreward_qwen_scorer INFO: Prefix 11/16 (end=46, n_frames=14/47): reward=-17.8750 (mean, 1 tok)
2026-04-29 19:20:03,979 mme_vla_suite.pseudo_labeling.topreward_qwen_scorer INFO: Prefix 12/16 (end=50, n_frames=15/51): reward=-17.8750 (mean, 1 tok)
2026-04-29 19:20:08,673 mme_vla_suite.pseudo_labeling.topreward_qwen_scorer INFO: Prefix 13/16 (end=54, n_frames=16/55): reward=-17.8750 (mean, 1 tok)
2026-04-29 19:20:13,378 mme_vla_suite.pseudo_labeling.topreward_qwen_scorer INFO: Prefix 14/16 (end=58, n_frames=18/59): reward=-18.3750 (mean, 1 tok)
2026-04-29 19:20:18,096 mme_vla_suite.pseudo_labeling.topreward_qwen_scorer INFO: Prefix 15/16 (end=62, n_frames=19/63): reward=-18.2500 (mean, 1 tok)
2026-04-29 19:20:22,821 mme_vla_suite.pseudo_labeling.topreward_qwen_scorer INFO: Prefix 16/16 (end=66, n_frames=20/67): reward=-19.7500 (mean, 1 tok)
2026-04-29 19:20:28,109 mme_vla_suite.pseudo_labeling.topreward_qwen_scorer INFO: Prefix 1/16 (end=10, n_frames=4/11): reward=-23.2500 (mean, 1 tok)
2026-04-29 19:20:32,758 mme_vla_suite.pseudo_labeling.topreward_qwen_scorer INFO: Prefix 2/16 (end=16, n_frames=5/17): reward=-21.8750 (mean, 1 tok)
2026-04-29 19:20:37,484 mme_vla_suite.pseudo_labeling.topreward_qwen_scorer INFO: Prefix 3/16 (end=22, n_frames=7/23): reward=-17.1250 (mean, 1 tok)
2026-04-29 19:20:42,121 mme_vla_suite.pseudo_labeling.topreward_qwen_scorer INFO: Prefix 4/16 (end=28, n_frames=9/29): reward=-17.5000 (mean, 1 tok)
2026-04-29 19:20:46,842 mme_vla_suite.pseudo_labeling.topreward_qwen_scorer INFO: Prefix 5/16 (end=35, n_frames=11/36): reward=-17.1250 (mean, 1 tok)
2026-04-29 19:20:51,573 mme_vla_suite.pseudo_labeling.topreward_qwen_scorer INFO: Prefix 6/16 (end=41, n_frames=13/42): reward=-17.5000 (mean, 1 tok)
2026-04-29 19:20:56,259 mme_vla_suite.pseudo_labeling.topreward_qwen_scorer INFO: Prefix 7/16 (end=47, n_frames=14/48): reward=-17.6250 (mean, 1 tok)
2026-04-29 19:21:01,004 mme_vla_suite.pseudo_labeling.topreward_qwen_scorer INFO: Prefix 8/16 (end=53, n_frames=16/54): reward=-18.0000 (mean, 1 tok)
2026-04-29 19:21:05,978 mme_vla_suite.pseudo_labeling.topreward_qwen_scorer INFO: Prefix 9/16 (end=60, n_frames=18/61): reward=-17.8750 (mean, 1 tok)
2026-04-29 19:21:10,701 mme_vla_suite.pseudo_labeling.topreward_qwen_scorer INFO: Prefix 10/16 (end=66, n_frames=20/67): reward=-19.7500 (mean, 1 tok)
2026-04-29 19:21:15,416 mme_vla_suite.pseudo_labeling.topreward_qwen_scorer INFO: Prefix 11/16 (end=72, n_frames=22/73): reward=-17.1250 (mean, 1 tok)
2026-04-29 19:21:20,163 mme_vla_suite.pseudo_labeling.topreward_qwen_scorer INFO: Prefix 12/16 (end=78, n_frames=24/79): reward=-19.0000 (mean, 1 tok)
2026-04-29 19:21:24,919 mme_vla_suite.pseudo_labeling.topreward_qwen_scorer INFO: Prefix 13/16 (end=85, n_frames=26/86): reward=-17.7500 (mean, 1 tok)
2026-04-29 19:21:29,694 mme_vla_suite.pseudo_labeling.topreward_qwen_scorer INFO: Prefix 14/16 (end=91, n_frames=28/92): reward=-18.5000 (mean, 1 tok)
2026-04-29 19:21:34,441 mme_vla_suite.pseudo_labeling.topreward_qwen_scorer INFO: Prefix 15/16 (end=97, n_frames=29/98): reward=-17.0000 (mean, 1 tok)
2026-04-29 19:21:39,203 mme_vla_suite.pseudo_labeling.topreward_qwen_scorer INFO: Prefix 16/16 (end=104, n_frames=32/105): reward=-17.2500 (mean, 1 tok)
