/coc/testnvme/shalbe3/miniconda/envs/robomme/lib/python3.11/site-packages/torch/cuda/__init__.py:63: FutureWarning: The pynvml package is deprecated. Please install nvidia-ml-py instead. If you did not install pynvml directly, please report this to the maintainers of the package that installed pynvml for you.
  import pynvml  # type: ignore[import]
`torch_dtype` is deprecated! Use `dtype` instead!
You are attempting to use Flash Attention 2 without specifying a torch dtype. This might lead to unexpected behaviour
2026-04-29 18:56:00,710 mme_vla_suite.pseudo_labeling.topreward_qwen_scorer WARNING: flash_attention_2 unavailable (/coc/testnvme/shalbe3/miniconda/envs/robomme/lib/python3.11/site-packages/flash_attn_2_cuda.cpython-311-x86_64-linux-gnu.so: undefined symbol: _ZNK3c106SymInt6sym_neERKS0_), using default attention
Loading checkpoint shards:   0%|          | 0/4 [00:00<?, ?it/s]Loading checkpoint shards:  25%|██▌       | 1/4 [00:08<00:26,  8.73s/it]Loading checkpoint shards:  50%|█████     | 2/4 [00:16<00:16,  8.30s/it]Loading checkpoint shards:  75%|███████▌  | 3/4 [00:24<00:08,  8.20s/it]Loading checkpoint shards: 100%|██████████| 4/4 [00:29<00:00,  6.71s/it]Loading checkpoint shards: 100%|██████████| 4/4 [00:29<00:00,  7.31s/it]
Asked to sample `fps` frames per second but no video metadata was provided which is required when sampling with `fps`. Defaulting to `fps=24`. Please provide `video_metadata` for more accurate results.
2026-04-29 18:56:39,628 mme_vla_suite.pseudo_labeling.topreward_qwen_scorer INFO: Prefix 1/16 (end=17, n_frames=5/18): reward=-24.3750 (mean, 1 tok)
2026-04-29 18:56:46,171 mme_vla_suite.pseudo_labeling.topreward_qwen_scorer INFO: Prefix 2/16 (end=27, n_frames=8/28): reward=-24.3750 (mean, 1 tok)
2026-04-29 18:56:52,745 mme_vla_suite.pseudo_labeling.topreward_qwen_scorer INFO: Prefix 3/16 (end=38, n_frames=12/39): reward=-23.3750 (mean, 1 tok)
2026-04-29 18:56:59,360 mme_vla_suite.pseudo_labeling.topreward_qwen_scorer INFO: Prefix 4/16 (end=49, n_frames=15/50): reward=-23.6250 (mean, 1 tok)
2026-04-29 18:57:05,998 mme_vla_suite.pseudo_labeling.topreward_qwen_scorer INFO: Prefix 5/16 (end=59, n_frames=18/60): reward=-23.7500 (mean, 1 tok)
2026-04-29 18:57:12,651 mme_vla_suite.pseudo_labeling.topreward_qwen_scorer INFO: Prefix 6/16 (end=70, n_frames=21/71): reward=-24.2500 (mean, 1 tok)
2026-04-29 18:57:19,337 mme_vla_suite.pseudo_labeling.topreward_qwen_scorer INFO: Prefix 7/16 (end=81, n_frames=25/82): reward=-24.5000 (mean, 1 tok)
2026-04-29 18:57:26,035 mme_vla_suite.pseudo_labeling.topreward_qwen_scorer INFO: Prefix 8/16 (end=92, n_frames=28/93): reward=-24.2500 (mean, 1 tok)
2026-04-29 18:57:32,784 mme_vla_suite.pseudo_labeling.topreward_qwen_scorer INFO: Prefix 9/16 (end=102, n_frames=31/103): reward=-23.6250 (mean, 1 tok)
2026-04-29 18:57:39,550 mme_vla_suite.pseudo_labeling.topreward_qwen_scorer INFO: Prefix 10/16 (end=113, n_frames=34/114): reward=-23.1250 (mean, 1 tok)
2026-04-29 18:57:46,343 mme_vla_suite.pseudo_labeling.topreward_qwen_scorer INFO: Prefix 11/16 (end=124, n_frames=38/125): reward=-24.1250 (mean, 1 tok)
2026-04-29 18:57:53,153 mme_vla_suite.pseudo_labeling.topreward_qwen_scorer INFO: Prefix 12/16 (end=135, n_frames=41/136): reward=-24.2500 (mean, 1 tok)
2026-04-29 18:58:00,005 mme_vla_suite.pseudo_labeling.topreward_qwen_scorer INFO: Prefix 13/16 (end=145, n_frames=44/146): reward=-23.1250 (mean, 1 tok)
2026-04-29 18:58:06,878 mme_vla_suite.pseudo_labeling.topreward_qwen_scorer INFO: Prefix 14/16 (end=156, n_frames=47/157): reward=-22.3750 (mean, 1 tok)
2026-04-29 18:58:13,772 mme_vla_suite.pseudo_labeling.topreward_qwen_scorer INFO: Prefix 15/16 (end=167, n_frames=50/168): reward=-17.3750 (mean, 1 tok)
2026-04-29 18:58:20,797 mme_vla_suite.pseudo_labeling.topreward_qwen_scorer INFO: Prefix 16/16 (end=178, n_frames=54/179): reward=-17.0000 (mean, 1 tok)
2026-04-29 18:58:28,277 mme_vla_suite.pseudo_labeling.topreward_qwen_scorer INFO: Prefix 1/8 (end=4, n_frames=4/5): reward=-20.6250 (mean, 1 tok)
2026-04-29 18:58:34,784 mme_vla_suite.pseudo_labeling.topreward_qwen_scorer INFO: Prefix 2/8 (end=10, n_frames=4/11): reward=-19.5000 (mean, 1 tok)
2026-04-29 18:58:41,319 mme_vla_suite.pseudo_labeling.topreward_qwen_scorer INFO: Prefix 3/8 (end=16, n_frames=5/17): reward=-21.8750 (mean, 1 tok)
2026-04-29 18:58:47,836 mme_vla_suite.pseudo_labeling.topreward_qwen_scorer INFO: Prefix 4/8 (end=22, n_frames=7/23): reward=-21.0000 (mean, 1 tok)
2026-04-29 18:58:54,391 mme_vla_suite.pseudo_labeling.topreward_qwen_scorer INFO: Prefix 5/8 (end=28, n_frames=9/29): reward=-20.7500 (mean, 1 tok)
2026-04-29 18:59:00,954 mme_vla_suite.pseudo_labeling.topreward_qwen_scorer INFO: Prefix 6/8 (end=34, n_frames=10/35): reward=-21.8750 (mean, 1 tok)
2026-04-29 18:59:07,491 mme_vla_suite.pseudo_labeling.topreward_qwen_scorer INFO: Prefix 7/8 (end=40, n_frames=12/41): reward=-20.5000 (mean, 1 tok)
2026-04-29 18:59:14,074 mme_vla_suite.pseudo_labeling.topreward_qwen_scorer INFO: Prefix 8/8 (end=46, n_frames=14/47): reward=-21.1250 (mean, 1 tok)
2026-04-29 18:59:21,299 mme_vla_suite.pseudo_labeling.topreward_qwen_scorer INFO: Prefix 1/16 (end=9, n_frames=4/10): reward=-25.7500 (mean, 1 tok)
2026-04-29 18:59:27,851 mme_vla_suite.pseudo_labeling.topreward_qwen_scorer INFO: Prefix 2/16 (end=14, n_frames=4/15): reward=-25.2500 (mean, 1 tok)
2026-04-29 18:59:34,358 mme_vla_suite.pseudo_labeling.topreward_qwen_scorer INFO: Prefix 3/16 (end=20, n_frames=6/21): reward=-25.3750 (mean, 1 tok)
2026-04-29 18:59:40,900 mme_vla_suite.pseudo_labeling.topreward_qwen_scorer INFO: Prefix 4/16 (end=26, n_frames=8/27): reward=-25.5000 (mean, 1 tok)
2026-04-29 18:59:47,467 mme_vla_suite.pseudo_labeling.topreward_qwen_scorer INFO: Prefix 5/16 (end=32, n_frames=10/33): reward=-25.8750 (mean, 1 tok)
2026-04-29 18:59:54,040 mme_vla_suite.pseudo_labeling.topreward_qwen_scorer INFO: Prefix 6/16 (end=38, n_frames=12/39): reward=-24.7500 (mean, 1 tok)
2026-04-29 19:00:00,601 mme_vla_suite.pseudo_labeling.topreward_qwen_scorer INFO: Prefix 7/16 (end=43, n_frames=13/44): reward=-24.3750 (mean, 1 tok)
2026-04-29 19:00:07,181 mme_vla_suite.pseudo_labeling.topreward_qwen_scorer INFO: Prefix 8/16 (end=49, n_frames=15/50): reward=-25.2500 (mean, 1 tok)
2026-04-29 19:00:13,781 mme_vla_suite.pseudo_labeling.topreward_qwen_scorer INFO: Prefix 9/16 (end=55, n_frames=17/56): reward=-23.2500 (mean, 1 tok)
2026-04-29 19:00:20,448 mme_vla_suite.pseudo_labeling.topreward_qwen_scorer INFO: Prefix 10/16 (end=61, n_frames=19/62): reward=-23.6250 (mean, 1 tok)
2026-04-29 19:00:27,071 mme_vla_suite.pseudo_labeling.topreward_qwen_scorer INFO: Prefix 11/16 (end=67, n_frames=20/68): reward=-24.3750 (mean, 1 tok)
2026-04-29 19:00:33,727 mme_vla_suite.pseudo_labeling.topreward_qwen_scorer INFO: Prefix 12/16 (end=72, n_frames=22/73): reward=-24.6250 (mean, 1 tok)
2026-04-29 19:00:40,375 mme_vla_suite.pseudo_labeling.topreward_qwen_scorer INFO: Prefix 13/16 (end=78, n_frames=24/79): reward=-25.1250 (mean, 1 tok)
2026-04-29 19:00:47,085 mme_vla_suite.pseudo_labeling.topreward_qwen_scorer INFO: Prefix 14/16 (end=84, n_frames=26/85): reward=-24.2500 (mean, 1 tok)
2026-04-29 19:00:53,754 mme_vla_suite.pseudo_labeling.topreward_qwen_scorer INFO: Prefix 15/16 (end=90, n_frames=27/91): reward=-19.5000 (mean, 1 tok)
2026-04-29 19:01:00,486 mme_vla_suite.pseudo_labeling.topreward_qwen_scorer INFO: Prefix 16/16 (end=96, n_frames=29/97): reward=-18.1250 (mean, 1 tok)
2026-04-29 19:01:08,055 mme_vla_suite.pseudo_labeling.topreward_qwen_scorer INFO: Prefix 1/16 (end=10, n_frames=4/11): reward=-25.8750 (mean, 1 tok)
2026-04-29 19:01:14,594 mme_vla_suite.pseudo_labeling.topreward_qwen_scorer INFO: Prefix 2/16 (end=16, n_frames=5/17): reward=-25.1250 (mean, 1 tok)
2026-04-29 19:01:21,133 mme_vla_suite.pseudo_labeling.topreward_qwen_scorer INFO: Prefix 3/16 (end=22, n_frames=7/23): reward=-25.5000 (mean, 1 tok)
2026-04-29 19:01:27,696 mme_vla_suite.pseudo_labeling.topreward_qwen_scorer INFO: Prefix 4/16 (end=29, n_frames=9/30): reward=-25.5000 (mean, 1 tok)
2026-04-29 19:01:34,249 mme_vla_suite.pseudo_labeling.topreward_qwen_scorer INFO: Prefix 5/16 (end=35, n_frames=11/36): reward=-24.6250 (mean, 1 tok)
2026-04-29 19:01:40,836 mme_vla_suite.pseudo_labeling.topreward_qwen_scorer INFO: Prefix 6/16 (end=42, n_frames=13/43): reward=-24.3750 (mean, 1 tok)
2026-04-29 19:01:47,428 mme_vla_suite.pseudo_labeling.topreward_qwen_scorer INFO: Prefix 7/16 (end=48, n_frames=15/49): reward=-25.2500 (mean, 1 tok)
2026-04-29 19:01:54,090 mme_vla_suite.pseudo_labeling.topreward_qwen_scorer INFO: Prefix 8/16 (end=54, n_frames=16/55): reward=-23.8750 (mean, 1 tok)
2026-04-29 19:02:00,665 mme_vla_suite.pseudo_labeling.topreward_qwen_scorer INFO: Prefix 9/16 (end=61, n_frames=19/62): reward=-23.6250 (mean, 1 tok)
2026-04-29 19:02:07,287 mme_vla_suite.pseudo_labeling.topreward_qwen_scorer INFO: Prefix 10/16 (end=67, n_frames=20/68): reward=-24.3750 (mean, 1 tok)
2026-04-29 19:02:13,964 mme_vla_suite.pseudo_labeling.topreward_qwen_scorer INFO: Prefix 11/16 (end=74, n_frames=22/75): reward=-24.1250 (mean, 1 tok)
2026-04-29 19:02:20,620 mme_vla_suite.pseudo_labeling.topreward_qwen_scorer INFO: Prefix 12/16 (end=80, n_frames=24/81): reward=-25.2500 (mean, 1 tok)
2026-04-29 19:02:27,433 mme_vla_suite.pseudo_labeling.topreward_qwen_scorer INFO: Prefix 13/16 (end=86, n_frames=26/87): reward=-24.3750 (mean, 1 tok)
2026-04-29 19:02:34,125 mme_vla_suite.pseudo_labeling.topreward_qwen_scorer INFO: Prefix 14/16 (end=93, n_frames=28/94): reward=-17.5000 (mean, 1 tok)
2026-04-29 19:02:40,817 mme_vla_suite.pseudo_labeling.topreward_qwen_scorer INFO: Prefix 15/16 (end=99, n_frames=30/100): reward=-18.5000 (mean, 1 tok)
2026-04-29 19:02:47,565 mme_vla_suite.pseudo_labeling.topreward_qwen_scorer INFO: Prefix 16/16 (end=106, n_frames=32/107): reward=-18.3750 (mean, 1 tok)
2026-04-29 19:02:55,206 mme_vla_suite.pseudo_labeling.topreward_qwen_scorer INFO: Prefix 1/16 (end=9, n_frames=4/10): reward=-24.5000 (mean, 1 tok)
2026-04-29 19:03:01,738 mme_vla_suite.pseudo_labeling.topreward_qwen_scorer INFO: Prefix 2/16 (end=14, n_frames=4/15): reward=-24.5000 (mean, 1 tok)
2026-04-29 19:03:08,286 mme_vla_suite.pseudo_labeling.topreward_qwen_scorer INFO: Prefix 3/16 (end=20, n_frames=6/21): reward=-24.3750 (mean, 1 tok)
2026-04-29 19:03:14,833 mme_vla_suite.pseudo_labeling.topreward_qwen_scorer INFO: Prefix 4/16 (end=26, n_frames=8/27): reward=-24.3750 (mean, 1 tok)
2026-04-29 19:03:21,393 mme_vla_suite.pseudo_labeling.topreward_qwen_scorer INFO: Prefix 5/16 (end=32, n_frames=10/33): reward=-24.5000 (mean, 1 tok)
2026-04-29 19:03:27,980 mme_vla_suite.pseudo_labeling.topreward_qwen_scorer INFO: Prefix 6/16 (end=38, n_frames=12/39): reward=-23.1250 (mean, 1 tok)
2026-04-29 19:03:34,573 mme_vla_suite.pseudo_labeling.topreward_qwen_scorer INFO: Prefix 7/16 (end=44, n_frames=14/45): reward=-23.6250 (mean, 1 tok)
2026-04-29 19:03:41,144 mme_vla_suite.pseudo_labeling.topreward_qwen_scorer INFO: Prefix 8/16 (end=50, n_frames=15/51): reward=-23.3750 (mean, 1 tok)
2026-04-29 19:03:47,737 mme_vla_suite.pseudo_labeling.topreward_qwen_scorer INFO: Prefix 9/16 (end=56, n_frames=17/57): reward=-23.2500 (mean, 1 tok)
2026-04-29 19:03:54,355 mme_vla_suite.pseudo_labeling.topreward_qwen_scorer INFO: Prefix 10/16 (end=62, n_frames=19/63): reward=-23.0000 (mean, 1 tok)
2026-04-29 19:04:00,975 mme_vla_suite.pseudo_labeling.topreward_qwen_scorer INFO: Prefix 11/16 (end=68, n_frames=21/69): reward=-23.0000 (mean, 1 tok)
2026-04-29 19:04:07,640 mme_vla_suite.pseudo_labeling.topreward_qwen_scorer INFO: Prefix 12/16 (end=74, n_frames=22/75): reward=-23.5000 (mean, 1 tok)
2026-04-29 19:04:14,321 mme_vla_suite.pseudo_labeling.topreward_qwen_scorer INFO: Prefix 13/16 (end=80, n_frames=24/81): reward=-24.0000 (mean, 1 tok)
2026-04-29 19:04:21,019 mme_vla_suite.pseudo_labeling.topreward_qwen_scorer INFO: Prefix 14/16 (end=86, n_frames=26/87): reward=-23.5000 (mean, 1 tok)
2026-04-29 19:04:27,721 mme_vla_suite.pseudo_labeling.topreward_qwen_scorer INFO: Prefix 15/16 (end=92, n_frames=28/93): reward=-22.0000 (mean, 1 tok)
2026-04-29 19:04:34,428 mme_vla_suite.pseudo_labeling.topreward_qwen_scorer INFO: Prefix 16/16 (end=98, n_frames=30/99): reward=-18.7500 (mean, 1 tok)
2026-04-29 19:04:41,862 mme_vla_suite.pseudo_labeling.topreward_qwen_scorer INFO: Prefix 1/16 (end=11, n_frames=4/12): reward=-24.5000 (mean, 1 tok)
2026-04-29 19:04:48,369 mme_vla_suite.pseudo_labeling.topreward_qwen_scorer INFO: Prefix 2/16 (end=17, n_frames=5/18): reward=-24.3750 (mean, 1 tok)
2026-04-29 19:04:54,882 mme_vla_suite.pseudo_labeling.topreward_qwen_scorer INFO: Prefix 3/16 (end=24, n_frames=8/25): reward=-24.3750 (mean, 1 tok)
2026-04-29 19:05:01,420 mme_vla_suite.pseudo_labeling.topreward_qwen_scorer INFO: Prefix 4/16 (end=30, n_frames=9/31): reward=-24.2500 (mean, 1 tok)
2026-04-29 19:05:07,978 mme_vla_suite.pseudo_labeling.topreward_qwen_scorer INFO: Prefix 5/16 (end=37, n_frames=11/38): reward=-23.1250 (mean, 1 tok)
2026-04-29 19:05:14,552 mme_vla_suite.pseudo_labeling.topreward_qwen_scorer INFO: Prefix 6/16 (end=44, n_frames=14/45): reward=-23.6250 (mean, 1 tok)
2026-04-29 19:05:21,131 mme_vla_suite.pseudo_labeling.topreward_qwen_scorer INFO: Prefix 7/16 (end=50, n_frames=15/51): reward=-23.3750 (mean, 1 tok)
2026-04-29 19:05:27,715 mme_vla_suite.pseudo_labeling.topreward_qwen_scorer INFO: Prefix 8/16 (end=57, n_frames=17/58): reward=-24.2500 (mean, 1 tok)
2026-04-29 19:05:34,368 mme_vla_suite.pseudo_labeling.topreward_qwen_scorer INFO: Prefix 9/16 (end=63, n_frames=19/64): reward=-22.5000 (mean, 1 tok)
2026-04-29 19:05:41,008 mme_vla_suite.pseudo_labeling.topreward_qwen_scorer INFO: Prefix 10/16 (end=70, n_frames=21/71): reward=-23.6250 (mean, 1 tok)
2026-04-29 19:05:47,651 mme_vla_suite.pseudo_labeling.topreward_qwen_scorer INFO: Prefix 11/16 (end=77, n_frames=23/78): reward=-23.8750 (mean, 1 tok)
2026-04-29 19:05:54,365 mme_vla_suite.pseudo_labeling.topreward_qwen_scorer INFO: Prefix 12/16 (end=83, n_frames=25/84): reward=-23.7500 (mean, 1 tok)
2026-04-29 19:06:01,068 mme_vla_suite.pseudo_labeling.topreward_qwen_scorer INFO: Prefix 13/16 (end=90, n_frames=27/91): reward=-23.6250 (mean, 1 tok)
2026-04-29 19:06:07,766 mme_vla_suite.pseudo_labeling.topreward_qwen_scorer INFO: Prefix 14/16 (end=96, n_frames=29/97): reward=-19.6250 (mean, 1 tok)
2026-04-29 19:06:14,516 mme_vla_suite.pseudo_labeling.topreward_qwen_scorer INFO: Prefix 15/16 (end=103, n_frames=31/104): reward=-18.5000 (mean, 1 tok)
2026-04-29 19:06:21,330 mme_vla_suite.pseudo_labeling.topreward_qwen_scorer INFO: Prefix 16/16 (end=110, n_frames=33/111): reward=-19.1250 (mean, 1 tok)
2026-04-29 19:06:28,929 mme_vla_suite.pseudo_labeling.topreward_qwen_scorer INFO: Prefix 1/16 (end=9, n_frames=4/10): reward=-24.2500 (mean, 1 tok)
2026-04-29 19:06:35,476 mme_vla_suite.pseudo_labeling.topreward_qwen_scorer INFO: Prefix 2/16 (end=14, n_frames=4/15): reward=-24.2500 (mean, 1 tok)
2026-04-29 19:06:42,018 mme_vla_suite.pseudo_labeling.topreward_qwen_scorer INFO: Prefix 3/16 (end=20, n_frames=6/21): reward=-24.0000 (mean, 1 tok)
2026-04-29 19:06:48,576 mme_vla_suite.pseudo_labeling.topreward_qwen_scorer INFO: Prefix 4/16 (end=26, n_frames=8/27): reward=-24.0000 (mean, 1 tok)
2026-04-29 19:06:55,129 mme_vla_suite.pseudo_labeling.topreward_qwen_scorer INFO: Prefix 5/16 (end=31, n_frames=10/32): reward=-24.0000 (mean, 1 tok)
2026-04-29 19:07:01,687 mme_vla_suite.pseudo_labeling.topreward_qwen_scorer INFO: Prefix 6/16 (end=37, n_frames=11/38): reward=-23.1250 (mean, 1 tok)
2026-04-29 19:07:08,258 mme_vla_suite.pseudo_labeling.topreward_qwen_scorer INFO: Prefix 7/16 (end=43, n_frames=13/44): reward=-23.7500 (mean, 1 tok)
2026-04-29 19:07:14,853 mme_vla_suite.pseudo_labeling.topreward_qwen_scorer INFO: Prefix 8/16 (end=48, n_frames=15/49): reward=-24.0000 (mean, 1 tok)
2026-04-29 19:07:21,428 mme_vla_suite.pseudo_labeling.topreward_qwen_scorer INFO: Prefix 9/16 (end=54, n_frames=16/55): reward=-23.8750 (mean, 1 tok)
2026-04-29 19:07:28,021 mme_vla_suite.pseudo_labeling.topreward_qwen_scorer INFO: Prefix 10/16 (end=60, n_frames=18/61): reward=-23.7500 (mean, 1 tok)
2026-04-29 19:07:34,596 mme_vla_suite.pseudo_labeling.topreward_qwen_scorer INFO: Prefix 11/16 (end=65, n_frames=20/66): reward=-24.1250 (mean, 1 tok)
2026-04-29 19:07:41,212 mme_vla_suite.pseudo_labeling.topreward_qwen_scorer INFO: Prefix 12/16 (end=71, n_frames=22/72): reward=-23.8750 (mean, 1 tok)
2026-04-29 19:07:47,876 mme_vla_suite.pseudo_labeling.topreward_qwen_scorer INFO: Prefix 13/16 (end=77, n_frames=23/78): reward=-24.5000 (mean, 1 tok)
2026-04-29 19:07:54,573 mme_vla_suite.pseudo_labeling.topreward_qwen_scorer INFO: Prefix 14/16 (end=82, n_frames=25/83): reward=-23.6250 (mean, 1 tok)
2026-04-29 19:08:01,230 mme_vla_suite.pseudo_labeling.topreward_qwen_scorer INFO: Prefix 15/16 (end=88, n_frames=27/89): reward=-20.2500 (mean, 1 tok)
2026-04-29 19:08:07,908 mme_vla_suite.pseudo_labeling.topreward_qwen_scorer INFO: Prefix 16/16 (end=94, n_frames=28/95): reward=-19.0000 (mean, 1 tok)
2026-04-29 19:08:15,403 mme_vla_suite.pseudo_labeling.topreward_qwen_scorer INFO: Prefix 1/16 (end=10, n_frames=4/11): reward=-24.2500 (mean, 1 tok)
2026-04-29 19:08:21,926 mme_vla_suite.pseudo_labeling.topreward_qwen_scorer INFO: Prefix 2/16 (end=16, n_frames=5/17): reward=-24.0000 (mean, 1 tok)
2026-04-29 19:08:28,471 mme_vla_suite.pseudo_labeling.topreward_qwen_scorer INFO: Prefix 3/16 (end=22, n_frames=7/23): reward=-24.0000 (mean, 1 tok)
2026-04-29 19:08:35,021 mme_vla_suite.pseudo_labeling.topreward_qwen_scorer INFO: Prefix 4/16 (end=28, n_frames=9/29): reward=-24.3750 (mean, 1 tok)
2026-04-29 19:08:41,569 mme_vla_suite.pseudo_labeling.topreward_qwen_scorer INFO: Prefix 5/16 (end=34, n_frames=10/35): reward=-23.3750 (mean, 1 tok)
2026-04-29 19:08:48,132 mme_vla_suite.pseudo_labeling.topreward_qwen_scorer INFO: Prefix 6/16 (end=40, n_frames=12/41): reward=-23.3750 (mean, 1 tok)
2026-04-29 19:08:54,712 mme_vla_suite.pseudo_labeling.topreward_qwen_scorer INFO: Prefix 7/16 (end=46, n_frames=14/47): reward=-23.8750 (mean, 1 tok)
2026-04-29 19:09:01,309 mme_vla_suite.pseudo_labeling.topreward_qwen_scorer INFO: Prefix 8/16 (end=52, n_frames=16/53): reward=-24.1250 (mean, 1 tok)
2026-04-29 19:09:07,895 mme_vla_suite.pseudo_labeling.topreward_qwen_scorer INFO: Prefix 9/16 (end=58, n_frames=18/59): reward=-23.1250 (mean, 1 tok)
2026-04-29 19:09:14,555 mme_vla_suite.pseudo_labeling.topreward_qwen_scorer INFO: Prefix 10/16 (end=64, n_frames=20/65): reward=-24.3750 (mean, 1 tok)
2026-04-29 19:09:21,206 mme_vla_suite.pseudo_labeling.topreward_qwen_scorer INFO: Prefix 11/16 (end=70, n_frames=21/71): reward=-24.0000 (mean, 1 tok)
2026-04-29 19:09:27,849 mme_vla_suite.pseudo_labeling.topreward_qwen_scorer INFO: Prefix 12/16 (end=76, n_frames=23/77): reward=-24.3750 (mean, 1 tok)
2026-04-29 19:09:34,529 mme_vla_suite.pseudo_labeling.topreward_qwen_scorer INFO: Prefix 13/16 (end=82, n_frames=25/83): reward=-23.6250 (mean, 1 tok)
2026-04-29 19:09:41,191 mme_vla_suite.pseudo_labeling.topreward_qwen_scorer INFO: Prefix 14/16 (end=88, n_frames=27/89): reward=-20.2500 (mean, 1 tok)
2026-04-29 19:09:47,839 mme_vla_suite.pseudo_labeling.topreward_qwen_scorer INFO: Prefix 15/16 (end=94, n_frames=28/95): reward=-19.0000 (mean, 1 tok)
2026-04-29 19:09:54,560 mme_vla_suite.pseudo_labeling.topreward_qwen_scorer INFO: Prefix 16/16 (end=101, n_frames=31/102): reward=-18.5000 (mean, 1 tok)
