/coc/testnvme/shalbe3/miniconda/envs/robomme/lib/python3.11/site-packages/torch/cuda/__init__.py:63: FutureWarning: The pynvml package is deprecated. Please install nvidia-ml-py instead. If you did not install pynvml directly, please report this to the maintainers of the package that installed pynvml for you.
  import pynvml  # type: ignore[import]
`torch_dtype` is deprecated! Use `dtype` instead!
You are attempting to use Flash Attention 2 without specifying a torch dtype. This might lead to unexpected behaviour
2026-04-30 02:23:17,798 mme_vla_suite.pseudo_labeling.topreward_qwen_scorer WARNING: flash_attention_2 unavailable (/coc/testnvme/shalbe3/miniconda/envs/robomme/lib/python3.11/site-packages/flash_attn_2_cuda.cpython-311-x86_64-linux-gnu.so: undefined symbol: _ZNK3c106SymInt6sym_neERKS0_), using default attention
Loading checkpoint shards:   0%|          | 0/4 [00:00<?, ?it/s]Loading checkpoint shards:  25%|██▌       | 1/4 [00:14<00:44, 14.86s/it]Loading checkpoint shards:  50%|█████     | 2/4 [00:29<00:29, 14.98s/it]Loading checkpoint shards:  75%|███████▌  | 3/4 [00:45<00:15, 15.11s/it]Loading checkpoint shards: 100%|██████████| 4/4 [00:53<00:00, 12.61s/it]Loading checkpoint shards: 100%|██████████| 4/4 [00:53<00:00, 13.49s/it]
Asked to sample `fps` frames per second but no video metadata was provided which is required when sampling with `fps`. Defaulting to `fps=24`. Please provide `video_metadata` for more accurate results.
2026-04-30 02:24:19,630 mme_vla_suite.pseudo_labeling.topreward_qwen_scorer INFO: Prefix 1/8 (end=12, n_frames=4/13): reward=-20.0000 (mean, 1 tok)
2026-04-30 02:24:24,318 mme_vla_suite.pseudo_labeling.topreward_qwen_scorer INFO: Prefix 2/8 (end=27, n_frames=6/28): reward=-19.8750 (mean, 1 tok)
2026-04-30 02:24:29,027 mme_vla_suite.pseudo_labeling.topreward_qwen_scorer INFO: Prefix 3/8 (end=42, n_frames=9/43): reward=-18.2500 (mean, 1 tok)
2026-04-30 02:24:33,759 mme_vla_suite.pseudo_labeling.topreward_qwen_scorer INFO: Prefix 4/8 (end=58, n_frames=12/59): reward=-16.7500 (mean, 1 tok)
2026-04-30 02:24:38,491 mme_vla_suite.pseudo_labeling.topreward_qwen_scorer INFO: Prefix 5/8 (end=73, n_frames=15/74): reward=-19.3750 (mean, 1 tok)
2026-04-30 02:24:43,261 mme_vla_suite.pseudo_labeling.topreward_qwen_scorer INFO: Prefix 6/8 (end=89, n_frames=18/90): reward=-19.0000 (mean, 1 tok)
2026-04-30 02:24:48,027 mme_vla_suite.pseudo_labeling.topreward_qwen_scorer INFO: Prefix 7/8 (end=104, n_frames=21/105): reward=-19.0000 (mean, 1 tok)
2026-04-30 02:24:52,876 mme_vla_suite.pseudo_labeling.topreward_qwen_scorer INFO: Prefix 8/8 (end=120, n_frames=24/121): reward=-20.0000 (mean, 1 tok)
2026-04-30 02:24:58,540 mme_vla_suite.pseudo_labeling.topreward_qwen_scorer INFO: Prefix 1/8 (end=9, n_frames=4/10): reward=-22.0000 (mean, 1 tok)
2026-04-30 02:25:03,207 mme_vla_suite.pseudo_labeling.topreward_qwen_scorer INFO: Prefix 2/8 (end=21, n_frames=4/22): reward=-22.8750 (mean, 1 tok)
2026-04-30 02:25:07,972 mme_vla_suite.pseudo_labeling.topreward_qwen_scorer INFO: Prefix 3/8 (end=33, n_frames=7/34): reward=-22.7500 (mean, 1 tok)
2026-04-30 02:25:12,642 mme_vla_suite.pseudo_labeling.topreward_qwen_scorer INFO: Prefix 4/8 (end=46, n_frames=9/47): reward=-21.7500 (mean, 1 tok)
2026-04-30 02:25:17,348 mme_vla_suite.pseudo_labeling.topreward_qwen_scorer INFO: Prefix 5/8 (end=58, n_frames=12/59): reward=-20.1250 (mean, 1 tok)
2026-04-30 02:25:22,024 mme_vla_suite.pseudo_labeling.topreward_qwen_scorer INFO: Prefix 6/8 (end=71, n_frames=14/72): reward=-20.7500 (mean, 1 tok)
2026-04-30 02:25:26,753 mme_vla_suite.pseudo_labeling.topreward_qwen_scorer INFO: Prefix 7/8 (end=83, n_frames=17/84): reward=-19.7500 (mean, 1 tok)
2026-04-30 02:25:31,479 mme_vla_suite.pseudo_labeling.topreward_qwen_scorer INFO: Prefix 8/8 (end=96, n_frames=19/97): reward=-21.8750 (mean, 1 tok)
2026-04-30 02:25:37,360 mme_vla_suite.pseudo_labeling.topreward_qwen_scorer INFO: Prefix 1/8 (end=19, n_frames=4/20): reward=-23.6250 (mean, 1 tok)
2026-04-30 02:25:42,156 mme_vla_suite.pseudo_labeling.topreward_qwen_scorer INFO: Prefix 2/8 (end=44, n_frames=9/45): reward=-23.7500 (mean, 1 tok)
2026-04-30 02:25:46,966 mme_vla_suite.pseudo_labeling.topreward_qwen_scorer INFO: Prefix 3/8 (end=69, n_frames=14/70): reward=-23.6250 (mean, 1 tok)
2026-04-30 02:25:51,815 mme_vla_suite.pseudo_labeling.topreward_qwen_scorer INFO: Prefix 4/8 (end=95, n_frames=19/96): reward=-21.3750 (mean, 1 tok)
2026-04-30 02:25:56,674 mme_vla_suite.pseudo_labeling.topreward_qwen_scorer INFO: Prefix 5/8 (end=120, n_frames=24/121): reward=-22.6250 (mean, 1 tok)
2026-04-30 02:26:01,590 mme_vla_suite.pseudo_labeling.topreward_qwen_scorer INFO: Prefix 6/8 (end=146, n_frames=29/147): reward=-22.6250 (mean, 1 tok)
2026-04-30 02:26:06,546 mme_vla_suite.pseudo_labeling.topreward_qwen_scorer INFO: Prefix 7/8 (end=171, n_frames=34/172): reward=-22.7500 (mean, 1 tok)
2026-04-30 02:26:11,469 mme_vla_suite.pseudo_labeling.topreward_qwen_scorer INFO: Prefix 8/8 (end=197, n_frames=40/198): reward=-17.0000 (mean, 1 tok)
2026-04-30 02:26:16,996 mme_vla_suite.pseudo_labeling.topreward_qwen_scorer INFO: Prefix 1/8 (end=4, n_frames=4/5): reward=-21.0000 (mean, 1 tok)
2026-04-30 02:26:21,660 mme_vla_suite.pseudo_labeling.topreward_qwen_scorer INFO: Prefix 2/8 (end=10, n_frames=4/11): reward=-21.1250 (mean, 1 tok)
2026-04-30 02:26:26,325 mme_vla_suite.pseudo_labeling.topreward_qwen_scorer INFO: Prefix 3/8 (end=16, n_frames=4/17): reward=-21.6250 (mean, 1 tok)
2026-04-30 02:26:30,990 mme_vla_suite.pseudo_labeling.topreward_qwen_scorer INFO: Prefix 4/8 (end=22, n_frames=5/23): reward=-20.6250 (mean, 1 tok)
2026-04-30 02:26:35,657 mme_vla_suite.pseudo_labeling.topreward_qwen_scorer INFO: Prefix 5/8 (end=28, n_frames=6/29): reward=-20.6250 (mean, 1 tok)
2026-04-30 02:26:40,346 mme_vla_suite.pseudo_labeling.topreward_qwen_scorer INFO: Prefix 6/8 (end=34, n_frames=7/35): reward=-21.1250 (mean, 1 tok)
2026-04-30 02:26:45,034 mme_vla_suite.pseudo_labeling.topreward_qwen_scorer INFO: Prefix 7/8 (end=40, n_frames=8/41): reward=-20.5000 (mean, 1 tok)
2026-04-30 02:26:49,717 mme_vla_suite.pseudo_labeling.topreward_qwen_scorer INFO: Prefix 8/8 (end=47, n_frames=10/48): reward=-19.6250 (mean, 1 tok)
2026-04-30 02:26:55,195 mme_vla_suite.pseudo_labeling.topreward_qwen_scorer INFO: Prefix 1/8 (end=8, n_frames=4/9): reward=-25.3750 (mean, 1 tok)
2026-04-30 02:26:59,860 mme_vla_suite.pseudo_labeling.topreward_qwen_scorer INFO: Prefix 2/8 (end=18, n_frames=4/19): reward=-24.7500 (mean, 1 tok)
2026-04-30 02:27:04,537 mme_vla_suite.pseudo_labeling.topreward_qwen_scorer INFO: Prefix 3/8 (end=29, n_frames=6/30): reward=-23.8750 (mean, 1 tok)
2026-04-30 02:27:09,213 mme_vla_suite.pseudo_labeling.topreward_qwen_scorer INFO: Prefix 4/8 (end=40, n_frames=8/41): reward=-23.8750 (mean, 1 tok)
2026-04-30 02:27:13,919 mme_vla_suite.pseudo_labeling.topreward_qwen_scorer INFO: Prefix 5/8 (end=51, n_frames=10/52): reward=-23.5000 (mean, 1 tok)
2026-04-30 02:27:18,604 mme_vla_suite.pseudo_labeling.topreward_qwen_scorer INFO: Prefix 6/8 (end=62, n_frames=13/63): reward=-23.0000 (mean, 1 tok)
2026-04-30 02:27:23,321 mme_vla_suite.pseudo_labeling.topreward_qwen_scorer INFO: Prefix 7/8 (end=73, n_frames=15/74): reward=-23.2500 (mean, 1 tok)
2026-04-30 02:27:28,041 mme_vla_suite.pseudo_labeling.topreward_qwen_scorer INFO: Prefix 8/8 (end=84, n_frames=17/85): reward=-19.1250 (mean, 1 tok)
2026-04-30 02:27:33,366 mme_vla_suite.pseudo_labeling.topreward_qwen_scorer INFO: Prefix 1/8 (end=9, n_frames=4/10): reward=-25.5000 (mean, 1 tok)
2026-04-30 02:27:38,038 mme_vla_suite.pseudo_labeling.topreward_qwen_scorer INFO: Prefix 2/8 (end=20, n_frames=4/21): reward=-24.7500 (mean, 1 tok)
2026-04-30 02:27:42,701 mme_vla_suite.pseudo_labeling.topreward_qwen_scorer INFO: Prefix 3/8 (end=32, n_frames=7/33): reward=-24.1250 (mean, 1 tok)
2026-04-30 02:27:47,389 mme_vla_suite.pseudo_labeling.topreward_qwen_scorer INFO: Prefix 4/8 (end=43, n_frames=9/44): reward=-24.3750 (mean, 1 tok)
2026-04-30 02:27:52,086 mme_vla_suite.pseudo_labeling.topreward_qwen_scorer INFO: Prefix 5/8 (end=55, n_frames=11/56): reward=-23.1250 (mean, 1 tok)
2026-04-30 02:27:56,771 mme_vla_suite.pseudo_labeling.topreward_qwen_scorer INFO: Prefix 6/8 (end=66, n_frames=13/67): reward=-23.1250 (mean, 1 tok)
2026-04-30 02:28:01,483 mme_vla_suite.pseudo_labeling.topreward_qwen_scorer INFO: Prefix 7/8 (end=78, n_frames=16/79): reward=-19.8750 (mean, 1 tok)
2026-04-30 02:28:06,212 mme_vla_suite.pseudo_labeling.topreward_qwen_scorer INFO: Prefix 8/8 (end=90, n_frames=18/91): reward=-18.6250 (mean, 1 tok)
2026-04-30 02:28:11,666 mme_vla_suite.pseudo_labeling.topreward_qwen_scorer INFO: Prefix 1/8 (end=10, n_frames=4/11): reward=-19.1250 (mean, 1 tok)
2026-04-30 02:28:16,342 mme_vla_suite.pseudo_labeling.topreward_qwen_scorer INFO: Prefix 2/8 (end=24, n_frames=5/25): reward=-19.1250 (mean, 1 tok)
2026-04-30 02:28:21,018 mme_vla_suite.pseudo_labeling.topreward_qwen_scorer INFO: Prefix 3/8 (end=38, n_frames=8/39): reward=-19.2500 (mean, 1 tok)
2026-04-30 02:28:25,712 mme_vla_suite.pseudo_labeling.topreward_qwen_scorer INFO: Prefix 4/8 (end=52, n_frames=11/53): reward=-17.8750 (mean, 1 tok)
2026-04-30 02:28:30,408 mme_vla_suite.pseudo_labeling.topreward_qwen_scorer INFO: Prefix 5/8 (end=66, n_frames=13/67): reward=-18.8750 (mean, 1 tok)
2026-04-30 02:28:35,134 mme_vla_suite.pseudo_labeling.topreward_qwen_scorer INFO: Prefix 6/8 (end=80, n_frames=16/81): reward=-20.0000 (mean, 1 tok)
2026-04-30 02:28:39,861 mme_vla_suite.pseudo_labeling.topreward_qwen_scorer INFO: Prefix 7/8 (end=94, n_frames=19/95): reward=-17.5000 (mean, 1 tok)
2026-04-30 02:28:44,621 mme_vla_suite.pseudo_labeling.topreward_qwen_scorer INFO: Prefix 8/8 (end=108, n_frames=22/109): reward=-16.1250 (mean, 1 tok)
2026-04-30 02:28:50,087 mme_vla_suite.pseudo_labeling.topreward_qwen_scorer INFO: Prefix 1/8 (end=9, n_frames=4/10): reward=-22.1250 (mean, 1 tok)
2026-04-30 02:28:54,760 mme_vla_suite.pseudo_labeling.topreward_qwen_scorer INFO: Prefix 2/8 (end=21, n_frames=4/22): reward=-20.7500 (mean, 1 tok)
2026-04-30 02:28:59,385 mme_vla_suite.pseudo_labeling.topreward_qwen_scorer INFO: Prefix 3/8 (end=33, n_frames=7/34): reward=-21.1250 (mean, 1 tok)
2026-04-30 02:29:04,038 mme_vla_suite.pseudo_labeling.topreward_qwen_scorer INFO: Prefix 4/8 (end=45, n_frames=9/46): reward=-20.2500 (mean, 1 tok)
2026-04-30 02:29:08,730 mme_vla_suite.pseudo_labeling.topreward_qwen_scorer INFO: Prefix 5/8 (end=57, n_frames=12/58): reward=-20.6250 (mean, 1 tok)
2026-04-30 02:29:13,400 mme_vla_suite.pseudo_labeling.topreward_qwen_scorer INFO: Prefix 6/8 (end=69, n_frames=14/70): reward=-20.1250 (mean, 1 tok)
2026-04-30 02:29:18,087 mme_vla_suite.pseudo_labeling.topreward_qwen_scorer INFO: Prefix 7/8 (end=81, n_frames=16/82): reward=-20.2500 (mean, 1 tok)
2026-04-30 02:29:22,819 mme_vla_suite.pseudo_labeling.topreward_qwen_scorer INFO: Prefix 8/8 (end=94, n_frames=19/95): reward=-19.6250 (mean, 1 tok)
2026-04-30 02:29:28,691 mme_vla_suite.pseudo_labeling.topreward_qwen_scorer INFO: Prefix 1/8 (end=10, n_frames=4/11): reward=-24.5000 (mean, 1 tok)
2026-04-30 02:29:33,496 mme_vla_suite.pseudo_labeling.topreward_qwen_scorer INFO: Prefix 2/8 (end=23, n_frames=5/24): reward=-24.3750 (mean, 1 tok)
2026-04-30 02:29:38,296 mme_vla_suite.pseudo_labeling.topreward_qwen_scorer INFO: Prefix 3/8 (end=36, n_frames=7/37): reward=-23.8750 (mean, 1 tok)
2026-04-30 02:29:43,094 mme_vla_suite.pseudo_labeling.topreward_qwen_scorer INFO: Prefix 4/8 (end=49, n_frames=10/50): reward=-23.3750 (mean, 1 tok)
2026-04-30 02:29:47,901 mme_vla_suite.pseudo_labeling.topreward_qwen_scorer INFO: Prefix 5/8 (end=62, n_frames=13/63): reward=-22.8750 (mean, 1 tok)
2026-04-30 02:29:52,710 mme_vla_suite.pseudo_labeling.topreward_qwen_scorer INFO: Prefix 6/8 (end=75, n_frames=15/76): reward=-23.3750 (mean, 1 tok)
2026-04-30 02:29:57,534 mme_vla_suite.pseudo_labeling.topreward_qwen_scorer INFO: Prefix 7/8 (end=88, n_frames=18/89): reward=-23.7500 (mean, 1 tok)
2026-04-30 02:30:02,380 mme_vla_suite.pseudo_labeling.topreward_qwen_scorer INFO: Prefix 8/8 (end=102, n_frames=21/103): reward=-19.2500 (mean, 1 tok)
2026-04-30 02:30:07,800 mme_vla_suite.pseudo_labeling.topreward_qwen_scorer INFO: Prefix 1/8 (end=10, n_frames=4/11): reward=-24.5000 (mean, 1 tok)
2026-04-30 02:30:12,479 mme_vla_suite.pseudo_labeling.topreward_qwen_scorer INFO: Prefix 2/8 (end=24, n_frames=5/25): reward=-24.1250 (mean, 1 tok)
2026-04-30 02:30:17,174 mme_vla_suite.pseudo_labeling.topreward_qwen_scorer INFO: Prefix 3/8 (end=38, n_frames=8/39): reward=-24.0000 (mean, 1 tok)
2026-04-30 02:30:21,842 mme_vla_suite.pseudo_labeling.topreward_qwen_scorer INFO: Prefix 4/8 (end=52, n_frames=11/53): reward=-22.2500 (mean, 1 tok)
2026-04-30 02:30:26,528 mme_vla_suite.pseudo_labeling.topreward_qwen_scorer INFO: Prefix 5/8 (end=66, n_frames=13/67): reward=-23.2500 (mean, 1 tok)
2026-04-30 02:30:31,208 mme_vla_suite.pseudo_labeling.topreward_qwen_scorer INFO: Prefix 6/8 (end=80, n_frames=16/81): reward=-23.8750 (mean, 1 tok)
2026-04-30 02:30:35,923 mme_vla_suite.pseudo_labeling.topreward_qwen_scorer INFO: Prefix 7/8 (end=94, n_frames=19/95): reward=-23.8750 (mean, 1 tok)
2026-04-30 02:30:40,675 mme_vla_suite.pseudo_labeling.topreward_qwen_scorer INFO: Prefix 8/8 (end=108, n_frames=22/109): reward=-19.2500 (mean, 1 tok)
2026-04-30 02:30:46,334 mme_vla_suite.pseudo_labeling.topreward_qwen_scorer INFO: Prefix 1/8 (end=12, n_frames=4/13): reward=-19.1250 (mean, 1 tok)
2026-04-30 02:30:50,977 mme_vla_suite.pseudo_labeling.topreward_qwen_scorer INFO: Prefix 2/8 (end=27, n_frames=6/28): reward=-19.7500 (mean, 1 tok)
2026-04-30 02:30:55,680 mme_vla_suite.pseudo_labeling.topreward_qwen_scorer INFO: Prefix 3/8 (end=42, n_frames=9/43): reward=-17.7500 (mean, 1 tok)
2026-04-30 02:31:00,390 mme_vla_suite.pseudo_labeling.topreward_qwen_scorer INFO: Prefix 4/8 (end=57, n_frames=12/58): reward=-18.1250 (mean, 1 tok)
2026-04-30 02:31:05,098 mme_vla_suite.pseudo_labeling.topreward_qwen_scorer INFO: Prefix 5/8 (end=73, n_frames=15/74): reward=-18.3750 (mean, 1 tok)
2026-04-30 02:31:09,787 mme_vla_suite.pseudo_labeling.topreward_qwen_scorer INFO: Prefix 6/8 (end=88, n_frames=18/89): reward=-19.1250 (mean, 1 tok)
2026-04-30 02:31:14,539 mme_vla_suite.pseudo_labeling.topreward_qwen_scorer INFO: Prefix 7/8 (end=103, n_frames=21/104): reward=-17.7500 (mean, 1 tok)
2026-04-30 02:31:19,316 mme_vla_suite.pseudo_labeling.topreward_qwen_scorer INFO: Prefix 8/8 (end=119, n_frames=24/120): reward=-18.7500 (mean, 1 tok)
2026-04-30 02:31:25,001 mme_vla_suite.pseudo_labeling.topreward_qwen_scorer INFO: Prefix 1/8 (end=9, n_frames=4/10): reward=-21.2500 (mean, 1 tok)
2026-04-30 02:31:29,639 mme_vla_suite.pseudo_labeling.topreward_qwen_scorer INFO: Prefix 2/8 (end=20, n_frames=4/21): reward=-20.7500 (mean, 1 tok)
2026-04-30 02:31:34,302 mme_vla_suite.pseudo_labeling.topreward_qwen_scorer INFO: Prefix 3/8 (end=32, n_frames=7/33): reward=-21.0000 (mean, 1 tok)
2026-04-30 02:31:38,968 mme_vla_suite.pseudo_labeling.topreward_qwen_scorer INFO: Prefix 4/8 (end=44, n_frames=9/45): reward=-19.8750 (mean, 1 tok)
2026-04-30 02:31:43,645 mme_vla_suite.pseudo_labeling.topreward_qwen_scorer INFO: Prefix 5/8 (end=56, n_frames=11/57): reward=-20.1250 (mean, 1 tok)
2026-04-30 02:31:48,321 mme_vla_suite.pseudo_labeling.topreward_qwen_scorer INFO: Prefix 6/8 (end=68, n_frames=14/69): reward=-19.2500 (mean, 1 tok)
2026-04-30 02:31:52,997 mme_vla_suite.pseudo_labeling.topreward_qwen_scorer INFO: Prefix 7/8 (end=80, n_frames=16/81): reward=-19.6250 (mean, 1 tok)
2026-04-30 02:31:57,739 mme_vla_suite.pseudo_labeling.topreward_qwen_scorer INFO: Prefix 8/8 (end=92, n_frames=19/93): reward=-19.8750 (mean, 1 tok)
2026-04-30 02:32:03,567 mme_vla_suite.pseudo_labeling.topreward_qwen_scorer INFO: Prefix 1/8 (end=10, n_frames=4/11): reward=-23.0000 (mean, 1 tok)
2026-04-30 02:32:08,318 mme_vla_suite.pseudo_labeling.topreward_qwen_scorer INFO: Prefix 2/8 (end=23, n_frames=5/24): reward=-23.0000 (mean, 1 tok)
2026-04-30 02:32:13,008 mme_vla_suite.pseudo_labeling.topreward_qwen_scorer INFO: Prefix 3/8 (end=36, n_frames=7/37): reward=-22.6250 (mean, 1 tok)
2026-04-30 02:32:17,713 mme_vla_suite.pseudo_labeling.topreward_qwen_scorer INFO: Prefix 4/8 (end=49, n_frames=10/50): reward=-22.0000 (mean, 1 tok)
2026-04-30 02:32:22,406 mme_vla_suite.pseudo_labeling.topreward_qwen_scorer INFO: Prefix 5/8 (end=62, n_frames=13/63): reward=-22.5000 (mean, 1 tok)
2026-04-30 02:32:27,130 mme_vla_suite.pseudo_labeling.topreward_qwen_scorer INFO: Prefix 6/8 (end=75, n_frames=15/76): reward=-21.8750 (mean, 1 tok)
2026-04-30 02:32:31,867 mme_vla_suite.pseudo_labeling.topreward_qwen_scorer INFO: Prefix 7/8 (end=88, n_frames=18/89): reward=-20.2500 (mean, 1 tok)
2026-04-30 02:32:36,603 mme_vla_suite.pseudo_labeling.topreward_qwen_scorer INFO: Prefix 8/8 (end=102, n_frames=21/103): reward=-19.5000 (mean, 1 tok)
2026-04-30 02:32:42,032 mme_vla_suite.pseudo_labeling.topreward_qwen_scorer INFO: Prefix 1/8 (end=11, n_frames=4/12): reward=-23.3750 (mean, 1 tok)
2026-04-30 02:32:46,699 mme_vla_suite.pseudo_labeling.topreward_qwen_scorer INFO: Prefix 2/8 (end=25, n_frames=5/26): reward=-23.0000 (mean, 1 tok)
2026-04-30 02:32:51,367 mme_vla_suite.pseudo_labeling.topreward_qwen_scorer INFO: Prefix 3/8 (end=39, n_frames=8/40): reward=-22.6250 (mean, 1 tok)
2026-04-30 02:32:56,094 mme_vla_suite.pseudo_labeling.topreward_qwen_scorer INFO: Prefix 4/8 (end=53, n_frames=11/54): reward=-22.0000 (mean, 1 tok)
2026-04-30 02:33:00,805 mme_vla_suite.pseudo_labeling.topreward_qwen_scorer INFO: Prefix 5/8 (end=67, n_frames=14/68): reward=-22.5000 (mean, 1 tok)
2026-04-30 02:33:05,529 mme_vla_suite.pseudo_labeling.topreward_qwen_scorer INFO: Prefix 6/8 (end=81, n_frames=16/82): reward=-21.7500 (mean, 1 tok)
2026-04-30 02:33:10,270 mme_vla_suite.pseudo_labeling.topreward_qwen_scorer INFO: Prefix 7/8 (end=95, n_frames=19/96): reward=-22.3750 (mean, 1 tok)
2026-04-30 02:33:15,061 mme_vla_suite.pseudo_labeling.topreward_qwen_scorer INFO: Prefix 8/8 (end=110, n_frames=22/111): reward=-19.1250 (mean, 1 tok)
