/coc/testnvme/shalbe3/miniconda/envs/robomme/lib/python3.11/site-packages/torch/cuda/__init__.py:63: FutureWarning: The pynvml package is deprecated. Please install nvidia-ml-py instead. If you did not install pynvml directly, please report this to the maintainers of the package that installed pynvml for you.
  import pynvml  # type: ignore[import]
`torch_dtype` is deprecated! Use `dtype` instead!
You are attempting to use Flash Attention 2 without specifying a torch dtype. This might lead to unexpected behaviour
2026-04-29 18:55:01,778 mme_vla_suite.pseudo_labeling.topreward_qwen_scorer WARNING: flash_attention_2 unavailable (/coc/testnvme/shalbe3/miniconda/envs/robomme/lib/python3.11/site-packages/flash_attn_2_cuda.cpython-311-x86_64-linux-gnu.so: undefined symbol: _ZNK3c106SymInt6sym_neERKS0_), using default attention
Loading checkpoint shards:   0%|          | 0/4 [00:00<?, ?it/s]Loading checkpoint shards:  25%|██▌       | 1/4 [00:00<00:02,  1.43it/s]Loading checkpoint shards:  50%|█████     | 2/4 [00:01<00:01,  1.40it/s]Loading checkpoint shards:  75%|███████▌  | 3/4 [00:02<00:00,  1.39it/s]Loading checkpoint shards: 100%|██████████| 4/4 [00:02<00:00,  1.64it/s]Loading checkpoint shards: 100%|██████████| 4/4 [00:02<00:00,  1.55it/s]
Asked to sample `fps` frames per second but no video metadata was provided which is required when sampling with `fps`. Defaulting to `fps=24`. Please provide `video_metadata` for more accurate results.
2026-04-29 18:55:11,154 mme_vla_suite.pseudo_labeling.topreward_qwen_scorer INFO: Prefix 1/16 (end=19, n_frames=6/20): reward=-18.3750 (mean, 1 tok)
2026-04-29 18:55:15,275 mme_vla_suite.pseudo_labeling.topreward_qwen_scorer INFO: Prefix 2/16 (end=30, n_frames=9/31): reward=-17.6250 (mean, 1 tok)
2026-04-29 18:55:19,424 mme_vla_suite.pseudo_labeling.topreward_qwen_scorer INFO: Prefix 3/16 (end=42, n_frames=13/43): reward=-18.2500 (mean, 1 tok)
2026-04-29 18:55:23,584 mme_vla_suite.pseudo_labeling.topreward_qwen_scorer INFO: Prefix 4/16 (end=53, n_frames=16/54): reward=-16.8750 (mean, 1 tok)
2026-04-29 18:55:27,768 mme_vla_suite.pseudo_labeling.topreward_qwen_scorer INFO: Prefix 5/16 (end=65, n_frames=20/66): reward=-15.6250 (mean, 1 tok)
2026-04-29 18:55:31,944 mme_vla_suite.pseudo_labeling.topreward_qwen_scorer INFO: Prefix 6/16 (end=77, n_frames=23/78): reward=-17.1250 (mean, 1 tok)
2026-04-29 18:55:36,163 mme_vla_suite.pseudo_labeling.topreward_qwen_scorer INFO: Prefix 7/16 (end=88, n_frames=27/89): reward=-16.7500 (mean, 1 tok)
2026-04-29 18:55:40,392 mme_vla_suite.pseudo_labeling.topreward_qwen_scorer INFO: Prefix 8/16 (end=100, n_frames=30/101): reward=-16.3750 (mean, 1 tok)
2026-04-29 18:55:44,588 mme_vla_suite.pseudo_labeling.topreward_qwen_scorer INFO: Prefix 9/16 (end=111, n_frames=34/112): reward=-15.7500 (mean, 1 tok)
2026-04-29 18:55:48,840 mme_vla_suite.pseudo_labeling.topreward_qwen_scorer INFO: Prefix 10/16 (end=123, n_frames=37/124): reward=-15.6250 (mean, 1 tok)
2026-04-29 18:55:53,132 mme_vla_suite.pseudo_labeling.topreward_qwen_scorer INFO: Prefix 11/16 (end=135, n_frames=41/136): reward=-15.2500 (mean, 1 tok)
2026-04-29 18:55:57,436 mme_vla_suite.pseudo_labeling.topreward_qwen_scorer INFO: Prefix 12/16 (end=146, n_frames=44/147): reward=-15.0000 (mean, 1 tok)
2026-04-29 18:56:01,780 mme_vla_suite.pseudo_labeling.topreward_qwen_scorer INFO: Prefix 13/16 (end=158, n_frames=48/159): reward=-15.3750 (mean, 1 tok)
2026-04-29 18:56:06,137 mme_vla_suite.pseudo_labeling.topreward_qwen_scorer INFO: Prefix 14/16 (end=169, n_frames=51/170): reward=-13.7500 (mean, 1 tok)
2026-04-29 18:56:10,529 mme_vla_suite.pseudo_labeling.topreward_qwen_scorer INFO: Prefix 15/16 (end=181, n_frames=55/182): reward=-15.7500 (mean, 1 tok)
2026-04-29 18:56:14,926 mme_vla_suite.pseudo_labeling.topreward_qwen_scorer INFO: Prefix 16/16 (end=193, n_frames=58/194): reward=-13.2500 (mean, 1 tok)
2026-04-29 18:56:19,749 mme_vla_suite.pseudo_labeling.topreward_qwen_scorer INFO: Prefix 1/16 (end=7, n_frames=4/8): reward=-19.7500 (mean, 1 tok)
2026-04-29 18:56:23,828 mme_vla_suite.pseudo_labeling.topreward_qwen_scorer INFO: Prefix 2/16 (end=11, n_frames=4/12): reward=-19.6250 (mean, 1 tok)
2026-04-29 18:56:27,920 mme_vla_suite.pseudo_labeling.topreward_qwen_scorer INFO: Prefix 3/16 (end=15, n_frames=5/16): reward=-20.0000 (mean, 1 tok)
2026-04-29 18:56:32,019 mme_vla_suite.pseudo_labeling.topreward_qwen_scorer INFO: Prefix 4/16 (end=19, n_frames=6/20): reward=-20.0000 (mean, 1 tok)
2026-04-29 18:56:36,099 mme_vla_suite.pseudo_labeling.topreward_qwen_scorer INFO: Prefix 5/16 (end=23, n_frames=7/24): reward=-20.5000 (mean, 1 tok)
2026-04-29 18:56:40,166 mme_vla_suite.pseudo_labeling.topreward_qwen_scorer INFO: Prefix 6/16 (end=27, n_frames=8/28): reward=-20.3750 (mean, 1 tok)
2026-04-29 18:56:44,242 mme_vla_suite.pseudo_labeling.topreward_qwen_scorer INFO: Prefix 7/16 (end=31, n_frames=10/32): reward=-19.7500 (mean, 1 tok)
2026-04-29 18:56:48,365 mme_vla_suite.pseudo_labeling.topreward_qwen_scorer INFO: Prefix 8/16 (end=35, n_frames=11/36): reward=-20.7500 (mean, 1 tok)
2026-04-29 18:56:52,479 mme_vla_suite.pseudo_labeling.topreward_qwen_scorer INFO: Prefix 9/16 (end=40, n_frames=12/41): reward=-19.1250 (mean, 1 tok)
2026-04-29 18:56:56,606 mme_vla_suite.pseudo_labeling.topreward_qwen_scorer INFO: Prefix 10/16 (end=44, n_frames=14/45): reward=-20.0000 (mean, 1 tok)
2026-04-29 18:57:00,739 mme_vla_suite.pseudo_labeling.topreward_qwen_scorer INFO: Prefix 11/16 (end=48, n_frames=15/49): reward=-19.3750 (mean, 1 tok)
2026-04-29 18:57:04,856 mme_vla_suite.pseudo_labeling.topreward_qwen_scorer INFO: Prefix 12/16 (end=52, n_frames=16/53): reward=-19.2500 (mean, 1 tok)
2026-04-29 18:57:08,985 mme_vla_suite.pseudo_labeling.topreward_qwen_scorer INFO: Prefix 13/16 (end=56, n_frames=17/57): reward=-20.3750 (mean, 1 tok)
2026-04-29 18:57:13,101 mme_vla_suite.pseudo_labeling.topreward_qwen_scorer INFO: Prefix 14/16 (end=60, n_frames=18/61): reward=-20.1250 (mean, 1 tok)
2026-04-29 18:57:17,231 mme_vla_suite.pseudo_labeling.topreward_qwen_scorer INFO: Prefix 15/16 (end=64, n_frames=20/65): reward=-19.5000 (mean, 1 tok)
2026-04-29 18:57:21,392 mme_vla_suite.pseudo_labeling.topreward_qwen_scorer INFO: Prefix 16/16 (end=69, n_frames=21/70): reward=-19.5000 (mean, 1 tok)
2026-04-29 18:57:26,132 mme_vla_suite.pseudo_labeling.topreward_qwen_scorer INFO: Prefix 1/16 (end=8, n_frames=4/9): reward=-19.5000 (mean, 1 tok)
2026-04-29 18:57:30,208 mme_vla_suite.pseudo_labeling.topreward_qwen_scorer INFO: Prefix 2/16 (end=13, n_frames=4/14): reward=-19.8750 (mean, 1 tok)
2026-04-29 18:57:34,301 mme_vla_suite.pseudo_labeling.topreward_qwen_scorer INFO: Prefix 3/16 (end=18, n_frames=6/19): reward=-19.7500 (mean, 1 tok)
2026-04-29 18:57:38,395 mme_vla_suite.pseudo_labeling.topreward_qwen_scorer INFO: Prefix 4/16 (end=23, n_frames=7/24): reward=-20.5000 (mean, 1 tok)
2026-04-29 18:57:42,505 mme_vla_suite.pseudo_labeling.topreward_qwen_scorer INFO: Prefix 5/16 (end=29, n_frames=9/30): reward=-19.0000 (mean, 1 tok)
2026-04-29 18:57:46,605 mme_vla_suite.pseudo_labeling.topreward_qwen_scorer INFO: Prefix 6/16 (end=34, n_frames=10/35): reward=-18.8750 (mean, 1 tok)
2026-04-29 18:57:50,723 mme_vla_suite.pseudo_labeling.topreward_qwen_scorer INFO: Prefix 7/16 (end=39, n_frames=12/40): reward=-19.5000 (mean, 1 tok)
2026-04-29 18:57:54,842 mme_vla_suite.pseudo_labeling.topreward_qwen_scorer INFO: Prefix 8/16 (end=44, n_frames=14/45): reward=-20.0000 (mean, 1 tok)
2026-04-29 18:57:58,966 mme_vla_suite.pseudo_labeling.topreward_qwen_scorer INFO: Prefix 9/16 (end=50, n_frames=15/51): reward=-19.2500 (mean, 1 tok)
2026-04-29 18:58:03,095 mme_vla_suite.pseudo_labeling.topreward_qwen_scorer INFO: Prefix 10/16 (end=55, n_frames=17/56): reward=-19.6250 (mean, 1 tok)
2026-04-29 18:58:07,280 mme_vla_suite.pseudo_labeling.topreward_qwen_scorer INFO: Prefix 11/16 (end=60, n_frames=18/61): reward=-20.1250 (mean, 1 tok)
2026-04-29 18:58:11,439 mme_vla_suite.pseudo_labeling.topreward_qwen_scorer INFO: Prefix 12/16 (end=65, n_frames=20/66): reward=-18.7500 (mean, 1 tok)
2026-04-29 18:58:15,597 mme_vla_suite.pseudo_labeling.topreward_qwen_scorer INFO: Prefix 13/16 (end=71, n_frames=22/72): reward=-19.6250 (mean, 1 tok)
2026-04-29 18:58:19,771 mme_vla_suite.pseudo_labeling.topreward_qwen_scorer INFO: Prefix 14/16 (end=76, n_frames=23/77): reward=-19.3750 (mean, 1 tok)
2026-04-29 18:58:23,984 mme_vla_suite.pseudo_labeling.topreward_qwen_scorer INFO: Prefix 15/16 (end=81, n_frames=25/82): reward=-19.5000 (mean, 1 tok)
2026-04-29 18:58:28,194 mme_vla_suite.pseudo_labeling.topreward_qwen_scorer INFO: Prefix 16/16 (end=87, n_frames=26/88): reward=-19.7500 (mean, 1 tok)
2026-04-29 18:58:33,126 mme_vla_suite.pseudo_labeling.topreward_qwen_scorer INFO: Prefix 1/16 (end=11, n_frames=4/12): reward=-18.8750 (mean, 1 tok)
2026-04-29 18:58:37,219 mme_vla_suite.pseudo_labeling.topreward_qwen_scorer INFO: Prefix 2/16 (end=18, n_frames=6/19): reward=-18.6250 (mean, 1 tok)
2026-04-29 18:58:41,318 mme_vla_suite.pseudo_labeling.topreward_qwen_scorer INFO: Prefix 3/16 (end=25, n_frames=8/26): reward=-18.6250 (mean, 1 tok)
2026-04-29 18:58:45,416 mme_vla_suite.pseudo_labeling.topreward_qwen_scorer INFO: Prefix 4/16 (end=32, n_frames=10/33): reward=-17.7500 (mean, 1 tok)
2026-04-29 18:58:49,525 mme_vla_suite.pseudo_labeling.topreward_qwen_scorer INFO: Prefix 5/16 (end=39, n_frames=12/40): reward=-16.2500 (mean, 1 tok)
2026-04-29 18:58:53,732 mme_vla_suite.pseudo_labeling.topreward_qwen_scorer INFO: Prefix 6/16 (end=46, n_frames=14/47): reward=-16.2500 (mean, 1 tok)
2026-04-29 18:58:57,942 mme_vla_suite.pseudo_labeling.topreward_qwen_scorer INFO: Prefix 7/16 (end=53, n_frames=16/54): reward=-16.6250 (mean, 1 tok)
2026-04-29 18:59:02,089 mme_vla_suite.pseudo_labeling.topreward_qwen_scorer INFO: Prefix 8/16 (end=60, n_frames=18/61): reward=-15.8750 (mean, 1 tok)
2026-04-29 18:59:06,279 mme_vla_suite.pseudo_labeling.topreward_qwen_scorer INFO: Prefix 9/16 (end=68, n_frames=21/69): reward=-16.3750 (mean, 1 tok)
2026-04-29 18:59:10,469 mme_vla_suite.pseudo_labeling.topreward_qwen_scorer INFO: Prefix 10/16 (end=75, n_frames=23/76): reward=-16.8750 (mean, 1 tok)
2026-04-29 18:59:14,692 mme_vla_suite.pseudo_labeling.topreward_qwen_scorer INFO: Prefix 11/16 (end=82, n_frames=25/83): reward=-16.7500 (mean, 1 tok)
2026-04-29 18:59:18,970 mme_vla_suite.pseudo_labeling.topreward_qwen_scorer INFO: Prefix 12/16 (end=89, n_frames=27/90): reward=-16.6250 (mean, 1 tok)
2026-04-29 18:59:23,201 mme_vla_suite.pseudo_labeling.topreward_qwen_scorer INFO: Prefix 13/16 (end=96, n_frames=29/97): reward=-16.1250 (mean, 1 tok)
2026-04-29 18:59:27,443 mme_vla_suite.pseudo_labeling.topreward_qwen_scorer INFO: Prefix 14/16 (end=103, n_frames=31/104): reward=-15.0000 (mean, 1 tok)
2026-04-29 18:59:31,714 mme_vla_suite.pseudo_labeling.topreward_qwen_scorer INFO: Prefix 15/16 (end=110, n_frames=33/111): reward=-14.0000 (mean, 1 tok)
2026-04-29 18:59:35,993 mme_vla_suite.pseudo_labeling.topreward_qwen_scorer INFO: Prefix 16/16 (end=118, n_frames=36/119): reward=-15.5000 (mean, 1 tok)
2026-04-29 18:59:40,799 mme_vla_suite.pseudo_labeling.topreward_qwen_scorer INFO: Prefix 1/16 (end=6, n_frames=4/7): reward=-19.5000 (mean, 1 tok)
2026-04-29 18:59:44,939 mme_vla_suite.pseudo_labeling.topreward_qwen_scorer INFO: Prefix 2/16 (end=10, n_frames=4/11): reward=-19.5000 (mean, 1 tok)
2026-04-29 18:59:49,030 mme_vla_suite.pseudo_labeling.topreward_qwen_scorer INFO: Prefix 3/16 (end=14, n_frames=4/15): reward=-19.3750 (mean, 1 tok)
2026-04-29 18:59:53,114 mme_vla_suite.pseudo_labeling.topreward_qwen_scorer INFO: Prefix 4/16 (end=18, n_frames=6/19): reward=-19.6250 (mean, 1 tok)
2026-04-29 18:59:57,212 mme_vla_suite.pseudo_labeling.topreward_qwen_scorer INFO: Prefix 5/16 (end=22, n_frames=7/23): reward=-18.8750 (mean, 1 tok)
2026-04-29 19:00:01,309 mme_vla_suite.pseudo_labeling.topreward_qwen_scorer INFO: Prefix 6/16 (end=26, n_frames=8/27): reward=-19.1250 (mean, 1 tok)
2026-04-29 19:00:05,418 mme_vla_suite.pseudo_labeling.topreward_qwen_scorer INFO: Prefix 7/16 (end=30, n_frames=9/31): reward=-17.1250 (mean, 1 tok)
2026-04-29 19:00:09,526 mme_vla_suite.pseudo_labeling.topreward_qwen_scorer INFO: Prefix 8/16 (end=34, n_frames=10/35): reward=-18.2500 (mean, 1 tok)
2026-04-29 19:00:13,631 mme_vla_suite.pseudo_labeling.topreward_qwen_scorer INFO: Prefix 9/16 (end=38, n_frames=12/39): reward=-17.3750 (mean, 1 tok)
2026-04-29 19:00:17,743 mme_vla_suite.pseudo_labeling.topreward_qwen_scorer INFO: Prefix 10/16 (end=42, n_frames=13/43): reward=-18.0000 (mean, 1 tok)
2026-04-29 19:00:21,856 mme_vla_suite.pseudo_labeling.topreward_qwen_scorer INFO: Prefix 11/16 (end=46, n_frames=14/47): reward=-18.1250 (mean, 1 tok)
2026-04-29 19:00:25,976 mme_vla_suite.pseudo_labeling.topreward_qwen_scorer INFO: Prefix 12/16 (end=50, n_frames=15/51): reward=-19.3750 (mean, 1 tok)
2026-04-29 19:00:30,093 mme_vla_suite.pseudo_labeling.topreward_qwen_scorer INFO: Prefix 13/16 (end=54, n_frames=16/55): reward=-18.2500 (mean, 1 tok)
2026-04-29 19:00:34,209 mme_vla_suite.pseudo_labeling.topreward_qwen_scorer INFO: Prefix 14/16 (end=58, n_frames=18/59): reward=-20.0000 (mean, 1 tok)
2026-04-29 19:00:38,345 mme_vla_suite.pseudo_labeling.topreward_qwen_scorer INFO: Prefix 15/16 (end=62, n_frames=19/63): reward=-17.6250 (mean, 1 tok)
2026-04-29 19:00:42,520 mme_vla_suite.pseudo_labeling.topreward_qwen_scorer INFO: Prefix 16/16 (end=66, n_frames=20/67): reward=-17.7500 (mean, 1 tok)
2026-04-29 19:00:47,316 mme_vla_suite.pseudo_labeling.topreward_qwen_scorer INFO: Prefix 1/16 (end=8, n_frames=4/9): reward=-18.3750 (mean, 1 tok)
2026-04-29 19:00:51,412 mme_vla_suite.pseudo_labeling.topreward_qwen_scorer INFO: Prefix 2/16 (end=13, n_frames=4/14): reward=-19.1250 (mean, 1 tok)
2026-04-29 19:00:55,516 mme_vla_suite.pseudo_labeling.topreward_qwen_scorer INFO: Prefix 3/16 (end=18, n_frames=6/19): reward=-19.6250 (mean, 1 tok)
2026-04-29 19:00:59,623 mme_vla_suite.pseudo_labeling.topreward_qwen_scorer INFO: Prefix 4/16 (end=23, n_frames=7/24): reward=-18.2500 (mean, 1 tok)
2026-04-29 19:01:03,735 mme_vla_suite.pseudo_labeling.topreward_qwen_scorer INFO: Prefix 5/16 (end=28, n_frames=9/29): reward=-17.5000 (mean, 1 tok)
2026-04-29 19:01:07,873 mme_vla_suite.pseudo_labeling.topreward_qwen_scorer INFO: Prefix 6/16 (end=33, n_frames=10/34): reward=-17.2500 (mean, 1 tok)
2026-04-29 19:01:11,986 mme_vla_suite.pseudo_labeling.topreward_qwen_scorer INFO: Prefix 7/16 (end=38, n_frames=12/39): reward=-17.3750 (mean, 1 tok)
2026-04-29 19:01:16,112 mme_vla_suite.pseudo_labeling.topreward_qwen_scorer INFO: Prefix 8/16 (end=43, n_frames=13/44): reward=-17.6250 (mean, 1 tok)
2026-04-29 19:01:20,229 mme_vla_suite.pseudo_labeling.topreward_qwen_scorer INFO: Prefix 9/16 (end=48, n_frames=15/49): reward=-19.1250 (mean, 1 tok)
2026-04-29 19:01:24,338 mme_vla_suite.pseudo_labeling.topreward_qwen_scorer INFO: Prefix 10/16 (end=53, n_frames=16/54): reward=-18.6250 (mean, 1 tok)
2026-04-29 19:01:28,463 mme_vla_suite.pseudo_labeling.topreward_qwen_scorer INFO: Prefix 11/16 (end=58, n_frames=18/59): reward=-20.0000 (mean, 1 tok)
2026-04-29 19:01:32,633 mme_vla_suite.pseudo_labeling.topreward_qwen_scorer INFO: Prefix 12/16 (end=63, n_frames=19/64): reward=-17.7500 (mean, 1 tok)
2026-04-29 19:01:36,801 mme_vla_suite.pseudo_labeling.topreward_qwen_scorer INFO: Prefix 13/16 (end=68, n_frames=21/69): reward=-18.5000 (mean, 1 tok)
2026-04-29 19:01:40,983 mme_vla_suite.pseudo_labeling.topreward_qwen_scorer INFO: Prefix 14/16 (end=73, n_frames=22/74): reward=-17.3750 (mean, 1 tok)
2026-04-29 19:01:45,176 mme_vla_suite.pseudo_labeling.topreward_qwen_scorer INFO: Prefix 15/16 (end=78, n_frames=24/79): reward=-17.1250 (mean, 1 tok)
2026-04-29 19:01:49,386 mme_vla_suite.pseudo_labeling.topreward_qwen_scorer INFO: Prefix 16/16 (end=84, n_frames=26/85): reward=-18.3750 (mean, 1 tok)
2026-04-29 19:01:54,440 mme_vla_suite.pseudo_labeling.topreward_qwen_scorer INFO: Prefix 1/16 (end=12, n_frames=4/13): reward=-18.6250 (mean, 1 tok)
2026-04-29 19:01:58,530 mme_vla_suite.pseudo_labeling.topreward_qwen_scorer INFO: Prefix 2/16 (end=19, n_frames=6/20): reward=-18.8750 (mean, 1 tok)
2026-04-29 19:02:02,618 mme_vla_suite.pseudo_labeling.topreward_qwen_scorer INFO: Prefix 3/16 (end=26, n_frames=8/27): reward=-18.8750 (mean, 1 tok)
2026-04-29 19:02:06,698 mme_vla_suite.pseudo_labeling.topreward_qwen_scorer INFO: Prefix 4/16 (end=33, n_frames=10/34): reward=-18.0000 (mean, 1 tok)
2026-04-29 19:02:10,890 mme_vla_suite.pseudo_labeling.topreward_qwen_scorer INFO: Prefix 5/16 (end=40, n_frames=12/41): reward=-17.0000 (mean, 1 tok)
2026-04-29 19:02:14,998 mme_vla_suite.pseudo_labeling.topreward_qwen_scorer INFO: Prefix 6/16 (end=47, n_frames=14/48): reward=-15.5000 (mean, 1 tok)
2026-04-29 19:02:19,115 mme_vla_suite.pseudo_labeling.topreward_qwen_scorer INFO: Prefix 7/16 (end=54, n_frames=16/55): reward=-16.0000 (mean, 1 tok)
2026-04-29 19:02:23,254 mme_vla_suite.pseudo_labeling.topreward_qwen_scorer INFO: Prefix 8/16 (end=61, n_frames=19/62): reward=-16.2500 (mean, 1 tok)
2026-04-29 19:02:27,437 mme_vla_suite.pseudo_labeling.topreward_qwen_scorer INFO: Prefix 9/16 (end=69, n_frames=21/70): reward=-15.3750 (mean, 1 tok)
2026-04-29 19:02:31,630 mme_vla_suite.pseudo_labeling.topreward_qwen_scorer INFO: Prefix 10/16 (end=76, n_frames=23/77): reward=-15.5000 (mean, 1 tok)
2026-04-29 19:02:35,870 mme_vla_suite.pseudo_labeling.topreward_qwen_scorer INFO: Prefix 11/16 (end=83, n_frames=25/84): reward=-15.7500 (mean, 1 tok)
2026-04-29 19:02:40,086 mme_vla_suite.pseudo_labeling.topreward_qwen_scorer INFO: Prefix 12/16 (end=90, n_frames=27/91): reward=-15.8750 (mean, 1 tok)
2026-04-29 19:02:44,298 mme_vla_suite.pseudo_labeling.topreward_qwen_scorer INFO: Prefix 13/16 (end=97, n_frames=29/98): reward=-14.5000 (mean, 1 tok)
2026-04-29 19:02:48,561 mme_vla_suite.pseudo_labeling.topreward_qwen_scorer INFO: Prefix 14/16 (end=104, n_frames=32/105): reward=-14.8750 (mean, 1 tok)
2026-04-29 19:02:52,820 mme_vla_suite.pseudo_labeling.topreward_qwen_scorer INFO: Prefix 15/16 (end=111, n_frames=34/112): reward=-14.7500 (mean, 1 tok)
2026-04-29 19:02:57,059 mme_vla_suite.pseudo_labeling.topreward_qwen_scorer INFO: Prefix 16/16 (end=119, n_frames=36/120): reward=-14.1250 (mean, 1 tok)
2026-04-29 19:03:01,987 mme_vla_suite.pseudo_labeling.topreward_qwen_scorer INFO: Prefix 1/16 (end=7, n_frames=4/8): reward=-19.5000 (mean, 1 tok)
2026-04-29 19:03:06,047 mme_vla_suite.pseudo_labeling.topreward_qwen_scorer INFO: Prefix 2/16 (end=11, n_frames=4/12): reward=-19.2500 (mean, 1 tok)
2026-04-29 19:03:10,127 mme_vla_suite.pseudo_labeling.topreward_qwen_scorer INFO: Prefix 3/16 (end=15, n_frames=5/16): reward=-18.2500 (mean, 1 tok)
2026-04-29 19:03:14,208 mme_vla_suite.pseudo_labeling.topreward_qwen_scorer INFO: Prefix 4/16 (end=19, n_frames=6/20): reward=-18.5000 (mean, 1 tok)
2026-04-29 19:03:18,371 mme_vla_suite.pseudo_labeling.topreward_qwen_scorer INFO: Prefix 5/16 (end=23, n_frames=7/24): reward=-19.1250 (mean, 1 tok)
2026-04-29 19:03:22,501 mme_vla_suite.pseudo_labeling.topreward_qwen_scorer INFO: Prefix 6/16 (end=27, n_frames=8/28): reward=-18.7500 (mean, 1 tok)
2026-04-29 19:03:26,607 mme_vla_suite.pseudo_labeling.topreward_qwen_scorer INFO: Prefix 7/16 (end=31, n_frames=10/32): reward=-17.8750 (mean, 1 tok)
2026-04-29 19:03:30,703 mme_vla_suite.pseudo_labeling.topreward_qwen_scorer INFO: Prefix 8/16 (end=35, n_frames=11/36): reward=-18.6250 (mean, 1 tok)
2026-04-29 19:03:34,822 mme_vla_suite.pseudo_labeling.topreward_qwen_scorer INFO: Prefix 9/16 (end=40, n_frames=12/41): reward=-18.1250 (mean, 1 tok)
2026-04-29 19:03:38,989 mme_vla_suite.pseudo_labeling.topreward_qwen_scorer INFO: Prefix 10/16 (end=44, n_frames=14/45): reward=-18.7500 (mean, 1 tok)
2026-04-29 19:03:43,099 mme_vla_suite.pseudo_labeling.topreward_qwen_scorer INFO: Prefix 11/16 (end=48, n_frames=15/49): reward=-18.2500 (mean, 1 tok)
2026-04-29 19:03:47,205 mme_vla_suite.pseudo_labeling.topreward_qwen_scorer INFO: Prefix 12/16 (end=52, n_frames=16/53): reward=-18.6250 (mean, 1 tok)
2026-04-29 19:03:51,325 mme_vla_suite.pseudo_labeling.topreward_qwen_scorer INFO: Prefix 13/16 (end=56, n_frames=17/57): reward=-18.2500 (mean, 1 tok)
2026-04-29 19:03:55,452 mme_vla_suite.pseudo_labeling.topreward_qwen_scorer INFO: Prefix 14/16 (end=60, n_frames=18/61): reward=-18.1250 (mean, 1 tok)
2026-04-29 19:03:59,579 mme_vla_suite.pseudo_labeling.topreward_qwen_scorer INFO: Prefix 15/16 (end=64, n_frames=20/65): reward=-19.1250 (mean, 1 tok)
2026-04-29 19:04:03,711 mme_vla_suite.pseudo_labeling.topreward_qwen_scorer INFO: Prefix 16/16 (end=69, n_frames=21/70): reward=-18.6250 (mean, 1 tok)
2026-04-29 19:04:08,466 mme_vla_suite.pseudo_labeling.topreward_qwen_scorer INFO: Prefix 1/16 (end=8, n_frames=4/9): reward=-19.1250 (mean, 1 tok)
2026-04-29 19:04:12,541 mme_vla_suite.pseudo_labeling.topreward_qwen_scorer INFO: Prefix 2/16 (end=12, n_frames=4/13): reward=-18.7500 (mean, 1 tok)
2026-04-29 19:04:16,631 mme_vla_suite.pseudo_labeling.topreward_qwen_scorer INFO: Prefix 3/16 (end=17, n_frames=5/18): reward=-18.3750 (mean, 1 tok)
2026-04-29 19:04:20,721 mme_vla_suite.pseudo_labeling.topreward_qwen_scorer INFO: Prefix 4/16 (end=22, n_frames=7/23): reward=-18.3750 (mean, 1 tok)
2026-04-29 19:04:24,799 mme_vla_suite.pseudo_labeling.topreward_qwen_scorer INFO: Prefix 5/16 (end=27, n_frames=8/28): reward=-18.7500 (mean, 1 tok)
2026-04-29 19:04:28,872 mme_vla_suite.pseudo_labeling.topreward_qwen_scorer INFO: Prefix 6/16 (end=32, n_frames=10/33): reward=-18.5000 (mean, 1 tok)
2026-04-29 19:04:32,939 mme_vla_suite.pseudo_labeling.topreward_qwen_scorer INFO: Prefix 7/16 (end=37, n_frames=11/38): reward=-18.6250 (mean, 1 tok)
2026-04-29 19:04:37,023 mme_vla_suite.pseudo_labeling.topreward_qwen_scorer INFO: Prefix 8/16 (end=42, n_frames=13/43): reward=-19.0000 (mean, 1 tok)
2026-04-29 19:04:41,108 mme_vla_suite.pseudo_labeling.topreward_qwen_scorer INFO: Prefix 9/16 (end=46, n_frames=14/47): reward=-18.2500 (mean, 1 tok)
2026-04-29 19:04:45,146 mme_vla_suite.pseudo_labeling.topreward_qwen_scorer INFO: Prefix 10/16 (end=51, n_frames=16/52): reward=-18.5000 (mean, 1 tok)
2026-04-29 19:04:49,319 mme_vla_suite.pseudo_labeling.topreward_qwen_scorer INFO: Prefix 11/16 (end=56, n_frames=17/57): reward=-18.2500 (mean, 1 tok)
2026-04-29 19:04:53,443 mme_vla_suite.pseudo_labeling.topreward_qwen_scorer INFO: Prefix 12/16 (end=61, n_frames=19/62): reward=-18.8750 (mean, 1 tok)
2026-04-29 19:04:57,570 mme_vla_suite.pseudo_labeling.topreward_qwen_scorer INFO: Prefix 13/16 (end=66, n_frames=20/67): reward=-18.1250 (mean, 1 tok)
2026-04-29 19:05:01,712 mme_vla_suite.pseudo_labeling.topreward_qwen_scorer INFO: Prefix 14/16 (end=71, n_frames=22/72): reward=-18.2500 (mean, 1 tok)
2026-04-29 19:05:05,859 mme_vla_suite.pseudo_labeling.topreward_qwen_scorer INFO: Prefix 15/16 (end=76, n_frames=23/77): reward=-18.6250 (mean, 1 tok)
2026-04-29 19:05:10,043 mme_vla_suite.pseudo_labeling.topreward_qwen_scorer INFO: Prefix 16/16 (end=81, n_frames=25/82): reward=-17.6250 (mean, 1 tok)
