/coc/testnvme/shalbe3/miniconda/envs/robomme/lib/python3.11/site-packages/torch/cuda/__init__.py:63: FutureWarning: The pynvml package is deprecated. Please install nvidia-ml-py instead. If you did not install pynvml directly, please report this to the maintainers of the package that installed pynvml for you.
  import pynvml  # type: ignore[import]
`torch_dtype` is deprecated! Use `dtype` instead!
You are attempting to use Flash Attention 2 without specifying a torch dtype. This might lead to unexpected behaviour
2026-04-29 23:20:48,761 mme_vla_suite.pseudo_labeling.topreward_qwen_scorer WARNING: flash_attention_2 unavailable (/coc/testnvme/shalbe3/miniconda/envs/robomme/lib/python3.11/site-packages/flash_attn_2_cuda.cpython-311-x86_64-linux-gnu.so: undefined symbol: _ZNK3c106SymInt6sym_neERKS0_), using default attention
Loading checkpoint shards:   0%|          | 0/4 [00:00<?, ?it/s]Loading checkpoint shards:  25%|██▌       | 1/4 [00:08<00:25,  8.60s/it]Loading checkpoint shards:  50%|█████     | 2/4 [00:19<00:20, 10.11s/it]Loading checkpoint shards:  75%|███████▌  | 3/4 [00:31<00:10, 10.66s/it]Loading checkpoint shards: 100%|██████████| 4/4 [00:37<00:00,  8.99s/it]Loading checkpoint shards: 100%|██████████| 4/4 [00:37<00:00,  9.38s/it]
Asked to sample `fps` frames per second but no video metadata was provided which is required when sampling with `fps`. Defaulting to `fps=24`. Please provide `video_metadata` for more accurate results.
2026-04-29 23:21:33,795 mme_vla_suite.pseudo_labeling.topreward_qwen_scorer INFO: Prefix 1/8 (end=10, n_frames=4/11): reward=-21.8750 (mean, 1 tok)
2026-04-29 23:21:38,397 mme_vla_suite.pseudo_labeling.topreward_qwen_scorer INFO: Prefix 2/8 (end=22, n_frames=5/23): reward=-22.0000 (mean, 1 tok)
2026-04-29 23:21:42,762 mme_vla_suite.pseudo_labeling.topreward_qwen_scorer INFO: Prefix 3/8 (end=35, n_frames=7/36): reward=-22.2500 (mean, 1 tok)
2026-04-29 23:21:47,022 mme_vla_suite.pseudo_labeling.topreward_qwen_scorer INFO: Prefix 4/8 (end=48, n_frames=10/49): reward=-20.0000 (mean, 1 tok)
2026-04-29 23:21:51,996 mme_vla_suite.pseudo_labeling.topreward_qwen_scorer INFO: Prefix 5/8 (end=60, n_frames=12/61): reward=-19.7500 (mean, 1 tok)
2026-04-29 23:21:56,853 mme_vla_suite.pseudo_labeling.topreward_qwen_scorer INFO: Prefix 6/8 (end=73, n_frames=15/74): reward=-19.1250 (mean, 1 tok)
2026-04-29 23:22:01,355 mme_vla_suite.pseudo_labeling.topreward_qwen_scorer INFO: Prefix 7/8 (end=86, n_frames=17/87): reward=-18.5000 (mean, 1 tok)
2026-04-29 23:22:06,148 mme_vla_suite.pseudo_labeling.topreward_qwen_scorer INFO: Prefix 8/8 (end=99, n_frames=20/100): reward=-18.1250 (mean, 1 tok)
2026-04-29 23:22:11,526 mme_vla_suite.pseudo_labeling.topreward_qwen_scorer INFO: Prefix 1/8 (end=10, n_frames=4/11): reward=-21.8750 (mean, 1 tok)
2026-04-29 23:22:16,725 mme_vla_suite.pseudo_labeling.topreward_qwen_scorer INFO: Prefix 2/8 (end=23, n_frames=5/24): reward=-22.0000 (mean, 1 tok)
2026-04-29 23:22:21,930 mme_vla_suite.pseudo_labeling.topreward_qwen_scorer INFO: Prefix 3/8 (end=36, n_frames=7/37): reward=-21.8750 (mean, 1 tok)
2026-04-29 23:22:27,150 mme_vla_suite.pseudo_labeling.topreward_qwen_scorer INFO: Prefix 4/8 (end=50, n_frames=10/51): reward=-19.7500 (mean, 1 tok)
2026-04-29 23:22:32,377 mme_vla_suite.pseudo_labeling.topreward_qwen_scorer INFO: Prefix 5/8 (end=63, n_frames=13/64): reward=-19.7500 (mean, 1 tok)
2026-04-29 23:22:37,647 mme_vla_suite.pseudo_labeling.topreward_qwen_scorer INFO: Prefix 6/8 (end=77, n_frames=16/78): reward=-20.0000 (mean, 1 tok)
2026-04-29 23:22:42,937 mme_vla_suite.pseudo_labeling.topreward_qwen_scorer INFO: Prefix 7/8 (end=90, n_frames=18/91): reward=-18.3750 (mean, 1 tok)
2026-04-29 23:22:48,265 mme_vla_suite.pseudo_labeling.topreward_qwen_scorer INFO: Prefix 8/8 (end=104, n_frames=21/105): reward=-17.8750 (mean, 1 tok)
2026-04-29 23:22:54,392 mme_vla_suite.pseudo_labeling.topreward_qwen_scorer INFO: Prefix 1/8 (end=10, n_frames=4/11): reward=-18.7500 (mean, 1 tok)
2026-04-29 23:22:59,656 mme_vla_suite.pseudo_labeling.topreward_qwen_scorer INFO: Prefix 2/8 (end=23, n_frames=5/24): reward=-18.6250 (mean, 1 tok)
2026-04-29 23:23:04,833 mme_vla_suite.pseudo_labeling.topreward_qwen_scorer INFO: Prefix 3/8 (end=36, n_frames=7/37): reward=-16.6250 (mean, 1 tok)
2026-04-29 23:23:10,034 mme_vla_suite.pseudo_labeling.topreward_qwen_scorer INFO: Prefix 4/8 (end=49, n_frames=10/50): reward=-15.8750 (mean, 1 tok)
2026-04-29 23:23:15,241 mme_vla_suite.pseudo_labeling.topreward_qwen_scorer INFO: Prefix 5/8 (end=63, n_frames=13/64): reward=-16.1250 (mean, 1 tok)
2026-04-29 23:23:20,461 mme_vla_suite.pseudo_labeling.topreward_qwen_scorer INFO: Prefix 6/8 (end=76, n_frames=15/77): reward=-16.1250 (mean, 1 tok)
2026-04-29 23:23:25,748 mme_vla_suite.pseudo_labeling.topreward_qwen_scorer INFO: Prefix 7/8 (end=89, n_frames=18/90): reward=-16.0000 (mean, 1 tok)
2026-04-29 23:23:31,017 mme_vla_suite.pseudo_labeling.topreward_qwen_scorer INFO: Prefix 8/8 (end=103, n_frames=21/104): reward=-14.8750 (mean, 1 tok)
2026-04-29 23:23:36,703 mme_vla_suite.pseudo_labeling.topreward_qwen_scorer INFO: Prefix 1/8 (end=6, n_frames=4/7): reward=-21.6250 (mean, 1 tok)
2026-04-29 23:23:41,858 mme_vla_suite.pseudo_labeling.topreward_qwen_scorer INFO: Prefix 2/8 (end=14, n_frames=4/15): reward=-19.6250 (mean, 1 tok)
2026-04-29 23:23:47,028 mme_vla_suite.pseudo_labeling.topreward_qwen_scorer INFO: Prefix 3/8 (end=22, n_frames=5/23): reward=-24.3750 (mean, 1 tok)
2026-04-29 23:23:52,198 mme_vla_suite.pseudo_labeling.topreward_qwen_scorer INFO: Prefix 4/8 (end=30, n_frames=6/31): reward=-24.1250 (mean, 1 tok)
2026-04-29 23:23:57,377 mme_vla_suite.pseudo_labeling.topreward_qwen_scorer INFO: Prefix 5/8 (end=39, n_frames=8/40): reward=-20.8750 (mean, 1 tok)
2026-04-29 23:24:02,588 mme_vla_suite.pseudo_labeling.topreward_qwen_scorer INFO: Prefix 6/8 (end=47, n_frames=10/48): reward=-18.5000 (mean, 1 tok)
2026-04-29 23:24:07,798 mme_vla_suite.pseudo_labeling.topreward_qwen_scorer INFO: Prefix 7/8 (end=55, n_frames=11/56): reward=-16.7500 (mean, 1 tok)
2026-04-29 23:24:13,003 mme_vla_suite.pseudo_labeling.topreward_qwen_scorer INFO: Prefix 8/8 (end=64, n_frames=13/65): reward=-16.6250 (mean, 1 tok)
2026-04-29 23:24:18,860 mme_vla_suite.pseudo_labeling.topreward_qwen_scorer INFO: Prefix 1/8 (end=8, n_frames=4/9): reward=-21.2500 (mean, 1 tok)
2026-04-29 23:24:24,032 mme_vla_suite.pseudo_labeling.topreward_qwen_scorer INFO: Prefix 2/8 (end=18, n_frames=4/19): reward=-22.1250 (mean, 1 tok)
2026-04-29 23:24:29,217 mme_vla_suite.pseudo_labeling.topreward_qwen_scorer INFO: Prefix 3/8 (end=29, n_frames=6/30): reward=-22.3750 (mean, 1 tok)
2026-04-29 23:24:34,401 mme_vla_suite.pseudo_labeling.topreward_qwen_scorer INFO: Prefix 4/8 (end=39, n_frames=8/40): reward=-20.8750 (mean, 1 tok)
2026-04-29 23:24:39,596 mme_vla_suite.pseudo_labeling.topreward_qwen_scorer INFO: Prefix 5/8 (end=50, n_frames=10/51): reward=-17.5000 (mean, 1 tok)
2026-04-29 23:24:44,806 mme_vla_suite.pseudo_labeling.topreward_qwen_scorer INFO: Prefix 6/8 (end=60, n_frames=12/61): reward=-16.7500 (mean, 1 tok)
2026-04-29 23:24:49,990 mme_vla_suite.pseudo_labeling.topreward_qwen_scorer INFO: Prefix 7/8 (end=71, n_frames=14/72): reward=-17.6250 (mean, 1 tok)
2026-04-29 23:24:55,238 mme_vla_suite.pseudo_labeling.topreward_qwen_scorer INFO: Prefix 8/8 (end=82, n_frames=17/83): reward=-17.5000 (mean, 1 tok)
2026-04-29 23:25:01,296 mme_vla_suite.pseudo_labeling.topreward_qwen_scorer INFO: Prefix 1/8 (end=9, n_frames=4/10): reward=-22.1250 (mean, 1 tok)
2026-04-29 23:25:06,495 mme_vla_suite.pseudo_labeling.topreward_qwen_scorer INFO: Prefix 2/8 (end=21, n_frames=4/22): reward=-22.1250 (mean, 1 tok)
2026-04-29 23:25:11,686 mme_vla_suite.pseudo_labeling.topreward_qwen_scorer INFO: Prefix 3/8 (end=34, n_frames=7/35): reward=-22.2500 (mean, 1 tok)
2026-04-29 23:25:16,774 mme_vla_suite.pseudo_labeling.topreward_qwen_scorer INFO: Prefix 4/8 (end=46, n_frames=9/47): reward=-19.5000 (mean, 1 tok)
2026-04-29 23:25:22,066 mme_vla_suite.pseudo_labeling.topreward_qwen_scorer INFO: Prefix 5/8 (end=59, n_frames=12/60): reward=-19.0000 (mean, 1 tok)
2026-04-29 23:25:27,271 mme_vla_suite.pseudo_labeling.topreward_qwen_scorer INFO: Prefix 6/8 (end=71, n_frames=14/72): reward=-19.1250 (mean, 1 tok)
2026-04-29 23:25:32,526 mme_vla_suite.pseudo_labeling.topreward_qwen_scorer INFO: Prefix 7/8 (end=84, n_frames=17/85): reward=-17.7500 (mean, 1 tok)
2026-04-29 23:25:37,784 mme_vla_suite.pseudo_labeling.topreward_qwen_scorer INFO: Prefix 8/8 (end=97, n_frames=20/98): reward=-18.5000 (mean, 1 tok)
2026-04-29 23:25:43,527 mme_vla_suite.pseudo_labeling.topreward_qwen_scorer INFO: Prefix 1/8 (end=10, n_frames=4/11): reward=-22.1250 (mean, 1 tok)
2026-04-29 23:25:48,690 mme_vla_suite.pseudo_labeling.topreward_qwen_scorer INFO: Prefix 2/8 (end=23, n_frames=5/24): reward=-22.2500 (mean, 1 tok)
2026-04-29 23:25:53,877 mme_vla_suite.pseudo_labeling.topreward_qwen_scorer INFO: Prefix 3/8 (end=36, n_frames=7/37): reward=-22.5000 (mean, 1 tok)
2026-04-29 23:25:59,159 mme_vla_suite.pseudo_labeling.topreward_qwen_scorer INFO: Prefix 4/8 (end=49, n_frames=10/50): reward=-19.2500 (mean, 1 tok)
2026-04-29 23:26:04,389 mme_vla_suite.pseudo_labeling.topreward_qwen_scorer INFO: Prefix 5/8 (end=62, n_frames=13/63): reward=-19.5000 (mean, 1 tok)
2026-04-29 23:26:09,639 mme_vla_suite.pseudo_labeling.topreward_qwen_scorer INFO: Prefix 6/8 (end=75, n_frames=15/76): reward=-19.1250 (mean, 1 tok)
2026-04-29 23:26:14,879 mme_vla_suite.pseudo_labeling.topreward_qwen_scorer INFO: Prefix 7/8 (end=88, n_frames=18/89): reward=-18.2500 (mean, 1 tok)
2026-04-29 23:26:20,164 mme_vla_suite.pseudo_labeling.topreward_qwen_scorer INFO: Prefix 8/8 (end=102, n_frames=21/103): reward=-18.1250 (mean, 1 tok)
