/coc/testnvme/shalbe3/miniconda/envs/robomme/lib/python3.11/site-packages/torch/cuda/__init__.py:63: FutureWarning: The pynvml package is deprecated. Please install nvidia-ml-py instead. If you did not install pynvml directly, please report this to the maintainers of the package that installed pynvml for you.
  import pynvml  # type: ignore[import]
`torch_dtype` is deprecated! Use `dtype` instead!
You are attempting to use Flash Attention 2 without specifying a torch dtype. This might lead to unexpected behaviour
2026-04-29 15:20:41,787 mme_vla_suite.pseudo_labeling.topreward_qwen_scorer WARNING: flash_attention_2 unavailable (/coc/testnvme/shalbe3/miniconda/envs/robomme/lib/python3.11/site-packages/flash_attn_2_cuda.cpython-311-x86_64-linux-gnu.so: undefined symbol: _ZNK3c106SymInt6sym_neERKS0_), using default attention
Loading checkpoint shards:   0%|          | 0/4 [00:00<?, ?it/s]Loading checkpoint shards:  25%|██▌       | 1/4 [00:13<00:41, 13.79s/it]Loading checkpoint shards:  50%|█████     | 2/4 [00:27<00:27, 13.74s/it]Loading checkpoint shards:  75%|███████▌  | 3/4 [00:41<00:13, 13.76s/it]Loading checkpoint shards: 100%|██████████| 4/4 [00:49<00:00, 11.42s/it]Loading checkpoint shards: 100%|██████████| 4/4 [00:49<00:00, 12.28s/it]
Asked to sample `fps` frames per second but no video metadata was provided which is required when sampling with `fps`. Defaulting to `fps=24`. Please provide `video_metadata` for more accurate results.
2026-04-29 15:21:42,889 mme_vla_suite.pseudo_labeling.topreward_qwen_scorer INFO: Prefix 1/8 (end=19, n_frames=4/20): reward=-18.7500 (mean, 1 tok)
2026-04-29 15:21:51,757 mme_vla_suite.pseudo_labeling.topreward_qwen_scorer INFO: Prefix 2/8 (end=44, n_frames=9/45): reward=-15.7500 (mean, 1 tok)
2026-04-29 15:22:00,752 mme_vla_suite.pseudo_labeling.topreward_qwen_scorer INFO: Prefix 3/8 (end=69, n_frames=14/70): reward=-16.6250 (mean, 1 tok)
2026-04-29 15:22:09,794 mme_vla_suite.pseudo_labeling.topreward_qwen_scorer INFO: Prefix 4/8 (end=94, n_frames=19/95): reward=-17.2500 (mean, 1 tok)
2026-04-29 15:22:18,740 mme_vla_suite.pseudo_labeling.topreward_qwen_scorer INFO: Prefix 5/8 (end=119, n_frames=24/120): reward=-16.5000 (mean, 1 tok)
2026-04-29 15:22:27,740 mme_vla_suite.pseudo_labeling.topreward_qwen_scorer INFO: Prefix 6/8 (end=144, n_frames=29/145): reward=-15.0000 (mean, 1 tok)
2026-04-29 15:22:33,258 mme_vla_suite.pseudo_labeling.topreward_qwen_scorer INFO: Prefix 7/8 (end=169, n_frames=34/170): reward=-15.0000 (mean, 1 tok)
2026-04-29 15:22:37,524 mme_vla_suite.pseudo_labeling.topreward_qwen_scorer INFO: Prefix 8/8 (end=194, n_frames=39/195): reward=-12.6250 (mean, 1 tok)
2026-04-29 15:22:42,250 mme_vla_suite.pseudo_labeling.topreward_qwen_scorer INFO: Prefix 1/8 (end=7, n_frames=4/8): reward=-19.7500 (mean, 1 tok)
2026-04-29 15:22:46,321 mme_vla_suite.pseudo_labeling.topreward_qwen_scorer INFO: Prefix 2/8 (end=16, n_frames=4/17): reward=-19.0000 (mean, 1 tok)
2026-04-29 15:22:53,715 mme_vla_suite.pseudo_labeling.topreward_qwen_scorer INFO: Prefix 3/8 (end=26, n_frames=5/27): reward=-19.3750 (mean, 1 tok)
2026-04-29 15:23:03,484 mme_vla_suite.pseudo_labeling.topreward_qwen_scorer INFO: Prefix 4/8 (end=36, n_frames=7/37): reward=-19.3750 (mean, 1 tok)
2026-04-29 15:23:13,299 mme_vla_suite.pseudo_labeling.topreward_qwen_scorer INFO: Prefix 5/8 (end=45, n_frames=9/46): reward=-18.6250 (mean, 1 tok)
2026-04-29 15:23:21,665 mme_vla_suite.pseudo_labeling.topreward_qwen_scorer INFO: Prefix 6/8 (end=55, n_frames=11/56): reward=-19.0000 (mean, 1 tok)
2026-04-29 15:23:29,947 mme_vla_suite.pseudo_labeling.topreward_qwen_scorer INFO: Prefix 7/8 (end=65, n_frames=13/66): reward=-20.7500 (mean, 1 tok)
2026-04-29 15:23:38,237 mme_vla_suite.pseudo_labeling.topreward_qwen_scorer INFO: Prefix 8/8 (end=75, n_frames=15/76): reward=-16.7500 (mean, 1 tok)
2026-04-29 15:23:47,057 mme_vla_suite.pseudo_labeling.topreward_qwen_scorer INFO: Prefix 1/8 (end=8, n_frames=4/9): reward=-19.8750 (mean, 1 tok)
2026-04-29 15:23:55,286 mme_vla_suite.pseudo_labeling.topreward_qwen_scorer INFO: Prefix 2/8 (end=19, n_frames=4/20): reward=-19.6250 (mean, 1 tok)
2026-04-29 15:24:03,671 mme_vla_suite.pseudo_labeling.topreward_qwen_scorer INFO: Prefix 3/8 (end=30, n_frames=6/31): reward=-20.7500 (mean, 1 tok)
2026-04-29 15:24:12,034 mme_vla_suite.pseudo_labeling.topreward_qwen_scorer INFO: Prefix 4/8 (end=42, n_frames=9/43): reward=-18.6250 (mean, 1 tok)
2026-04-29 15:24:20,409 mme_vla_suite.pseudo_labeling.topreward_qwen_scorer INFO: Prefix 5/8 (end=53, n_frames=11/54): reward=-18.7500 (mean, 1 tok)
2026-04-29 15:24:28,657 mme_vla_suite.pseudo_labeling.topreward_qwen_scorer INFO: Prefix 6/8 (end=65, n_frames=13/66): reward=-20.7500 (mean, 1 tok)
2026-04-29 15:24:36,833 mme_vla_suite.pseudo_labeling.topreward_qwen_scorer INFO: Prefix 7/8 (end=76, n_frames=15/77): reward=-16.7500 (mean, 1 tok)
2026-04-29 15:24:45,103 mme_vla_suite.pseudo_labeling.topreward_qwen_scorer INFO: Prefix 8/8 (end=88, n_frames=18/89): reward=-18.3750 (mean, 1 tok)
2026-04-29 15:24:54,159 mme_vla_suite.pseudo_labeling.topreward_qwen_scorer INFO: Prefix 1/8 (end=11, n_frames=4/12): reward=-17.8750 (mean, 1 tok)
2026-04-29 15:25:02,387 mme_vla_suite.pseudo_labeling.topreward_qwen_scorer INFO: Prefix 2/8 (end=26, n_frames=5/27): reward=-17.8750 (mean, 1 tok)
2026-04-29 15:25:10,639 mme_vla_suite.pseudo_labeling.topreward_qwen_scorer INFO: Prefix 3/8 (end=41, n_frames=8/42): reward=-16.5000 (mean, 1 tok)
2026-04-29 15:25:18,923 mme_vla_suite.pseudo_labeling.topreward_qwen_scorer INFO: Prefix 4/8 (end=56, n_frames=11/57): reward=-15.2500 (mean, 1 tok)
2026-04-29 15:25:26,416 mme_vla_suite.pseudo_labeling.topreward_qwen_scorer INFO: Prefix 5/8 (end=71, n_frames=14/72): reward=-16.0000 (mean, 1 tok)
2026-04-29 15:25:30,546 mme_vla_suite.pseudo_labeling.topreward_qwen_scorer INFO: Prefix 6/8 (end=86, n_frames=17/87): reward=-16.5000 (mean, 1 tok)
2026-04-29 15:25:34,684 mme_vla_suite.pseudo_labeling.topreward_qwen_scorer INFO: Prefix 7/8 (end=101, n_frames=20/102): reward=-16.5000 (mean, 1 tok)
2026-04-29 15:25:38,815 mme_vla_suite.pseudo_labeling.topreward_qwen_scorer INFO: Prefix 8/8 (end=117, n_frames=24/118): reward=-15.1250 (mean, 1 tok)
2026-04-29 15:25:43,557 mme_vla_suite.pseudo_labeling.topreward_qwen_scorer INFO: Prefix 1/8 (end=7, n_frames=4/8): reward=-19.3750 (mean, 1 tok)
2026-04-29 15:25:50,951 mme_vla_suite.pseudo_labeling.topreward_qwen_scorer INFO: Prefix 2/8 (end=16, n_frames=4/17): reward=-21.0000 (mean, 1 tok)
2026-04-29 15:25:58,984 mme_vla_suite.pseudo_labeling.topreward_qwen_scorer INFO: Prefix 3/8 (end=25, n_frames=5/26): reward=-19.8750 (mean, 1 tok)
2026-04-29 15:26:07,190 mme_vla_suite.pseudo_labeling.topreward_qwen_scorer INFO: Prefix 4/8 (end=34, n_frames=7/35): reward=-21.0000 (mean, 1 tok)
2026-04-29 15:26:15,732 mme_vla_suite.pseudo_labeling.topreward_qwen_scorer INFO: Prefix 5/8 (end=43, n_frames=9/44): reward=-19.6250 (mean, 1 tok)
2026-04-29 15:26:23,502 mme_vla_suite.pseudo_labeling.topreward_qwen_scorer INFO: Prefix 6/8 (end=52, n_frames=11/53): reward=-19.6250 (mean, 1 tok)
2026-04-29 15:26:29,607 mme_vla_suite.pseudo_labeling.topreward_qwen_scorer INFO: Prefix 7/8 (end=61, n_frames=12/62): reward=-18.2500 (mean, 1 tok)
2026-04-29 15:26:37,058 mme_vla_suite.pseudo_labeling.topreward_qwen_scorer INFO: Prefix 8/8 (end=70, n_frames=14/71): reward=-18.1250 (mean, 1 tok)
2026-04-29 15:26:45,724 mme_vla_suite.pseudo_labeling.topreward_qwen_scorer INFO: Prefix 1/8 (end=8, n_frames=4/9): reward=-18.1250 (mean, 1 tok)
2026-04-29 15:26:53,893 mme_vla_suite.pseudo_labeling.topreward_qwen_scorer INFO: Prefix 2/8 (end=18, n_frames=4/19): reward=-20.0000 (mean, 1 tok)
2026-04-29 15:27:02,236 mme_vla_suite.pseudo_labeling.topreward_qwen_scorer INFO: Prefix 3/8 (end=29, n_frames=6/30): reward=-20.0000 (mean, 1 tok)
2026-04-29 15:27:10,597 mme_vla_suite.pseudo_labeling.topreward_qwen_scorer INFO: Prefix 4/8 (end=40, n_frames=8/41): reward=-21.0000 (mean, 1 tok)
2026-04-29 15:27:18,913 mme_vla_suite.pseudo_labeling.topreward_qwen_scorer INFO: Prefix 5/8 (end=50, n_frames=10/51): reward=-18.0000 (mean, 1 tok)
2026-04-29 15:27:27,228 mme_vla_suite.pseudo_labeling.topreward_qwen_scorer INFO: Prefix 6/8 (end=61, n_frames=12/62): reward=-18.2500 (mean, 1 tok)
2026-04-29 15:27:35,570 mme_vla_suite.pseudo_labeling.topreward_qwen_scorer INFO: Prefix 7/8 (end=72, n_frames=15/73): reward=-17.2500 (mean, 1 tok)
2026-04-29 15:27:43,829 mme_vla_suite.pseudo_labeling.topreward_qwen_scorer INFO: Prefix 8/8 (end=83, n_frames=17/84): reward=-17.5000 (mean, 1 tok)
2026-04-29 15:27:52,794 mme_vla_suite.pseudo_labeling.topreward_qwen_scorer INFO: Prefix 1/8 (end=11, n_frames=4/12): reward=-20.3750 (mean, 1 tok)
2026-04-29 15:28:00,992 mme_vla_suite.pseudo_labeling.topreward_qwen_scorer INFO: Prefix 2/8 (end=25, n_frames=5/26): reward=-21.3750 (mean, 1 tok)
2026-04-29 15:28:09,249 mme_vla_suite.pseudo_labeling.topreward_qwen_scorer INFO: Prefix 3/8 (end=39, n_frames=8/40): reward=-17.6250 (mean, 1 tok)
2026-04-29 15:28:17,586 mme_vla_suite.pseudo_labeling.topreward_qwen_scorer INFO: Prefix 4/8 (end=54, n_frames=11/55): reward=-16.7500 (mean, 1 tok)
2026-04-29 15:28:23,992 mme_vla_suite.pseudo_labeling.topreward_qwen_scorer INFO: Prefix 5/8 (end=68, n_frames=14/69): reward=-16.7500 (mean, 1 tok)
2026-04-29 15:28:28,112 mme_vla_suite.pseudo_labeling.topreward_qwen_scorer INFO: Prefix 6/8 (end=83, n_frames=17/84): reward=-16.2500 (mean, 1 tok)
2026-04-29 15:28:32,254 mme_vla_suite.pseudo_labeling.topreward_qwen_scorer INFO: Prefix 7/8 (end=97, n_frames=20/98): reward=-16.1250 (mean, 1 tok)
2026-04-29 15:28:36,396 mme_vla_suite.pseudo_labeling.topreward_qwen_scorer INFO: Prefix 8/8 (end=112, n_frames=23/113): reward=-16.2500 (mean, 1 tok)
2026-04-29 15:28:45,186 mme_vla_suite.pseudo_labeling.topreward_qwen_scorer INFO: Prefix 1/8 (end=6, n_frames=4/7): reward=-19.5000 (mean, 1 tok)
2026-04-29 15:28:53,351 mme_vla_suite.pseudo_labeling.topreward_qwen_scorer INFO: Prefix 2/8 (end=14, n_frames=4/15): reward=-19.0000 (mean, 1 tok)
2026-04-29 15:29:01,623 mme_vla_suite.pseudo_labeling.topreward_qwen_scorer INFO: Prefix 3/8 (end=23, n_frames=5/24): reward=-18.2500 (mean, 1 tok)
2026-04-29 15:29:11,024 mme_vla_suite.pseudo_labeling.topreward_qwen_scorer INFO: Prefix 4/8 (end=31, n_frames=6/32): reward=-19.1250 (mean, 1 tok)
2026-04-29 15:29:19,601 mme_vla_suite.pseudo_labeling.topreward_qwen_scorer INFO: Prefix 5/8 (end=40, n_frames=8/41): reward=-18.5000 (mean, 1 tok)
2026-04-29 15:29:27,913 mme_vla_suite.pseudo_labeling.topreward_qwen_scorer INFO: Prefix 6/8 (end=48, n_frames=10/49): reward=-17.5000 (mean, 1 tok)
2026-04-29 15:29:36,231 mme_vla_suite.pseudo_labeling.topreward_qwen_scorer INFO: Prefix 7/8 (end=57, n_frames=12/58): reward=-17.5000 (mean, 1 tok)
2026-04-29 15:29:44,550 mme_vla_suite.pseudo_labeling.topreward_qwen_scorer INFO: Prefix 8/8 (end=66, n_frames=13/67): reward=-18.2500 (mean, 1 tok)
2026-04-29 15:29:53,467 mme_vla_suite.pseudo_labeling.topreward_qwen_scorer INFO: Prefix 1/8 (end=8, n_frames=4/9): reward=-19.3750 (mean, 1 tok)
2026-04-29 15:30:01,657 mme_vla_suite.pseudo_labeling.topreward_qwen_scorer INFO: Prefix 2/8 (end=18, n_frames=4/19): reward=-19.0000 (mean, 1 tok)
2026-04-29 15:30:09,970 mme_vla_suite.pseudo_labeling.topreward_qwen_scorer INFO: Prefix 3/8 (end=28, n_frames=6/29): reward=-18.5000 (mean, 1 tok)
2026-04-29 15:30:18,275 mme_vla_suite.pseudo_labeling.topreward_qwen_scorer INFO: Prefix 4/8 (end=38, n_frames=8/39): reward=-19.0000 (mean, 1 tok)
2026-04-29 15:30:26,665 mme_vla_suite.pseudo_labeling.topreward_qwen_scorer INFO: Prefix 5/8 (end=48, n_frames=10/49): reward=-17.5000 (mean, 1 tok)
2026-04-29 15:30:35,107 mme_vla_suite.pseudo_labeling.topreward_qwen_scorer INFO: Prefix 6/8 (end=58, n_frames=12/59): reward=-17.5000 (mean, 1 tok)
2026-04-29 15:30:43,309 mme_vla_suite.pseudo_labeling.topreward_qwen_scorer INFO: Prefix 7/8 (end=68, n_frames=14/69): reward=-18.3750 (mean, 1 tok)
2026-04-29 15:30:51,584 mme_vla_suite.pseudo_labeling.topreward_qwen_scorer INFO: Prefix 8/8 (end=79, n_frames=16/80): reward=-18.3750 (mean, 1 tok)
