/coc/testnvme/shalbe3/miniconda/envs/robomme/lib/python3.11/site-packages/torch/cuda/__init__.py:63: FutureWarning: The pynvml package is deprecated. Please install nvidia-ml-py instead. If you did not install pynvml directly, please report this to the maintainers of the package that installed pynvml for you.
  import pynvml  # type: ignore[import]
`torch_dtype` is deprecated! Use `dtype` instead!
You are attempting to use Flash Attention 2 without specifying a torch dtype. This might lead to unexpected behaviour
2026-04-30 01:03:04,884 mme_vla_suite.pseudo_labeling.topreward_qwen_scorer WARNING: flash_attention_2 unavailable (/coc/testnvme/shalbe3/miniconda/envs/robomme/lib/python3.11/site-packages/flash_attn_2_cuda.cpython-311-x86_64-linux-gnu.so: undefined symbol: _ZNK3c106SymInt6sym_neERKS0_), using default attention
Loading checkpoint shards:   0%|          | 0/4 [00:00<?, ?it/s]Loading checkpoint shards:  25%|██▌       | 1/4 [00:01<00:04,  1.50s/it]Loading checkpoint shards:  50%|█████     | 2/4 [00:02<00:02,  1.50s/it]Loading checkpoint shards:  75%|███████▌  | 3/4 [00:04<00:01,  1.50s/it]Loading checkpoint shards: 100%|██████████| 4/4 [00:05<00:00,  1.24s/it]Loading checkpoint shards: 100%|██████████| 4/4 [00:05<00:00,  1.34s/it]
Asked to sample `fps` frames per second but no video metadata was provided which is required when sampling with `fps`. Defaulting to `fps=24`. Please provide `video_metadata` for more accurate results.
2026-04-30 01:03:20,750 mme_vla_suite.pseudo_labeling.topreward_qwen_scorer INFO: Prefix 1/8 (end=12, n_frames=4/13): reward=-18.3750 (mean, 1 tok)
2026-04-30 01:03:27,665 mme_vla_suite.pseudo_labeling.topreward_qwen_scorer INFO: Prefix 2/8 (end=28, n_frames=6/29): reward=-20.7500 (mean, 1 tok)
2026-04-30 01:03:34,555 mme_vla_suite.pseudo_labeling.topreward_qwen_scorer INFO: Prefix 3/8 (end=44, n_frames=9/45): reward=-19.0000 (mean, 1 tok)
2026-04-30 01:03:41,531 mme_vla_suite.pseudo_labeling.topreward_qwen_scorer INFO: Prefix 4/8 (end=60, n_frames=12/61): reward=-19.0000 (mean, 1 tok)
2026-04-30 01:03:48,669 mme_vla_suite.pseudo_labeling.topreward_qwen_scorer INFO: Prefix 5/8 (end=76, n_frames=15/77): reward=-18.6250 (mean, 1 tok)
2026-04-30 01:03:55,720 mme_vla_suite.pseudo_labeling.topreward_qwen_scorer INFO: Prefix 6/8 (end=92, n_frames=19/93): reward=-18.5000 (mean, 1 tok)
2026-04-30 01:04:02,891 mme_vla_suite.pseudo_labeling.topreward_qwen_scorer INFO: Prefix 7/8 (end=108, n_frames=22/109): reward=-18.8750 (mean, 1 tok)
2026-04-30 01:04:09,935 mme_vla_suite.pseudo_labeling.topreward_qwen_scorer INFO: Prefix 8/8 (end=124, n_frames=25/125): reward=-17.8750 (mean, 1 tok)
2026-04-30 01:04:17,757 mme_vla_suite.pseudo_labeling.topreward_qwen_scorer INFO: Prefix 1/8 (end=19, n_frames=4/20): reward=-15.5000 (mean, 1 tok)
2026-04-30 01:04:24,619 mme_vla_suite.pseudo_labeling.topreward_qwen_scorer INFO: Prefix 2/8 (end=44, n_frames=9/45): reward=-14.2500 (mean, 1 tok)
2026-04-30 01:04:31,469 mme_vla_suite.pseudo_labeling.topreward_qwen_scorer INFO: Prefix 3/8 (end=69, n_frames=14/70): reward=-14.8750 (mean, 1 tok)
2026-04-30 01:04:38,370 mme_vla_suite.pseudo_labeling.topreward_qwen_scorer INFO: Prefix 4/8 (end=94, n_frames=19/95): reward=-12.6250 (mean, 1 tok)
2026-04-30 01:04:45,361 mme_vla_suite.pseudo_labeling.topreward_qwen_scorer INFO: Prefix 5/8 (end=119, n_frames=24/120): reward=-13.0000 (mean, 1 tok)
2026-04-30 01:04:52,447 mme_vla_suite.pseudo_labeling.topreward_qwen_scorer INFO: Prefix 6/8 (end=144, n_frames=29/145): reward=-13.5000 (mean, 1 tok)
2026-04-30 01:04:59,552 mme_vla_suite.pseudo_labeling.topreward_qwen_scorer INFO: Prefix 7/8 (end=169, n_frames=34/170): reward=-12.5000 (mean, 1 tok)
2026-04-30 01:05:06,676 mme_vla_suite.pseudo_labeling.topreward_qwen_scorer INFO: Prefix 8/8 (end=195, n_frames=39/196): reward=-11.5000 (mean, 1 tok)
2026-04-30 01:05:14,349 mme_vla_suite.pseudo_labeling.topreward_qwen_scorer INFO: Prefix 1/8 (end=7, n_frames=4/8): reward=-18.5000 (mean, 1 tok)
2026-04-30 01:05:21,162 mme_vla_suite.pseudo_labeling.topreward_qwen_scorer INFO: Prefix 2/8 (end=16, n_frames=4/17): reward=-18.0000 (mean, 1 tok)
2026-04-30 01:05:28,006 mme_vla_suite.pseudo_labeling.topreward_qwen_scorer INFO: Prefix 3/8 (end=25, n_frames=5/26): reward=-17.2500 (mean, 1 tok)
2026-04-30 01:05:35,013 mme_vla_suite.pseudo_labeling.topreward_qwen_scorer INFO: Prefix 4/8 (end=34, n_frames=7/35): reward=-17.2500 (mean, 1 tok)
2026-04-30 01:05:41,832 mme_vla_suite.pseudo_labeling.topreward_qwen_scorer INFO: Prefix 5/8 (end=43, n_frames=9/44): reward=-17.0000 (mean, 1 tok)
2026-04-30 01:05:48,821 mme_vla_suite.pseudo_labeling.topreward_qwen_scorer INFO: Prefix 6/8 (end=52, n_frames=11/53): reward=-16.0000 (mean, 1 tok)
2026-04-30 01:05:55,841 mme_vla_suite.pseudo_labeling.topreward_qwen_scorer INFO: Prefix 7/8 (end=61, n_frames=12/62): reward=-17.0000 (mean, 1 tok)
2026-04-30 01:06:02,690 mme_vla_suite.pseudo_labeling.topreward_qwen_scorer INFO: Prefix 8/8 (end=70, n_frames=14/71): reward=-17.0000 (mean, 1 tok)
2026-04-30 01:06:10,384 mme_vla_suite.pseudo_labeling.topreward_qwen_scorer INFO: Prefix 1/8 (end=10, n_frames=4/11): reward=-17.1250 (mean, 1 tok)
2026-04-30 01:06:17,213 mme_vla_suite.pseudo_labeling.topreward_qwen_scorer INFO: Prefix 2/8 (end=23, n_frames=5/24): reward=-16.6250 (mean, 1 tok)
2026-04-30 01:06:24,033 mme_vla_suite.pseudo_labeling.topreward_qwen_scorer INFO: Prefix 3/8 (end=36, n_frames=7/37): reward=-16.5000 (mean, 1 tok)
2026-04-30 01:06:30,892 mme_vla_suite.pseudo_labeling.topreward_qwen_scorer INFO: Prefix 4/8 (end=49, n_frames=10/50): reward=-15.6250 (mean, 1 tok)
2026-04-30 01:06:37,767 mme_vla_suite.pseudo_labeling.topreward_qwen_scorer INFO: Prefix 5/8 (end=63, n_frames=13/64): reward=-15.3750 (mean, 1 tok)
2026-04-30 01:06:44,633 mme_vla_suite.pseudo_labeling.topreward_qwen_scorer INFO: Prefix 6/8 (end=76, n_frames=15/77): reward=-15.3750 (mean, 1 tok)
2026-04-30 01:06:51,518 mme_vla_suite.pseudo_labeling.topreward_qwen_scorer INFO: Prefix 7/8 (end=89, n_frames=18/90): reward=-14.1250 (mean, 1 tok)
2026-04-30 01:06:58,440 mme_vla_suite.pseudo_labeling.topreward_qwen_scorer INFO: Prefix 8/8 (end=103, n_frames=21/104): reward=-14.1250 (mean, 1 tok)
2026-04-30 01:07:06,102 mme_vla_suite.pseudo_labeling.topreward_qwen_scorer INFO: Prefix 1/8 (end=5, n_frames=4/6): reward=-19.0000 (mean, 1 tok)
2026-04-30 01:07:12,909 mme_vla_suite.pseudo_labeling.topreward_qwen_scorer INFO: Prefix 2/8 (end=12, n_frames=4/13): reward=-19.1250 (mean, 1 tok)
2026-04-30 01:07:19,692 mme_vla_suite.pseudo_labeling.topreward_qwen_scorer INFO: Prefix 3/8 (end=19, n_frames=4/20): reward=-19.1250 (mean, 1 tok)
2026-04-30 01:07:26,506 mme_vla_suite.pseudo_labeling.topreward_qwen_scorer INFO: Prefix 4/8 (end=26, n_frames=5/27): reward=-18.2500 (mean, 1 tok)
2026-04-30 01:07:33,337 mme_vla_suite.pseudo_labeling.topreward_qwen_scorer INFO: Prefix 5/8 (end=33, n_frames=7/34): reward=-19.3750 (mean, 1 tok)
2026-04-30 01:07:40,144 mme_vla_suite.pseudo_labeling.topreward_qwen_scorer INFO: Prefix 6/8 (end=40, n_frames=8/41): reward=-19.8750 (mean, 1 tok)
2026-04-30 01:07:47,023 mme_vla_suite.pseudo_labeling.topreward_qwen_scorer INFO: Prefix 7/8 (end=47, n_frames=10/48): reward=-17.2500 (mean, 1 tok)
2026-04-30 01:07:53,892 mme_vla_suite.pseudo_labeling.topreward_qwen_scorer INFO: Prefix 8/8 (end=55, n_frames=11/56): reward=-16.3750 (mean, 1 tok)
2026-04-30 01:08:01,577 mme_vla_suite.pseudo_labeling.topreward_qwen_scorer INFO: Prefix 1/8 (end=8, n_frames=4/9): reward=-17.6250 (mean, 1 tok)
2026-04-30 01:08:08,357 mme_vla_suite.pseudo_labeling.topreward_qwen_scorer INFO: Prefix 2/8 (end=19, n_frames=4/20): reward=-17.2500 (mean, 1 tok)
2026-04-30 01:08:15,189 mme_vla_suite.pseudo_labeling.topreward_qwen_scorer INFO: Prefix 3/8 (end=30, n_frames=6/31): reward=-15.7500 (mean, 1 tok)
2026-04-30 01:08:22,041 mme_vla_suite.pseudo_labeling.topreward_qwen_scorer INFO: Prefix 4/8 (end=41, n_frames=8/42): reward=-15.3750 (mean, 1 tok)
2026-04-30 01:08:28,914 mme_vla_suite.pseudo_labeling.topreward_qwen_scorer INFO: Prefix 5/8 (end=52, n_frames=11/53): reward=-14.5000 (mean, 1 tok)
2026-04-30 01:08:35,760 mme_vla_suite.pseudo_labeling.topreward_qwen_scorer INFO: Prefix 6/8 (end=63, n_frames=13/64): reward=-14.7500 (mean, 1 tok)
2026-04-30 01:08:42,627 mme_vla_suite.pseudo_labeling.topreward_qwen_scorer INFO: Prefix 7/8 (end=74, n_frames=15/75): reward=-13.5000 (mean, 1 tok)
2026-04-30 01:08:49,487 mme_vla_suite.pseudo_labeling.topreward_qwen_scorer INFO: Prefix 8/8 (end=85, n_frames=17/86): reward=-13.8750 (mean, 1 tok)
2026-04-30 01:08:57,086 mme_vla_suite.pseudo_labeling.topreward_qwen_scorer INFO: Prefix 1/8 (end=10, n_frames=4/11): reward=-17.3750 (mean, 1 tok)
2026-04-30 01:09:03,902 mme_vla_suite.pseudo_labeling.topreward_qwen_scorer INFO: Prefix 2/8 (end=22, n_frames=5/23): reward=-17.3750 (mean, 1 tok)
2026-04-30 01:09:10,727 mme_vla_suite.pseudo_labeling.topreward_qwen_scorer INFO: Prefix 3/8 (end=35, n_frames=7/36): reward=-15.2500 (mean, 1 tok)
2026-04-30 01:09:17,560 mme_vla_suite.pseudo_labeling.topreward_qwen_scorer INFO: Prefix 4/8 (end=48, n_frames=10/49): reward=-15.6250 (mean, 1 tok)
2026-04-30 01:09:24,416 mme_vla_suite.pseudo_labeling.topreward_qwen_scorer INFO: Prefix 5/8 (end=60, n_frames=12/61): reward=-13.6250 (mean, 1 tok)
2026-04-30 01:09:31,273 mme_vla_suite.pseudo_labeling.topreward_qwen_scorer INFO: Prefix 6/8 (end=73, n_frames=15/74): reward=-13.5000 (mean, 1 tok)
2026-04-30 01:09:38,153 mme_vla_suite.pseudo_labeling.topreward_qwen_scorer INFO: Prefix 7/8 (end=86, n_frames=17/87): reward=-13.3750 (mean, 1 tok)
2026-04-30 01:09:45,053 mme_vla_suite.pseudo_labeling.topreward_qwen_scorer INFO: Prefix 8/8 (end=99, n_frames=20/100): reward=-13.3750 (mean, 1 tok)
2026-04-30 01:09:52,843 mme_vla_suite.pseudo_labeling.topreward_qwen_scorer INFO: Prefix 1/8 (end=11, n_frames=4/12): reward=-21.1250 (mean, 1 tok)
2026-04-30 01:09:59,694 mme_vla_suite.pseudo_labeling.topreward_qwen_scorer INFO: Prefix 2/8 (end=26, n_frames=5/27): reward=-22.2500 (mean, 1 tok)
2026-04-30 01:10:06,546 mme_vla_suite.pseudo_labeling.topreward_qwen_scorer INFO: Prefix 3/8 (end=41, n_frames=8/42): reward=-20.1250 (mean, 1 tok)
2026-04-30 01:10:13,563 mme_vla_suite.pseudo_labeling.topreward_qwen_scorer INFO: Prefix 4/8 (end=56, n_frames=11/57): reward=-19.3750 (mean, 1 tok)
2026-04-30 01:10:20,617 mme_vla_suite.pseudo_labeling.topreward_qwen_scorer INFO: Prefix 5/8 (end=71, n_frames=14/72): reward=-19.3750 (mean, 1 tok)
2026-04-30 01:10:27,515 mme_vla_suite.pseudo_labeling.topreward_qwen_scorer INFO: Prefix 6/8 (end=86, n_frames=17/87): reward=-19.0000 (mean, 1 tok)
2026-04-30 01:10:34,441 mme_vla_suite.pseudo_labeling.topreward_qwen_scorer INFO: Prefix 7/8 (end=101, n_frames=20/102): reward=-19.5000 (mean, 1 tok)
2026-04-30 01:10:41,411 mme_vla_suite.pseudo_labeling.topreward_qwen_scorer INFO: Prefix 8/8 (end=116, n_frames=23/117): reward=-19.2500 (mean, 1 tok)
2026-04-30 01:10:49,242 mme_vla_suite.pseudo_labeling.topreward_qwen_scorer INFO: Prefix 1/8 (end=10, n_frames=4/11): reward=-19.5000 (mean, 1 tok)
2026-04-30 01:10:56,070 mme_vla_suite.pseudo_labeling.topreward_qwen_scorer INFO: Prefix 2/8 (end=23, n_frames=5/24): reward=-19.0000 (mean, 1 tok)
2026-04-30 01:11:02,931 mme_vla_suite.pseudo_labeling.topreward_qwen_scorer INFO: Prefix 3/8 (end=37, n_frames=8/38): reward=-18.3750 (mean, 1 tok)
2026-04-30 01:11:09,760 mme_vla_suite.pseudo_labeling.topreward_qwen_scorer INFO: Prefix 4/8 (end=51, n_frames=10/52): reward=-18.0000 (mean, 1 tok)
2026-04-30 01:11:16,625 mme_vla_suite.pseudo_labeling.topreward_qwen_scorer INFO: Prefix 5/8 (end=65, n_frames=13/66): reward=-18.7500 (mean, 1 tok)
2026-04-30 01:11:23,513 mme_vla_suite.pseudo_labeling.topreward_qwen_scorer INFO: Prefix 6/8 (end=79, n_frames=16/80): reward=-23.0000 (mean, 1 tok)
2026-04-30 01:11:30,427 mme_vla_suite.pseudo_labeling.topreward_qwen_scorer INFO: Prefix 7/8 (end=93, n_frames=19/94): reward=-14.6250 (mean, 1 tok)
2026-04-30 01:11:37,375 mme_vla_suite.pseudo_labeling.topreward_qwen_scorer INFO: Prefix 8/8 (end=107, n_frames=22/108): reward=-16.1250 (mean, 1 tok)
2026-04-30 01:11:45,248 mme_vla_suite.pseudo_labeling.topreward_qwen_scorer INFO: Prefix 1/8 (end=5, n_frames=4/6): reward=-19.5000 (mean, 1 tok)
2026-04-30 01:11:52,085 mme_vla_suite.pseudo_labeling.topreward_qwen_scorer INFO: Prefix 2/8 (end=12, n_frames=4/13): reward=-18.5000 (mean, 1 tok)
2026-04-30 01:11:58,945 mme_vla_suite.pseudo_labeling.topreward_qwen_scorer INFO: Prefix 3/8 (end=19, n_frames=4/20): reward=-17.5000 (mean, 1 tok)
2026-04-30 01:12:05,800 mme_vla_suite.pseudo_labeling.topreward_qwen_scorer INFO: Prefix 4/8 (end=26, n_frames=5/27): reward=-18.0000 (mean, 1 tok)
2026-04-30 01:12:12,657 mme_vla_suite.pseudo_labeling.topreward_qwen_scorer INFO: Prefix 5/8 (end=33, n_frames=7/34): reward=-18.5000 (mean, 1 tok)
2026-04-30 01:12:19,522 mme_vla_suite.pseudo_labeling.topreward_qwen_scorer INFO: Prefix 6/8 (end=40, n_frames=8/41): reward=-18.3750 (mean, 1 tok)
2026-04-30 01:12:26,366 mme_vla_suite.pseudo_labeling.topreward_qwen_scorer INFO: Prefix 7/8 (end=47, n_frames=10/48): reward=-18.2500 (mean, 1 tok)
2026-04-30 01:12:33,243 mme_vla_suite.pseudo_labeling.topreward_qwen_scorer INFO: Prefix 8/8 (end=55, n_frames=11/56): reward=-19.2500 (mean, 1 tok)
2026-04-30 01:12:40,812 mme_vla_suite.pseudo_labeling.topreward_qwen_scorer INFO: Prefix 1/8 (end=8, n_frames=4/9): reward=-17.5000 (mean, 1 tok)
2026-04-30 01:12:47,668 mme_vla_suite.pseudo_labeling.topreward_qwen_scorer INFO: Prefix 2/8 (end=18, n_frames=4/19): reward=-16.7500 (mean, 1 tok)
2026-04-30 01:12:54,531 mme_vla_suite.pseudo_labeling.topreward_qwen_scorer INFO: Prefix 3/8 (end=29, n_frames=6/30): reward=-16.8750 (mean, 1 tok)
2026-04-30 01:13:01,395 mme_vla_suite.pseudo_labeling.topreward_qwen_scorer INFO: Prefix 4/8 (end=39, n_frames=8/40): reward=-16.2500 (mean, 1 tok)
2026-04-30 01:13:08,296 mme_vla_suite.pseudo_labeling.topreward_qwen_scorer INFO: Prefix 5/8 (end=50, n_frames=10/51): reward=-15.2500 (mean, 1 tok)
2026-04-30 01:13:15,221 mme_vla_suite.pseudo_labeling.topreward_qwen_scorer INFO: Prefix 6/8 (end=60, n_frames=12/61): reward=-16.0000 (mean, 1 tok)
2026-04-30 01:13:22,147 mme_vla_suite.pseudo_labeling.topreward_qwen_scorer INFO: Prefix 7/8 (end=71, n_frames=14/72): reward=-16.6250 (mean, 1 tok)
2026-04-30 01:13:29,057 mme_vla_suite.pseudo_labeling.topreward_qwen_scorer INFO: Prefix 8/8 (end=82, n_frames=17/83): reward=-14.5000 (mean, 1 tok)
2026-04-30 01:13:36,723 mme_vla_suite.pseudo_labeling.topreward_qwen_scorer INFO: Prefix 1/8 (end=9, n_frames=4/10): reward=-17.3750 (mean, 1 tok)
2026-04-30 01:13:43,574 mme_vla_suite.pseudo_labeling.topreward_qwen_scorer INFO: Prefix 2/8 (end=21, n_frames=4/22): reward=-16.8750 (mean, 1 tok)
2026-04-30 01:13:50,416 mme_vla_suite.pseudo_labeling.topreward_qwen_scorer INFO: Prefix 3/8 (end=33, n_frames=7/34): reward=-16.2500 (mean, 1 tok)
2026-04-30 01:13:57,257 mme_vla_suite.pseudo_labeling.topreward_qwen_scorer INFO: Prefix 4/8 (end=45, n_frames=9/46): reward=-15.3750 (mean, 1 tok)
2026-04-30 01:14:04,116 mme_vla_suite.pseudo_labeling.topreward_qwen_scorer INFO: Prefix 5/8 (end=57, n_frames=12/58): reward=-16.5000 (mean, 1 tok)
2026-04-30 01:14:10,977 mme_vla_suite.pseudo_labeling.topreward_qwen_scorer INFO: Prefix 6/8 (end=69, n_frames=14/70): reward=-16.1250 (mean, 1 tok)
2026-04-30 01:14:17,870 mme_vla_suite.pseudo_labeling.topreward_qwen_scorer INFO: Prefix 7/8 (end=81, n_frames=16/82): reward=-15.7500 (mean, 1 tok)
2026-04-30 01:14:24,769 mme_vla_suite.pseudo_labeling.topreward_qwen_scorer INFO: Prefix 8/8 (end=94, n_frames=19/95): reward=-15.3750 (mean, 1 tok)
2026-04-30 01:14:32,383 mme_vla_suite.pseudo_labeling.topreward_qwen_scorer INFO: Prefix 1/8 (end=11, n_frames=4/12): reward=-20.2500 (mean, 1 tok)
2026-04-30 01:14:39,222 mme_vla_suite.pseudo_labeling.topreward_qwen_scorer INFO: Prefix 2/8 (end=25, n_frames=5/26): reward=-19.8750 (mean, 1 tok)
2026-04-30 01:14:46,085 mme_vla_suite.pseudo_labeling.topreward_qwen_scorer INFO: Prefix 3/8 (end=40, n_frames=8/41): reward=-18.8750 (mean, 1 tok)
2026-04-30 01:14:52,960 mme_vla_suite.pseudo_labeling.topreward_qwen_scorer INFO: Prefix 4/8 (end=55, n_frames=11/56): reward=-18.3750 (mean, 1 tok)
2026-04-30 01:14:59,828 mme_vla_suite.pseudo_labeling.topreward_qwen_scorer INFO: Prefix 5/8 (end=69, n_frames=14/70): reward=-18.6250 (mean, 1 tok)
2026-04-30 01:15:06,706 mme_vla_suite.pseudo_labeling.topreward_qwen_scorer INFO: Prefix 6/8 (end=84, n_frames=17/85): reward=-19.8750 (mean, 1 tok)
2026-04-30 01:15:13,583 mme_vla_suite.pseudo_labeling.topreward_qwen_scorer INFO: Prefix 7/8 (end=99, n_frames=20/100): reward=-18.8750 (mean, 1 tok)
2026-04-30 01:15:20,541 mme_vla_suite.pseudo_labeling.topreward_qwen_scorer INFO: Prefix 8/8 (end=114, n_frames=23/115): reward=-18.3750 (mean, 1 tok)
2026-04-30 01:15:28,108 mme_vla_suite.pseudo_labeling.topreward_qwen_scorer INFO: Prefix 1/8 (end=9, n_frames=4/10): reward=-15.8750 (mean, 1 tok)
2026-04-30 01:15:34,998 mme_vla_suite.pseudo_labeling.topreward_qwen_scorer INFO: Prefix 2/8 (end=21, n_frames=4/22): reward=-15.7500 (mean, 1 tok)
2026-04-30 01:15:41,923 mme_vla_suite.pseudo_labeling.topreward_qwen_scorer INFO: Prefix 3/8 (end=33, n_frames=7/34): reward=-15.5000 (mean, 1 tok)
2026-04-30 01:15:48,801 mme_vla_suite.pseudo_labeling.topreward_qwen_scorer INFO: Prefix 4/8 (end=45, n_frames=9/46): reward=-16.1250 (mean, 1 tok)
2026-04-30 01:15:55,662 mme_vla_suite.pseudo_labeling.topreward_qwen_scorer INFO: Prefix 5/8 (end=58, n_frames=12/59): reward=-15.8750 (mean, 1 tok)
2026-04-30 01:16:02,543 mme_vla_suite.pseudo_labeling.topreward_qwen_scorer INFO: Prefix 6/8 (end=70, n_frames=14/71): reward=-15.6250 (mean, 1 tok)
2026-04-30 01:16:09,428 mme_vla_suite.pseudo_labeling.topreward_qwen_scorer INFO: Prefix 7/8 (end=82, n_frames=17/83): reward=-14.6250 (mean, 1 tok)
2026-04-30 01:16:16,331 mme_vla_suite.pseudo_labeling.topreward_qwen_scorer INFO: Prefix 8/8 (end=95, n_frames=19/96): reward=-15.3750 (mean, 1 tok)
2026-04-30 01:16:24,121 mme_vla_suite.pseudo_labeling.topreward_qwen_scorer INFO: Prefix 1/8 (end=10, n_frames=4/11): reward=-15.6250 (mean, 1 tok)
2026-04-30 01:16:30,979 mme_vla_suite.pseudo_labeling.topreward_qwen_scorer INFO: Prefix 2/8 (end=24, n_frames=5/25): reward=-15.2500 (mean, 1 tok)
2026-04-30 01:16:37,840 mme_vla_suite.pseudo_labeling.topreward_qwen_scorer INFO: Prefix 3/8 (end=38, n_frames=8/39): reward=-15.0000 (mean, 1 tok)
2026-04-30 01:16:44,705 mme_vla_suite.pseudo_labeling.topreward_qwen_scorer INFO: Prefix 4/8 (end=52, n_frames=11/53): reward=-15.8750 (mean, 1 tok)
2026-04-30 01:16:51,542 mme_vla_suite.pseudo_labeling.topreward_qwen_scorer INFO: Prefix 5/8 (end=66, n_frames=13/67): reward=-15.7500 (mean, 1 tok)
2026-04-30 01:16:58,419 mme_vla_suite.pseudo_labeling.topreward_qwen_scorer INFO: Prefix 6/8 (end=80, n_frames=16/81): reward=-15.1250 (mean, 1 tok)
2026-04-30 01:17:05,309 mme_vla_suite.pseudo_labeling.topreward_qwen_scorer INFO: Prefix 7/8 (end=94, n_frames=19/95): reward=-15.3750 (mean, 1 tok)
2026-04-30 01:17:12,253 mme_vla_suite.pseudo_labeling.topreward_qwen_scorer INFO: Prefix 8/8 (end=108, n_frames=22/109): reward=-15.0000 (mean, 1 tok)
