/coc/testnvme/shalbe3/miniconda/envs/robomme/lib/python3.11/site-packages/torch/cuda/__init__.py:63: FutureWarning: The pynvml package is deprecated. Please install nvidia-ml-py instead. If you did not install pynvml directly, please report this to the maintainers of the package that installed pynvml for you.
  import pynvml  # type: ignore[import]
`torch_dtype` is deprecated! Use `dtype` instead!
You are attempting to use Flash Attention 2 without specifying a torch dtype. This might lead to unexpected behaviour
2026-04-30 00:37:23,126 mme_vla_suite.pseudo_labeling.topreward_qwen_scorer WARNING: flash_attention_2 unavailable (/coc/testnvme/shalbe3/miniconda/envs/robomme/lib/python3.11/site-packages/flash_attn_2_cuda.cpython-311-x86_64-linux-gnu.so: undefined symbol: _ZNK3c106SymInt6sym_neERKS0_), using default attention
Loading checkpoint shards:   0%|          | 0/4 [00:00<?, ?it/s]Loading checkpoint shards:  25%|██▌       | 1/4 [00:01<00:03,  1.28s/it]Loading checkpoint shards:  50%|█████     | 2/4 [00:02<00:02,  1.29s/it]Loading checkpoint shards:  75%|███████▌  | 3/4 [00:03<00:01,  1.30s/it]Loading checkpoint shards: 100%|██████████| 4/4 [00:04<00:00,  1.09s/it]Loading checkpoint shards: 100%|██████████| 4/4 [00:04<00:00,  1.16s/it]
Asked to sample `fps` frames per second but no video metadata was provided which is required when sampling with `fps`. Defaulting to `fps=24`. Please provide `video_metadata` for more accurate results.
2026-04-30 00:37:38,289 mme_vla_suite.pseudo_labeling.topreward_qwen_scorer INFO: Prefix 1/8 (end=19, n_frames=4/20): reward=-18.6250 (mean, 1 tok)
2026-04-30 00:37:45,419 mme_vla_suite.pseudo_labeling.topreward_qwen_scorer INFO: Prefix 2/8 (end=43, n_frames=9/44): reward=-17.1250 (mean, 1 tok)
2026-04-30 00:37:52,586 mme_vla_suite.pseudo_labeling.topreward_qwen_scorer INFO: Prefix 3/8 (end=68, n_frames=14/69): reward=-16.1250 (mean, 1 tok)
2026-04-30 00:37:59,814 mme_vla_suite.pseudo_labeling.topreward_qwen_scorer INFO: Prefix 4/8 (end=93, n_frames=19/94): reward=-17.1250 (mean, 1 tok)
2026-04-30 00:38:07,046 mme_vla_suite.pseudo_labeling.topreward_qwen_scorer INFO: Prefix 5/8 (end=118, n_frames=24/119): reward=-16.3750 (mean, 1 tok)
2026-04-30 00:38:14,327 mme_vla_suite.pseudo_labeling.topreward_qwen_scorer INFO: Prefix 6/8 (end=143, n_frames=29/144): reward=-15.0000 (mean, 1 tok)
2026-04-30 00:38:21,666 mme_vla_suite.pseudo_labeling.topreward_qwen_scorer INFO: Prefix 7/8 (end=168, n_frames=34/169): reward=-15.1250 (mean, 1 tok)
2026-04-30 00:38:29,101 mme_vla_suite.pseudo_labeling.topreward_qwen_scorer INFO: Prefix 8/8 (end=193, n_frames=39/194): reward=-14.0000 (mean, 1 tok)
2026-04-30 00:38:37,182 mme_vla_suite.pseudo_labeling.topreward_qwen_scorer INFO: Prefix 1/8 (end=7, n_frames=4/8): reward=-19.7500 (mean, 1 tok)
2026-04-30 00:38:44,232 mme_vla_suite.pseudo_labeling.topreward_qwen_scorer INFO: Prefix 2/8 (end=15, n_frames=4/16): reward=-19.8750 (mean, 1 tok)
2026-04-30 00:38:51,296 mme_vla_suite.pseudo_labeling.topreward_qwen_scorer INFO: Prefix 3/8 (end=24, n_frames=5/25): reward=-20.7500 (mean, 1 tok)
2026-04-30 00:38:58,371 mme_vla_suite.pseudo_labeling.topreward_qwen_scorer INFO: Prefix 4/8 (end=33, n_frames=7/34): reward=-19.0000 (mean, 1 tok)
2026-04-30 00:39:05,466 mme_vla_suite.pseudo_labeling.topreward_qwen_scorer INFO: Prefix 5/8 (end=42, n_frames=9/43): reward=-19.6250 (mean, 1 tok)
2026-04-30 00:39:12,566 mme_vla_suite.pseudo_labeling.topreward_qwen_scorer INFO: Prefix 6/8 (end=51, n_frames=10/52): reward=-18.7500 (mean, 1 tok)
2026-04-30 00:39:19,685 mme_vla_suite.pseudo_labeling.topreward_qwen_scorer INFO: Prefix 7/8 (end=60, n_frames=12/61): reward=-20.5000 (mean, 1 tok)
2026-04-30 00:39:26,805 mme_vla_suite.pseudo_labeling.topreward_qwen_scorer INFO: Prefix 8/8 (end=69, n_frames=14/70): reward=-20.0000 (mean, 1 tok)
2026-04-30 00:39:34,786 mme_vla_suite.pseudo_labeling.topreward_qwen_scorer INFO: Prefix 1/8 (end=8, n_frames=4/9): reward=-19.5000 (mean, 1 tok)
2026-04-30 00:39:41,849 mme_vla_suite.pseudo_labeling.topreward_qwen_scorer INFO: Prefix 2/8 (end=19, n_frames=4/20): reward=-19.8750 (mean, 1 tok)
2026-04-30 00:39:48,975 mme_vla_suite.pseudo_labeling.topreward_qwen_scorer INFO: Prefix 3/8 (end=30, n_frames=6/31): reward=-20.1250 (mean, 1 tok)
2026-04-30 00:39:56,066 mme_vla_suite.pseudo_labeling.topreward_qwen_scorer INFO: Prefix 4/8 (end=41, n_frames=8/42): reward=-18.7500 (mean, 1 tok)
2026-04-30 00:40:03,151 mme_vla_suite.pseudo_labeling.topreward_qwen_scorer INFO: Prefix 5/8 (end=53, n_frames=11/54): reward=-19.3750 (mean, 1 tok)
2026-04-30 00:40:10,219 mme_vla_suite.pseudo_labeling.topreward_qwen_scorer INFO: Prefix 6/8 (end=64, n_frames=13/65): reward=-19.8750 (mean, 1 tok)
2026-04-30 00:40:17,310 mme_vla_suite.pseudo_labeling.topreward_qwen_scorer INFO: Prefix 7/8 (end=75, n_frames=15/76): reward=-19.3750 (mean, 1 tok)
2026-04-30 00:40:24,427 mme_vla_suite.pseudo_labeling.topreward_qwen_scorer INFO: Prefix 8/8 (end=87, n_frames=18/88): reward=-19.6250 (mean, 1 tok)
2026-04-30 00:40:32,237 mme_vla_suite.pseudo_labeling.topreward_qwen_scorer INFO: Prefix 1/8 (end=11, n_frames=4/12): reward=-18.8750 (mean, 1 tok)
2026-04-30 00:40:39,309 mme_vla_suite.pseudo_labeling.topreward_qwen_scorer INFO: Prefix 2/8 (end=26, n_frames=5/27): reward=-18.6250 (mean, 1 tok)
2026-04-30 00:40:46,397 mme_vla_suite.pseudo_labeling.topreward_qwen_scorer INFO: Prefix 3/8 (end=41, n_frames=8/42): reward=-17.1250 (mean, 1 tok)
2026-04-30 00:40:53,498 mme_vla_suite.pseudo_labeling.topreward_qwen_scorer INFO: Prefix 4/8 (end=56, n_frames=11/57): reward=-16.2500 (mean, 1 tok)
2026-04-30 00:41:00,639 mme_vla_suite.pseudo_labeling.topreward_qwen_scorer INFO: Prefix 5/8 (end=72, n_frames=15/73): reward=-16.1250 (mean, 1 tok)
2026-04-30 00:41:07,762 mme_vla_suite.pseudo_labeling.topreward_qwen_scorer INFO: Prefix 6/8 (end=87, n_frames=18/88): reward=-16.3750 (mean, 1 tok)
2026-04-30 00:41:14,926 mme_vla_suite.pseudo_labeling.topreward_qwen_scorer INFO: Prefix 7/8 (end=102, n_frames=21/103): reward=-15.7500 (mean, 1 tok)
2026-04-30 00:41:22,146 mme_vla_suite.pseudo_labeling.topreward_qwen_scorer INFO: Prefix 8/8 (end=118, n_frames=24/119): reward=-15.7500 (mean, 1 tok)
Traceback (most recent call last):
  File "/nethome/shalbe3/robomme_policy_learning/scripts/pseudo_label_topreward.py", line 715, in <module>
    main()
  File "/nethome/shalbe3/robomme_policy_learning/scripts/pseudo_label_topreward.py", line 660, in main
    summary = process_segment(
              ^^^^^^^^^^^^^^^^
  File "/nethome/shalbe3/robomme_policy_learning/scripts/pseudo_label_topreward.py", line 312, in process_segment
    _save_all_outputs(
  File "/nethome/shalbe3/robomme_policy_learning/scripts/pseudo_label_topreward.py", line 447, in _save_all_outputs
    with open(os.path.join(seg_dir, "progress_scores.json"), "w") as f:
         ^^^^^^^^^^^^^^^^^^^^^^^^^^^^^^^^^^^^^^^^^^^^^^^^^^^^^^^^
FileNotFoundError: [Errno 2] No such file or directory: 'data/topreward_labels/VideoPlaceButton_ep14_f747-865/progress_scores.json'
srun: error: megazord: task 0: Exited with exit code 1
srun: Terminating StepId=3033753.0
