/coc/testnvme/shalbe3/miniconda/envs/robomme/lib/python3.11/site-packages/torch/cuda/__init__.py:63: FutureWarning: The pynvml package is deprecated. Please install nvidia-ml-py instead. If you did not install pynvml directly, please report this to the maintainers of the package that installed pynvml for you.
  import pynvml  # type: ignore[import]
`torch_dtype` is deprecated! Use `dtype` instead!
You are attempting to use Flash Attention 2 without specifying a torch dtype. This might lead to unexpected behaviour
2026-04-30 00:43:16,158 mme_vla_suite.pseudo_labeling.topreward_qwen_scorer WARNING: flash_attention_2 unavailable (/coc/testnvme/shalbe3/miniconda/envs/robomme/lib/python3.11/site-packages/flash_attn_2_cuda.cpython-311-x86_64-linux-gnu.so: undefined symbol: _ZNK3c106SymInt6sym_neERKS0_), using default attention
Loading checkpoint shards:   0%|          | 0/4 [00:00<?, ?it/s]Loading checkpoint shards:  25%|██▌       | 1/4 [00:01<00:04,  1.34s/it]Loading checkpoint shards:  50%|█████     | 2/4 [00:02<00:02,  1.30s/it]Loading checkpoint shards:  75%|███████▌  | 3/4 [00:03<00:01,  1.33s/it]Loading checkpoint shards: 100%|██████████| 4/4 [00:04<00:00,  1.12s/it]Loading checkpoint shards: 100%|██████████| 4/4 [00:04<00:00,  1.19s/it]
Asked to sample `fps` frames per second but no video metadata was provided which is required when sampling with `fps`. Defaulting to `fps=24`. Please provide `video_metadata` for more accurate results.
2026-04-30 00:43:30,415 mme_vla_suite.pseudo_labeling.topreward_qwen_scorer INFO: Prefix 1/8 (end=12, n_frames=4/13): reward=-18.3750 (mean, 1 tok)
2026-04-30 00:43:37,126 mme_vla_suite.pseudo_labeling.topreward_qwen_scorer INFO: Prefix 2/8 (end=28, n_frames=6/29): reward=-20.7500 (mean, 1 tok)
2026-04-30 00:43:43,843 mme_vla_suite.pseudo_labeling.topreward_qwen_scorer INFO: Prefix 3/8 (end=44, n_frames=9/45): reward=-19.0000 (mean, 1 tok)
2026-04-30 00:43:50,582 mme_vla_suite.pseudo_labeling.topreward_qwen_scorer INFO: Prefix 4/8 (end=60, n_frames=12/61): reward=-19.0000 (mean, 1 tok)
2026-04-30 00:43:57,325 mme_vla_suite.pseudo_labeling.topreward_qwen_scorer INFO: Prefix 5/8 (end=76, n_frames=15/77): reward=-18.6250 (mean, 1 tok)
2026-04-30 00:44:04,097 mme_vla_suite.pseudo_labeling.topreward_qwen_scorer INFO: Prefix 6/8 (end=92, n_frames=19/93): reward=-18.5000 (mean, 1 tok)
2026-04-30 00:44:10,873 mme_vla_suite.pseudo_labeling.topreward_qwen_scorer INFO: Prefix 7/8 (end=108, n_frames=22/109): reward=-18.8750 (mean, 1 tok)
2026-04-30 00:44:17,726 mme_vla_suite.pseudo_labeling.topreward_qwen_scorer INFO: Prefix 8/8 (end=124, n_frames=25/125): reward=-17.8750 (mean, 1 tok)
2026-04-30 00:44:25,635 mme_vla_suite.pseudo_labeling.topreward_qwen_scorer INFO: Prefix 1/8 (end=19, n_frames=4/20): reward=-15.5000 (mean, 1 tok)
2026-04-30 00:44:32,532 mme_vla_suite.pseudo_labeling.topreward_qwen_scorer INFO: Prefix 2/8 (end=44, n_frames=9/45): reward=-14.2500 (mean, 1 tok)
2026-04-30 00:44:39,403 mme_vla_suite.pseudo_labeling.topreward_qwen_scorer INFO: Prefix 3/8 (end=69, n_frames=14/70): reward=-14.8750 (mean, 1 tok)
2026-04-30 00:44:46,311 mme_vla_suite.pseudo_labeling.topreward_qwen_scorer INFO: Prefix 4/8 (end=94, n_frames=19/95): reward=-12.6250 (mean, 1 tok)
2026-04-30 00:44:53,275 mme_vla_suite.pseudo_labeling.topreward_qwen_scorer INFO: Prefix 5/8 (end=119, n_frames=24/120): reward=-13.0000 (mean, 1 tok)
2026-04-30 00:45:00,529 mme_vla_suite.pseudo_labeling.topreward_qwen_scorer INFO: Prefix 6/8 (end=144, n_frames=29/145): reward=-13.5000 (mean, 1 tok)
2026-04-30 00:45:07,471 mme_vla_suite.pseudo_labeling.topreward_qwen_scorer INFO: Prefix 7/8 (end=169, n_frames=34/170): reward=-12.5000 (mean, 1 tok)
2026-04-30 00:45:14,442 mme_vla_suite.pseudo_labeling.topreward_qwen_scorer INFO: Prefix 8/8 (end=195, n_frames=39/196): reward=-11.5000 (mean, 1 tok)
2026-04-30 00:45:22,140 mme_vla_suite.pseudo_labeling.topreward_qwen_scorer INFO: Prefix 1/8 (end=7, n_frames=4/8): reward=-18.5000 (mean, 1 tok)
2026-04-30 00:45:28,783 mme_vla_suite.pseudo_labeling.topreward_qwen_scorer INFO: Prefix 2/8 (end=16, n_frames=4/17): reward=-18.0000 (mean, 1 tok)
2026-04-30 00:45:35,430 mme_vla_suite.pseudo_labeling.topreward_qwen_scorer INFO: Prefix 3/8 (end=25, n_frames=5/26): reward=-17.2500 (mean, 1 tok)
2026-04-30 00:45:42,109 mme_vla_suite.pseudo_labeling.topreward_qwen_scorer INFO: Prefix 4/8 (end=34, n_frames=7/35): reward=-17.2500 (mean, 1 tok)
2026-04-30 00:45:48,910 mme_vla_suite.pseudo_labeling.topreward_qwen_scorer INFO: Prefix 5/8 (end=43, n_frames=9/44): reward=-17.0000 (mean, 1 tok)
2026-04-30 00:45:55,603 mme_vla_suite.pseudo_labeling.topreward_qwen_scorer INFO: Prefix 6/8 (end=52, n_frames=11/53): reward=-16.0000 (mean, 1 tok)
2026-04-30 00:46:02,433 mme_vla_suite.pseudo_labeling.topreward_qwen_scorer INFO: Prefix 7/8 (end=61, n_frames=12/62): reward=-17.0000 (mean, 1 tok)
2026-04-30 00:46:09,130 mme_vla_suite.pseudo_labeling.topreward_qwen_scorer INFO: Prefix 8/8 (end=70, n_frames=14/71): reward=-17.0000 (mean, 1 tok)
2026-04-30 00:46:16,661 mme_vla_suite.pseudo_labeling.topreward_qwen_scorer INFO: Prefix 1/8 (end=10, n_frames=4/11): reward=-17.1250 (mean, 1 tok)
2026-04-30 00:46:23,364 mme_vla_suite.pseudo_labeling.topreward_qwen_scorer INFO: Prefix 2/8 (end=23, n_frames=5/24): reward=-16.6250 (mean, 1 tok)
2026-04-30 00:46:30,045 mme_vla_suite.pseudo_labeling.topreward_qwen_scorer INFO: Prefix 3/8 (end=36, n_frames=7/37): reward=-16.5000 (mean, 1 tok)
2026-04-30 00:46:36,714 mme_vla_suite.pseudo_labeling.topreward_qwen_scorer INFO: Prefix 4/8 (end=49, n_frames=10/50): reward=-15.6250 (mean, 1 tok)
2026-04-30 00:46:43,396 mme_vla_suite.pseudo_labeling.topreward_qwen_scorer INFO: Prefix 5/8 (end=63, n_frames=13/64): reward=-15.3750 (mean, 1 tok)
2026-04-30 00:46:50,094 mme_vla_suite.pseudo_labeling.topreward_qwen_scorer INFO: Prefix 6/8 (end=76, n_frames=15/77): reward=-15.3750 (mean, 1 tok)
2026-04-30 00:46:56,814 mme_vla_suite.pseudo_labeling.topreward_qwen_scorer INFO: Prefix 7/8 (end=89, n_frames=18/90): reward=-14.1250 (mean, 1 tok)
2026-04-30 00:47:03,586 mme_vla_suite.pseudo_labeling.topreward_qwen_scorer INFO: Prefix 8/8 (end=103, n_frames=21/104): reward=-14.1250 (mean, 1 tok)
2026-04-30 00:47:11,061 mme_vla_suite.pseudo_labeling.topreward_qwen_scorer INFO: Prefix 1/8 (end=5, n_frames=4/6): reward=-19.0000 (mean, 1 tok)
2026-04-30 00:47:17,691 mme_vla_suite.pseudo_labeling.topreward_qwen_scorer INFO: Prefix 2/8 (end=12, n_frames=4/13): reward=-19.1250 (mean, 1 tok)
2026-04-30 00:47:24,326 mme_vla_suite.pseudo_labeling.topreward_qwen_scorer INFO: Prefix 3/8 (end=19, n_frames=4/20): reward=-19.1250 (mean, 1 tok)
2026-04-30 00:47:30,986 mme_vla_suite.pseudo_labeling.topreward_qwen_scorer INFO: Prefix 4/8 (end=26, n_frames=5/27): reward=-18.2500 (mean, 1 tok)
2026-04-30 00:47:37,639 mme_vla_suite.pseudo_labeling.topreward_qwen_scorer INFO: Prefix 5/8 (end=33, n_frames=7/34): reward=-19.3750 (mean, 1 tok)
2026-04-30 00:47:44,278 mme_vla_suite.pseudo_labeling.topreward_qwen_scorer INFO: Prefix 6/8 (end=40, n_frames=8/41): reward=-19.8750 (mean, 1 tok)
2026-04-30 00:47:50,922 mme_vla_suite.pseudo_labeling.topreward_qwen_scorer INFO: Prefix 7/8 (end=47, n_frames=10/48): reward=-17.2500 (mean, 1 tok)
2026-04-30 00:47:57,599 mme_vla_suite.pseudo_labeling.topreward_qwen_scorer INFO: Prefix 8/8 (end=55, n_frames=11/56): reward=-16.3750 (mean, 1 tok)
2026-04-30 00:48:05,348 mme_vla_suite.pseudo_labeling.topreward_qwen_scorer INFO: Prefix 1/8 (end=8, n_frames=4/9): reward=-17.6250 (mean, 1 tok)
2026-04-30 00:48:11,980 mme_vla_suite.pseudo_labeling.topreward_qwen_scorer INFO: Prefix 2/8 (end=19, n_frames=4/20): reward=-17.2500 (mean, 1 tok)
2026-04-30 00:48:18,637 mme_vla_suite.pseudo_labeling.topreward_qwen_scorer INFO: Prefix 3/8 (end=30, n_frames=6/31): reward=-15.7500 (mean, 1 tok)
2026-04-30 00:48:25,297 mme_vla_suite.pseudo_labeling.topreward_qwen_scorer INFO: Prefix 4/8 (end=41, n_frames=8/42): reward=-15.3750 (mean, 1 tok)
2026-04-30 00:48:31,998 mme_vla_suite.pseudo_labeling.topreward_qwen_scorer INFO: Prefix 5/8 (end=52, n_frames=11/53): reward=-14.5000 (mean, 1 tok)
2026-04-30 00:48:38,672 mme_vla_suite.pseudo_labeling.topreward_qwen_scorer INFO: Prefix 6/8 (end=63, n_frames=13/64): reward=-14.7500 (mean, 1 tok)
2026-04-30 00:48:45,384 mme_vla_suite.pseudo_labeling.topreward_qwen_scorer INFO: Prefix 7/8 (end=74, n_frames=15/75): reward=-13.5000 (mean, 1 tok)
2026-04-30 00:48:52,131 mme_vla_suite.pseudo_labeling.topreward_qwen_scorer INFO: Prefix 8/8 (end=85, n_frames=17/86): reward=-13.8750 (mean, 1 tok)
2026-04-30 00:48:59,647 mme_vla_suite.pseudo_labeling.topreward_qwen_scorer INFO: Prefix 1/8 (end=10, n_frames=4/11): reward=-17.3750 (mean, 1 tok)
2026-04-30 00:49:06,310 mme_vla_suite.pseudo_labeling.topreward_qwen_scorer INFO: Prefix 2/8 (end=22, n_frames=5/23): reward=-17.3750 (mean, 1 tok)
2026-04-30 00:49:13,025 mme_vla_suite.pseudo_labeling.topreward_qwen_scorer INFO: Prefix 3/8 (end=35, n_frames=7/36): reward=-15.2500 (mean, 1 tok)
2026-04-30 00:49:19,733 mme_vla_suite.pseudo_labeling.topreward_qwen_scorer INFO: Prefix 4/8 (end=48, n_frames=10/49): reward=-15.6250 (mean, 1 tok)
2026-04-30 00:49:26,415 mme_vla_suite.pseudo_labeling.topreward_qwen_scorer INFO: Prefix 5/8 (end=60, n_frames=12/61): reward=-13.6250 (mean, 1 tok)
2026-04-30 00:49:33,114 mme_vla_suite.pseudo_labeling.topreward_qwen_scorer INFO: Prefix 6/8 (end=73, n_frames=15/74): reward=-13.5000 (mean, 1 tok)
2026-04-30 00:49:39,823 mme_vla_suite.pseudo_labeling.topreward_qwen_scorer INFO: Prefix 7/8 (end=86, n_frames=17/87): reward=-13.3750 (mean, 1 tok)
2026-04-30 00:49:46,555 mme_vla_suite.pseudo_labeling.topreward_qwen_scorer INFO: Prefix 8/8 (end=99, n_frames=20/100): reward=-13.3750 (mean, 1 tok)
2026-04-30 00:49:54,180 mme_vla_suite.pseudo_labeling.topreward_qwen_scorer INFO: Prefix 1/8 (end=11, n_frames=4/12): reward=-21.1250 (mean, 1 tok)
2026-04-30 00:50:00,985 mme_vla_suite.pseudo_labeling.topreward_qwen_scorer INFO: Prefix 2/8 (end=26, n_frames=5/27): reward=-22.2500 (mean, 1 tok)
2026-04-30 00:50:07,789 mme_vla_suite.pseudo_labeling.topreward_qwen_scorer INFO: Prefix 3/8 (end=41, n_frames=8/42): reward=-20.1250 (mean, 1 tok)
2026-04-30 00:50:14,471 mme_vla_suite.pseudo_labeling.topreward_qwen_scorer INFO: Prefix 4/8 (end=56, n_frames=11/57): reward=-19.3750 (mean, 1 tok)
2026-04-30 00:50:21,155 mme_vla_suite.pseudo_labeling.topreward_qwen_scorer INFO: Prefix 5/8 (end=71, n_frames=14/72): reward=-19.3750 (mean, 1 tok)
2026-04-30 00:50:27,846 mme_vla_suite.pseudo_labeling.topreward_qwen_scorer INFO: Prefix 6/8 (end=86, n_frames=17/87): reward=-19.0000 (mean, 1 tok)
2026-04-30 00:50:34,686 mme_vla_suite.pseudo_labeling.topreward_qwen_scorer INFO: Prefix 7/8 (end=101, n_frames=20/102): reward=-19.5000 (mean, 1 tok)
2026-04-30 00:50:41,547 mme_vla_suite.pseudo_labeling.topreward_qwen_scorer INFO: Prefix 8/8 (end=116, n_frames=23/117): reward=-19.2500 (mean, 1 tok)
2026-04-30 00:50:49,256 mme_vla_suite.pseudo_labeling.topreward_qwen_scorer INFO: Prefix 1/8 (end=10, n_frames=4/11): reward=-19.5000 (mean, 1 tok)
2026-04-30 00:50:55,904 mme_vla_suite.pseudo_labeling.topreward_qwen_scorer INFO: Prefix 2/8 (end=23, n_frames=5/24): reward=-19.0000 (mean, 1 tok)
2026-04-30 00:51:02,590 mme_vla_suite.pseudo_labeling.topreward_qwen_scorer INFO: Prefix 3/8 (end=37, n_frames=8/38): reward=-18.3750 (mean, 1 tok)
2026-04-30 00:51:09,345 mme_vla_suite.pseudo_labeling.topreward_qwen_scorer INFO: Prefix 4/8 (end=51, n_frames=10/52): reward=-18.0000 (mean, 1 tok)
2026-04-30 00:51:16,088 mme_vla_suite.pseudo_labeling.topreward_qwen_scorer INFO: Prefix 5/8 (end=65, n_frames=13/66): reward=-18.7500 (mean, 1 tok)
2026-04-30 00:51:22,810 mme_vla_suite.pseudo_labeling.topreward_qwen_scorer INFO: Prefix 6/8 (end=79, n_frames=16/80): reward=-23.0000 (mean, 1 tok)
2026-04-30 00:51:29,622 mme_vla_suite.pseudo_labeling.topreward_qwen_scorer INFO: Prefix 7/8 (end=93, n_frames=19/94): reward=-14.6250 (mean, 1 tok)
2026-04-30 00:51:36,434 mme_vla_suite.pseudo_labeling.topreward_qwen_scorer INFO: Prefix 8/8 (end=107, n_frames=22/108): reward=-16.1250 (mean, 1 tok)
slurmstepd: error: *** JOB 3033768 ON omgwth CANCELLED AT 2026-04-30T00:51:38 ***
slurmstepd: error: *** STEP 3033768.0 ON omgwth CANCELLED AT 2026-04-30T00:51:38 ***
