/coc/testnvme/shalbe3/miniconda/envs/robomme/lib/python3.11/site-packages/torch/cuda/__init__.py:63: FutureWarning: The pynvml package is deprecated. Please install nvidia-ml-py instead. If you did not install pynvml directly, please report this to the maintainers of the package that installed pynvml for you.
  import pynvml  # type: ignore[import]
`torch_dtype` is deprecated! Use `dtype` instead!
You are attempting to use Flash Attention 2 without specifying a torch dtype. This might lead to unexpected behaviour
2026-04-29 18:50:58,552 mme_vla_suite.pseudo_labeling.topreward_qwen_scorer WARNING: flash_attention_2 unavailable (/coc/testnvme/shalbe3/miniconda/envs/robomme/lib/python3.11/site-packages/flash_attn_2_cuda.cpython-311-x86_64-linux-gnu.so: undefined symbol: _ZNK3c106SymInt6sym_neERKS0_), using default attention
Loading checkpoint shards:   0%|          | 0/4 [00:00<?, ?it/s]Loading checkpoint shards:  25%|██▌       | 1/4 [00:09<00:29,  9.77s/it]Loading checkpoint shards:  50%|█████     | 2/4 [00:19<00:19,  9.92s/it]Loading checkpoint shards:  75%|███████▌  | 3/4 [00:29<00:10, 10.02s/it]Loading checkpoint shards: 100%|██████████| 4/4 [00:35<00:00,  8.27s/it]Loading checkpoint shards: 100%|██████████| 4/4 [00:35<00:00,  8.88s/it]
Asked to sample `fps` frames per second but no video metadata was provided which is required when sampling with `fps`. Defaulting to `fps=24`. Please provide `video_metadata` for more accurate results.
2026-04-29 18:51:40,790 mme_vla_suite.pseudo_labeling.topreward_qwen_scorer INFO: Prefix 1/16 (end=11, n_frames=4/12): reward=-22.5000 (mean, 1 tok)
2026-04-29 18:51:44,928 mme_vla_suite.pseudo_labeling.topreward_qwen_scorer INFO: Prefix 2/16 (end=17, n_frames=5/18): reward=-22.7500 (mean, 1 tok)
2026-04-29 18:51:49,070 mme_vla_suite.pseudo_labeling.topreward_qwen_scorer INFO: Prefix 3/16 (end=24, n_frames=8/25): reward=-22.7500 (mean, 1 tok)
2026-04-29 18:51:53,217 mme_vla_suite.pseudo_labeling.topreward_qwen_scorer INFO: Prefix 4/16 (end=31, n_frames=10/32): reward=-22.1250 (mean, 1 tok)
2026-04-29 18:51:57,379 mme_vla_suite.pseudo_labeling.topreward_qwen_scorer INFO: Prefix 5/16 (end=38, n_frames=12/39): reward=-22.2500 (mean, 1 tok)
2026-04-29 18:52:01,553 mme_vla_suite.pseudo_labeling.topreward_qwen_scorer INFO: Prefix 6/16 (end=45, n_frames=14/46): reward=-22.3750 (mean, 1 tok)
2026-04-29 18:52:05,736 mme_vla_suite.pseudo_labeling.topreward_qwen_scorer INFO: Prefix 7/16 (end=52, n_frames=16/53): reward=-21.1250 (mean, 1 tok)
2026-04-29 18:52:09,932 mme_vla_suite.pseudo_labeling.topreward_qwen_scorer INFO: Prefix 8/16 (end=59, n_frames=18/60): reward=-21.7500 (mean, 1 tok)
2026-04-29 18:52:14,144 mme_vla_suite.pseudo_labeling.topreward_qwen_scorer INFO: Prefix 9/16 (end=65, n_frames=20/66): reward=-20.8750 (mean, 1 tok)
2026-04-29 18:52:18,505 mme_vla_suite.pseudo_labeling.topreward_qwen_scorer INFO: Prefix 10/16 (end=72, n_frames=22/73): reward=-21.8750 (mean, 1 tok)
2026-04-29 18:52:22,742 mme_vla_suite.pseudo_labeling.topreward_qwen_scorer INFO: Prefix 11/16 (end=79, n_frames=24/80): reward=-22.6250 (mean, 1 tok)
2026-04-29 18:52:26,992 mme_vla_suite.pseudo_labeling.topreward_qwen_scorer INFO: Prefix 12/16 (end=86, n_frames=26/87): reward=-21.7500 (mean, 1 tok)
2026-04-29 18:52:31,222 mme_vla_suite.pseudo_labeling.topreward_qwen_scorer INFO: Prefix 13/16 (end=93, n_frames=28/94): reward=-21.3750 (mean, 1 tok)
2026-04-29 18:52:35,479 mme_vla_suite.pseudo_labeling.topreward_qwen_scorer INFO: Prefix 14/16 (end=100, n_frames=30/101): reward=-18.5000 (mean, 1 tok)
2026-04-29 18:52:39,746 mme_vla_suite.pseudo_labeling.topreward_qwen_scorer INFO: Prefix 15/16 (end=107, n_frames=32/108): reward=-20.3750 (mean, 1 tok)
2026-04-29 18:52:44,057 mme_vla_suite.pseudo_labeling.topreward_qwen_scorer INFO: Prefix 16/16 (end=114, n_frames=34/115): reward=-17.8750 (mean, 1 tok)
2026-04-29 18:52:49,208 mme_vla_suite.pseudo_labeling.topreward_qwen_scorer INFO: Prefix 1/24 (end=20, n_frames=6/21): reward=-23.1250 (mean, 1 tok)
2026-04-29 18:52:53,346 mme_vla_suite.pseudo_labeling.topreward_qwen_scorer INFO: Prefix 2/24 (end=27, n_frames=8/28): reward=-23.0000 (mean, 1 tok)
2026-04-29 18:52:57,506 mme_vla_suite.pseudo_labeling.topreward_qwen_scorer INFO: Prefix 3/24 (end=35, n_frames=11/36): reward=-22.1250 (mean, 1 tok)
2026-04-29 18:53:01,669 mme_vla_suite.pseudo_labeling.topreward_qwen_scorer INFO: Prefix 4/24 (end=43, n_frames=13/44): reward=-23.0000 (mean, 1 tok)
2026-04-29 18:53:05,851 mme_vla_suite.pseudo_labeling.topreward_qwen_scorer INFO: Prefix 5/24 (end=51, n_frames=16/52): reward=-22.5000 (mean, 1 tok)
2026-04-29 18:53:10,022 mme_vla_suite.pseudo_labeling.topreward_qwen_scorer INFO: Prefix 6/24 (end=59, n_frames=18/60): reward=-21.1250 (mean, 1 tok)
2026-04-29 18:53:14,213 mme_vla_suite.pseudo_labeling.topreward_qwen_scorer INFO: Prefix 7/24 (end=67, n_frames=20/68): reward=-22.2500 (mean, 1 tok)
2026-04-29 18:53:18,420 mme_vla_suite.pseudo_labeling.topreward_qwen_scorer INFO: Prefix 8/24 (end=75, n_frames=23/76): reward=-22.0000 (mean, 1 tok)
2026-04-29 18:53:22,757 mme_vla_suite.pseudo_labeling.topreward_qwen_scorer INFO: Prefix 9/24 (end=82, n_frames=25/83): reward=-22.3750 (mean, 1 tok)
2026-04-29 18:53:27,077 mme_vla_suite.pseudo_labeling.topreward_qwen_scorer INFO: Prefix 10/24 (end=90, n_frames=27/91): reward=-21.8750 (mean, 1 tok)
2026-04-29 18:53:31,358 mme_vla_suite.pseudo_labeling.topreward_qwen_scorer INFO: Prefix 11/24 (end=98, n_frames=30/99): reward=-21.2500 (mean, 1 tok)
2026-04-29 18:53:35,661 mme_vla_suite.pseudo_labeling.topreward_qwen_scorer INFO: Prefix 12/24 (end=106, n_frames=32/107): reward=-22.1250 (mean, 1 tok)
2026-04-29 18:53:39,965 mme_vla_suite.pseudo_labeling.topreward_qwen_scorer INFO: Prefix 13/24 (end=114, n_frames=34/115): reward=-21.8750 (mean, 1 tok)
2026-04-29 18:53:44,290 mme_vla_suite.pseudo_labeling.topreward_qwen_scorer INFO: Prefix 14/24 (end=122, n_frames=37/123): reward=-20.6250 (mean, 1 tok)
2026-04-29 18:53:48,741 mme_vla_suite.pseudo_labeling.topreward_qwen_scorer INFO: Prefix 15/24 (end=130, n_frames=39/131): reward=-21.3750 (mean, 1 tok)
2026-04-29 18:53:53,164 mme_vla_suite.pseudo_labeling.topreward_qwen_scorer INFO: Prefix 16/24 (end=138, n_frames=42/139): reward=-21.1250 (mean, 1 tok)
2026-04-29 18:53:57,571 mme_vla_suite.pseudo_labeling.topreward_qwen_scorer INFO: Prefix 17/24 (end=145, n_frames=44/146): reward=-21.6250 (mean, 1 tok)
2026-04-29 18:54:01,944 mme_vla_suite.pseudo_labeling.topreward_qwen_scorer INFO: Prefix 18/24 (end=153, n_frames=46/154): reward=-20.0000 (mean, 1 tok)
2026-04-29 18:54:06,342 mme_vla_suite.pseudo_labeling.topreward_qwen_scorer INFO: Prefix 19/24 (end=161, n_frames=49/162): reward=-19.5000 (mean, 1 tok)
2026-04-29 18:54:10,758 mme_vla_suite.pseudo_labeling.topreward_qwen_scorer INFO: Prefix 20/24 (end=169, n_frames=51/170): reward=-20.3750 (mean, 1 tok)
2026-04-29 18:54:15,177 mme_vla_suite.pseudo_labeling.topreward_qwen_scorer INFO: Prefix 21/24 (end=177, n_frames=53/178): reward=-20.1250 (mean, 1 tok)
2026-04-29 18:54:19,639 mme_vla_suite.pseudo_labeling.topreward_qwen_scorer INFO: Prefix 22/24 (end=185, n_frames=56/186): reward=-20.0000 (mean, 1 tok)
2026-04-29 18:54:24,144 mme_vla_suite.pseudo_labeling.topreward_qwen_scorer INFO: Prefix 23/24 (end=193, n_frames=58/194): reward=-16.5000 (mean, 1 tok)
2026-04-29 18:54:30,630 mme_vla_suite.pseudo_labeling.topreward_qwen_scorer INFO: Prefix 24/24 (end=201, n_frames=61/202): reward=-17.3750 (mean, 1 tok)
2026-04-29 18:54:35,565 mme_vla_suite.pseudo_labeling.topreward_qwen_scorer INFO: Prefix 1/8 (end=4, n_frames=4/5): reward=-22.6250 (mean, 1 tok)
2026-04-29 18:54:39,712 mme_vla_suite.pseudo_labeling.topreward_qwen_scorer INFO: Prefix 2/8 (end=9, n_frames=4/10): reward=-22.0000 (mean, 1 tok)
2026-04-29 18:54:43,853 mme_vla_suite.pseudo_labeling.topreward_qwen_scorer INFO: Prefix 3/8 (end=14, n_frames=4/15): reward=-22.5000 (mean, 1 tok)
2026-04-29 18:54:47,976 mme_vla_suite.pseudo_labeling.topreward_qwen_scorer INFO: Prefix 4/8 (end=19, n_frames=6/20): reward=-22.5000 (mean, 1 tok)
2026-04-29 18:54:52,121 mme_vla_suite.pseudo_labeling.topreward_qwen_scorer INFO: Prefix 5/8 (end=24, n_frames=8/25): reward=-21.1250 (mean, 1 tok)
2026-04-29 18:54:56,271 mme_vla_suite.pseudo_labeling.topreward_qwen_scorer INFO: Prefix 6/8 (end=29, n_frames=9/30): reward=-21.7500 (mean, 1 tok)
2026-04-29 18:55:00,397 mme_vla_suite.pseudo_labeling.topreward_qwen_scorer INFO: Prefix 7/8 (end=34, n_frames=10/35): reward=-21.7500 (mean, 1 tok)
2026-04-29 18:55:04,476 mme_vla_suite.pseudo_labeling.topreward_qwen_scorer INFO: Prefix 8/8 (end=40, n_frames=12/41): reward=-21.1250 (mean, 1 tok)
2026-04-29 18:55:09,326 mme_vla_suite.pseudo_labeling.topreward_qwen_scorer INFO: Prefix 1/16 (end=8, n_frames=4/9): reward=-24.6250 (mean, 1 tok)
2026-04-29 18:55:13,417 mme_vla_suite.pseudo_labeling.topreward_qwen_scorer INFO: Prefix 2/16 (end=13, n_frames=4/14): reward=-24.1250 (mean, 1 tok)
2026-04-29 18:55:17,536 mme_vla_suite.pseudo_labeling.topreward_qwen_scorer INFO: Prefix 3/16 (end=18, n_frames=6/19): reward=-24.5000 (mean, 1 tok)
2026-04-29 18:55:21,640 mme_vla_suite.pseudo_labeling.topreward_qwen_scorer INFO: Prefix 4/16 (end=23, n_frames=7/24): reward=-24.2500 (mean, 1 tok)
2026-04-29 18:55:25,766 mme_vla_suite.pseudo_labeling.topreward_qwen_scorer INFO: Prefix 5/16 (end=28, n_frames=9/29): reward=-23.5000 (mean, 1 tok)
2026-04-29 18:55:29,892 mme_vla_suite.pseudo_labeling.topreward_qwen_scorer INFO: Prefix 6/16 (end=34, n_frames=10/35): reward=-23.5000 (mean, 1 tok)
2026-04-29 18:55:34,010 mme_vla_suite.pseudo_labeling.topreward_qwen_scorer INFO: Prefix 7/16 (end=39, n_frames=12/40): reward=-22.2500 (mean, 1 tok)
2026-04-29 18:55:38,149 mme_vla_suite.pseudo_labeling.topreward_qwen_scorer INFO: Prefix 8/16 (end=44, n_frames=14/45): reward=-20.8750 (mean, 1 tok)
2026-04-29 18:55:42,267 mme_vla_suite.pseudo_labeling.topreward_qwen_scorer INFO: Prefix 9/16 (end=49, n_frames=15/50): reward=-23.7500 (mean, 1 tok)
2026-04-29 18:55:46,365 mme_vla_suite.pseudo_labeling.topreward_qwen_scorer INFO: Prefix 10/16 (end=54, n_frames=16/55): reward=-24.0000 (mean, 1 tok)
2026-04-29 18:55:50,466 mme_vla_suite.pseudo_labeling.topreward_qwen_scorer INFO: Prefix 11/16 (end=60, n_frames=18/61): reward=-24.5000 (mean, 1 tok)
2026-04-29 18:55:54,631 mme_vla_suite.pseudo_labeling.topreward_qwen_scorer INFO: Prefix 12/16 (end=65, n_frames=20/66): reward=-25.1250 (mean, 1 tok)
2026-04-29 18:55:58,819 mme_vla_suite.pseudo_labeling.topreward_qwen_scorer INFO: Prefix 13/16 (end=70, n_frames=21/71): reward=-21.5000 (mean, 1 tok)
2026-04-29 18:56:03,032 mme_vla_suite.pseudo_labeling.topreward_qwen_scorer INFO: Prefix 14/16 (end=75, n_frames=23/76): reward=-23.3750 (mean, 1 tok)
2026-04-29 18:56:07,247 mme_vla_suite.pseudo_labeling.topreward_qwen_scorer INFO: Prefix 15/16 (end=80, n_frames=24/81): reward=-23.6250 (mean, 1 tok)
2026-04-29 18:56:11,483 mme_vla_suite.pseudo_labeling.topreward_qwen_scorer INFO: Prefix 16/16 (end=86, n_frames=26/87): reward=-18.7500 (mean, 1 tok)
2026-04-29 18:56:16,307 mme_vla_suite.pseudo_labeling.topreward_qwen_scorer INFO: Prefix 1/16 (end=9, n_frames=4/10): reward=-24.3750 (mean, 1 tok)
2026-04-29 18:56:20,421 mme_vla_suite.pseudo_labeling.topreward_qwen_scorer INFO: Prefix 2/16 (end=14, n_frames=4/15): reward=-23.7500 (mean, 1 tok)
2026-04-29 18:56:24,533 mme_vla_suite.pseudo_labeling.topreward_qwen_scorer INFO: Prefix 3/16 (end=20, n_frames=6/21): reward=-24.1250 (mean, 1 tok)
2026-04-29 18:56:28,657 mme_vla_suite.pseudo_labeling.topreward_qwen_scorer INFO: Prefix 4/16 (end=25, n_frames=8/26): reward=-24.1250 (mean, 1 tok)
2026-04-29 18:56:32,788 mme_vla_suite.pseudo_labeling.topreward_qwen_scorer INFO: Prefix 5/16 (end=31, n_frames=10/32): reward=-23.0000 (mean, 1 tok)
2026-04-29 18:56:36,891 mme_vla_suite.pseudo_labeling.topreward_qwen_scorer INFO: Prefix 6/16 (end=37, n_frames=11/38): reward=-22.6250 (mean, 1 tok)
2026-04-29 18:56:40,983 mme_vla_suite.pseudo_labeling.topreward_qwen_scorer INFO: Prefix 7/16 (end=42, n_frames=13/43): reward=-22.5000 (mean, 1 tok)
2026-04-29 18:56:45,103 mme_vla_suite.pseudo_labeling.topreward_qwen_scorer INFO: Prefix 8/16 (end=48, n_frames=15/49): reward=-24.3750 (mean, 1 tok)
2026-04-29 18:56:49,259 mme_vla_suite.pseudo_labeling.topreward_qwen_scorer INFO: Prefix 9/16 (end=53, n_frames=16/54): reward=-25.0000 (mean, 1 tok)
2026-04-29 18:56:53,438 mme_vla_suite.pseudo_labeling.topreward_qwen_scorer INFO: Prefix 10/16 (end=59, n_frames=18/60): reward=-24.3750 (mean, 1 tok)
2026-04-29 18:56:57,594 mme_vla_suite.pseudo_labeling.topreward_qwen_scorer INFO: Prefix 11/16 (end=65, n_frames=20/66): reward=-25.1250 (mean, 1 tok)
2026-04-29 18:57:01,801 mme_vla_suite.pseudo_labeling.topreward_qwen_scorer INFO: Prefix 12/16 (end=70, n_frames=21/71): reward=-21.5000 (mean, 1 tok)
2026-04-29 18:57:06,024 mme_vla_suite.pseudo_labeling.topreward_qwen_scorer INFO: Prefix 13/16 (end=76, n_frames=23/77): reward=-23.6250 (mean, 1 tok)
2026-04-29 18:57:10,298 mme_vla_suite.pseudo_labeling.topreward_qwen_scorer INFO: Prefix 14/16 (end=81, n_frames=25/82): reward=-22.1250 (mean, 1 tok)
2026-04-29 18:57:14,547 mme_vla_suite.pseudo_labeling.topreward_qwen_scorer INFO: Prefix 15/16 (end=87, n_frames=26/88): reward=-18.7500 (mean, 1 tok)
2026-04-29 18:57:18,797 mme_vla_suite.pseudo_labeling.topreward_qwen_scorer INFO: Prefix 16/16 (end=93, n_frames=28/94): reward=-17.7500 (mean, 1 tok)
2026-04-29 18:57:23,821 mme_vla_suite.pseudo_labeling.topreward_qwen_scorer INFO: Prefix 1/16 (end=11, n_frames=4/12): reward=-21.5000 (mean, 1 tok)
2026-04-29 18:57:28,032 mme_vla_suite.pseudo_labeling.topreward_qwen_scorer INFO: Prefix 2/16 (end=17, n_frames=5/18): reward=-21.3750 (mean, 1 tok)
2026-04-29 18:57:32,167 mme_vla_suite.pseudo_labeling.topreward_qwen_scorer INFO: Prefix 3/16 (end=24, n_frames=8/25): reward=-21.3750 (mean, 1 tok)
2026-04-29 18:57:36,459 mme_vla_suite.pseudo_labeling.topreward_qwen_scorer INFO: Prefix 4/16 (end=30, n_frames=9/31): reward=-21.1250 (mean, 1 tok)
2026-04-29 18:57:40,616 mme_vla_suite.pseudo_labeling.topreward_qwen_scorer INFO: Prefix 5/16 (end=37, n_frames=11/38): reward=-19.5000 (mean, 1 tok)
2026-04-29 18:57:44,776 mme_vla_suite.pseudo_labeling.topreward_qwen_scorer INFO: Prefix 6/16 (end=44, n_frames=14/45): reward=-19.5000 (mean, 1 tok)
2026-04-29 18:57:48,944 mme_vla_suite.pseudo_labeling.topreward_qwen_scorer INFO: Prefix 7/16 (end=50, n_frames=15/51): reward=-18.6250 (mean, 1 tok)
2026-04-29 18:57:53,103 mme_vla_suite.pseudo_labeling.topreward_qwen_scorer INFO: Prefix 8/16 (end=57, n_frames=17/58): reward=-18.1250 (mean, 1 tok)
2026-04-29 18:57:57,264 mme_vla_suite.pseudo_labeling.topreward_qwen_scorer INFO: Prefix 9/16 (end=63, n_frames=19/64): reward=-17.6250 (mean, 1 tok)
2026-04-29 18:58:01,470 mme_vla_suite.pseudo_labeling.topreward_qwen_scorer INFO: Prefix 10/16 (end=70, n_frames=21/71): reward=-18.5000 (mean, 1 tok)
2026-04-29 18:58:05,674 mme_vla_suite.pseudo_labeling.topreward_qwen_scorer INFO: Prefix 11/16 (end=77, n_frames=23/78): reward=-19.8750 (mean, 1 tok)
2026-04-29 18:58:09,906 mme_vla_suite.pseudo_labeling.topreward_qwen_scorer INFO: Prefix 12/16 (end=83, n_frames=25/84): reward=-20.1250 (mean, 1 tok)
2026-04-29 18:58:14,122 mme_vla_suite.pseudo_labeling.topreward_qwen_scorer INFO: Prefix 13/16 (end=90, n_frames=27/91): reward=-18.6250 (mean, 1 tok)
2026-04-29 18:58:18,352 mme_vla_suite.pseudo_labeling.topreward_qwen_scorer INFO: Prefix 14/16 (end=96, n_frames=29/97): reward=-16.6250 (mean, 1 tok)
2026-04-29 18:58:22,623 mme_vla_suite.pseudo_labeling.topreward_qwen_scorer INFO: Prefix 15/16 (end=103, n_frames=31/104): reward=-16.8750 (mean, 1 tok)
2026-04-29 18:58:26,899 mme_vla_suite.pseudo_labeling.topreward_qwen_scorer INFO: Prefix 16/16 (end=110, n_frames=33/111): reward=-17.5000 (mean, 1 tok)
2026-04-29 18:58:31,707 mme_vla_suite.pseudo_labeling.topreward_qwen_scorer INFO: Prefix 1/16 (end=10, n_frames=4/11): reward=-21.7500 (mean, 1 tok)
2026-04-29 18:58:35,833 mme_vla_suite.pseudo_labeling.topreward_qwen_scorer INFO: Prefix 2/16 (end=16, n_frames=5/17): reward=-21.2500 (mean, 1 tok)
2026-04-29 18:58:39,970 mme_vla_suite.pseudo_labeling.topreward_qwen_scorer INFO: Prefix 3/16 (end=22, n_frames=7/23): reward=-20.3750 (mean, 1 tok)
2026-04-29 18:58:44,123 mme_vla_suite.pseudo_labeling.topreward_qwen_scorer INFO: Prefix 4/16 (end=28, n_frames=9/29): reward=-20.3750 (mean, 1 tok)
2026-04-29 18:58:48,276 mme_vla_suite.pseudo_labeling.topreward_qwen_scorer INFO: Prefix 5/16 (end=34, n_frames=10/35): reward=-20.0000 (mean, 1 tok)
2026-04-29 18:58:52,445 mme_vla_suite.pseudo_labeling.topreward_qwen_scorer INFO: Prefix 6/16 (end=40, n_frames=12/41): reward=-19.6250 (mean, 1 tok)
2026-04-29 18:58:56,614 mme_vla_suite.pseudo_labeling.topreward_qwen_scorer INFO: Prefix 7/16 (end=46, n_frames=14/47): reward=-20.1250 (mean, 1 tok)
2026-04-29 18:59:00,754 mme_vla_suite.pseudo_labeling.topreward_qwen_scorer INFO: Prefix 8/16 (end=52, n_frames=16/53): reward=-21.8750 (mean, 1 tok)
2026-04-29 18:59:04,927 mme_vla_suite.pseudo_labeling.topreward_qwen_scorer INFO: Prefix 9/16 (end=59, n_frames=18/60): reward=-21.2500 (mean, 1 tok)
2026-04-29 18:59:09,113 mme_vla_suite.pseudo_labeling.topreward_qwen_scorer INFO: Prefix 10/16 (end=65, n_frames=20/66): reward=-21.3750 (mean, 1 tok)
2026-04-29 18:59:13,344 mme_vla_suite.pseudo_labeling.topreward_qwen_scorer INFO: Prefix 11/16 (end=71, n_frames=22/72): reward=-20.6250 (mean, 1 tok)
2026-04-29 18:59:17,598 mme_vla_suite.pseudo_labeling.topreward_qwen_scorer INFO: Prefix 12/16 (end=77, n_frames=23/78): reward=-22.6250 (mean, 1 tok)
2026-04-29 18:59:21,871 mme_vla_suite.pseudo_labeling.topreward_qwen_scorer INFO: Prefix 13/16 (end=83, n_frames=25/84): reward=-20.1250 (mean, 1 tok)
2026-04-29 18:59:26,103 mme_vla_suite.pseudo_labeling.topreward_qwen_scorer INFO: Prefix 14/16 (end=89, n_frames=27/90): reward=-22.7500 (mean, 1 tok)
2026-04-29 18:59:30,356 mme_vla_suite.pseudo_labeling.topreward_qwen_scorer INFO: Prefix 15/16 (end=95, n_frames=29/96): reward=-20.8750 (mean, 1 tok)
2026-04-29 18:59:34,610 mme_vla_suite.pseudo_labeling.topreward_qwen_scorer INFO: Prefix 16/16 (end=102, n_frames=31/103): reward=-16.6250 (mean, 1 tok)
2026-04-29 18:59:39,625 mme_vla_suite.pseudo_labeling.topreward_qwen_scorer INFO: Prefix 1/16 (end=11, n_frames=4/12): reward=-21.8750 (mean, 1 tok)
2026-04-29 18:59:43,830 mme_vla_suite.pseudo_labeling.topreward_qwen_scorer INFO: Prefix 2/16 (end=17, n_frames=5/18): reward=-21.3750 (mean, 1 tok)
2026-04-29 18:59:47,949 mme_vla_suite.pseudo_labeling.topreward_qwen_scorer INFO: Prefix 3/16 (end=24, n_frames=8/25): reward=-20.8750 (mean, 1 tok)
2026-04-29 18:59:52,091 mme_vla_suite.pseudo_labeling.topreward_qwen_scorer INFO: Prefix 4/16 (end=31, n_frames=10/32): reward=-20.8750 (mean, 1 tok)
2026-04-29 18:59:56,237 mme_vla_suite.pseudo_labeling.topreward_qwen_scorer INFO: Prefix 5/16 (end=37, n_frames=11/38): reward=-20.7500 (mean, 1 tok)
2026-04-29 19:00:00,405 mme_vla_suite.pseudo_labeling.topreward_qwen_scorer INFO: Prefix 6/16 (end=44, n_frames=14/45): reward=-20.5000 (mean, 1 tok)
2026-04-29 19:00:04,625 mme_vla_suite.pseudo_labeling.topreward_qwen_scorer INFO: Prefix 7/16 (end=51, n_frames=16/52): reward=-21.6250 (mean, 1 tok)
2026-04-29 19:00:08,817 mme_vla_suite.pseudo_labeling.topreward_qwen_scorer INFO: Prefix 8/16 (end=58, n_frames=18/59): reward=-21.2500 (mean, 1 tok)
2026-04-29 19:00:13,000 mme_vla_suite.pseudo_labeling.topreward_qwen_scorer INFO: Prefix 9/16 (end=64, n_frames=20/65): reward=-21.0000 (mean, 1 tok)
2026-04-29 19:00:17,177 mme_vla_suite.pseudo_labeling.topreward_qwen_scorer INFO: Prefix 10/16 (end=71, n_frames=22/72): reward=-20.6250 (mean, 1 tok)
2026-04-29 19:00:21,411 mme_vla_suite.pseudo_labeling.topreward_qwen_scorer INFO: Prefix 11/16 (end=78, n_frames=24/79): reward=-21.5000 (mean, 1 tok)
2026-04-29 19:00:25,667 mme_vla_suite.pseudo_labeling.topreward_qwen_scorer INFO: Prefix 12/16 (end=85, n_frames=26/86): reward=-20.6250 (mean, 1 tok)
2026-04-29 19:00:29,909 mme_vla_suite.pseudo_labeling.topreward_qwen_scorer INFO: Prefix 13/16 (end=91, n_frames=28/92): reward=-22.8750 (mean, 1 tok)
2026-04-29 19:00:34,149 mme_vla_suite.pseudo_labeling.topreward_qwen_scorer INFO: Prefix 14/16 (end=98, n_frames=30/99): reward=-20.0000 (mean, 1 tok)
2026-04-29 19:00:38,394 mme_vla_suite.pseudo_labeling.topreward_qwen_scorer INFO: Prefix 15/16 (end=105, n_frames=32/106): reward=-17.3750 (mean, 1 tok)
2026-04-29 19:00:42,670 mme_vla_suite.pseudo_labeling.topreward_qwen_scorer INFO: Prefix 16/16 (end=112, n_frames=34/113): reward=-17.7500 (mean, 1 tok)
2026-04-29 19:00:47,643 mme_vla_suite.pseudo_labeling.topreward_qwen_scorer INFO: Prefix 1/16 (end=11, n_frames=4/12): reward=-22.0000 (mean, 1 tok)
2026-04-29 19:00:51,786 mme_vla_suite.pseudo_labeling.topreward_qwen_scorer INFO: Prefix 2/16 (end=17, n_frames=5/18): reward=-22.5000 (mean, 1 tok)
2026-04-29 19:00:55,927 mme_vla_suite.pseudo_labeling.topreward_qwen_scorer INFO: Prefix 3/16 (end=24, n_frames=8/25): reward=-22.5000 (mean, 1 tok)
2026-04-29 19:01:00,082 mme_vla_suite.pseudo_labeling.topreward_qwen_scorer INFO: Prefix 4/16 (end=30, n_frames=9/31): reward=-22.0000 (mean, 1 tok)
2026-04-29 19:01:04,239 mme_vla_suite.pseudo_labeling.topreward_qwen_scorer INFO: Prefix 5/16 (end=37, n_frames=11/38): reward=-19.2500 (mean, 1 tok)
2026-04-29 19:01:08,416 mme_vla_suite.pseudo_labeling.topreward_qwen_scorer INFO: Prefix 6/16 (end=44, n_frames=14/45): reward=-18.3750 (mean, 1 tok)
2026-04-29 19:01:12,567 mme_vla_suite.pseudo_labeling.topreward_qwen_scorer INFO: Prefix 7/16 (end=50, n_frames=15/51): reward=-19.3750 (mean, 1 tok)
2026-04-29 19:01:16,722 mme_vla_suite.pseudo_labeling.topreward_qwen_scorer INFO: Prefix 8/16 (end=57, n_frames=17/58): reward=-18.7500 (mean, 1 tok)
2026-04-29 19:01:20,887 mme_vla_suite.pseudo_labeling.topreward_qwen_scorer INFO: Prefix 9/16 (end=63, n_frames=19/64): reward=-19.2500 (mean, 1 tok)
2026-04-29 19:01:25,082 mme_vla_suite.pseudo_labeling.topreward_qwen_scorer INFO: Prefix 10/16 (end=70, n_frames=21/71): reward=-18.3750 (mean, 1 tok)
2026-04-29 19:01:29,296 mme_vla_suite.pseudo_labeling.topreward_qwen_scorer INFO: Prefix 11/16 (end=77, n_frames=23/78): reward=-20.8750 (mean, 1 tok)
2026-04-29 19:01:33,553 mme_vla_suite.pseudo_labeling.topreward_qwen_scorer INFO: Prefix 12/16 (end=83, n_frames=25/84): reward=-21.0000 (mean, 1 tok)
2026-04-29 19:01:37,807 mme_vla_suite.pseudo_labeling.topreward_qwen_scorer INFO: Prefix 13/16 (end=90, n_frames=27/91): reward=-19.2500 (mean, 1 tok)
2026-04-29 19:01:42,053 mme_vla_suite.pseudo_labeling.topreward_qwen_scorer INFO: Prefix 14/16 (end=96, n_frames=29/97): reward=-17.2500 (mean, 1 tok)
2026-04-29 19:01:46,314 mme_vla_suite.pseudo_labeling.topreward_qwen_scorer INFO: Prefix 15/16 (end=103, n_frames=31/104): reward=-17.5000 (mean, 1 tok)
2026-04-29 19:01:50,572 mme_vla_suite.pseudo_labeling.topreward_qwen_scorer INFO: Prefix 16/16 (end=110, n_frames=33/111): reward=-17.6250 (mean, 1 tok)
2026-04-29 19:01:55,585 mme_vla_suite.pseudo_labeling.topreward_qwen_scorer INFO: Prefix 1/16 (end=10, n_frames=4/11): reward=-23.3750 (mean, 1 tok)
2026-04-29 19:01:59,720 mme_vla_suite.pseudo_labeling.topreward_qwen_scorer INFO: Prefix 2/16 (end=16, n_frames=5/17): reward=-23.6250 (mean, 1 tok)
2026-04-29 19:02:03,851 mme_vla_suite.pseudo_labeling.topreward_qwen_scorer INFO: Prefix 3/16 (end=22, n_frames=7/23): reward=-23.0000 (mean, 1 tok)
2026-04-29 19:02:08,060 mme_vla_suite.pseudo_labeling.topreward_qwen_scorer INFO: Prefix 4/16 (end=28, n_frames=9/29): reward=-23.0000 (mean, 1 tok)
2026-04-29 19:02:12,183 mme_vla_suite.pseudo_labeling.topreward_qwen_scorer INFO: Prefix 5/16 (end=34, n_frames=10/35): reward=-22.6250 (mean, 1 tok)
2026-04-29 19:02:16,319 mme_vla_suite.pseudo_labeling.topreward_qwen_scorer INFO: Prefix 6/16 (end=40, n_frames=12/41): reward=-22.2500 (mean, 1 tok)
2026-04-29 19:02:20,451 mme_vla_suite.pseudo_labeling.topreward_qwen_scorer INFO: Prefix 7/16 (end=46, n_frames=14/47): reward=-23.1250 (mean, 1 tok)
2026-04-29 19:02:24,600 mme_vla_suite.pseudo_labeling.topreward_qwen_scorer INFO: Prefix 8/16 (end=52, n_frames=16/53): reward=-23.2500 (mean, 1 tok)
2026-04-29 19:02:28,757 mme_vla_suite.pseudo_labeling.topreward_qwen_scorer INFO: Prefix 9/16 (end=58, n_frames=18/59): reward=-23.8750 (mean, 1 tok)
2026-04-29 19:02:32,931 mme_vla_suite.pseudo_labeling.topreward_qwen_scorer INFO: Prefix 10/16 (end=64, n_frames=20/65): reward=-24.1250 (mean, 1 tok)
2026-04-29 19:02:37,131 mme_vla_suite.pseudo_labeling.topreward_qwen_scorer INFO: Prefix 11/16 (end=70, n_frames=21/71): reward=-23.3750 (mean, 1 tok)
2026-04-29 19:02:41,356 mme_vla_suite.pseudo_labeling.topreward_qwen_scorer INFO: Prefix 12/16 (end=76, n_frames=23/77): reward=-23.6250 (mean, 1 tok)
2026-04-29 19:02:45,623 mme_vla_suite.pseudo_labeling.topreward_qwen_scorer INFO: Prefix 13/16 (end=82, n_frames=25/83): reward=-23.1250 (mean, 1 tok)
2026-04-29 19:02:49,860 mme_vla_suite.pseudo_labeling.topreward_qwen_scorer INFO: Prefix 14/16 (end=88, n_frames=27/89): reward=-24.0000 (mean, 1 tok)
2026-04-29 19:02:54,100 mme_vla_suite.pseudo_labeling.topreward_qwen_scorer INFO: Prefix 15/16 (end=94, n_frames=28/95): reward=-24.1250 (mean, 1 tok)
2026-04-29 19:02:58,355 mme_vla_suite.pseudo_labeling.topreward_qwen_scorer INFO: Prefix 16/16 (end=101, n_frames=31/102): reward=-18.5000 (mean, 1 tok)
2026-04-29 19:03:03,195 mme_vla_suite.pseudo_labeling.topreward_qwen_scorer INFO: Prefix 1/16 (end=11, n_frames=4/12): reward=-23.7500 (mean, 1 tok)
2026-04-29 19:03:07,327 mme_vla_suite.pseudo_labeling.topreward_qwen_scorer INFO: Prefix 2/16 (end=17, n_frames=5/18): reward=-23.5000 (mean, 1 tok)
2026-04-29 19:03:11,474 mme_vla_suite.pseudo_labeling.topreward_qwen_scorer INFO: Prefix 3/16 (end=24, n_frames=8/25): reward=-22.8750 (mean, 1 tok)
2026-04-29 19:03:15,622 mme_vla_suite.pseudo_labeling.topreward_qwen_scorer INFO: Prefix 4/16 (end=31, n_frames=10/32): reward=-23.0000 (mean, 1 tok)
2026-04-29 19:03:19,784 mme_vla_suite.pseudo_labeling.topreward_qwen_scorer INFO: Prefix 5/16 (end=37, n_frames=11/38): reward=-22.8750 (mean, 1 tok)
2026-04-29 19:03:23,956 mme_vla_suite.pseudo_labeling.topreward_qwen_scorer INFO: Prefix 6/16 (end=44, n_frames=14/45): reward=-23.1250 (mean, 1 tok)
2026-04-29 19:03:28,120 mme_vla_suite.pseudo_labeling.topreward_qwen_scorer INFO: Prefix 7/16 (end=51, n_frames=16/52): reward=-22.8750 (mean, 1 tok)
2026-04-29 19:03:32,292 mme_vla_suite.pseudo_labeling.topreward_qwen_scorer INFO: Prefix 8/16 (end=57, n_frames=17/58): reward=-23.5000 (mean, 1 tok)
2026-04-29 19:03:36,468 mme_vla_suite.pseudo_labeling.topreward_qwen_scorer INFO: Prefix 9/16 (end=64, n_frames=20/65): reward=-24.1250 (mean, 1 tok)
2026-04-29 19:03:40,697 mme_vla_suite.pseudo_labeling.topreward_qwen_scorer INFO: Prefix 10/16 (end=71, n_frames=22/72): reward=-23.6250 (mean, 1 tok)
2026-04-29 19:03:44,912 mme_vla_suite.pseudo_labeling.topreward_qwen_scorer INFO: Prefix 11/16 (end=77, n_frames=23/78): reward=-24.5000 (mean, 1 tok)
2026-04-29 19:03:49,141 mme_vla_suite.pseudo_labeling.topreward_qwen_scorer INFO: Prefix 12/16 (end=84, n_frames=26/85): reward=-23.0000 (mean, 1 tok)
2026-04-29 19:03:53,395 mme_vla_suite.pseudo_labeling.topreward_qwen_scorer INFO: Prefix 13/16 (end=91, n_frames=28/92): reward=-24.1250 (mean, 1 tok)
2026-04-29 19:03:57,637 mme_vla_suite.pseudo_labeling.topreward_qwen_scorer INFO: Prefix 14/16 (end=97, n_frames=29/98): reward=-23.7500 (mean, 1 tok)
2026-04-29 19:04:01,902 mme_vla_suite.pseudo_labeling.topreward_qwen_scorer INFO: Prefix 15/16 (end=104, n_frames=32/105): reward=-19.0000 (mean, 1 tok)
2026-04-29 19:04:06,175 mme_vla_suite.pseudo_labeling.topreward_qwen_scorer INFO: Prefix 16/16 (end=111, n_frames=34/112): reward=-17.2500 (mean, 1 tok)
