/coc/testnvme/shalbe3/miniconda/envs/robomme/lib/python3.11/site-packages/torch/cuda/__init__.py:63: FutureWarning: The pynvml package is deprecated. Please install nvidia-ml-py instead. If you did not install pynvml directly, please report this to the maintainers of the package that installed pynvml for you.
  import pynvml  # type: ignore[import]
`torch_dtype` is deprecated! Use `dtype` instead!
You are attempting to use Flash Attention 2 without specifying a torch dtype. This might lead to unexpected behaviour
2026-04-29 23:26:14,032 mme_vla_suite.pseudo_labeling.topreward_qwen_scorer WARNING: flash_attention_2 unavailable (/coc/testnvme/shalbe3/miniconda/envs/robomme/lib/python3.11/site-packages/flash_attn_2_cuda.cpython-311-x86_64-linux-gnu.so: undefined symbol: _ZNK3c106SymInt6sym_neERKS0_), using default attention
Loading checkpoint shards:   0%|          | 0/4 [00:00<?, ?it/s]Loading checkpoint shards:  25%|██▌       | 1/4 [00:13<00:41, 13.74s/it]Loading checkpoint shards:  50%|█████     | 2/4 [00:27<00:27, 13.98s/it]Loading checkpoint shards:  75%|███████▌  | 3/4 [00:42<00:14, 14.21s/it]Loading checkpoint shards: 100%|██████████| 4/4 [00:50<00:00, 11.74s/it]Loading checkpoint shards: 100%|██████████| 4/4 [00:50<00:00, 12.58s/it]
Asked to sample `fps` frames per second but no video metadata was provided which is required when sampling with `fps`. Defaulting to `fps=24`. Please provide `video_metadata` for more accurate results.
2026-04-29 23:27:14,251 mme_vla_suite.pseudo_labeling.topreward_qwen_scorer INFO: Prefix 1/8 (end=14, n_frames=4/15): reward=-21.2500 (mean, 1 tok)
2026-04-29 23:27:21,106 mme_vla_suite.pseudo_labeling.topreward_qwen_scorer INFO: Prefix 2/8 (end=32, n_frames=7/33): reward=-21.7500 (mean, 1 tok)
2026-04-29 23:27:28,014 mme_vla_suite.pseudo_labeling.topreward_qwen_scorer INFO: Prefix 3/8 (end=50, n_frames=10/51): reward=-19.7500 (mean, 1 tok)
2026-04-29 23:27:34,948 mme_vla_suite.pseudo_labeling.topreward_qwen_scorer INFO: Prefix 4/8 (end=68, n_frames=14/69): reward=-18.6250 (mean, 1 tok)
2026-04-29 23:27:41,893 mme_vla_suite.pseudo_labeling.topreward_qwen_scorer INFO: Prefix 5/8 (end=86, n_frames=17/87): reward=-17.8750 (mean, 1 tok)
2026-04-29 23:27:48,906 mme_vla_suite.pseudo_labeling.topreward_qwen_scorer INFO: Prefix 6/8 (end=104, n_frames=21/105): reward=-17.6250 (mean, 1 tok)
2026-04-29 23:27:55,881 mme_vla_suite.pseudo_labeling.topreward_qwen_scorer INFO: Prefix 7/8 (end=122, n_frames=25/123): reward=-16.8750 (mean, 1 tok)
2026-04-29 23:28:02,849 mme_vla_suite.pseudo_labeling.topreward_qwen_scorer INFO: Prefix 8/8 (end=141, n_frames=28/142): reward=-17.1250 (mean, 1 tok)
2026-04-29 23:28:10,511 mme_vla_suite.pseudo_labeling.topreward_qwen_scorer INFO: Prefix 1/8 (end=8, n_frames=4/9): reward=-18.1250 (mean, 1 tok)
2026-04-29 23:28:17,338 mme_vla_suite.pseudo_labeling.topreward_qwen_scorer INFO: Prefix 2/8 (end=18, n_frames=4/19): reward=-17.2500 (mean, 1 tok)
2026-04-29 23:28:24,186 mme_vla_suite.pseudo_labeling.topreward_qwen_scorer INFO: Prefix 3/8 (end=29, n_frames=6/30): reward=-17.1250 (mean, 1 tok)
2026-04-29 23:28:31,048 mme_vla_suite.pseudo_labeling.topreward_qwen_scorer INFO: Prefix 4/8 (end=39, n_frames=8/40): reward=-16.8750 (mean, 1 tok)
2026-04-29 23:28:37,879 mme_vla_suite.pseudo_labeling.topreward_qwen_scorer INFO: Prefix 5/8 (end=50, n_frames=10/51): reward=-16.5000 (mean, 1 tok)
2026-04-29 23:28:44,697 mme_vla_suite.pseudo_labeling.topreward_qwen_scorer INFO: Prefix 6/8 (end=60, n_frames=12/61): reward=-16.6250 (mean, 1 tok)
2026-04-29 23:28:51,550 mme_vla_suite.pseudo_labeling.topreward_qwen_scorer INFO: Prefix 7/8 (end=71, n_frames=14/72): reward=-16.2500 (mean, 1 tok)
2026-04-29 23:28:58,468 mme_vla_suite.pseudo_labeling.topreward_qwen_scorer INFO: Prefix 8/8 (end=82, n_frames=17/83): reward=-16.7500 (mean, 1 tok)
2026-04-29 23:29:06,102 mme_vla_suite.pseudo_labeling.topreward_qwen_scorer INFO: Prefix 1/8 (end=9, n_frames=4/10): reward=-22.3750 (mean, 1 tok)
2026-04-29 23:29:12,954 mme_vla_suite.pseudo_labeling.topreward_qwen_scorer INFO: Prefix 2/8 (end=21, n_frames=4/22): reward=-22.0000 (mean, 1 tok)
2026-04-29 23:29:19,831 mme_vla_suite.pseudo_labeling.topreward_qwen_scorer INFO: Prefix 3/8 (end=34, n_frames=7/35): reward=-21.3750 (mean, 1 tok)
2026-04-29 23:29:26,661 mme_vla_suite.pseudo_labeling.topreward_qwen_scorer INFO: Prefix 4/8 (end=46, n_frames=9/47): reward=-21.2500 (mean, 1 tok)
2026-04-29 23:29:33,546 mme_vla_suite.pseudo_labeling.topreward_qwen_scorer INFO: Prefix 5/8 (end=59, n_frames=12/60): reward=-21.6250 (mean, 1 tok)
2026-04-29 23:29:40,440 mme_vla_suite.pseudo_labeling.topreward_qwen_scorer INFO: Prefix 6/8 (end=71, n_frames=14/72): reward=-21.0000 (mean, 1 tok)
2026-04-29 23:29:47,363 mme_vla_suite.pseudo_labeling.topreward_qwen_scorer INFO: Prefix 7/8 (end=84, n_frames=17/85): reward=-19.7500 (mean, 1 tok)
2026-04-29 23:29:54,290 mme_vla_suite.pseudo_labeling.topreward_qwen_scorer INFO: Prefix 8/8 (end=97, n_frames=20/98): reward=-19.2500 (mean, 1 tok)
2026-04-29 23:30:02,154 mme_vla_suite.pseudo_labeling.topreward_qwen_scorer INFO: Prefix 1/8 (end=8, n_frames=4/9): reward=-18.2500 (mean, 1 tok)
2026-04-29 23:30:08,990 mme_vla_suite.pseudo_labeling.topreward_qwen_scorer INFO: Prefix 2/8 (end=18, n_frames=4/19): reward=-17.2500 (mean, 1 tok)
2026-04-29 23:30:15,798 mme_vla_suite.pseudo_labeling.topreward_qwen_scorer INFO: Prefix 3/8 (end=29, n_frames=6/30): reward=-16.8750 (mean, 1 tok)
2026-04-29 23:30:22,648 mme_vla_suite.pseudo_labeling.topreward_qwen_scorer INFO: Prefix 4/8 (end=40, n_frames=8/41): reward=-17.1250 (mean, 1 tok)
2026-04-29 23:30:29,512 mme_vla_suite.pseudo_labeling.topreward_qwen_scorer INFO: Prefix 5/8 (end=51, n_frames=10/52): reward=-16.0000 (mean, 1 tok)
2026-04-29 23:30:36,380 mme_vla_suite.pseudo_labeling.topreward_qwen_scorer INFO: Prefix 6/8 (end=62, n_frames=13/63): reward=-16.8750 (mean, 1 tok)
2026-04-29 23:30:43,271 mme_vla_suite.pseudo_labeling.topreward_qwen_scorer INFO: Prefix 7/8 (end=73, n_frames=15/74): reward=-16.1250 (mean, 1 tok)
2026-04-29 23:30:50,145 mme_vla_suite.pseudo_labeling.topreward_qwen_scorer INFO: Prefix 8/8 (end=84, n_frames=17/85): reward=-16.5000 (mean, 1 tok)
2026-04-29 23:30:58,220 mme_vla_suite.pseudo_labeling.topreward_qwen_scorer INFO: Prefix 1/8 (end=21, n_frames=4/22): reward=-21.7500 (mean, 1 tok)
2026-04-29 23:31:05,258 mme_vla_suite.pseudo_labeling.topreward_qwen_scorer INFO: Prefix 2/8 (end=48, n_frames=10/49): reward=-20.7500 (mean, 1 tok)
2026-04-29 23:31:12,342 mme_vla_suite.pseudo_labeling.topreward_qwen_scorer INFO: Prefix 3/8 (end=76, n_frames=15/77): reward=-21.0000 (mean, 1 tok)
2026-04-29 23:31:19,427 mme_vla_suite.pseudo_labeling.topreward_qwen_scorer INFO: Prefix 4/8 (end=104, n_frames=21/105): reward=-20.5000 (mean, 1 tok)
2026-04-29 23:31:26,564 mme_vla_suite.pseudo_labeling.topreward_qwen_scorer INFO: Prefix 5/8 (end=131, n_frames=26/132): reward=-21.1250 (mean, 1 tok)
2026-04-29 23:31:33,739 mme_vla_suite.pseudo_labeling.topreward_qwen_scorer INFO: Prefix 6/8 (end=159, n_frames=32/160): reward=-20.7500 (mean, 1 tok)
2026-04-29 23:31:40,882 mme_vla_suite.pseudo_labeling.topreward_qwen_scorer INFO: Prefix 7/8 (end=187, n_frames=38/188): reward=-20.6250 (mean, 1 tok)
2026-04-29 23:31:48,052 mme_vla_suite.pseudo_labeling.topreward_qwen_scorer INFO: Prefix 8/8 (end=215, n_frames=43/216): reward=-18.8750 (mean, 1 tok)
2026-04-29 23:31:55,812 mme_vla_suite.pseudo_labeling.topreward_qwen_scorer INFO: Prefix 1/8 (end=9, n_frames=4/10): reward=-18.0000 (mean, 1 tok)
2026-04-29 23:32:02,622 mme_vla_suite.pseudo_labeling.topreward_qwen_scorer INFO: Prefix 2/8 (end=21, n_frames=4/22): reward=-17.6250 (mean, 1 tok)
2026-04-29 23:32:09,502 mme_vla_suite.pseudo_labeling.topreward_qwen_scorer INFO: Prefix 3/8 (end=33, n_frames=7/34): reward=-16.8750 (mean, 1 tok)
2026-04-29 23:32:16,344 mme_vla_suite.pseudo_labeling.topreward_qwen_scorer INFO: Prefix 4/8 (end=45, n_frames=9/46): reward=-16.1250 (mean, 1 tok)
2026-04-29 23:32:23,184 mme_vla_suite.pseudo_labeling.topreward_qwen_scorer INFO: Prefix 5/8 (end=57, n_frames=12/58): reward=-16.8750 (mean, 1 tok)
2026-04-29 23:32:30,066 mme_vla_suite.pseudo_labeling.topreward_qwen_scorer INFO: Prefix 6/8 (end=69, n_frames=14/70): reward=-16.5000 (mean, 1 tok)
2026-04-29 23:32:36,919 mme_vla_suite.pseudo_labeling.topreward_qwen_scorer INFO: Prefix 7/8 (end=81, n_frames=16/82): reward=-16.5000 (mean, 1 tok)
2026-04-29 23:32:43,802 mme_vla_suite.pseudo_labeling.topreward_qwen_scorer INFO: Prefix 8/8 (end=93, n_frames=19/94): reward=-16.0000 (mean, 1 tok)
2026-04-29 23:32:51,437 mme_vla_suite.pseudo_labeling.topreward_qwen_scorer INFO: Prefix 1/8 (end=5, n_frames=4/6): reward=-20.1250 (mean, 1 tok)
2026-04-29 23:32:58,263 mme_vla_suite.pseudo_labeling.topreward_qwen_scorer INFO: Prefix 2/8 (end=11, n_frames=4/12): reward=-20.3750 (mean, 1 tok)
2026-04-29 23:33:05,075 mme_vla_suite.pseudo_labeling.topreward_qwen_scorer INFO: Prefix 3/8 (end=18, n_frames=4/19): reward=-20.1250 (mean, 1 tok)
2026-04-29 23:33:11,899 mme_vla_suite.pseudo_labeling.topreward_qwen_scorer INFO: Prefix 4/8 (end=25, n_frames=5/26): reward=-20.7500 (mean, 1 tok)
2026-04-29 23:33:18,716 mme_vla_suite.pseudo_labeling.topreward_qwen_scorer INFO: Prefix 5/8 (end=31, n_frames=6/32): reward=-20.1250 (mean, 1 tok)
2026-04-29 23:33:25,554 mme_vla_suite.pseudo_labeling.topreward_qwen_scorer INFO: Prefix 6/8 (end=38, n_frames=8/39): reward=-19.2500 (mean, 1 tok)
2026-04-29 23:33:32,411 mme_vla_suite.pseudo_labeling.topreward_qwen_scorer INFO: Prefix 7/8 (end=45, n_frames=9/46): reward=-18.7500 (mean, 1 tok)
2026-04-29 23:33:39,262 mme_vla_suite.pseudo_labeling.topreward_qwen_scorer INFO: Prefix 8/8 (end=52, n_frames=11/53): reward=-18.7500 (mean, 1 tok)
2026-04-29 23:33:46,895 mme_vla_suite.pseudo_labeling.topreward_qwen_scorer INFO: Prefix 1/8 (end=9, n_frames=4/10): reward=-20.5000 (mean, 1 tok)
2026-04-29 23:33:53,719 mme_vla_suite.pseudo_labeling.topreward_qwen_scorer INFO: Prefix 2/8 (end=21, n_frames=4/22): reward=-20.6250 (mean, 1 tok)
2026-04-29 23:34:00,567 mme_vla_suite.pseudo_labeling.topreward_qwen_scorer INFO: Prefix 3/8 (end=33, n_frames=7/34): reward=-20.5000 (mean, 1 tok)
2026-04-29 23:34:07,401 mme_vla_suite.pseudo_labeling.topreward_qwen_scorer INFO: Prefix 4/8 (end=45, n_frames=9/46): reward=-18.7500 (mean, 1 tok)
2026-04-29 23:34:14,229 mme_vla_suite.pseudo_labeling.topreward_qwen_scorer INFO: Prefix 5/8 (end=57, n_frames=12/58): reward=-19.3750 (mean, 1 tok)
2026-04-29 23:34:21,120 mme_vla_suite.pseudo_labeling.topreward_qwen_scorer INFO: Prefix 6/8 (end=69, n_frames=14/70): reward=-18.5000 (mean, 1 tok)
2026-04-29 23:34:28,022 mme_vla_suite.pseudo_labeling.topreward_qwen_scorer INFO: Prefix 7/8 (end=81, n_frames=16/82): reward=-18.3750 (mean, 1 tok)
2026-04-29 23:34:34,959 mme_vla_suite.pseudo_labeling.topreward_qwen_scorer INFO: Prefix 8/8 (end=94, n_frames=19/95): reward=-18.1250 (mean, 1 tok)
2026-04-29 23:34:42,668 mme_vla_suite.pseudo_labeling.topreward_qwen_scorer INFO: Prefix 1/8 (end=11, n_frames=4/12): reward=-20.3750 (mean, 1 tok)
2026-04-29 23:34:49,545 mme_vla_suite.pseudo_labeling.topreward_qwen_scorer INFO: Prefix 2/8 (end=25, n_frames=5/26): reward=-20.6250 (mean, 1 tok)
2026-04-29 23:34:56,424 mme_vla_suite.pseudo_labeling.topreward_qwen_scorer INFO: Prefix 3/8 (end=39, n_frames=8/40): reward=-18.3750 (mean, 1 tok)
2026-04-29 23:35:03,332 mme_vla_suite.pseudo_labeling.topreward_qwen_scorer INFO: Prefix 4/8 (end=53, n_frames=11/54): reward=-17.0000 (mean, 1 tok)
2026-04-29 23:35:10,242 mme_vla_suite.pseudo_labeling.topreward_qwen_scorer INFO: Prefix 5/8 (end=67, n_frames=14/68): reward=-18.0000 (mean, 1 tok)
2026-04-29 23:35:17,145 mme_vla_suite.pseudo_labeling.topreward_qwen_scorer INFO: Prefix 6/8 (end=81, n_frames=16/82): reward=-17.5000 (mean, 1 tok)
2026-04-29 23:35:24,018 mme_vla_suite.pseudo_labeling.topreward_qwen_scorer INFO: Prefix 7/8 (end=95, n_frames=19/96): reward=-17.2500 (mean, 1 tok)
2026-04-29 23:35:30,942 mme_vla_suite.pseudo_labeling.topreward_qwen_scorer INFO: Prefix 8/8 (end=109, n_frames=22/110): reward=-16.2500 (mean, 1 tok)
2026-04-29 23:35:38,664 mme_vla_suite.pseudo_labeling.topreward_qwen_scorer INFO: Prefix 1/8 (end=6, n_frames=4/7): reward=-18.0000 (mean, 1 tok)
2026-04-29 23:35:45,494 mme_vla_suite.pseudo_labeling.topreward_qwen_scorer INFO: Prefix 2/8 (end=13, n_frames=4/14): reward=-16.8750 (mean, 1 tok)
2026-04-29 23:35:52,327 mme_vla_suite.pseudo_labeling.topreward_qwen_scorer INFO: Prefix 3/8 (end=21, n_frames=4/22): reward=-16.2500 (mean, 1 tok)
2026-04-29 23:35:59,169 mme_vla_suite.pseudo_labeling.topreward_qwen_scorer INFO: Prefix 4/8 (end=28, n_frames=6/29): reward=-16.1250 (mean, 1 tok)
2026-04-29 23:36:05,994 mme_vla_suite.pseudo_labeling.topreward_qwen_scorer INFO: Prefix 5/8 (end=36, n_frames=7/37): reward=-15.7500 (mean, 1 tok)
2026-04-29 23:36:12,844 mme_vla_suite.pseudo_labeling.topreward_qwen_scorer INFO: Prefix 6/8 (end=43, n_frames=9/44): reward=-16.3750 (mean, 1 tok)
2026-04-29 23:36:19,683 mme_vla_suite.pseudo_labeling.topreward_qwen_scorer INFO: Prefix 7/8 (end=51, n_frames=10/52): reward=-17.0000 (mean, 1 tok)
2026-04-29 23:36:26,538 mme_vla_suite.pseudo_labeling.topreward_qwen_scorer INFO: Prefix 8/8 (end=59, n_frames=12/60): reward=-15.6250 (mean, 1 tok)
2026-04-29 23:36:34,194 mme_vla_suite.pseudo_labeling.topreward_qwen_scorer INFO: Prefix 1/8 (end=7, n_frames=4/8): reward=-21.3750 (mean, 1 tok)
2026-04-29 23:36:40,997 mme_vla_suite.pseudo_labeling.topreward_qwen_scorer INFO: Prefix 2/8 (end=15, n_frames=4/16): reward=-21.2500 (mean, 1 tok)
2026-04-29 23:36:47,824 mme_vla_suite.pseudo_labeling.topreward_qwen_scorer INFO: Prefix 3/8 (end=24, n_frames=5/25): reward=-20.3750 (mean, 1 tok)
2026-04-29 23:36:54,696 mme_vla_suite.pseudo_labeling.topreward_qwen_scorer INFO: Prefix 4/8 (end=33, n_frames=7/34): reward=-19.7500 (mean, 1 tok)
2026-04-29 23:37:01,552 mme_vla_suite.pseudo_labeling.topreward_qwen_scorer INFO: Prefix 5/8 (end=42, n_frames=9/43): reward=-19.6250 (mean, 1 tok)
2026-04-29 23:37:08,420 mme_vla_suite.pseudo_labeling.topreward_qwen_scorer INFO: Prefix 6/8 (end=51, n_frames=10/52): reward=-20.2500 (mean, 1 tok)
2026-04-29 23:37:15,258 mme_vla_suite.pseudo_labeling.topreward_qwen_scorer INFO: Prefix 7/8 (end=60, n_frames=12/61): reward=-18.0000 (mean, 1 tok)
2026-04-29 23:37:22,127 mme_vla_suite.pseudo_labeling.topreward_qwen_scorer INFO: Prefix 8/8 (end=69, n_frames=14/70): reward=-17.7500 (mean, 1 tok)
2026-04-29 23:37:29,722 mme_vla_suite.pseudo_labeling.topreward_qwen_scorer INFO: Prefix 1/8 (end=6, n_frames=4/7): reward=-17.7500 (mean, 1 tok)
2026-04-29 23:37:36,522 mme_vla_suite.pseudo_labeling.topreward_qwen_scorer INFO: Prefix 2/8 (end=13, n_frames=4/14): reward=-16.8750 (mean, 1 tok)
2026-04-29 23:37:43,323 mme_vla_suite.pseudo_labeling.topreward_qwen_scorer INFO: Prefix 3/8 (end=21, n_frames=4/22): reward=-16.8750 (mean, 1 tok)
2026-04-29 23:37:50,162 mme_vla_suite.pseudo_labeling.topreward_qwen_scorer INFO: Prefix 4/8 (end=29, n_frames=6/30): reward=-16.0000 (mean, 1 tok)
2026-04-29 23:37:56,983 mme_vla_suite.pseudo_labeling.topreward_qwen_scorer INFO: Prefix 5/8 (end=36, n_frames=7/37): reward=-16.5000 (mean, 1 tok)
2026-04-29 23:38:03,815 mme_vla_suite.pseudo_labeling.topreward_qwen_scorer INFO: Prefix 6/8 (end=44, n_frames=9/45): reward=-16.7500 (mean, 1 tok)
2026-04-29 23:38:10,670 mme_vla_suite.pseudo_labeling.topreward_qwen_scorer INFO: Prefix 7/8 (end=52, n_frames=11/53): reward=-16.3750 (mean, 1 tok)
2026-04-29 23:38:17,483 mme_vla_suite.pseudo_labeling.topreward_qwen_scorer INFO: Prefix 8/8 (end=60, n_frames=12/61): reward=-15.6250 (mean, 1 tok)
2026-04-29 23:38:25,357 mme_vla_suite.pseudo_labeling.topreward_qwen_scorer INFO: Prefix 1/8 (end=7, n_frames=4/8): reward=-21.1250 (mean, 1 tok)
2026-04-29 23:38:32,164 mme_vla_suite.pseudo_labeling.topreward_qwen_scorer INFO: Prefix 2/8 (end=16, n_frames=4/17): reward=-20.8750 (mean, 1 tok)
2026-04-29 23:38:39,028 mme_vla_suite.pseudo_labeling.topreward_qwen_scorer INFO: Prefix 3/8 (end=25, n_frames=5/26): reward=-19.8750 (mean, 1 tok)
2026-04-29 23:38:45,876 mme_vla_suite.pseudo_labeling.topreward_qwen_scorer INFO: Prefix 4/8 (end=34, n_frames=7/35): reward=-20.2500 (mean, 1 tok)
2026-04-29 23:38:52,719 mme_vla_suite.pseudo_labeling.topreward_qwen_scorer INFO: Prefix 5/8 (end=43, n_frames=9/44): reward=-19.8750 (mean, 1 tok)
2026-04-29 23:38:59,571 mme_vla_suite.pseudo_labeling.topreward_qwen_scorer INFO: Prefix 6/8 (end=52, n_frames=11/53): reward=-19.6250 (mean, 1 tok)
2026-04-29 23:39:06,414 mme_vla_suite.pseudo_labeling.topreward_qwen_scorer INFO: Prefix 7/8 (end=61, n_frames=12/62): reward=-18.6250 (mean, 1 tok)
2026-04-29 23:39:13,295 mme_vla_suite.pseudo_labeling.topreward_qwen_scorer INFO: Prefix 8/8 (end=70, n_frames=14/71): reward=-18.1250 (mean, 1 tok)
2026-04-29 23:39:20,895 mme_vla_suite.pseudo_labeling.topreward_qwen_scorer INFO: Prefix 1/8 (end=6, n_frames=4/7): reward=-18.1250 (mean, 1 tok)
2026-04-29 23:39:27,703 mme_vla_suite.pseudo_labeling.topreward_qwen_scorer INFO: Prefix 2/8 (end=13, n_frames=4/14): reward=-16.2500 (mean, 1 tok)
2026-04-29 23:39:34,515 mme_vla_suite.pseudo_labeling.topreward_qwen_scorer INFO: Prefix 3/8 (end=21, n_frames=4/22): reward=-16.1250 (mean, 1 tok)
2026-04-29 23:39:41,368 mme_vla_suite.pseudo_labeling.topreward_qwen_scorer INFO: Prefix 4/8 (end=29, n_frames=6/30): reward=-16.7500 (mean, 1 tok)
2026-04-29 23:39:48,220 mme_vla_suite.pseudo_labeling.topreward_qwen_scorer INFO: Prefix 5/8 (end=36, n_frames=7/37): reward=-16.8750 (mean, 1 tok)
2026-04-29 23:39:55,057 mme_vla_suite.pseudo_labeling.topreward_qwen_scorer INFO: Prefix 6/8 (end=44, n_frames=9/45): reward=-16.3750 (mean, 1 tok)
2026-04-29 23:40:01,920 mme_vla_suite.pseudo_labeling.topreward_qwen_scorer INFO: Prefix 7/8 (end=52, n_frames=11/53): reward=-17.0000 (mean, 1 tok)
2026-04-29 23:40:08,776 mme_vla_suite.pseudo_labeling.topreward_qwen_scorer INFO: Prefix 8/8 (end=60, n_frames=12/61): reward=-16.1250 (mean, 1 tok)
2026-04-29 23:40:16,155 mme_vla_suite.pseudo_labeling.topreward_qwen_scorer INFO: Prefix 1/8 (end=5, n_frames=4/6): reward=-21.3750 (mean, 1 tok)
2026-04-29 23:40:22,952 mme_vla_suite.pseudo_labeling.topreward_qwen_scorer INFO: Prefix 2/8 (end=11, n_frames=4/12): reward=-21.5000 (mean, 1 tok)
2026-04-29 23:40:29,762 mme_vla_suite.pseudo_labeling.topreward_qwen_scorer INFO: Prefix 3/8 (end=18, n_frames=4/19): reward=-20.2500 (mean, 1 tok)
2026-04-29 23:40:36,566 mme_vla_suite.pseudo_labeling.topreward_qwen_scorer INFO: Prefix 4/8 (end=24, n_frames=5/25): reward=-18.7500 (mean, 1 tok)
2026-04-29 23:40:43,380 mme_vla_suite.pseudo_labeling.topreward_qwen_scorer INFO: Prefix 5/8 (end=31, n_frames=6/32): reward=-18.6250 (mean, 1 tok)
2026-04-29 23:40:50,233 mme_vla_suite.pseudo_labeling.topreward_qwen_scorer INFO: Prefix 6/8 (end=37, n_frames=8/38): reward=-19.7500 (mean, 1 tok)
2026-04-29 23:40:57,094 mme_vla_suite.pseudo_labeling.topreward_qwen_scorer INFO: Prefix 7/8 (end=44, n_frames=9/45): reward=-19.2500 (mean, 1 tok)
2026-04-29 23:41:03,960 mme_vla_suite.pseudo_labeling.topreward_qwen_scorer INFO: Prefix 8/8 (end=51, n_frames=10/52): reward=-19.6250 (mean, 1 tok)
2026-04-29 23:41:11,406 mme_vla_suite.pseudo_labeling.topreward_qwen_scorer INFO: Prefix 1/8 (end=8, n_frames=4/9): reward=-21.6250 (mean, 1 tok)
2026-04-29 23:41:18,205 mme_vla_suite.pseudo_labeling.topreward_qwen_scorer INFO: Prefix 2/8 (end=19, n_frames=4/20): reward=-20.1250 (mean, 1 tok)
2026-04-29 23:41:24,989 mme_vla_suite.pseudo_labeling.topreward_qwen_scorer INFO: Prefix 3/8 (end=30, n_frames=6/31): reward=-18.5000 (mean, 1 tok)
2026-04-29 23:41:31,841 mme_vla_suite.pseudo_labeling.topreward_qwen_scorer INFO: Prefix 4/8 (end=42, n_frames=9/43): reward=-19.5000 (mean, 1 tok)
2026-04-29 23:41:38,704 mme_vla_suite.pseudo_labeling.topreward_qwen_scorer INFO: Prefix 5/8 (end=53, n_frames=11/54): reward=-19.1250 (mean, 1 tok)
2026-04-29 23:41:45,549 mme_vla_suite.pseudo_labeling.topreward_qwen_scorer INFO: Prefix 6/8 (end=65, n_frames=13/66): reward=-19.0000 (mean, 1 tok)
2026-04-29 23:41:52,411 mme_vla_suite.pseudo_labeling.topreward_qwen_scorer INFO: Prefix 7/8 (end=76, n_frames=15/77): reward=-20.0000 (mean, 1 tok)
2026-04-29 23:41:59,297 mme_vla_suite.pseudo_labeling.topreward_qwen_scorer INFO: Prefix 8/8 (end=88, n_frames=18/89): reward=-19.8750 (mean, 1 tok)
2026-04-29 23:42:07,015 mme_vla_suite.pseudo_labeling.topreward_qwen_scorer INFO: Prefix 1/8 (end=10, n_frames=4/11): reward=-21.2500 (mean, 1 tok)
2026-04-29 23:42:13,848 mme_vla_suite.pseudo_labeling.topreward_qwen_scorer INFO: Prefix 2/8 (end=23, n_frames=5/24): reward=-20.8750 (mean, 1 tok)
2026-04-29 23:42:20,696 mme_vla_suite.pseudo_labeling.topreward_qwen_scorer INFO: Prefix 3/8 (end=36, n_frames=7/37): reward=-17.6250 (mean, 1 tok)
2026-04-29 23:42:27,564 mme_vla_suite.pseudo_labeling.topreward_qwen_scorer INFO: Prefix 4/8 (end=49, n_frames=10/50): reward=-17.0000 (mean, 1 tok)
2026-04-29 23:42:34,426 mme_vla_suite.pseudo_labeling.topreward_qwen_scorer INFO: Prefix 5/8 (end=63, n_frames=13/64): reward=-17.5000 (mean, 1 tok)
2026-04-29 23:42:41,308 mme_vla_suite.pseudo_labeling.topreward_qwen_scorer INFO: Prefix 6/8 (end=76, n_frames=15/77): reward=-17.2500 (mean, 1 tok)
2026-04-29 23:42:48,214 mme_vla_suite.pseudo_labeling.topreward_qwen_scorer INFO: Prefix 7/8 (end=89, n_frames=18/90): reward=-16.2500 (mean, 1 tok)
2026-04-29 23:42:55,151 mme_vla_suite.pseudo_labeling.topreward_qwen_scorer INFO: Prefix 8/8 (end=103, n_frames=21/104): reward=-16.3750 (mean, 1 tok)
2026-04-29 23:43:02,913 mme_vla_suite.pseudo_labeling.topreward_qwen_scorer INFO: Prefix 1/8 (end=5, n_frames=4/6): reward=-19.2500 (mean, 1 tok)
2026-04-29 23:43:09,746 mme_vla_suite.pseudo_labeling.topreward_qwen_scorer INFO: Prefix 2/8 (end=11, n_frames=4/12): reward=-18.6250 (mean, 1 tok)
2026-04-29 23:43:16,561 mme_vla_suite.pseudo_labeling.topreward_qwen_scorer INFO: Prefix 3/8 (end=17, n_frames=4/18): reward=-17.2500 (mean, 1 tok)
2026-04-29 23:43:23,421 mme_vla_suite.pseudo_labeling.topreward_qwen_scorer INFO: Prefix 4/8 (end=23, n_frames=5/24): reward=-16.2500 (mean, 1 tok)
2026-04-29 23:43:30,266 mme_vla_suite.pseudo_labeling.topreward_qwen_scorer INFO: Prefix 5/8 (end=30, n_frames=6/31): reward=-16.6250 (mean, 1 tok)
2026-04-29 23:43:37,097 mme_vla_suite.pseudo_labeling.topreward_qwen_scorer INFO: Prefix 6/8 (end=36, n_frames=7/37): reward=-17.2500 (mean, 1 tok)
2026-04-29 23:43:43,954 mme_vla_suite.pseudo_labeling.topreward_qwen_scorer INFO: Prefix 7/8 (end=42, n_frames=9/43): reward=-16.8750 (mean, 1 tok)
2026-04-29 23:43:50,839 mme_vla_suite.pseudo_labeling.topreward_qwen_scorer INFO: Prefix 8/8 (end=49, n_frames=10/50): reward=-17.3750 (mean, 1 tok)
2026-04-29 23:43:58,450 mme_vla_suite.pseudo_labeling.topreward_qwen_scorer INFO: Prefix 1/8 (end=7, n_frames=4/8): reward=-21.5000 (mean, 1 tok)
2026-04-29 23:44:05,315 mme_vla_suite.pseudo_labeling.topreward_qwen_scorer INFO: Prefix 2/8 (end=16, n_frames=4/17): reward=-21.2500 (mean, 1 tok)
2026-04-29 23:44:12,151 mme_vla_suite.pseudo_labeling.topreward_qwen_scorer INFO: Prefix 3/8 (end=25, n_frames=5/26): reward=-20.3750 (mean, 1 tok)
2026-04-29 23:44:18,999 mme_vla_suite.pseudo_labeling.topreward_qwen_scorer INFO: Prefix 4/8 (end=34, n_frames=7/35): reward=-20.6250 (mean, 1 tok)
2026-04-29 23:44:25,857 mme_vla_suite.pseudo_labeling.topreward_qwen_scorer INFO: Prefix 5/8 (end=43, n_frames=9/44): reward=-19.7500 (mean, 1 tok)
2026-04-29 23:44:32,686 mme_vla_suite.pseudo_labeling.topreward_qwen_scorer INFO: Prefix 6/8 (end=52, n_frames=11/53): reward=-19.7500 (mean, 1 tok)
2026-04-29 23:44:39,552 mme_vla_suite.pseudo_labeling.topreward_qwen_scorer INFO: Prefix 7/8 (end=61, n_frames=12/62): reward=-19.8750 (mean, 1 tok)
2026-04-29 23:44:46,409 mme_vla_suite.pseudo_labeling.topreward_qwen_scorer INFO: Prefix 8/8 (end=70, n_frames=14/71): reward=-19.2500 (mean, 1 tok)
2026-04-29 23:44:54,099 mme_vla_suite.pseudo_labeling.topreward_qwen_scorer INFO: Prefix 1/8 (end=5, n_frames=4/6): reward=-19.2500 (mean, 1 tok)
2026-04-29 23:45:00,903 mme_vla_suite.pseudo_labeling.topreward_qwen_scorer INFO: Prefix 2/8 (end=11, n_frames=4/12): reward=-18.5000 (mean, 1 tok)
2026-04-29 23:45:07,724 mme_vla_suite.pseudo_labeling.topreward_qwen_scorer INFO: Prefix 3/8 (end=17, n_frames=4/18): reward=-17.8750 (mean, 1 tok)
2026-04-29 23:45:14,508 mme_vla_suite.pseudo_labeling.topreward_qwen_scorer INFO: Prefix 4/8 (end=23, n_frames=5/24): reward=-16.8750 (mean, 1 tok)
2026-04-29 23:45:21,346 mme_vla_suite.pseudo_labeling.topreward_qwen_scorer INFO: Prefix 5/8 (end=30, n_frames=6/31): reward=-16.6250 (mean, 1 tok)
2026-04-29 23:45:28,194 mme_vla_suite.pseudo_labeling.topreward_qwen_scorer INFO: Prefix 6/8 (end=36, n_frames=7/37): reward=-17.0000 (mean, 1 tok)
2026-04-29 23:45:35,002 mme_vla_suite.pseudo_labeling.topreward_qwen_scorer INFO: Prefix 7/8 (end=42, n_frames=9/43): reward=-16.8750 (mean, 1 tok)
2026-04-29 23:45:41,846 mme_vla_suite.pseudo_labeling.topreward_qwen_scorer INFO: Prefix 8/8 (end=49, n_frames=10/50): reward=-16.5000 (mean, 1 tok)
2026-04-29 23:45:49,579 mme_vla_suite.pseudo_labeling.topreward_qwen_scorer INFO: Prefix 1/8 (end=6, n_frames=4/7): reward=-23.8750 (mean, 1 tok)
2026-04-29 23:45:56,426 mme_vla_suite.pseudo_labeling.topreward_qwen_scorer INFO: Prefix 2/8 (end=14, n_frames=4/15): reward=-23.3750 (mean, 1 tok)
2026-04-29 23:46:03,283 mme_vla_suite.pseudo_labeling.topreward_qwen_scorer INFO: Prefix 3/8 (end=23, n_frames=5/24): reward=-17.8750 (mean, 1 tok)
2026-04-29 23:46:10,138 mme_vla_suite.pseudo_labeling.topreward_qwen_scorer INFO: Prefix 4/8 (end=31, n_frames=6/32): reward=-17.6250 (mean, 1 tok)
2026-04-29 23:46:17,007 mme_vla_suite.pseudo_labeling.topreward_qwen_scorer INFO: Prefix 5/8 (end=40, n_frames=8/41): reward=-17.8750 (mean, 1 tok)
2026-04-29 23:46:23,873 mme_vla_suite.pseudo_labeling.topreward_qwen_scorer INFO: Prefix 6/8 (end=48, n_frames=10/49): reward=-17.8750 (mean, 1 tok)
2026-04-29 23:46:30,765 mme_vla_suite.pseudo_labeling.topreward_qwen_scorer INFO: Prefix 7/8 (end=57, n_frames=12/58): reward=-18.2500 (mean, 1 tok)
2026-04-29 23:46:37,666 mme_vla_suite.pseudo_labeling.topreward_qwen_scorer INFO: Prefix 8/8 (end=66, n_frames=13/67): reward=-19.8750 (mean, 1 tok)
2026-04-29 23:46:45,303 mme_vla_suite.pseudo_labeling.topreward_qwen_scorer INFO: Prefix 1/8 (end=10, n_frames=4/11): reward=-23.2500 (mean, 1 tok)
2026-04-29 23:46:52,323 mme_vla_suite.pseudo_labeling.topreward_qwen_scorer INFO: Prefix 2/8 (end=23, n_frames=5/24): reward=-17.8750 (mean, 1 tok)
2026-04-29 23:46:59,196 mme_vla_suite.pseudo_labeling.topreward_qwen_scorer INFO: Prefix 3/8 (end=36, n_frames=7/37): reward=-17.3750 (mean, 1 tok)
2026-04-29 23:47:06,053 mme_vla_suite.pseudo_labeling.topreward_qwen_scorer INFO: Prefix 4/8 (end=50, n_frames=10/51): reward=-17.1250 (mean, 1 tok)
2026-04-29 23:47:12,921 mme_vla_suite.pseudo_labeling.topreward_qwen_scorer INFO: Prefix 5/8 (end=63, n_frames=13/64): reward=-17.7500 (mean, 1 tok)
2026-04-29 23:47:19,816 mme_vla_suite.pseudo_labeling.topreward_qwen_scorer INFO: Prefix 6/8 (end=77, n_frames=16/78): reward=-19.2500 (mean, 1 tok)
2026-04-29 23:47:26,665 mme_vla_suite.pseudo_labeling.topreward_qwen_scorer INFO: Prefix 7/8 (end=90, n_frames=18/91): reward=-18.6250 (mean, 1 tok)
2026-04-29 23:47:33,632 mme_vla_suite.pseudo_labeling.topreward_qwen_scorer INFO: Prefix 8/8 (end=104, n_frames=21/105): reward=-18.6250 (mean, 1 tok)
