]11;?[cmax_token_len:  64
====== Using History, Representation Type: perceptual , Integration Type: modulation ======
Perceptual Memory using rl_selector type

max_token_len: 64
Step 0: mean_reward=0.0005, mean_fm_selector=0.0573, mean_fm_uniform=0.0594, mean_entropy=5.4483, policy_loss=0.6723, value_loss=0.5289, approx_kl=-0.0000, grad_norm=25.4297
Step 10: mean_reward=0.0035, mean_fm_selector=0.0645, mean_fm_uniform=0.0697, mean_entropy=5.3863, policy_loss=-0.0490, value_loss=0.0024, approx_kl=-0.0133, grad_norm=0.8987
Step 20: mean_reward=-0.0040, mean_fm_selector=0.0470, mean_fm_uniform=0.0450, mean_entropy=5.3119, policy_loss=0.0037, value_loss=0.0006, approx_kl=0.0037, grad_norm=0.2313
Step 30: mean_reward=0.0104, mean_fm_selector=0.0473, mean_fm_uniform=0.0594, mean_entropy=5.4849, policy_loss=0.0145, value_loss=0.0021, approx_kl=0.0010, grad_norm=0.3710
Step 40: mean_reward=0.0035, mean_fm_selector=0.0484, mean_fm_uniform=0.0537, mean_entropy=5.3207, policy_loss=-0.0395, value_loss=0.0015, approx_kl=-0.0044, grad_norm=0.1856
Step 50: mean_reward=-0.0002, mean_fm_selector=0.0445, mean_fm_uniform=0.0459, mean_entropy=5.5085, policy_loss=0.0053, value_loss=0.0007, approx_kl=0.0001, grad_norm=0.1365
Step 60: mean_reward=-0.0001, mean_fm_selector=0.0467, mean_fm_uniform=0.0486, mean_entropy=5.2611, policy_loss=-0.0017, value_loss=0.0021, approx_kl=-0.0001, grad_norm=0.1744
Step 70: mean_reward=-0.0061, mean_fm_selector=0.0523, mean_fm_uniform=0.0483, mean_entropy=5.1992, policy_loss=0.0024, value_loss=0.0011, approx_kl=0.0001, grad_norm=0.0917
Step 80: mean_reward=-0.0092, mean_fm_selector=0.0588, mean_fm_uniform=0.0517, mean_entropy=5.2587, policy_loss=-0.0087, value_loss=0.0010, approx_kl=-0.0001, grad_norm=0.0660
Step 90: mean_reward=0.0031, mean_fm_selector=0.0477, mean_fm_uniform=0.0526, mean_entropy=5.4138, policy_loss=0.0010, value_loss=0.0006, approx_kl=-0.0002, grad_norm=0.0074
Step 100: mean_reward=-0.0035, mean_fm_selector=0.0514, mean_fm_uniform=0.0502, mean_entropy=5.1503, policy_loss=-0.0027, value_loss=0.0002, approx_kl=0.0252, grad_norm=0.0052
Step 110: mean_reward=-0.0039, mean_fm_selector=0.0520, mean_fm_uniform=0.0497, mean_entropy=5.4552, policy_loss=-0.0032, value_loss=0.0014, approx_kl=-0.0000, grad_norm=0.0078
Step 120: mean_reward=0.0043, mean_fm_selector=0.0691, mean_fm_uniform=0.0752, mean_entropy=5.3165, policy_loss=-0.0034, value_loss=0.0018, approx_kl=0.0000, grad_norm=0.0102
Step 130: mean_reward=-0.0004, mean_fm_selector=0.0425, mean_fm_uniform=0.0444, mean_entropy=5.1203, policy_loss=-0.0020, value_loss=0.0004, approx_kl=0.0003, grad_norm=0.0041
Step 140: mean_reward=0.0023, mean_fm_selector=0.0462, mean_fm_uniform=0.0508, mean_entropy=5.1579, policy_loss=-0.0060, value_loss=0.0012, approx_kl=0.0045, grad_norm=0.0068
Step 150: mean_reward=-0.0043, mean_fm_selector=0.0527, mean_fm_uniform=0.0499, mean_entropy=5.4458, policy_loss=0.0023, value_loss=0.0017, approx_kl=0.0002, grad_norm=0.0075
Step 160: mean_reward=-0.0004, mean_fm_selector=0.0710, mean_fm_uniform=0.0726, mean_entropy=5.2006, policy_loss=-0.0020, value_loss=0.0007, approx_kl=-0.0005, grad_norm=0.0039
Step 170: mean_reward=0.0002, mean_fm_selector=0.0455, mean_fm_uniform=0.0474, mean_entropy=5.3733, policy_loss=-0.0010, value_loss=0.0013, approx_kl=0.0055, grad_norm=0.0068
Step 180: mean_reward=0.0025, mean_fm_selector=0.0489, mean_fm_uniform=0.0529, mean_entropy=5.4937, policy_loss=-0.0062, value_loss=0.0028, approx_kl=-0.0001, grad_norm=0.0091
Step 190: mean_reward=-0.0084, mean_fm_selector=0.0585, mean_fm_uniform=0.0524, mean_entropy=5.0712, policy_loss=0.0076, value_loss=0.0026, approx_kl=0.0000, grad_norm=0.0092
Step 200: mean_reward=0.0005, mean_fm_selector=0.0539, mean_fm_uniform=0.0564, mean_entropy=5.3427, policy_loss=-0.0007, value_loss=0.0011, approx_kl=-0.0000, grad_norm=0.0060
Step 210: mean_reward=0.0046, mean_fm_selector=0.0480, mean_fm_uniform=0.0544, mean_entropy=5.4069, policy_loss=-0.0099, value_loss=0.0007, approx_kl=0.0000, grad_norm=0.0092
Step 220: mean_reward=0.0008, mean_fm_selector=0.0708, mean_fm_uniform=0.0737, mean_entropy=5.1953, policy_loss=-0.0069, value_loss=0.0004, approx_kl=0.0037, grad_norm=0.0089
Step 230: mean_reward=0.0016, mean_fm_selector=0.0564, mean_fm_uniform=0.0599, mean_entropy=5.2807, policy_loss=-0.0022, value_loss=0.0002, approx_kl=-0.0040, grad_norm=0.0025
Step 240: mean_reward=0.0024, mean_fm_selector=0.0479, mean_fm_uniform=0.0522, mean_entropy=5.3514, policy_loss=-0.0036, value_loss=0.0002, approx_kl=0.0071, grad_norm=0.0037
Step 250: mean_reward=0.0017, mean_fm_selector=0.0493, mean_fm_uniform=0.0528, mean_entropy=5.4248, policy_loss=-0.0014, value_loss=0.0020, approx_kl=-0.0000, grad_norm=0.0067
Step 260: mean_reward=0.0011, mean_fm_selector=0.0501, mean_fm_uniform=0.0529, mean_entropy=5.4042, policy_loss=0.0007, value_loss=0.0025, approx_kl=-0.0018, grad_norm=0.0108
Step 270: mean_reward=0.0035, mean_fm_selector=0.0579, mean_fm_uniform=0.0633, mean_entropy=5.2576, policy_loss=-0.0058, value_loss=0.0018, approx_kl=0.0133, grad_norm=0.0089
Step 280: mean_reward=-0.0071, mean_fm_selector=0.0582, mean_fm_uniform=0.0530, mean_entropy=5.2898, policy_loss=0.0063, value_loss=0.0010, approx_kl=0.0340, grad_norm=0.0071
Step 290: mean_reward=0.0004, mean_fm_selector=0.0543, mean_fm_uniform=0.0567, mean_entropy=5.3372, policy_loss=-0.0002, value_loss=0.0004, approx_kl=-0.0000, grad_norm=0.0031
Step 300: mean_reward=0.0008, mean_fm_selector=0.0569, mean_fm_uniform=0.0591, mean_entropy=5.4937, policy_loss=-0.0045, value_loss=0.0016, approx_kl=0.0000, grad_norm=0.0079
Step 310: mean_reward=-0.0049, mean_fm_selector=0.0622, mean_fm_uniform=0.0592, mean_entropy=5.2823, policy_loss=0.0051, value_loss=0.0022, approx_kl=0.0075, grad_norm=0.0105
Step 320: mean_reward=-0.0009, mean_fm_selector=0.0355, mean_fm_uniform=0.0367, mean_entropy=5.1764, policy_loss=0.0025, value_loss=0.0003, approx_kl=0.0075, grad_norm=0.0044
Step 330: mean_reward=-0.0022, mean_fm_selector=0.0649, mean_fm_uniform=0.0648, mean_entropy=5.2114, policy_loss=0.0005, value_loss=0.0010, approx_kl=-0.0001, grad_norm=0.0049
Step 340: mean_reward=0.0024, mean_fm_selector=0.0456, mean_fm_uniform=0.0497, mean_entropy=5.3907, policy_loss=-0.0031, value_loss=0.0007, approx_kl=0.0001, grad_norm=0.0052
Step 350: mean_reward=-0.0075, mean_fm_selector=0.0647, mean_fm_uniform=0.0588, mean_entropy=5.4130, policy_loss=0.0056, value_loss=0.0014, approx_kl=0.0716, grad_norm=0.0069
Step 360: mean_reward=-0.0086, mean_fm_selector=0.0585, mean_fm_uniform=0.0515, mean_entropy=5.5218, policy_loss=0.0088, value_loss=0.0029, approx_kl=0.0086, grad_norm=0.0100
Step 370: mean_reward=-0.0017, mean_fm_selector=0.0504, mean_fm_uniform=0.0507, mean_entropy=5.2345, policy_loss=0.0027, value_loss=0.0008, approx_kl=0.0079, grad_norm=0.0061
Step 380: mean_reward=0.0007, mean_fm_selector=0.0594, mean_fm_uniform=0.0623, mean_entropy=5.1394, policy_loss=-0.0059, value_loss=0.0009, approx_kl=0.0208, grad_norm=0.0080
Step 390: mean_reward=-0.0007, mean_fm_selector=0.0576, mean_fm_uniform=0.0587, mean_entropy=5.3214, policy_loss=-0.0022, value_loss=0.0007, approx_kl=0.0001, grad_norm=0.0054
Step 400: mean_reward=-0.0041, mean_fm_selector=0.0391, mean_fm_uniform=0.0370, mean_entropy=5.3061, policy_loss=0.0034, value_loss=0.0004, approx_kl=0.0000, grad_norm=0.0042
Step 410: mean_reward=-0.0092, mean_fm_selector=0.0538, mean_fm_uniform=0.0467, mean_entropy=5.2245, policy_loss=0.0099, value_loss=0.0021, approx_kl=0.1061, grad_norm=0.0122
Step 420: mean_reward=-0.0005, mean_fm_selector=0.0564, mean_fm_uniform=0.0576, mean_entropy=5.3502, policy_loss=-0.0008, value_loss=0.0004, approx_kl=-0.0001, grad_norm=0.0035
Step 430: mean_reward=0.0006, mean_fm_selector=0.0542, mean_fm_uniform=0.0561, mean_entropy=5.5054, policy_loss=0.0001, value_loss=0.0011, approx_kl=-0.0000, grad_norm=0.0071
Step 440: mean_reward=0.0034, mean_fm_selector=0.0368, mean_fm_uniform=0.0420, mean_entropy=5.2832, policy_loss=-0.0020, value_loss=0.0009, approx_kl=0.0022, grad_norm=0.0067
Step 450: mean_reward=0.0008, mean_fm_selector=0.0467, mean_fm_uniform=0.0495, mean_entropy=5.2130, policy_loss=-0.0027, value_loss=0.0011, approx_kl=0.0000, grad_norm=0.0057
Step 460: mean_reward=-0.0005, mean_fm_selector=0.0521, mean_fm_uniform=0.0534, mean_entropy=5.3945, policy_loss=-0.0021, value_loss=0.0007, approx_kl=-0.0000, grad_norm=0.0057
Step 470: mean_reward=0.0028, mean_fm_selector=0.0586, mean_fm_uniform=0.0633, mean_entropy=5.2995, policy_loss=-0.0034, value_loss=0.0013, approx_kl=0.0000, grad_norm=0.0077
Step 480: mean_reward=-0.0007, mean_fm_selector=0.0490, mean_fm_uniform=0.0500, mean_entropy=5.4194, policy_loss=-0.0036, value_loss=0.0011, approx_kl=-0.0000, grad_norm=0.0065
Step 490: mean_reward=0.0002, mean_fm_selector=0.0451, mean_fm_uniform=0.0470, mean_entropy=5.4419, policy_loss=-0.0010, value_loss=0.0008, approx_kl=0.0193, grad_norm=0.0066
Step 500: mean_reward=-0.0067, mean_fm_selector=0.0533, mean_fm_uniform=0.0486, mean_entropy=5.2730, policy_loss=-0.0055, value_loss=0.2761, approx_kl=0.0187, grad_norm=8.2693
Step 510: mean_reward=-0.0002, mean_fm_selector=0.0543, mean_fm_uniform=0.0563, mean_entropy=5.1908, policy_loss=0.0014, value_loss=0.0015, approx_kl=0.0001, grad_norm=0.0061
Step 520: mean_reward=-0.0081, mean_fm_selector=0.0487, mean_fm_uniform=0.0425, mean_entropy=5.3466, policy_loss=0.0036, value_loss=0.0019, approx_kl=0.0152, grad_norm=0.0077
Step 530: mean_reward=0.0007, mean_fm_selector=0.0462, mean_fm_uniform=0.0489, mean_entropy=5.2613, policy_loss=-0.0028, value_loss=0.0004, approx_kl=-0.0010, grad_norm=0.0046
Step 540: mean_reward=0.0058, mean_fm_selector=0.0639, mean_fm_uniform=0.0717, mean_entropy=5.1962, policy_loss=-0.0070, value_loss=0.0034, approx_kl=0.0001, grad_norm=0.0125
Step 550: mean_reward=0.0028, mean_fm_selector=0.0621, mean_fm_uniform=0.0665, mean_entropy=5.3907, policy_loss=-0.0029, value_loss=0.0006, approx_kl=0.0044, grad_norm=0.0063
Step 560: mean_reward=-0.0075, mean_fm_selector=0.0504, mean_fm_uniform=0.0448, mean_entropy=5.3377, policy_loss=0.0053, value_loss=0.0017, approx_kl=0.0004, grad_norm=0.0078
Step 570: mean_reward=-0.0037, mean_fm_selector=0.0453, mean_fm_uniform=0.0437, mean_entropy=5.2762, policy_loss=0.0019, value_loss=0.0007, approx_kl=0.0002, grad_norm=0.0041
Step 580: mean_reward=0.0011, mean_fm_selector=0.0466, mean_fm_uniform=0.0498, mean_entropy=5.2666, policy_loss=-0.0064, value_loss=0.0003, approx_kl=0.0300, grad_norm=0.0066
Step 590: mean_reward=-0.0072, mean_fm_selector=0.0556, mean_fm_uniform=0.0507, mean_entropy=5.1867, policy_loss=0.0041, value_loss=0.0023, approx_kl=0.0000, grad_norm=0.0071
Step 600: mean_reward=-0.0058, mean_fm_selector=0.0603, mean_fm_uniform=0.0566, mean_entropy=5.2696, policy_loss=0.0041, value_loss=0.0014, approx_kl=0.0063, grad_norm=0.0076
Step 610: mean_reward=-0.0020, mean_fm_selector=0.0532, mean_fm_uniform=0.0532, mean_entropy=5.2488, policy_loss=-0.0012, value_loss=0.0013, approx_kl=0.0290, grad_norm=0.0073
Step 620: mean_reward=-0.0002, mean_fm_selector=0.0481, mean_fm_uniform=0.0494, mean_entropy=5.4702, policy_loss=0.0024, value_loss=0.0018, approx_kl=-0.0000, grad_norm=0.0074
Step 630: mean_reward=0.0030, mean_fm_selector=0.0557, mean_fm_uniform=0.0606, mean_entropy=5.3458, policy_loss=-0.0089, value_loss=0.0009, approx_kl=-0.0001, grad_norm=0.0086
Step 640: mean_reward=-0.0016, mean_fm_selector=0.0350, mean_fm_uniform=0.0349, mean_entropy=5.4977, policy_loss=0.0049, value_loss=0.0007, approx_kl=0.0099, grad_norm=0.0081
Step 650: mean_reward=-0.0051, mean_fm_selector=0.0538, mean_fm_uniform=0.0504, mean_entropy=5.4007, policy_loss=0.0031, value_loss=0.0012, approx_kl=0.0315, grad_norm=0.0095
Step 660: mean_reward=-0.0033, mean_fm_selector=0.0554, mean_fm_uniform=0.0540, mean_entropy=5.3338, policy_loss=0.0053, value_loss=0.0007, approx_kl=0.0109, grad_norm=0.0054
Step 670: mean_reward=0.0023, mean_fm_selector=0.0543, mean_fm_uniform=0.0589, mean_entropy=5.1649, policy_loss=0.0001, value_loss=0.0003, approx_kl=-0.0004, grad_norm=0.0034
Step 680: mean_reward=-0.0029, mean_fm_selector=0.0606, mean_fm_uniform=0.0595, mean_entropy=5.2837, policy_loss=0.0035, value_loss=0.0009, approx_kl=-0.0000, grad_norm=0.0060
Step 690: mean_reward=-0.0008, mean_fm_selector=0.0517, mean_fm_uniform=0.0527, mean_entropy=5.3342, policy_loss=-0.0006, value_loss=0.0017, approx_kl=-0.0003, grad_norm=0.0061
Step 700: mean_reward=-0.0011, mean_fm_selector=0.0659, mean_fm_uniform=0.0664, mean_entropy=5.4041, policy_loss=-0.0051, value_loss=0.0020, approx_kl=-0.0013, grad_norm=0.0126
Step 710: mean_reward=0.0024, mean_fm_selector=0.0439, mean_fm_uniform=0.0488, mean_entropy=5.0874, policy_loss=-0.0054, value_loss=0.0006, approx_kl=0.0377, grad_norm=0.0064
Step 720: mean_reward=0.0022, mean_fm_selector=0.0646, mean_fm_uniform=0.0688, mean_entropy=5.2118, policy_loss=-0.0013, value_loss=0.0016, approx_kl=0.0096, grad_norm=0.0105
Step 730: mean_reward=0.0036, mean_fm_selector=0.0505, mean_fm_uniform=0.0557, mean_entropy=5.4623, policy_loss=-0.0057, value_loss=0.0011, approx_kl=-0.0000, grad_norm=0.0086
Step 740: mean_reward=-0.0040, mean_fm_selector=0.0331, mean_fm_uniform=0.0311, mean_entropy=5.3363, policy_loss=0.0031, value_loss=0.0004, approx_kl=0.0000, grad_norm=0.0050
Step 750: mean_reward=0.0005, mean_fm_selector=0.0532, mean_fm_uniform=0.0558, mean_entropy=5.2341, policy_loss=-0.0020, value_loss=0.0005, approx_kl=0.0198, grad_norm=0.0050
Step 760: mean_reward=-0.0027, mean_fm_selector=0.0559, mean_fm_uniform=0.0552, mean_entropy=5.2812, policy_loss=-0.0014, value_loss=0.0025, approx_kl=-0.0000, grad_norm=0.0072
Step 770: mean_reward=0.0036, mean_fm_selector=0.0399, mean_fm_uniform=0.0453, mean_entropy=5.4054, policy_loss=-0.0082, value_loss=0.0008, approx_kl=0.0044, grad_norm=0.0074
Step 780: mean_reward=-0.0020, mean_fm_selector=0.0595, mean_fm_uniform=0.0596, mean_entropy=5.1861, policy_loss=0.0011, value_loss=0.0006, approx_kl=0.0041, grad_norm=0.0070
Step 790: mean_reward=-0.0066, mean_fm_selector=0.0416, mean_fm_uniform=0.0372, mean_entropy=5.2045, policy_loss=0.0047, value_loss=0.0013, approx_kl=0.0059, grad_norm=0.0074
Step 800: mean_reward=0.0019, mean_fm_selector=0.0529, mean_fm_uniform=0.0566, mean_entropy=5.4146, policy_loss=-0.0006, value_loss=0.0006, approx_kl=0.0000, grad_norm=0.0039
Step 810: mean_reward=0.0001, mean_fm_selector=0.0462, mean_fm_uniform=0.0482, mean_entropy=5.2937, policy_loss=0.0037, value_loss=0.0009, approx_kl=0.0001, grad_norm=0.0046
Step 820: mean_reward=0.0001, mean_fm_selector=0.0606, mean_fm_uniform=0.0620, mean_entropy=5.5022, policy_loss=-0.0023, value_loss=0.0007, approx_kl=-0.0000, grad_norm=0.0055
Step 830: mean_reward=-0.0040, mean_fm_selector=0.0471, mean_fm_uniform=0.0450, mean_entropy=5.3039, policy_loss=0.0022, value_loss=0.0007, approx_kl=0.0094, grad_norm=0.0054
Step 840: mean_reward=0.0005, mean_fm_selector=0.0448, mean_fm_uniform=0.0476, mean_entropy=5.2266, policy_loss=-0.0057, value_loss=0.0014, approx_kl=-0.0019, grad_norm=0.0078
Step 850: mean_reward=-0.0056, mean_fm_selector=0.0467, mean_fm_uniform=0.0436, mean_entropy=5.0187, policy_loss=0.0011, value_loss=0.0003, approx_kl=0.0073, grad_norm=0.0046
Step 860: mean_reward=-0.0013, mean_fm_selector=0.0417, mean_fm_uniform=0.0427, mean_entropy=5.1330, policy_loss=-0.0054, value_loss=0.0002, approx_kl=-0.0002, grad_norm=0.0058
Step 870: mean_reward=-0.0054, mean_fm_selector=0.0548, mean_fm_uniform=0.0512, mean_entropy=5.4276, policy_loss=-0.0010, value_loss=0.0029, approx_kl=0.0003, grad_norm=0.0596
Step 880: mean_reward=-0.0025, mean_fm_selector=0.0428, mean_fm_uniform=0.0420, mean_entropy=5.4104, policy_loss=0.0029, value_loss=0.0007, approx_kl=-0.0000, grad_norm=0.0051
Step 890: mean_reward=-0.0002, mean_fm_selector=0.0539, mean_fm_uniform=0.0552, mean_entropy=5.3848, policy_loss=-0.0021, value_loss=0.0005, approx_kl=0.0042, grad_norm=0.0050
Step 900: mean_reward=-0.0015, mean_fm_selector=0.0584, mean_fm_uniform=0.0588, mean_entropy=5.2776, policy_loss=0.0006, value_loss=0.0002, approx_kl=0.0020, grad_norm=0.0034
Step 910: mean_reward=-0.0028, mean_fm_selector=0.0491, mean_fm_uniform=0.0483, mean_entropy=5.3634, policy_loss=0.0027, value_loss=0.0006, approx_kl=-0.0002, grad_norm=0.0050
Step 920: mean_reward=-0.0096, mean_fm_selector=0.0562, mean_fm_uniform=0.0486, mean_entropy=5.2779, policy_loss=0.0063, value_loss=0.0028, approx_kl=0.0001, grad_norm=0.0101
Step 930: mean_reward=0.0032, mean_fm_selector=0.0510, mean_fm_uniform=0.0563, mean_entropy=5.2314, policy_loss=-0.0069, value_loss=0.0005, approx_kl=-0.0106, grad_norm=0.0080
Step 940: mean_reward=0.0010, mean_fm_selector=0.0577, mean_fm_uniform=0.0603, mean_entropy=5.3868, policy_loss=-0.0029, value_loss=0.0048, approx_kl=0.0026, grad_norm=0.0131
Step 950: mean_reward=0.0022, mean_fm_selector=0.0514, mean_fm_uniform=0.0551, mean_entropy=5.4536, policy_loss=-0.0043, value_loss=0.0009, approx_kl=0.0001, grad_norm=0.0056
Step 960: mean_reward=0.0007, mean_fm_selector=0.0589, mean_fm_uniform=0.0615, mean_entropy=5.3018, policy_loss=-0.0022, value_loss=0.0013, approx_kl=-0.0001, grad_norm=0.0064
Step 970: mean_reward=0.0015, mean_fm_selector=0.0468, mean_fm_uniform=0.0503, mean_entropy=5.3045, policy_loss=-0.0063, value_loss=0.0022, approx_kl=0.0064, grad_norm=0.0166
Step 980: mean_reward=-0.0010, mean_fm_selector=0.0492, mean_fm_uniform=0.0507, mean_entropy=5.0751, policy_loss=0.0039, value_loss=0.0007, approx_kl=0.0356, grad_norm=0.0105
Step 990: mean_reward=-0.0142, mean_fm_selector=0.0700, mean_fm_uniform=0.0576, mean_entropy=5.4091, policy_loss=0.0073, value_loss=0.0026, approx_kl=-0.0000, grad_norm=0.0113
Step 1000: mean_reward=-0.0018, mean_fm_selector=0.0584, mean_fm_uniform=0.0587, mean_entropy=5.3119, policy_loss=-0.0030, value_loss=0.0009, approx_kl=0.0247, grad_norm=0.0123
Step 1010: mean_reward=0.0089, mean_fm_selector=0.0439, mean_fm_uniform=0.0546, mean_entropy=5.3791, policy_loss=-0.0067, value_loss=0.0026, approx_kl=0.0055, grad_norm=0.0106
Step 1020: mean_reward=-0.0024, mean_fm_selector=0.0476, mean_fm_uniform=0.0473, mean_entropy=5.2195, policy_loss=-0.0011, value_loss=0.0004, approx_kl=-0.0055, grad_norm=0.0049
Step 1030: mean_reward=-0.0096, mean_fm_selector=0.0608, mean_fm_uniform=0.0530, mean_entropy=5.3810, policy_loss=0.0096, value_loss=0.0031, approx_kl=-0.0001, grad_norm=0.0108
Step 1040: mean_reward=0.0026, mean_fm_selector=0.0431, mean_fm_uniform=0.0477, mean_entropy=5.2281, policy_loss=-0.0040, value_loss=0.0010, approx_kl=0.0000, grad_norm=0.0058
Step 1050: mean_reward=0.0062, mean_fm_selector=0.0501, mean_fm_uniform=0.0582, mean_entropy=5.3383, policy_loss=-0.0057, value_loss=0.0011, approx_kl=-0.0001, grad_norm=0.0071
Step 1060: mean_reward=0.0026, mean_fm_selector=0.0633, mean_fm_uniform=0.0680, mean_entropy=5.2375, policy_loss=-0.0021, value_loss=0.0012, approx_kl=0.0039, grad_norm=0.0076
Step 1070: mean_reward=-0.0030, mean_fm_selector=0.0549, mean_fm_uniform=0.0538, mean_entropy=5.3161, policy_loss=-0.0001, value_loss=0.0006, approx_kl=-0.0000, grad_norm=0.0044
Step 1080: mean_reward=0.0026, mean_fm_selector=0.0630, mean_fm_uniform=0.0675, mean_entropy=5.3198, policy_loss=-0.0052, value_loss=0.0005, approx_kl=0.0427, grad_norm=0.0081
Step 1090: mean_reward=0.0019, mean_fm_selector=0.0482, mean_fm_uniform=0.0520, mean_entropy=5.3140, policy_loss=-0.0064, value_loss=0.0004, approx_kl=-0.0026, grad_norm=0.0064
Step 1100: mean_reward=0.0007, mean_fm_selector=0.0532, mean_fm_uniform=0.0557, mean_entropy=5.3111, policy_loss=-0.0053, value_loss=0.0010, approx_kl=0.0010, grad_norm=0.0070
Step 1110: mean_reward=0.0013, mean_fm_selector=0.0475, mean_fm_uniform=0.0510, mean_entropy=5.2322, policy_loss=-0.0022, value_loss=0.0021, approx_kl=0.0030, grad_norm=0.0090
Step 1120: mean_reward=-0.0049, mean_fm_selector=0.0497, mean_fm_uniform=0.0465, mean_entropy=5.4476, policy_loss=0.0056, value_loss=0.0007, approx_kl=0.0000, grad_norm=0.0073
Step 1130: mean_reward=0.0082, mean_fm_selector=0.0489, mean_fm_uniform=0.0591, mean_entropy=5.2844, policy_loss=-0.0087, value_loss=0.0021, approx_kl=0.0244, grad_norm=0.0126
Step 1140: mean_reward=0.0058, mean_fm_selector=0.0483, mean_fm_uniform=0.0556, mean_entropy=5.4738, policy_loss=-0.0059, value_loss=0.0005, approx_kl=0.0068, grad_norm=0.0067
Step 1150: mean_reward=-0.0013, mean_fm_selector=0.0620, mean_fm_uniform=0.0624, mean_entropy=5.3678, policy_loss=0.0013, value_loss=0.0008, approx_kl=0.0000, grad_norm=0.0042
Step 1160: mean_reward=-0.0027, mean_fm_selector=0.0575, mean_fm_uniform=0.0568, mean_entropy=5.2119, policy_loss=0.0010, value_loss=0.0019, approx_kl=-0.0000, grad_norm=0.0094
Step 1170: mean_reward=-0.0040, mean_fm_selector=0.0447, mean_fm_uniform=0.0425, mean_entropy=5.4092, policy_loss=0.0035, value_loss=0.0004, approx_kl=-0.0000, grad_norm=0.0039
Step 1180: mean_reward=0.0026, mean_fm_selector=0.0457, mean_fm_uniform=0.0505, mean_entropy=5.1714, policy_loss=-0.0027, value_loss=0.0006, approx_kl=0.0001, grad_norm=0.0034
Step 1190: mean_reward=0.0014, mean_fm_selector=0.0500, mean_fm_uniform=0.0533, mean_entropy=5.3557, policy_loss=-0.0057, value_loss=0.0004, approx_kl=0.0057, grad_norm=0.0091
Step 1200: mean_reward=-0.0033, mean_fm_selector=0.0418, mean_fm_uniform=0.0405, mean_entropy=5.3136, policy_loss=0.0012, value_loss=0.0005, approx_kl=-0.0000, grad_norm=0.0044
Step 1210: mean_reward=0.0018, mean_fm_selector=0.0554, mean_fm_uniform=0.0591, mean_entropy=5.3662, policy_loss=-0.0047, value_loss=0.0014, approx_kl=0.0061, grad_norm=0.0066
Step 1220: mean_reward=0.0020, mean_fm_selector=0.0538, mean_fm_uniform=0.0574, mean_entropy=5.3994, policy_loss=-0.0046, value_loss=0.0010, approx_kl=0.0013, grad_norm=0.0067
Step 1230: mean_reward=0.0028, mean_fm_selector=0.0601, mean_fm_uniform=0.0649, mean_entropy=5.3428, policy_loss=-0.0058, value_loss=0.0010, approx_kl=0.0120, grad_norm=0.0110
Step 1240: mean_reward=0.0014, mean_fm_selector=0.0415, mean_fm_uniform=0.0447, mean_entropy=5.3357, policy_loss=-0.0018, value_loss=0.0003, approx_kl=-0.0007, grad_norm=0.0050
Step 1250: mean_reward=-0.0043, mean_fm_selector=0.0737, mean_fm_uniform=0.0710, mean_entropy=5.4509, policy_loss=0.0009, value_loss=0.0021, approx_kl=-0.0000, grad_norm=0.0101
Step 1260: mean_reward=0.0079, mean_fm_selector=0.0550, mean_fm_uniform=0.0646, mean_entropy=5.4482, policy_loss=-0.0087, value_loss=0.0012, approx_kl=-0.0001, grad_norm=0.0094
Step 1270: mean_reward=0.0027, mean_fm_selector=0.0589, mean_fm_uniform=0.0635, mean_entropy=5.3213, policy_loss=-0.0019, value_loss=0.0011, approx_kl=-0.0099, grad_norm=0.0075
Step 1280: mean_reward=-0.0004, mean_fm_selector=0.0514, mean_fm_uniform=0.0529, mean_entropy=5.3695, policy_loss=-0.0004, value_loss=0.0004, approx_kl=-0.0000, grad_norm=0.0028
Step 1290: mean_reward=-0.0025, mean_fm_selector=0.0422, mean_fm_uniform=0.0414, mean_entropy=5.3147, policy_loss=0.0011, value_loss=0.0005, approx_kl=-0.0000, grad_norm=0.0047
Step 1300: mean_reward=0.0041, mean_fm_selector=0.0565, mean_fm_uniform=0.0625, mean_entropy=5.2581, policy_loss=-0.0079, value_loss=0.0021, approx_kl=0.0000, grad_norm=0.0094
Step 1310: mean_reward=-0.0091, mean_fm_selector=0.0690, mean_fm_uniform=0.0618, mean_entropy=5.3868, policy_loss=0.0084, value_loss=0.0026, approx_kl=-0.0000, grad_norm=0.0104
Step 1320: mean_reward=0.0026, mean_fm_selector=0.0482, mean_fm_uniform=0.0524, mean_entropy=5.3543, policy_loss=-0.0056, value_loss=0.0010, approx_kl=-0.0000, grad_norm=0.0046
Step 1330: mean_reward=0.0017, mean_fm_selector=0.0688, mean_fm_uniform=0.0719, mean_entropy=5.4790, policy_loss=-0.0007, value_loss=0.0016, approx_kl=-0.0000, grad_norm=0.0083
Step 1340: mean_reward=0.0028, mean_fm_selector=0.0635, mean_fm_uniform=0.0680, mean_entropy=5.4334, policy_loss=-0.0055, value_loss=0.0013, approx_kl=0.0013, grad_norm=0.0088
Step 1350: mean_reward=-0.0028, mean_fm_selector=0.0508, mean_fm_uniform=0.0499, mean_entropy=5.3623, policy_loss=-0.0004, value_loss=0.0006, approx_kl=0.0195, grad_norm=0.0061
Step 1360: mean_reward=0.0069, mean_fm_selector=0.0343, mean_fm_uniform=0.0431, mean_entropy=5.3332, policy_loss=-0.0096, value_loss=0.0025, approx_kl=0.0017, grad_norm=0.0121
Step 1370: mean_reward=-0.0018, mean_fm_selector=0.0523, mean_fm_uniform=0.0521, mean_entropy=5.4848, policy_loss=0.0012, value_loss=0.0009, approx_kl=0.0220, grad_norm=0.0078
Step 1380: mean_reward=-0.0090, mean_fm_selector=0.0667, mean_fm_uniform=0.0601, mean_entropy=5.1482, policy_loss=0.0076, value_loss=0.0024, approx_kl=0.0231, grad_norm=0.0107
Step 1390: mean_reward=-0.0022, mean_fm_selector=0.0659, mean_fm_uniform=0.0655, mean_entropy=5.3632, policy_loss=0.0034, value_loss=0.0037, approx_kl=0.0187, grad_norm=0.0121
Step 1400: mean_reward=0.0021, mean_fm_selector=0.0452, mean_fm_uniform=0.0488, mean_entropy=5.4443, policy_loss=-0.0039, value_loss=0.0009, approx_kl=-0.0000, grad_norm=0.0052
Step 1410: mean_reward=-0.0002, mean_fm_selector=0.0510, mean_fm_uniform=0.0526, mean_entropy=5.3076, policy_loss=0.0003, value_loss=0.0008, approx_kl=0.0001, grad_norm=0.0049
Step 1420: mean_reward=0.0045, mean_fm_selector=0.0653, mean_fm_uniform=0.0720, mean_entropy=5.2108, policy_loss=-0.0022, value_loss=0.0016, approx_kl=0.0343, grad_norm=0.0101
Step 1430: mean_reward=-0.0016, mean_fm_selector=0.0398, mean_fm_uniform=0.0400, mean_entropy=5.3736, policy_loss=0.0014, value_loss=0.0006, approx_kl=0.0001, grad_norm=0.0033
Step 1440: mean_reward=-0.0053, mean_fm_selector=0.0572, mean_fm_uniform=0.0538, mean_entropy=5.3610, policy_loss=0.0036, value_loss=0.0014, approx_kl=0.0054, grad_norm=0.0085
Step 1450: mean_reward=0.0023, mean_fm_selector=0.0346, mean_fm_uniform=0.0387, mean_entropy=5.3278, policy_loss=-0.0014, value_loss=0.0004, approx_kl=0.0072, grad_norm=0.0051
Step 1460: mean_reward=-0.0038, mean_fm_selector=0.0504, mean_fm_uniform=0.0486, mean_entropy=5.3342, policy_loss=0.0039, value_loss=0.0008, approx_kl=0.0019, grad_norm=0.0060
Step 1470: mean_reward=0.0004, mean_fm_selector=0.0467, mean_fm_uniform=0.0492, mean_entropy=5.2494, policy_loss=-0.0016, value_loss=0.0018, approx_kl=0.0000, grad_norm=0.0068
Step 1480: mean_reward=0.0011, mean_fm_selector=0.0583, mean_fm_uniform=0.0614, mean_entropy=5.3155, policy_loss=-0.0014, value_loss=0.0008, approx_kl=0.0038, grad_norm=0.0052
Step 1490: mean_reward=0.0003, mean_fm_selector=0.0420, mean_fm_uniform=0.0438, mean_entropy=5.4087, policy_loss=-0.0013, value_loss=0.0005, approx_kl=0.0000, grad_norm=0.0045
Step 1500: mean_reward=0.0019, mean_fm_selector=0.0402, mean_fm_uniform=0.0439, mean_entropy=5.4108, policy_loss=-0.0022, value_loss=0.0006, approx_kl=0.0075, grad_norm=0.0062
Step 1510: mean_reward=0.0021, mean_fm_selector=0.0449, mean_fm_uniform=0.0492, mean_entropy=5.2489, policy_loss=-0.0059, value_loss=0.0009, approx_kl=0.0004, grad_norm=0.0084
Step 1520: mean_reward=-0.0019, mean_fm_selector=0.0644, mean_fm_uniform=0.0639, mean_entropy=5.4595, policy_loss=0.0020, value_loss=0.0009, approx_kl=-0.0000, grad_norm=0.0057
Step 1530: mean_reward=0.0038, mean_fm_selector=0.0688, mean_fm_uniform=0.0746, mean_entropy=5.3187, policy_loss=-0.0029, value_loss=0.0012, approx_kl=0.0174, grad_norm=0.0069
Step 1540: mean_reward=-0.0005, mean_fm_selector=0.0626, mean_fm_uniform=0.0644, mean_entropy=5.1891, policy_loss=-0.0029, value_loss=0.0011, approx_kl=0.0028, grad_norm=0.0065
Step 1550: mean_reward=-0.0048, mean_fm_selector=0.0531, mean_fm_uniform=0.0506, mean_entropy=5.1655, policy_loss=0.0036, value_loss=0.0019, approx_kl=0.0006, grad_norm=0.0087
Step 1560: mean_reward=0.0007, mean_fm_selector=0.0520, mean_fm_uniform=0.0548, mean_entropy=5.2617, policy_loss=0.0005, value_loss=0.0007, approx_kl=0.0000, grad_norm=0.0046
Step 1570: mean_reward=-0.0011, mean_fm_selector=0.0404, mean_fm_uniform=0.0411, mean_entropy=5.3017, policy_loss=0.0047, value_loss=0.0024, approx_kl=-0.0001, grad_norm=0.0108
Step 1580: mean_reward=-0.0057, mean_fm_selector=0.0592, mean_fm_uniform=0.0555, mean_entropy=5.3253, policy_loss=0.0046, value_loss=0.0021, approx_kl=0.0102, grad_norm=0.0088
Step 1590: mean_reward=-0.0025, mean_fm_selector=0.0526, mean_fm_uniform=0.0520, mean_entropy=5.3244, policy_loss=0.0022, value_loss=0.0008, approx_kl=0.0206, grad_norm=0.0067
Step 1600: mean_reward=0.0027, mean_fm_selector=0.0560, mean_fm_uniform=0.0611, mean_entropy=5.1527, policy_loss=-0.0069, value_loss=0.0007, approx_kl=0.0005, grad_norm=0.0081
Step 1610: mean_reward=0.0014, mean_fm_selector=0.0337, mean_fm_uniform=0.0374, mean_entropy=5.1838, policy_loss=-0.0036, value_loss=0.0004, approx_kl=0.0087, grad_norm=0.0053
Step 1620: mean_reward=0.0006, mean_fm_selector=0.0447, mean_fm_uniform=0.0470, mean_entropy=5.5249, policy_loss=-0.0024, value_loss=0.0009, approx_kl=-0.0002, grad_norm=0.0059
Step 1630: mean_reward=-0.0007, mean_fm_selector=0.0435, mean_fm_uniform=0.0450, mean_entropy=5.2746, policy_loss=0.0021, value_loss=0.0011, approx_kl=0.0291, grad_norm=0.0096
Step 1640: mean_reward=0.0035, mean_fm_selector=0.0410, mean_fm_uniform=0.0463, mean_entropy=5.3608, policy_loss=-0.0066, value_loss=0.0015, approx_kl=-0.0000, grad_norm=0.0086
Step 1650: mean_reward=-0.0020, mean_fm_selector=0.0492, mean_fm_uniform=0.0490, mean_entropy=5.3224, policy_loss=-0.0016, value_loss=0.0010, approx_kl=0.0000, grad_norm=0.0056
Step 1660: mean_reward=0.0001, mean_fm_selector=0.0458, mean_fm_uniform=0.0478, mean_entropy=5.3266, policy_loss=-0.0021, value_loss=0.0006, approx_kl=0.0087, grad_norm=0.0069
Step 1670: mean_reward=-0.0065, mean_fm_selector=0.0455, mean_fm_uniform=0.0411, mean_entropy=5.2004, policy_loss=0.0052, value_loss=0.0010, approx_kl=0.0053, grad_norm=0.0089
Step 1680: mean_reward=-0.0038, mean_fm_selector=0.0679, mean_fm_uniform=0.0661, mean_entropy=5.3361, policy_loss=0.0043, value_loss=0.0018, approx_kl=0.0034, grad_norm=0.0084
Step 1690: mean_reward=0.0031, mean_fm_selector=0.0367, mean_fm_uniform=0.0416, mean_entropy=5.4039, policy_loss=-0.0008, value_loss=0.0014, approx_kl=-0.0001, grad_norm=0.0066
Step 1700: mean_reward=-0.0037, mean_fm_selector=0.0407, mean_fm_uniform=0.0394, mean_entropy=5.1355, policy_loss=0.0035, value_loss=0.0006, approx_kl=0.0098, grad_norm=0.0069
Step 1710: mean_reward=0.0033, mean_fm_selector=0.0611, mean_fm_uniform=0.0662, mean_entropy=5.4959, policy_loss=-0.0052, value_loss=0.0030, approx_kl=-0.0001, grad_norm=0.0094
Step 1720: mean_reward=-0.0035, mean_fm_selector=0.0517, mean_fm_uniform=0.0501, mean_entropy=5.3878, policy_loss=0.0031, value_loss=0.0010, approx_kl=0.0032, grad_norm=0.0078
Step 1730: mean_reward=-0.0083, mean_fm_selector=0.0607, mean_fm_uniform=0.0540, mean_entropy=5.4126, policy_loss=0.0104, value_loss=0.0020, approx_kl=0.0117, grad_norm=0.0121
Step 1740: mean_reward=-0.0122, mean_fm_selector=0.0484, mean_fm_uniform=0.0377, mean_entropy=5.5587, policy_loss=0.0110, value_loss=0.0043, approx_kl=0.0000, grad_norm=0.0104
Step 1750: mean_reward=0.0014, mean_fm_selector=0.0418, mean_fm_uniform=0.0451, mean_entropy=5.3326, policy_loss=0.0009, value_loss=0.0043, approx_kl=0.0000, grad_norm=0.0112
Step 1760: mean_reward=-0.0024, mean_fm_selector=0.0465, mean_fm_uniform=0.0460, mean_entropy=5.3861, policy_loss=0.0047, value_loss=0.0008, approx_kl=0.0139, grad_norm=0.0080
Step 1770: mean_reward=-0.0034, mean_fm_selector=0.0493, mean_fm_uniform=0.0481, mean_entropy=5.1527, policy_loss=-0.0001, value_loss=0.0009, approx_kl=0.0175, grad_norm=0.0092
Step 1780: mean_reward=0.0054, mean_fm_selector=0.0523, mean_fm_uniform=0.0594, mean_entropy=5.4257, policy_loss=-0.0074, value_loss=0.0017, approx_kl=0.0182, grad_norm=0.0161
Step 1790: mean_reward=-0.0021, mean_fm_selector=0.0514, mean_fm_uniform=0.0514, mean_entropy=5.2280, policy_loss=0.0021, value_loss=0.0005, approx_kl=0.0029, grad_norm=0.0063
Step 1800: mean_reward=0.0032, mean_fm_selector=0.0570, mean_fm_uniform=0.0621, mean_entropy=5.2991, policy_loss=-0.0024, value_loss=0.0023, approx_kl=-0.0001, grad_norm=0.0099
Step 1810: mean_reward=-0.0178, mean_fm_selector=0.0618, mean_fm_uniform=0.0460, mean_entropy=5.2789, policy_loss=0.0164, value_loss=0.0037, approx_kl=0.0032, grad_norm=0.0164
Step 1820: mean_reward=0.0027, mean_fm_selector=0.0388, mean_fm_uniform=0.0434, mean_entropy=5.3442, policy_loss=-0.0075, value_loss=0.0004, approx_kl=0.0008, grad_norm=0.0091
Step 1830: mean_reward=-0.0033, mean_fm_selector=0.0558, mean_fm_uniform=0.0544, mean_entropy=5.3407, policy_loss=0.0029, value_loss=0.0008, approx_kl=-0.0000, grad_norm=0.0063
Step 1840: mean_reward=-0.0019, mean_fm_selector=0.0491, mean_fm_uniform=0.0494, mean_entropy=5.1304, policy_loss=-0.0005, value_loss=0.0005, approx_kl=-0.0076, grad_norm=0.0048
Step 1850: mean_reward=-0.0047, mean_fm_selector=0.0553, mean_fm_uniform=0.0529, mean_entropy=5.2200, policy_loss=0.0048, value_loss=0.0009, approx_kl=0.0099, grad_norm=0.0105
Step 1860: mean_reward=-0.0028, mean_fm_selector=0.0589, mean_fm_uniform=0.0580, mean_entropy=5.3091, policy_loss=0.0044, value_loss=0.0004, approx_kl=0.0005, grad_norm=0.0066
Step 1870: mean_reward=-0.0034, mean_fm_selector=0.0531, mean_fm_uniform=0.0518, mean_entropy=5.2482, policy_loss=0.0027, value_loss=0.0014, approx_kl=-0.0000, grad_norm=0.0068
Step 1880: mean_reward=0.0021, mean_fm_selector=0.0399, mean_fm_uniform=0.0436, mean_entropy=5.4296, policy_loss=-0.0068, value_loss=0.0012, approx_kl=0.0000, grad_norm=0.0082
Step 1890: mean_reward=0.0029, mean_fm_selector=0.0525, mean_fm_uniform=0.0573, mean_entropy=5.3561, policy_loss=-0.0022, value_loss=0.0007, approx_kl=-0.0009, grad_norm=0.0056
Step 1900: mean_reward=-0.0044, mean_fm_selector=0.0535, mean_fm_uniform=0.0506, mean_entropy=5.4730, policy_loss=0.0047, value_loss=0.0044, approx_kl=-0.0000, grad_norm=0.0111
Step 1910: mean_reward=-0.0042, mean_fm_selector=0.0551, mean_fm_uniform=0.0528, mean_entropy=5.2841, policy_loss=0.0023, value_loss=0.0006, approx_kl=0.0116, grad_norm=0.0071
