Job started at Fri May  8 01:27:48 AM EDT 2026
Running on node: optimistprime.cc.gatech.edu
GPUs allocated: 0,1,2,3,4,5,6,7
Fri May  8 01:27:48 2026       
+-----------------------------------------------------------------------------------------+
| NVIDIA-SMI 595.58.03              Driver Version: 595.58.03      CUDA Version: 13.2     |
+-----------------------------------------+------------------------+----------------------+
| GPU  Name                 Persistence-M | Bus-Id          Disp.A | Volatile Uncorr. ECC |
| Fan  Temp   Perf          Pwr:Usage/Cap |           Memory-Usage | GPU-Util  Compute M. |
|                                         |                        |               MIG M. |
|=========================================+========================+======================|
|   0  NVIDIA A40                     On  |   00000000:01:00.0 Off |                    0 |
|  0%   31C    P8             21W /  300W |       0MiB /  46068MiB |      0%      Default |
|                                         |                        |                  N/A |
+-----------------------------------------+------------------------+----------------------+
|   1  NVIDIA A40                     On  |   00000000:25:00.0 Off |                    0 |
|  0%   27C    P8             21W /  300W |       0MiB /  46068MiB |      0%      Default |
|                                         |                        |                  N/A |
+-----------------------------------------+------------------------+----------------------+
|   2  NVIDIA A40                     On  |   00000000:41:00.0 Off |                    0 |
|  0%   26C    P8             20W /  300W |       0MiB /  46068MiB |      0%      Default |
|                                         |                        |                  N/A |
+-----------------------------------------+------------------------+----------------------+
|   3  NVIDIA A40                     On  |   00000000:61:00.0 Off |                    0 |
|  0%   25C    P8             28W /  300W |       0MiB /  46068MiB |      0%      Default |
|                                         |                        |                  N/A |
+-----------------------------------------+------------------------+----------------------+
|   4  NVIDIA A40                     On  |   00000000:81:00.0 Off |                    0 |
|  0%   25C    P8             21W /  300W |       0MiB /  46068MiB |      0%      Default |
|                                         |                        |                  N/A |
+-----------------------------------------+------------------------+----------------------+
|   5  NVIDIA A40                     On  |   00000000:A1:00.0 Off |                    0 |
|  0%   25C    P8             21W /  300W |       0MiB /  46068MiB |      0%      Default |
|                                         |                        |                  N/A |
+-----------------------------------------+------------------------+----------------------+
|   6  NVIDIA A40                     On  |   00000000:C1:00.0 Off |                    0 |
|  0%   26C    P8             21W /  300W |       0MiB /  46068MiB |      0%      Default |
|                                         |                        |                  N/A |
+-----------------------------------------+------------------------+----------------------+
|   7  NVIDIA A40                     On  |   00000000:E1:00.0 Off |                    0 |
|  0%   24C    P8             21W /  300W |       0MiB /  46068MiB |      0%      Default |
|                                         |                        |                  N/A |
+-----------------------------------------+------------------------+----------------------+

+-----------------------------------------------------------------------------------------+
| Processes:                                                                              |
|  GPU   GI   CI              PID   Type   Process name                        GPU Memory |
|        ID   ID                                                               Usage      |
|=========================================================================================|
|  No running processes found                                                             |
+-----------------------------------------------------------------------------------------+
]11;?[cStep 0: loss=0.9615, L_src=0.3499, L_frame=0.3074, grad=4.012, lr=0.0e+00, ep=0.0, valid=68%
Step 50: loss=0.8043, L_src=0.2952, L_frame=0.2577, grad=0.687, lr=4.2e-05, ep=0.1, valid=69%
Step 100: loss=0.7578, L_src=0.2954, L_frame=0.2226, grad=0.813, lr=8.5e-05, ep=0.1, valid=68%
Step 150: loss=0.7610, L_src=0.2656, L_frame=0.2516, grad=1.627, lr=1.3e-04, ep=0.2, valid=68%
Step 200: loss=0.7570, L_src=0.2426, L_frame=0.2645, grad=1.482, lr=1.7e-04, ep=0.2, valid=67%
Step 250: loss=0.7048, L_src=0.2325, L_frame=0.2534, grad=2.222, lr=2.1e-04, ep=0.3, valid=69%
Step 300: loss=0.6421, L_src=0.2066, L_frame=0.2248, grad=2.064, lr=2.5e-04, ep=0.3, valid=67%
Step 350: loss=0.6628, L_src=0.2185, L_frame=0.2293, grad=2.425, lr=3.0e-04, ep=0.4, valid=68%
Step 400: loss=0.6413, L_src=0.1918, L_frame=0.2517, grad=2.727, lr=3.4e-04, ep=0.4, valid=69%
Step 450: loss=0.6637, L_src=0.1999, L_frame=0.2473, grad=1.953, lr=3.8e-04, ep=0.5, valid=67%
Step 500: loss=0.6573, L_src=0.1935, L_frame=0.2609, grad=2.528, lr=4.2e-04, ep=0.5, valid=69%
Step 550: loss=0.6255, L_src=0.1673, L_frame=0.2469, grad=1.365, lr=4.7e-04, ep=0.6, valid=66%
Step 600: loss=0.6123, L_src=0.1842, L_frame=0.2428, grad=2.486, lr=5.1e-04, ep=0.6, valid=70%
Step 650: loss=0.6115, L_src=0.1668, L_frame=0.2416, grad=0.955, lr=5.5e-04, ep=0.7, valid=67%
Step 700: loss=0.5616, L_src=0.1657, L_frame=0.2171, grad=1.030, lr=5.9e-04, ep=0.8, valid=68%
Step 750: loss=0.6166, L_src=0.1640, L_frame=0.2490, grad=1.525, lr=6.4e-04, ep=0.8, valid=67%
Step 800: loss=0.5600, L_src=0.1357, L_frame=0.2460, grad=1.430, lr=6.8e-04, ep=0.9, valid=68%
Step 850: loss=0.5248, L_src=0.1430, L_frame=0.2260, grad=1.627, lr=7.2e-04, ep=0.9, valid=70%
Step 900: loss=0.5311, L_src=0.1397, L_frame=0.2098, grad=0.930, lr=7.6e-04, ep=1.0, valid=66%
Step 950: loss=0.5074, L_src=0.1304, L_frame=0.2225, grad=1.958, lr=8.1e-04, ep=2.0, valid=70%
Step 1000: loss=0.5304, L_src=0.1186, L_frame=0.2357, grad=1.911, lr=8.5e-04, ep=2.1, valid=67%
Step 1050: loss=0.5075, L_src=0.1057, L_frame=0.2492, grad=0.612, lr=8.5e-04, ep=2.1, valid=70%
Step 1100: loss=0.5069, L_src=0.1314, L_frame=0.2101, grad=0.713, lr=8.5e-04, ep=2.2, valid=67%
Step 1150: loss=0.4888, L_src=0.1067, L_frame=0.2331, grad=2.481, lr=8.5e-04, ep=2.2, valid=70%
Step 1200: loss=0.4743, L_src=0.1113, L_frame=0.2166, grad=1.009, lr=8.5e-04, ep=2.3, valid=69%
Step 1250: loss=0.5247, L_src=0.1198, L_frame=0.2297, grad=6.338, lr=8.5e-04, ep=2.3, valid=67%
Step 1300: loss=0.4990, L_src=0.1155, L_frame=0.2266, grad=1.291, lr=8.5e-04, ep=2.4, valid=69%
Step 1350: loss=0.4535, L_src=0.0943, L_frame=0.1918, grad=1.125, lr=8.5e-04, ep=2.5, valid=63%
Step 1400: loss=0.4636, L_src=0.0957, L_frame=0.2258, grad=1.557, lr=8.5e-04, ep=2.5, valid=69%
Step 1450: loss=0.4387, L_src=0.0882, L_frame=0.1826, grad=0.884, lr=8.5e-04, ep=2.6, valid=62%
Step 1500: loss=0.4277, L_src=0.0894, L_frame=0.2013, grad=1.462, lr=8.5e-04, ep=2.6, valid=68%
Step 1550: loss=0.4335, L_src=0.0770, L_frame=0.2329, grad=0.591, lr=8.5e-04, ep=2.7, valid=71%
Step 1600: loss=0.3939, L_src=0.0780, L_frame=0.1882, grad=0.832, lr=8.5e-04, ep=2.7, valid=68%
Step 1650: loss=0.4163, L_src=0.0743, L_frame=0.2144, grad=1.062, lr=8.5e-04, ep=2.8, valid=69%
Step 1700: loss=0.4207, L_src=0.0901, L_frame=0.1893, grad=0.857, lr=8.5e-04, ep=2.8, valid=66%
Step 1750: loss=0.4219, L_src=0.0836, L_frame=0.2131, grad=0.898, lr=8.5e-04, ep=2.9, valid=70%
Step 1800: loss=0.3799, L_src=0.0732, L_frame=0.1887, grad=1.441, lr=8.5e-04, ep=2.9, valid=69%
Step 1850: loss=0.4237, L_src=0.0875, L_frame=0.2104, grad=3.205, lr=8.5e-04, ep=3.0, valid=70%
Step 1900: loss=0.3853, L_src=0.0736, L_frame=0.1928, grad=1.646, lr=8.5e-04, ep=4.0, valid=69%
Step 1950: loss=0.3563, L_src=0.0671, L_frame=0.1820, grad=0.576, lr=8.5e-04, ep=4.1, valid=70%
Step 2000: loss=0.3832, L_src=0.0648, L_frame=0.1867, grad=0.882, lr=8.4e-04, ep=4.1, valid=66%
Step 2050: loss=0.3685, L_src=0.0630, L_frame=0.1774, grad=1.453, lr=8.4e-04, ep=4.2, valid=65%
Step 2100: loss=0.3471, L_src=0.0610, L_frame=0.1668, grad=0.564, lr=8.4e-04, ep=4.3, valid=66%
Step 2150: loss=0.3358, L_src=0.0561, L_frame=0.1603, grad=0.630, lr=8.4e-04, ep=4.3, valid=64%
Step 2200: loss=0.3269, L_src=0.0550, L_frame=0.1519, grad=0.715, lr=8.4e-04, ep=4.4, valid=63%
Step 2250: loss=0.3324, L_src=0.0548, L_frame=0.1620, grad=0.696, lr=8.4e-04, ep=4.4, valid=65%
Step 2300: loss=0.3049, L_src=0.0539, L_frame=0.1545, grad=0.728, lr=8.4e-04, ep=4.5, valid=68%
Step 2350: loss=0.3185, L_src=0.0560, L_frame=0.1623, grad=0.461, lr=8.4e-04, ep=4.5, valid=69%
Step 2400: loss=0.2839, L_src=0.0555, L_frame=0.1380, grad=0.765, lr=8.4e-04, ep=4.6, valid=68%
Step 2450: loss=0.3228, L_src=0.0547, L_frame=0.1635, grad=1.045, lr=8.4e-04, ep=4.6, valid=68%
Step 2500: loss=0.3082, L_src=0.0632, L_frame=0.1602, grad=0.844, lr=8.4e-04, ep=4.7, valid=72%
Step 2550: loss=0.3227, L_src=0.0569, L_frame=0.1668, grad=0.823, lr=8.4e-04, ep=4.7, valid=69%
Step 2600: loss=0.2891, L_src=0.0488, L_frame=0.1432, grad=0.851, lr=8.4e-04, ep=4.8, valid=66%
Step 2650: loss=0.3300, L_src=0.0704, L_frame=0.1597, grad=0.884, lr=8.4e-04, ep=4.8, valid=70%
Step 2700: loss=0.2394, L_src=0.0465, L_frame=0.1219, grad=0.857, lr=8.4e-04, ep=4.9, valid=70%
Step 2750: loss=0.2656, L_src=0.0509, L_frame=0.1307, grad=1.243, lr=8.4e-04, ep=5.0, valid=68%
Step 2800: loss=0.2554, L_src=0.0455, L_frame=0.1236, grad=0.610, lr=8.4e-04, ep=6.0, valid=66%
Step 2850: loss=0.2845, L_src=0.0509, L_frame=0.1414, grad=0.949, lr=8.4e-04, ep=6.1, valid=68%
Step 2900: loss=0.2863, L_src=0.0481, L_frame=0.1292, grad=1.690, lr=8.4e-04, ep=6.1, valid=62%
Step 2950: loss=0.2449, L_src=0.0453, L_frame=0.1264, grad=0.805, lr=8.3e-04, ep=6.2, valid=70%
Step 3000: loss=0.2475, L_src=0.0423, L_frame=0.1177, grad=0.708, lr=8.3e-04, ep=6.2, valid=65%
Step 3050: loss=0.2605, L_src=0.0443, L_frame=0.1261, grad=0.790, lr=8.3e-04, ep=6.3, valid=65%
Step 3100: loss=0.2698, L_src=0.0433, L_frame=0.1369, grad=0.785, lr=8.3e-04, ep=6.3, valid=67%
Step 3150: loss=0.2774, L_src=0.0614, L_frame=0.1374, grad=0.863, lr=8.3e-04, ep=6.4, valid=72%
Step 3200: loss=0.2317, L_src=0.0445, L_frame=0.1108, grad=0.772, lr=8.3e-04, ep=6.4, valid=67%
Step 3250: loss=0.2381, L_src=0.0409, L_frame=0.1181, grad=0.755, lr=8.3e-04, ep=6.5, valid=67%
Step 3300: loss=0.2236, L_src=0.0413, L_frame=0.1010, grad=1.098, lr=8.3e-04, ep=6.5, valid=64%
Step 3350: loss=0.2395, L_src=0.0449, L_frame=0.1226, grad=0.696, lr=8.3e-04, ep=6.6, valid=70%
Step 3400: loss=0.2338, L_src=0.0482, L_frame=0.1080, grad=0.716, lr=8.3e-04, ep=6.7, valid=67%
Step 3450: loss=0.2249, L_src=0.0528, L_frame=0.0996, grad=0.878, lr=8.3e-04, ep=6.7, valid=68%
Step 3500: loss=0.2099, L_src=0.0396, L_frame=0.1052, grad=0.625, lr=8.3e-04, ep=6.8, valid=69%
Step 3550: loss=0.2244, L_src=0.0452, L_frame=0.1073, grad=1.549, lr=8.3e-04, ep=6.8, valid=68%
Step 3600: loss=0.2034, L_src=0.0423, L_frame=0.0960, grad=0.703, lr=8.2e-04, ep=6.9, valid=68%
Step 3650: loss=0.2221, L_src=0.0445, L_frame=0.0991, grad=1.063, lr=8.2e-04, ep=6.9, valid=65%
Step 3700: loss=0.1978, L_src=0.0415, L_frame=0.0848, grad=0.524, lr=8.2e-04, ep=7.0, valid=64%
Step 3750: loss=0.2054, L_src=0.0440, L_frame=0.0956, grad=1.029, lr=8.2e-04, ep=8.0, valid=68%
Step 3800: loss=0.2132, L_src=0.0450, L_frame=0.1012, grad=0.837, lr=8.2e-04, ep=8.1, valid=69%
Step 3850: loss=0.1886, L_src=0.0403, L_frame=0.0868, grad=0.614, lr=8.2e-04, ep=8.1, valid=67%
Step 3900: loss=0.2076, L_src=0.0438, L_frame=0.0953, grad=0.951, lr=8.2e-04, ep=8.2, valid=67%
Step 3950: loss=0.1834, L_src=0.0384, L_frame=0.0880, grad=0.735, lr=8.2e-04, ep=8.2, valid=69%
Step 4000: loss=0.1898, L_src=0.0366, L_frame=0.0898, grad=0.609, lr=8.2e-04, ep=8.3, valid=67%
Step 4050: loss=0.1875, L_src=0.0365, L_frame=0.0943, grad=0.648, lr=8.2e-04, ep=8.3, valid=70%
Step 4100: loss=0.2278, L_src=0.0461, L_frame=0.1110, grad=1.006, lr=8.1e-04, ep=8.4, valid=69%
Step 4150: loss=0.1804, L_src=0.0372, L_frame=0.0841, grad=0.435, lr=8.1e-04, ep=8.5, valid=67%
Step 4200: loss=0.1772, L_src=0.0362, L_frame=0.0794, grad=0.536, lr=8.1e-04, ep=8.5, valid=65%
Step 4250: loss=0.1664, L_src=0.0286, L_frame=0.0789, grad=0.449, lr=8.1e-04, ep=8.6, valid=65%
Step 4300: loss=0.1755, L_src=0.0357, L_frame=0.0866, grad=0.625, lr=8.1e-04, ep=8.6, valid=70%
Step 4350: loss=0.1858, L_src=0.0388, L_frame=0.0857, grad=0.979, lr=8.1e-04, ep=8.7, valid=67%
Step 4400: loss=0.1792, L_src=0.0387, L_frame=0.0803, grad=1.403, lr=8.1e-04, ep=8.7, valid=66%
Step 4450: loss=0.1703, L_src=0.0401, L_frame=0.0721, grad=0.511, lr=8.1e-04, ep=8.8, valid=66%
Step 4500: loss=0.1772, L_src=0.0437, L_frame=0.0833, grad=0.543, lr=8.1e-04, ep=8.8, valid=72%
Step 4550: loss=0.1763, L_src=0.0406, L_frame=0.0864, grad=0.706, lr=8.0e-04, ep=8.9, valid=72%
Step 4600: loss=0.1638, L_src=0.0401, L_frame=0.0754, grad=0.619, lr=8.0e-04, ep=8.9, valid=71%
Step 4650: loss=0.1639, L_src=0.0355, L_frame=0.0743, grad=0.788, lr=8.0e-04, ep=9.0, valid=67%
Step 4700: loss=0.1524, L_src=0.0330, L_frame=0.0650, grad=0.496, lr=8.0e-04, ep=10.0, valid=64%
Step 4750: loss=0.1577, L_src=0.0353, L_frame=0.0752, grad=0.414, lr=8.0e-04, ep=10.1, valid=70%
Step 4800: loss=0.1626, L_src=0.0361, L_frame=0.0770, grad=0.783, lr=8.0e-04, ep=10.2, valid=70%
Step 4850: loss=0.1475, L_src=0.0288, L_frame=0.0703, grad=0.649, lr=8.0e-04, ep=10.2, valid=67%
Step 4900: loss=0.1526, L_src=0.0347, L_frame=0.0663, grad=0.671, lr=7.9e-04, ep=10.3, valid=66%
Step 4950: loss=0.1609, L_src=0.0347, L_frame=0.0712, grad=0.856, lr=7.9e-04, ep=10.3, valid=66%
Step 5000: loss=0.1601, L_src=0.0342, L_frame=0.0744, grad=0.639, lr=7.9e-04, ep=10.4, valid=68%
Step 5050: loss=0.1384, L_src=0.0296, L_frame=0.0626, grad=0.612, lr=7.9e-04, ep=10.4, valid=67%
Step 5100: loss=0.1498, L_src=0.0360, L_frame=0.0684, grad=0.417, lr=7.9e-04, ep=10.5, valid=70%
Step 5150: loss=0.1454, L_src=0.0302, L_frame=0.0680, grad=0.469, lr=7.9e-04, ep=10.5, valid=68%
Step 5200: loss=0.1316, L_src=0.0256, L_frame=0.0628, grad=0.352, lr=7.9e-04, ep=10.6, valid=67%
Step 5250: loss=0.1514, L_src=0.0348, L_frame=0.0705, grad=0.646, lr=7.9e-04, ep=10.6, valid=70%
Step 5300: loss=0.1373, L_src=0.0317, L_frame=0.0643, grad=0.460, lr=7.8e-04, ep=10.7, valid=70%
Step 5350: loss=0.1564, L_src=0.0316, L_frame=0.0686, grad=0.620, lr=7.8e-04, ep=10.7, valid=64%
Step 5400: loss=0.1463, L_src=0.0331, L_frame=0.0666, grad=0.447, lr=7.8e-04, ep=10.8, valid=68%
Step 5450: loss=0.1262, L_src=0.0245, L_frame=0.0571, grad=0.471, lr=7.8e-04, ep=10.9, valid=65%
Step 5500: loss=0.1411, L_src=0.0322, L_frame=0.0610, grad=0.534, lr=7.8e-04, ep=10.9, valid=66%
Step 5550: loss=0.1190, L_src=0.0247, L_frame=0.0525, grad=0.593, lr=7.8e-04, ep=11.0, valid=65%
Step 5600: loss=0.1237, L_src=0.0244, L_frame=0.0575, grad=0.807, lr=7.7e-04, ep=12.0, valid=66%
Step 5650: loss=0.1303, L_src=0.0254, L_frame=0.0616, grad=0.547, lr=7.7e-04, ep=12.1, valid=67%
Step 5700: loss=0.1221, L_src=0.0257, L_frame=0.0518, grad=0.647, lr=7.7e-04, ep=12.1, valid=63%
Step 5750: loss=0.1378, L_src=0.0300, L_frame=0.0653, grad=0.583, lr=7.7e-04, ep=12.2, valid=69%
Step 5800: loss=0.1370, L_src=0.0308, L_frame=0.0610, grad=0.337, lr=7.7e-04, ep=12.2, valid=67%
Step 5850: loss=0.1420, L_src=0.0331, L_frame=0.0634, grad=0.883, lr=7.7e-04, ep=12.3, valid=68%
Step 5900: loss=0.1358, L_src=0.0292, L_frame=0.0594, grad=0.432, lr=7.7e-04, ep=12.3, valid=65%
Step 5950: loss=0.1190, L_src=0.0244, L_frame=0.0567, grad=0.462, lr=7.6e-04, ep=12.4, valid=68%
Step 6000: loss=0.1389, L_src=0.0286, L_frame=0.0620, grad=1.170, lr=7.6e-04, ep=12.4, valid=65%
Step 6050: loss=0.1271, L_src=0.0271, L_frame=0.0594, grad=0.332, lr=7.6e-04, ep=12.5, valid=68%
Step 6100: loss=0.1184, L_src=0.0255, L_frame=0.0538, grad=0.424, lr=7.6e-04, ep=12.6, valid=67%
Step 6150: loss=0.1343, L_src=0.0346, L_frame=0.0594, grad=0.528, lr=7.6e-04, ep=12.6, valid=70%
Step 6200: loss=0.1108, L_src=0.0238, L_frame=0.0552, grad=0.664, lr=7.5e-04, ep=12.7, valid=71%
Step 6250: loss=0.1237, L_src=0.0313, L_frame=0.0571, grad=0.737, lr=7.5e-04, ep=12.7, valid=71%
Step 6300: loss=0.1263, L_src=0.0297, L_frame=0.0551, grad=0.439, lr=7.5e-04, ep=12.8, valid=67%
Step 6350: loss=0.1171, L_src=0.0266, L_frame=0.0549, grad=0.418, lr=7.5e-04, ep=12.8, valid=70%
Step 6400: loss=0.1213, L_src=0.0271, L_frame=0.0570, grad=0.456, lr=7.5e-04, ep=12.9, valid=69%
Step 6450: loss=0.1042, L_src=0.0237, L_frame=0.0494, grad=0.351, lr=7.5e-04, ep=12.9, valid=70%
Step 6500: loss=0.1226, L_src=0.0247, L_frame=0.0563, grad=0.930, lr=7.4e-04, ep=13.0, valid=66%
Step 6550: loss=0.1287, L_src=0.0262, L_frame=0.0595, grad=0.926, lr=7.4e-04, ep=14.0, valid=67%
Step 6600: loss=0.1355, L_src=0.0297, L_frame=0.0600, grad=0.790, lr=7.4e-04, ep=14.1, valid=66%
Step 6650: loss=0.1212, L_src=0.0287, L_frame=0.0509, grad=0.350, lr=7.4e-04, ep=14.1, valid=66%
Step 6700: loss=0.1242, L_src=0.0294, L_frame=0.0533, grad=0.605, lr=7.4e-04, ep=14.2, valid=67%
Step 6750: loss=0.1118, L_src=0.0261, L_frame=0.0525, grad=0.375, lr=7.4e-04, ep=14.2, valid=70%
Step 6800: loss=0.1173, L_src=0.0285, L_frame=0.0492, grad=0.440, lr=7.3e-04, ep=14.3, valid=66%
Step 6850: loss=0.1156, L_src=0.0265, L_frame=0.0523, grad=0.561, lr=7.3e-04, ep=14.4, valid=68%
Step 6900: loss=0.1174, L_src=0.0227, L_frame=0.0554, grad=0.415, lr=7.3e-04, ep=14.4, valid=67%
Step 6950: loss=0.1127, L_src=0.0242, L_frame=0.0538, grad=0.286, lr=7.3e-04, ep=14.5, valid=69%
Step 7000: loss=0.1152, L_src=0.0260, L_frame=0.0498, grad=0.430, lr=7.3e-04, ep=14.5, valid=66%
Step 7050: loss=0.1215, L_src=0.0303, L_frame=0.0528, grad=0.480, lr=7.2e-04, ep=14.6, valid=68%
Step 7100: loss=0.1050, L_src=0.0224, L_frame=0.0482, grad=0.522, lr=7.2e-04, ep=14.6, valid=67%
Step 7150: loss=0.1112, L_src=0.0256, L_frame=0.0473, grad=0.390, lr=7.2e-04, ep=14.7, valid=66%
Step 7200: loss=0.1082, L_src=0.0238, L_frame=0.0527, grad=0.379, lr=7.2e-04, ep=14.7, valid=71%
Step 7250: loss=0.1083, L_src=0.0246, L_frame=0.0490, grad=0.444, lr=7.2e-04, ep=14.8, valid=68%
Step 7300: loss=0.1036, L_src=0.0236, L_frame=0.0491, grad=0.299, lr=7.1e-04, ep=14.8, valid=70%
Step 7350: loss=0.1074, L_src=0.0261, L_frame=0.0475, grad=0.401, lr=7.1e-04, ep=14.9, valid=69%
Step 7400: loss=0.0958, L_src=0.0191, L_frame=0.0438, grad=0.323, lr=7.1e-04, ep=14.9, valid=66%
Step 7450: loss=0.1047, L_src=0.0254, L_frame=0.0466, grad=0.443, lr=7.1e-04, ep=16.0, valid=69%
Step 7500: loss=0.1060, L_src=0.0271, L_frame=0.0483, grad=0.290, lr=7.1e-04, ep=16.1, valid=71%
Step 7550: loss=0.1078, L_src=0.0237, L_frame=0.0462, grad=0.369, lr=7.0e-04, ep=16.1, valid=65%
Step 7600: loss=0.1056, L_src=0.0226, L_frame=0.0467, grad=0.431, lr=7.0e-04, ep=16.2, valid=66%
Step 7650: loss=0.1076, L_src=0.0235, L_frame=0.0499, grad=0.424, lr=7.0e-04, ep=16.2, valid=68%
Step 7700: loss=0.1038, L_src=0.0214, L_frame=0.0495, grad=0.484, lr=7.0e-04, ep=16.3, valid=68%
Step 7750: loss=0.1020, L_src=0.0239, L_frame=0.0470, grad=0.688, lr=6.9e-04, ep=16.3, valid=70%
Step 7800: loss=0.1061, L_src=0.0209, L_frame=0.0491, grad=0.314, lr=6.9e-04, ep=16.4, valid=66%
Step 7850: loss=0.1116, L_src=0.0254, L_frame=0.0522, grad=0.410, lr=6.9e-04, ep=16.4, valid=70%
Step 7900: loss=0.1023, L_src=0.0218, L_frame=0.0447, grad=0.520, lr=6.9e-04, ep=16.5, valid=65%
Step 7950: loss=0.1041, L_src=0.0230, L_frame=0.0451, grad=0.320, lr=6.9e-04, ep=16.5, valid=65%
Step 8000: loss=0.1131, L_src=0.0328, L_frame=0.0444, grad=0.494, lr=6.8e-04, ep=16.6, valid=68%
Step 8050: loss=0.1073, L_src=0.0280, L_frame=0.0453, grad=0.392, lr=6.8e-04, ep=16.6, valid=68%
Step 8100: loss=0.1025, L_src=0.0269, L_frame=0.0428, grad=0.562, lr=6.8e-04, ep=16.7, valid=68%
Step 8150: loss=0.1035, L_src=0.0211, L_frame=0.0458, grad=0.388, lr=6.8e-04, ep=16.8, valid=65%
Step 8200: loss=0.1111, L_src=0.0332, L_frame=0.0443, grad=0.350, lr=6.8e-04, ep=16.8, valid=70%
Step 8250: loss=0.0932, L_src=0.0222, L_frame=0.0393, grad=0.334, lr=6.7e-04, ep=16.9, valid=66%
Step 8300: loss=0.0964, L_src=0.0223, L_frame=0.0429, grad=0.345, lr=6.7e-04, ep=16.9, valid=68%
Step 8350: loss=0.1012, L_src=0.0219, L_frame=0.0455, grad=0.531, lr=6.7e-04, ep=17.0, valid=67%
Step 8400: loss=0.0925, L_src=0.0210, L_frame=0.0440, grad=0.363, lr=6.7e-04, ep=18.0, valid=70%
Step 8450: loss=0.1158, L_src=0.0310, L_frame=0.0470, grad=0.480, lr=6.6e-04, ep=18.1, valid=67%
Step 8500: loss=0.0935, L_src=0.0206, L_frame=0.0409, grad=0.427, lr=6.6e-04, ep=18.1, valid=66%
Step 8550: loss=0.1003, L_src=0.0229, L_frame=0.0441, grad=0.389, lr=6.6e-04, ep=18.2, valid=67%
Step 8600: loss=0.0915, L_src=0.0176, L_frame=0.0426, grad=0.345, lr=6.6e-04, ep=18.2, valid=66%
Step 8650: loss=0.1015, L_src=0.0260, L_frame=0.0430, grad=0.713, lr=6.5e-04, ep=18.3, valid=68%
Step 8700: loss=0.1003, L_src=0.0245, L_frame=0.0441, grad=0.579, lr=6.5e-04, ep=18.3, valid=68%
Step 8750: loss=0.1017, L_src=0.0243, L_frame=0.0468, grad=0.469, lr=6.5e-04, ep=18.4, valid=70%
Step 8800: loss=0.0932, L_src=0.0220, L_frame=0.0427, grad=0.546, lr=6.5e-04, ep=18.4, valid=69%
Step 8850: loss=0.1016, L_src=0.0277, L_frame=0.0432, grad=0.416, lr=6.5e-04, ep=18.5, valid=70%
Step 8900: loss=0.0932, L_src=0.0222, L_frame=0.0401, grad=0.326, lr=6.4e-04, ep=18.6, valid=67%
Step 8950: loss=0.0993, L_src=0.0245, L_frame=0.0414, grad=0.382, lr=6.4e-04, ep=18.6, valid=66%
Step 9000: loss=0.0920, L_src=0.0196, L_frame=0.0415, grad=0.352, lr=6.4e-04, ep=18.7, valid=66%
Step 9050: loss=0.0882, L_src=0.0203, L_frame=0.0370, grad=0.335, lr=6.4e-04, ep=18.7, valid=65%
Step 9100: loss=0.0933, L_src=0.0220, L_frame=0.0410, grad=0.319, lr=6.3e-04, ep=18.8, valid=68%
Step 9150: loss=0.0886, L_src=0.0217, L_frame=0.0402, grad=0.282, lr=6.3e-04, ep=18.8, valid=70%
Step 9200: loss=0.0938, L_src=0.0222, L_frame=0.0390, grad=0.443, lr=6.3e-04, ep=18.9, valid=65%
Step 9250: loss=0.0877, L_src=0.0197, L_frame=0.0412, grad=0.246, lr=6.3e-04, ep=18.9, valid=70%
Step 9300: loss=0.0995, L_src=0.0250, L_frame=0.0419, grad=0.460, lr=6.2e-04, ep=19.0, valid=67%
Step 9350: loss=0.0928, L_src=0.0217, L_frame=0.0399, grad=0.389, lr=6.2e-04, ep=20.0, valid=66%
Step 9400: loss=0.0911, L_src=0.0208, L_frame=0.0427, grad=0.461, lr=6.2e-04, ep=20.1, valid=70%
Step 9450: loss=0.0921, L_src=0.0215, L_frame=0.0440, grad=0.313, lr=6.2e-04, ep=20.1, valid=71%
Step 9500: loss=0.0897, L_src=0.0183, L_frame=0.0390, grad=0.420, lr=6.1e-04, ep=20.2, valid=64%
Step 9550: loss=0.0784, L_src=0.0160, L_frame=0.0354, grad=0.266, lr=6.1e-04, ep=20.3, valid=66%
Step 9600: loss=0.0862, L_src=0.0200, L_frame=0.0411, grad=0.380, lr=6.1e-04, ep=20.3, valid=71%
Step 9650: loss=0.0834, L_src=0.0195, L_frame=0.0364, grad=0.268, lr=6.1e-04, ep=20.4, valid=67%
Step 9700: loss=0.0851, L_src=0.0205, L_frame=0.0375, grad=0.291, lr=6.0e-04, ep=20.4, valid=68%
Step 9750: loss=0.0876, L_src=0.0197, L_frame=0.0400, grad=0.344, lr=6.0e-04, ep=20.5, valid=68%
Step 9800: loss=0.0850, L_src=0.0212, L_frame=0.0394, grad=0.320, lr=6.0e-04, ep=20.5, valid=71%
Step 9850: loss=0.0922, L_src=0.0247, L_frame=0.0403, grad=0.356, lr=6.0e-04, ep=20.6, valid=71%
Step 9900: loss=0.0884, L_src=0.0204, L_frame=0.0390, grad=0.381, lr=5.9e-04, ep=20.6, valid=67%
Step 9950: loss=0.0897, L_src=0.0220, L_frame=0.0401, grad=0.296, lr=5.9e-04, ep=20.7, valid=69%
Step 10000: loss=0.0803, L_src=0.0171, L_frame=0.0381, grad=0.264, lr=5.9e-04, ep=20.7, valid=69%
Step 10050: loss=0.0821, L_src=0.0173, L_frame=0.0347, grad=0.344, lr=5.9e-04, ep=20.8, valid=63%
Step 10100: loss=0.0826, L_src=0.0197, L_frame=0.0367, grad=0.363, lr=5.8e-04, ep=20.8, valid=68%
Step 10150: loss=0.0913, L_src=0.0227, L_frame=0.0398, grad=0.357, lr=5.8e-04, ep=20.9, valid=68%
Step 10200: loss=0.0782, L_src=0.0160, L_frame=0.0360, grad=0.350, lr=5.8e-04, ep=21.0, valid=66%
Step 10250: loss=0.0851, L_src=0.0176, L_frame=0.0384, grad=0.298, lr=5.8e-04, ep=22.0, valid=66%
Step 10300: loss=0.0850, L_src=0.0179, L_frame=0.0417, grad=0.299, lr=5.7e-04, ep=22.1, valid=70%
Step 10350: loss=0.0806, L_src=0.0176, L_frame=0.0409, grad=0.223, lr=5.7e-04, ep=22.1, valid=72%
Step 10400: loss=0.0895, L_src=0.0226, L_frame=0.0374, grad=0.351, lr=5.7e-04, ep=22.2, valid=67%
Step 10450: loss=0.0767, L_src=0.0166, L_frame=0.0364, grad=0.400, lr=5.7e-04, ep=22.2, valid=69%
Step 10500: loss=0.0865, L_src=0.0207, L_frame=0.0380, grad=0.429, lr=5.6e-04, ep=22.3, valid=68%
Step 10550: loss=0.0977, L_src=0.0267, L_frame=0.0355, grad=0.289, lr=5.6e-04, ep=22.3, valid=64%
Step 10600: loss=0.0855, L_src=0.0188, L_frame=0.0386, grad=0.297, lr=5.6e-04, ep=22.4, valid=67%
Step 10650: loss=0.0881, L_src=0.0221, L_frame=0.0369, grad=0.308, lr=5.6e-04, ep=22.4, valid=67%
Step 10700: loss=0.0834, L_src=0.0182, L_frame=0.0377, grad=0.408, lr=5.5e-04, ep=22.5, valid=67%
Step 10750: loss=0.0831, L_src=0.0183, L_frame=0.0380, grad=0.343, lr=5.5e-04, ep=22.5, valid=68%
Step 10800: loss=0.0774, L_src=0.0189, L_frame=0.0335, grad=0.275, lr=5.5e-04, ep=22.6, valid=68%
Step 10850: loss=0.0773, L_src=0.0189, L_frame=0.0365, grad=0.198, lr=5.5e-04, ep=22.7, valid=72%
Step 10900: loss=0.0847, L_src=0.0199, L_frame=0.0392, grad=0.507, lr=5.4e-04, ep=22.7, valid=70%
Step 10950: loss=0.0893, L_src=0.0207, L_frame=0.0379, grad=0.297, lr=5.4e-04, ep=22.8, valid=66%
Step 11000: loss=0.0915, L_src=0.0254, L_frame=0.0367, grad=0.404, lr=5.4e-04, ep=22.8, valid=68%
Step 11050: loss=0.0762, L_src=0.0175, L_frame=0.0356, grad=0.205, lr=5.3e-04, ep=22.9, valid=70%
Step 11100: loss=0.0767, L_src=0.0171, L_frame=0.0385, grad=0.372, lr=5.3e-04, ep=22.9, valid=72%
Step 11150: loss=0.0743, L_src=0.0154, L_frame=0.0329, grad=0.243, lr=5.3e-04, ep=23.0, valid=65%
Step 11200: loss=0.0773, L_src=0.0188, L_frame=0.0365, grad=0.337, lr=5.3e-04, ep=24.0, valid=71%
Step 11250: loss=0.0816, L_src=0.0197, L_frame=0.0347, grad=0.282, lr=5.2e-04, ep=24.1, valid=67%
Step 11300: loss=0.0844, L_src=0.0178, L_frame=0.0399, grad=0.318, lr=5.2e-04, ep=24.1, valid=68%
Step 11350: loss=0.0768, L_src=0.0169, L_frame=0.0331, grad=0.275, lr=5.2e-04, ep=24.2, valid=65%
Step 11400: loss=0.0863, L_src=0.0225, L_frame=0.0363, grad=0.408, lr=5.2e-04, ep=24.2, valid=68%
Step 11450: loss=0.0806, L_src=0.0200, L_frame=0.0354, grad=0.236, lr=5.1e-04, ep=24.3, valid=69%
Step 11500: loss=0.0794, L_src=0.0182, L_frame=0.0350, grad=0.250, lr=5.1e-04, ep=24.3, valid=67%
Step 11550: loss=0.0760, L_src=0.0195, L_frame=0.0348, grad=0.382, lr=5.1e-04, ep=24.4, valid=71%
Step 11600: loss=0.0786, L_src=0.0196, L_frame=0.0326, grad=0.239, lr=5.1e-04, ep=24.5, valid=66%
Step 11650: loss=0.0720, L_src=0.0149, L_frame=0.0334, grad=0.301, lr=5.0e-04, ep=24.5, valid=67%
Step 11700: loss=0.0736, L_src=0.0161, L_frame=0.0350, grad=0.307, lr=5.0e-04, ep=24.6, valid=69%
Step 11750: loss=0.0741, L_src=0.0167, L_frame=0.0337, grad=0.242, lr=5.0e-04, ep=24.6, valid=68%
Step 11800: loss=0.0714, L_src=0.0155, L_frame=0.0315, grad=0.226, lr=4.9e-04, ep=24.7, valid=66%
Step 11850: loss=0.0769, L_src=0.0166, L_frame=0.0354, grad=0.314, lr=4.9e-04, ep=24.7, valid=68%
Step 11900: loss=0.0799, L_src=0.0203, L_frame=0.0330, grad=0.256, lr=4.9e-04, ep=24.8, valid=67%
Step 11950: loss=0.0784, L_src=0.0181, L_frame=0.0367, grad=0.296, lr=4.9e-04, ep=24.8, valid=70%
Step 12000: loss=0.0723, L_src=0.0152, L_frame=0.0338, grad=0.368, lr=4.8e-04, ep=24.9, valid=68%
Step 12050: loss=0.0786, L_src=0.0173, L_frame=0.0372, grad=0.412, lr=4.8e-04, ep=24.9, valid=69%
Step 12100: loss=0.0782, L_src=0.0177, L_frame=0.0351, grad=0.315, lr=4.8e-04, ep=25.0, valid=68%
Step 12150: loss=0.0736, L_src=0.0155, L_frame=0.0348, grad=0.219, lr=4.8e-04, ep=26.0, valid=68%
Step 12200: loss=0.0766, L_src=0.0177, L_frame=0.0325, grad=0.521, lr=4.7e-04, ep=26.1, valid=66%
Step 12250: loss=0.0732, L_src=0.0181, L_frame=0.0309, grad=0.307, lr=4.7e-04, ep=26.2, valid=67%
Step 12300: loss=0.0721, L_src=0.0162, L_frame=0.0338, grad=0.225, lr=4.7e-04, ep=26.2, valid=69%
Step 12350: loss=0.0765, L_src=0.0174, L_frame=0.0320, grad=0.395, lr=4.6e-04, ep=26.3, valid=65%
Step 12400: loss=0.0695, L_src=0.0149, L_frame=0.0317, grad=0.328, lr=4.6e-04, ep=26.3, valid=67%
Step 12450: loss=0.0719, L_src=0.0174, L_frame=0.0340, grad=0.318, lr=4.6e-04, ep=26.4, valid=71%
Step 12500: loss=0.0659, L_src=0.0154, L_frame=0.0292, grad=0.220, lr=4.6e-04, ep=26.4, valid=68%
Step 12550: loss=0.0644, L_src=0.0130, L_frame=0.0296, grad=0.227, lr=4.5e-04, ep=26.5, valid=66%
Step 12600: loss=0.0689, L_src=0.0145, L_frame=0.0311, grad=0.227, lr=4.5e-04, ep=26.5, valid=66%
Step 12650: loss=0.0678, L_src=0.0160, L_frame=0.0314, grad=0.279, lr=4.5e-04, ep=26.6, valid=70%
Step 12700: loss=0.0638, L_src=0.0134, L_frame=0.0310, grad=0.310, lr=4.4e-04, ep=26.6, valid=70%
Step 12750: loss=0.0745, L_src=0.0172, L_frame=0.0337, grad=0.249, lr=4.4e-04, ep=26.7, valid=68%
Step 12800: loss=0.0673, L_src=0.0153, L_frame=0.0311, grad=0.291, lr=4.4e-04, ep=26.7, valid=69%
Step 12850: loss=0.0658, L_src=0.0134, L_frame=0.0313, grad=0.224, lr=4.4e-04, ep=26.8, valid=68%
Step 12900: loss=0.0722, L_src=0.0156, L_frame=0.0336, grad=0.293, lr=4.3e-04, ep=26.9, valid=68%
Step 12950: loss=0.0719, L_src=0.0153, L_frame=0.0336, grad=0.286, lr=4.3e-04, ep=26.9, valid=68%
Step 13000: loss=0.0785, L_src=0.0219, L_frame=0.0317, grad=0.477, lr=4.3e-04, ep=27.0, valid=68%
Step 13050: loss=0.0660, L_src=0.0154, L_frame=0.0307, grad=0.284, lr=4.3e-04, ep=28.0, valid=70%
Step 13100: loss=0.0720, L_src=0.0165, L_frame=0.0334, grad=0.196, lr=4.2e-04, ep=28.1, valid=69%
Step 13150: loss=0.0685, L_src=0.0144, L_frame=0.0320, grad=0.267, lr=4.2e-04, ep=28.1, valid=68%
Step 13200: loss=0.0689, L_src=0.0157, L_frame=0.0306, grad=0.238, lr=4.2e-04, ep=28.2, valid=67%
Step 13250: loss=0.0749, L_src=0.0169, L_frame=0.0332, grad=0.275, lr=4.1e-04, ep=28.2, valid=67%
Step 13300: loss=0.0740, L_src=0.0187, L_frame=0.0299, grad=0.762, lr=4.1e-04, ep=28.3, valid=66%
Step 13350: loss=0.0731, L_src=0.0172, L_frame=0.0308, grad=0.382, lr=4.1e-04, ep=28.3, valid=66%
Step 13400: loss=0.0677, L_src=0.0143, L_frame=0.0306, grad=0.266, lr=4.1e-04, ep=28.4, valid=66%
Step 13450: loss=0.0617, L_src=0.0114, L_frame=0.0301, grad=0.192, lr=4.0e-04, ep=28.4, valid=67%
Step 13500: loss=0.0618, L_src=0.0145, L_frame=0.0284, grad=0.300, lr=4.0e-04, ep=28.5, valid=70%
Step 13550: loss=0.0662, L_src=0.0147, L_frame=0.0299, grad=0.267, lr=4.0e-04, ep=28.5, valid=67%
Step 13600: loss=0.0701, L_src=0.0176, L_frame=0.0319, grad=0.248, lr=4.0e-04, ep=28.6, valid=71%
Step 13650: loss=0.0708, L_src=0.0189, L_frame=0.0314, grad=0.306, lr=3.9e-04, ep=28.7, valid=71%
Step 13700: loss=0.0666, L_src=0.0158, L_frame=0.0297, grad=0.219, lr=3.9e-04, ep=28.7, valid=68%
Step 13750: loss=0.0909, L_src=0.0219, L_frame=0.0382, grad=0.686, lr=3.9e-04, ep=28.8, valid=66%
Step 13800: loss=0.0682, L_src=0.0164, L_frame=0.0318, grad=0.288, lr=3.8e-04, ep=28.8, valid=71%
Step 13850: loss=0.0649, L_src=0.0142, L_frame=0.0280, grad=0.382, lr=3.8e-04, ep=28.9, valid=65%
Step 13900: loss=0.0650, L_src=0.0139, L_frame=0.0298, grad=0.397, lr=3.8e-04, ep=28.9, valid=67%
Step 13950: loss=0.0623, L_src=0.0126, L_frame=0.0289, grad=0.277, lr=3.8e-04, ep=29.0, valid=67%
Step 14000: loss=0.0684, L_src=0.0169, L_frame=0.0309, grad=0.322, lr=3.7e-04, ep=30.0, valid=70%
Step 14050: loss=0.0598, L_src=0.0134, L_frame=0.0284, grad=0.210, lr=3.7e-04, ep=30.1, valid=70%
Step 14100: loss=0.0635, L_src=0.0133, L_frame=0.0316, grad=0.157, lr=3.7e-04, ep=30.1, valid=71%
Step 14150: loss=0.0618, L_src=0.0140, L_frame=0.0310, grad=0.224, lr=3.7e-04, ep=30.2, valid=73%
Step 14200: loss=0.0656, L_src=0.0153, L_frame=0.0312, grad=0.208, lr=3.6e-04, ep=30.2, valid=71%
Step 14250: loss=0.0651, L_src=0.0141, L_frame=0.0291, grad=0.286, lr=3.6e-04, ep=30.3, valid=66%
Step 14300: loss=0.0636, L_src=0.0138, L_frame=0.0262, grad=0.189, lr=3.6e-04, ep=30.4, valid=63%
Step 14350: loss=0.0605, L_src=0.0125, L_frame=0.0278, grad=0.219, lr=3.5e-04, ep=30.4, valid=67%
Step 14400: loss=0.0644, L_src=0.0147, L_frame=0.0289, grad=0.324, lr=3.5e-04, ep=30.5, valid=68%
Step 14450: loss=0.0568, L_src=0.0112, L_frame=0.0272, grad=0.215, lr=3.5e-04, ep=30.5, valid=68%
Step 14500: loss=0.0653, L_src=0.0139, L_frame=0.0281, grad=0.226, lr=3.5e-04, ep=30.6, valid=64%
Step 14550: loss=0.0644, L_src=0.0155, L_frame=0.0284, grad=0.197, lr=3.4e-04, ep=30.6, valid=68%
Step 14600: loss=0.0650, L_src=0.0140, L_frame=0.0302, grad=0.241, lr=3.4e-04, ep=30.7, valid=68%
Step 14650: loss=0.0574, L_src=0.0129, L_frame=0.0269, grad=0.219, lr=3.4e-04, ep=30.7, valid=69%
Step 14700: loss=0.0626, L_src=0.0146, L_frame=0.0292, grad=0.277, lr=3.4e-04, ep=30.8, valid=70%
Step 14750: loss=0.0667, L_src=0.0151, L_frame=0.0289, grad=0.250, lr=3.3e-04, ep=30.8, valid=66%
Step 14800: loss=0.0603, L_src=0.0131, L_frame=0.0291, grad=0.220, lr=3.3e-04, ep=30.9, valid=70%
Step 14850: loss=0.0603, L_src=0.0131, L_frame=0.0267, grad=0.188, lr=3.3e-04, ep=30.9, valid=66%
Step 14900: loss=0.0623, L_src=0.0140, L_frame=0.0265, grad=0.423, lr=3.3e-04, ep=32.0, valid=65%
Step 14950: loss=0.0618, L_src=0.0153, L_frame=0.0285, grad=0.296, lr=3.2e-04, ep=32.1, valid=71%
Step 15000: loss=0.0618, L_src=0.0120, L_frame=0.0299, grad=0.265, lr=3.2e-04, ep=32.1, valid=68%
Step 15050: loss=0.0664, L_src=0.0157, L_frame=0.0304, grad=0.228, lr=3.2e-04, ep=32.2, valid=69%
Step 15100: loss=0.0654, L_src=0.0160, L_frame=0.0290, grad=0.246, lr=3.1e-04, ep=32.2, valid=69%
Step 15150: loss=0.0669, L_src=0.0167, L_frame=0.0304, grad=0.274, lr=3.1e-04, ep=32.3, valid=70%
Step 15200: loss=0.0686, L_src=0.0178, L_frame=0.0287, grad=0.306, lr=3.1e-04, ep=32.3, valid=68%
Step 15250: loss=0.0579, L_src=0.0131, L_frame=0.0258, grad=0.201, lr=3.1e-04, ep=32.4, valid=67%
Step 15300: loss=0.0632, L_src=0.0167, L_frame=0.0259, grad=0.264, lr=3.0e-04, ep=32.4, valid=67%
Step 15350: loss=0.0576, L_src=0.0104, L_frame=0.0289, grad=0.204, lr=3.0e-04, ep=32.5, valid=68%
Step 15400: loss=0.0658, L_src=0.0146, L_frame=0.0305, grad=0.578, lr=3.0e-04, ep=32.5, valid=69%
Step 15450: loss=0.0609, L_src=0.0123, L_frame=0.0285, grad=0.264, lr=3.0e-04, ep=32.6, valid=67%
Step 15500: loss=0.0579, L_src=0.0133, L_frame=0.0251, grad=0.268, lr=2.9e-04, ep=32.6, valid=66%
Step 15550: loss=0.0601, L_src=0.0126, L_frame=0.0265, grad=0.205, lr=2.9e-04, ep=32.7, valid=65%
Step 15600: loss=0.0602, L_src=0.0149, L_frame=0.0256, grad=0.416, lr=2.9e-04, ep=32.8, valid=67%
Step 15650: loss=0.0746, L_src=0.0216, L_frame=0.0298, grad=0.429, lr=2.9e-04, ep=32.8, valid=69%
Step 15700: loss=0.0604, L_src=0.0126, L_frame=0.0268, grad=0.321, lr=2.8e-04, ep=32.9, valid=65%
Step 15750: loss=0.0605, L_src=0.0129, L_frame=0.0278, grad=0.210, lr=2.8e-04, ep=32.9, valid=67%
Step 15800: loss=0.0630, L_src=0.0160, L_frame=0.0262, grad=0.317, lr=2.8e-04, ep=33.0, valid=67%
Step 15850: loss=0.0579, L_src=0.0128, L_frame=0.0261, grad=0.182, lr=2.8e-04, ep=34.0, valid=67%
Step 15900: loss=0.0637, L_src=0.0162, L_frame=0.0277, grad=0.179, lr=2.7e-04, ep=34.1, valid=69%
Step 15950: loss=0.0584, L_src=0.0123, L_frame=0.0268, grad=0.186, lr=2.7e-04, ep=34.1, valid=67%
Step 16000: loss=0.0579, L_src=0.0116, L_frame=0.0275, grad=0.189, lr=2.7e-04, ep=34.2, valid=68%
Step 16050: loss=0.0584, L_src=0.0116, L_frame=0.0278, grad=0.171, lr=2.7e-04, ep=34.2, valid=67%
Step 16100: loss=0.0584, L_src=0.0134, L_frame=0.0258, grad=0.316, lr=2.6e-04, ep=34.3, valid=67%
Step 16150: loss=0.0567, L_src=0.0115, L_frame=0.0260, grad=0.274, lr=2.6e-04, ep=34.3, valid=66%
Step 16200: loss=0.0622, L_src=0.0154, L_frame=0.0296, grad=0.228, lr=2.6e-04, ep=34.4, valid=72%
Step 16250: loss=0.0582, L_src=0.0119, L_frame=0.0260, grad=0.185, lr=2.6e-04, ep=34.4, valid=65%
Step 16300: loss=0.0584, L_src=0.0120, L_frame=0.0274, grad=0.193, lr=2.5e-04, ep=34.5, valid=68%
Step 16350: loss=0.0652, L_src=0.0168, L_frame=0.0255, grad=0.339, lr=2.5e-04, ep=34.6, valid=65%
Step 16400: loss=0.0581, L_src=0.0131, L_frame=0.0279, grad=0.362, lr=2.5e-04, ep=34.6, valid=71%
Step 16450: loss=0.0604, L_src=0.0145, L_frame=0.0267, grad=0.386, lr=2.5e-04, ep=34.7, valid=68%
Step 16500: loss=0.0533, L_src=0.0120, L_frame=0.0229, grad=0.216, lr=2.4e-04, ep=34.7, valid=65%
Step 16550: loss=0.0591, L_src=0.0135, L_frame=0.0280, grad=0.224, lr=2.4e-04, ep=34.8, valid=70%
Step 16600: loss=0.0569, L_src=0.0098, L_frame=0.0269, grad=0.159, lr=2.4e-04, ep=34.8, valid=64%
Step 16650: loss=0.0584, L_src=0.0145, L_frame=0.0243, grad=0.368, lr=2.4e-04, ep=34.9, valid=66%
Step 16700: loss=0.0553, L_src=0.0114, L_frame=0.0238, grad=0.232, lr=2.3e-04, ep=34.9, valid=64%
Step 16750: loss=0.0564, L_src=0.0126, L_frame=0.0244, grad=0.213, lr=2.3e-04, ep=35.0, valid=66%
Step 16800: loss=0.0617, L_src=0.0149, L_frame=0.0288, grad=0.288, lr=2.3e-04, ep=36.0, valid=71%
Step 16850: loss=0.0626, L_src=0.0143, L_frame=0.0275, grad=0.358, lr=2.3e-04, ep=36.1, valid=67%
Step 16900: loss=0.0578, L_src=0.0129, L_frame=0.0271, grad=0.234, lr=2.2e-04, ep=36.1, valid=69%
Step 16950: loss=0.0562, L_src=0.0110, L_frame=0.0254, grad=0.254, lr=2.2e-04, ep=36.2, valid=65%
Step 17000: loss=0.0521, L_src=0.0101, L_frame=0.0246, grad=0.303, lr=2.2e-04, ep=36.3, valid=67%
Step 17050: loss=0.0549, L_src=0.0104, L_frame=0.0243, grad=0.181, lr=2.2e-04, ep=36.3, valid=63%
Step 17100: loss=0.0529, L_src=0.0123, L_frame=0.0254, grad=0.209, lr=2.1e-04, ep=36.4, valid=71%
Step 17150: loss=0.0534, L_src=0.0109, L_frame=0.0249, grad=0.200, lr=2.1e-04, ep=36.4, valid=67%
Step 17200: loss=0.0607, L_src=0.0130, L_frame=0.0278, grad=0.209, lr=2.1e-04, ep=36.5, valid=67%
Step 17250: loss=0.0523, L_src=0.0113, L_frame=0.0253, grad=0.245, lr=2.1e-04, ep=36.5, valid=70%
Step 17300: loss=0.0572, L_src=0.0118, L_frame=0.0262, grad=0.227, lr=2.0e-04, ep=36.6, valid=66%
Step 17350: loss=0.0581, L_src=0.0141, L_frame=0.0267, grad=0.368, lr=2.0e-04, ep=36.6, valid=70%
Step 17400: loss=0.0550, L_src=0.0130, L_frame=0.0260, grad=0.241, lr=2.0e-04, ep=36.7, valid=71%
Step 17450: loss=0.0605, L_src=0.0136, L_frame=0.0278, grad=0.232, lr=2.0e-04, ep=36.7, valid=68%
Step 17500: loss=0.0537, L_src=0.0110, L_frame=0.0243, grad=0.181, lr=2.0e-04, ep=36.8, valid=66%
Step 17550: loss=0.0597, L_src=0.0161, L_frame=0.0256, grad=0.505, lr=1.9e-04, ep=36.8, valid=70%
Step 17600: loss=0.0548, L_src=0.0115, L_frame=0.0275, grad=0.247, lr=1.9e-04, ep=36.9, valid=71%
Step 17650: loss=0.0518, L_src=0.0117, L_frame=0.0242, grad=0.227, lr=1.9e-04, ep=37.0, valid=69%
Step 17700: loss=0.0516, L_src=0.0086, L_frame=0.0249, grad=0.238, lr=1.9e-04, ep=38.0, valid=65%
Step 17750: loss=0.0550, L_src=0.0120, L_frame=0.0243, grad=0.199, lr=1.8e-04, ep=38.1, valid=66%
Step 17800: loss=0.0514, L_src=0.0121, L_frame=0.0240, grad=0.154, lr=1.8e-04, ep=38.1, valid=70%
Step 17850: loss=0.0534, L_src=0.0110, L_frame=0.0256, grad=0.189, lr=1.8e-04, ep=38.2, valid=69%
Step 17900: loss=0.0585, L_src=0.0129, L_frame=0.0259, grad=0.484, lr=1.8e-04, ep=38.2, valid=66%
Step 17950: loss=0.0526, L_src=0.0109, L_frame=0.0243, grad=0.199, lr=1.8e-04, ep=38.3, valid=67%
Step 18000: loss=0.0528, L_src=0.0109, L_frame=0.0245, grad=0.225, lr=1.7e-04, ep=38.3, valid=67%
Step 18050: loss=0.0532, L_src=0.0130, L_frame=0.0245, grad=0.273, lr=1.7e-04, ep=38.4, valid=71%
Step 18100: loss=0.0537, L_src=0.0114, L_frame=0.0239, grad=0.180, lr=1.7e-04, ep=38.4, valid=66%
Step 18150: loss=0.0537, L_src=0.0114, L_frame=0.0264, grad=0.202, lr=1.7e-04, ep=38.5, valid=71%
Step 18200: loss=0.0468, L_src=0.0090, L_frame=0.0222, grad=0.158, lr=1.6e-04, ep=38.5, valid=67%
Step 18250: loss=0.0605, L_src=0.0152, L_frame=0.0257, grad=1.239, lr=1.6e-04, ep=38.6, valid=68%
Step 18300: loss=0.0533, L_src=0.0123, L_frame=0.0246, grad=0.201, lr=1.6e-04, ep=38.6, valid=69%
Step 18350: loss=0.0592, L_src=0.0146, L_frame=0.0267, grad=0.615, lr=1.6e-04, ep=38.7, valid=70%
Step 18400: loss=0.0588, L_src=0.0135, L_frame=0.0263, grad=0.299, lr=1.6e-04, ep=38.8, valid=68%
Step 18450: loss=0.0509, L_src=0.0107, L_frame=0.0236, grad=0.438, lr=1.5e-04, ep=38.8, valid=67%
Step 18500: loss=0.0548, L_src=0.0112, L_frame=0.0261, grad=0.171, lr=1.5e-04, ep=38.9, valid=68%
Step 18550: loss=0.0512, L_src=0.0097, L_frame=0.0246, grad=0.163, lr=1.5e-04, ep=38.9, valid=67%
Step 18600: loss=0.0543, L_src=0.0110, L_frame=0.0254, grad=0.215, lr=1.5e-04, ep=39.0, valid=67%
Step 18650: loss=0.0552, L_src=0.0122, L_frame=0.0256, grad=0.192, lr=1.5e-04, ep=40.0, valid=69%
Step 18700: loss=0.0509, L_src=0.0107, L_frame=0.0244, grad=0.215, lr=1.4e-04, ep=40.1, valid=69%
Step 18750: loss=0.0539, L_src=0.0114, L_frame=0.0254, grad=0.259, lr=1.4e-04, ep=40.1, valid=68%
Step 18800: loss=0.0576, L_src=0.0129, L_frame=0.0248, grad=0.467, lr=1.4e-04, ep=40.2, valid=65%
Step 18850: loss=0.0499, L_src=0.0100, L_frame=0.0239, grad=0.214, lr=1.4e-04, ep=40.2, valid=68%
Step 18900: loss=0.0544, L_src=0.0124, L_frame=0.0242, grad=0.170, lr=1.4e-04, ep=40.3, valid=67%
Step 18950: loss=0.0519, L_src=0.0110, L_frame=0.0245, grad=0.187, lr=1.3e-04, ep=40.3, valid=68%
Step 19000: loss=0.0505, L_src=0.0098, L_frame=0.0227, grad=0.186, lr=1.3e-04, ep=40.4, valid=64%
Step 19050: loss=0.0500, L_src=0.0104, L_frame=0.0227, grad=0.256, lr=1.3e-04, ep=40.5, valid=66%
Step 19100: loss=0.0513, L_src=0.0114, L_frame=0.0226, grad=0.397, lr=1.3e-04, ep=40.5, valid=66%
Step 19150: loss=0.0481, L_src=0.0090, L_frame=0.0223, grad=0.146, lr=1.3e-04, ep=40.6, valid=65%
Step 19200: loss=0.0533, L_src=0.0131, L_frame=0.0232, grad=0.263, lr=1.2e-04, ep=40.6, valid=68%
Step 19250: loss=0.0569, L_src=0.0146, L_frame=0.0246, grad=0.348, lr=1.2e-04, ep=40.7, valid=69%
Step 19300: loss=0.0514, L_src=0.0117, L_frame=0.0240, grad=0.229, lr=1.2e-04, ep=40.7, valid=69%
Step 19350: loss=0.0508, L_src=0.0104, L_frame=0.0271, grad=0.309, lr=1.2e-04, ep=40.8, valid=74%
Step 19400: loss=0.0510, L_src=0.0097, L_frame=0.0239, grad=0.411, lr=1.2e-04, ep=40.8, valid=66%
Step 19450: loss=0.0558, L_src=0.0137, L_frame=0.0249, grad=0.396, lr=1.1e-04, ep=40.9, valid=69%
Step 19500: loss=0.0513, L_src=0.0111, L_frame=0.0222, grad=0.238, lr=1.1e-04, ep=40.9, valid=65%
Step 19550: loss=0.0523, L_src=0.0127, L_frame=0.0212, grad=0.591, lr=1.1e-04, ep=41.0, valid=65%
Step 19600: loss=0.0493, L_src=0.0114, L_frame=0.0230, grad=0.178, lr=1.1e-04, ep=42.0, valid=70%
Step 19650: loss=0.0535, L_src=0.0105, L_frame=0.0250, grad=0.189, lr=1.1e-04, ep=42.1, valid=66%
Step 19700: loss=0.0511, L_src=0.0103, L_frame=0.0236, grad=0.156, lr=1.1e-04, ep=42.2, valid=66%
Step 19750: loss=0.0488, L_src=0.0099, L_frame=0.0224, grad=0.301, lr=1.0e-04, ep=42.2, valid=66%
Step 19800: loss=0.0513, L_src=0.0096, L_frame=0.0243, grad=0.220, lr=1.0e-04, ep=42.3, valid=66%
Step 19850: loss=0.0484, L_src=0.0097, L_frame=0.0214, grad=0.196, lr=1.0e-04, ep=42.3, valid=64%
Step 19900: loss=0.0515, L_src=0.0117, L_frame=0.0235, grad=0.149, lr=9.9e-05, ep=42.4, valid=68%
Step 19950: loss=0.0529, L_src=0.0107, L_frame=0.0232, grad=0.225, lr=9.7e-05, ep=42.4, valid=64%
Step 20000: loss=0.0498, L_src=0.0097, L_frame=0.0246, grad=0.231, lr=9.5e-05, ep=42.5, valid=69%
Step 20050: loss=0.0504, L_src=0.0104, L_frame=0.0245, grad=0.206, lr=9.4e-05, ep=42.5, valid=69%
Step 20100: loss=0.0539, L_src=0.0129, L_frame=0.0233, grad=0.237, lr=9.2e-05, ep=42.6, valid=67%
Step 20150: loss=0.0493, L_src=0.0099, L_frame=0.0226, grad=0.287, lr=9.0e-05, ep=42.6, valid=66%
Step 20200: loss=0.0491, L_src=0.0099, L_frame=0.0235, grad=0.238, lr=8.9e-05, ep=42.7, valid=68%
Step 20250: loss=0.0545, L_src=0.0128, L_frame=0.0251, grad=0.238, lr=8.7e-05, ep=42.7, valid=70%
Step 20300: loss=0.0478, L_src=0.0096, L_frame=0.0229, grad=0.148, lr=8.5e-05, ep=42.8, valid=68%
Step 20350: loss=0.0472, L_src=0.0092, L_frame=0.0233, grad=0.166, lr=8.4e-05, ep=42.9, valid=69%
Step 20400: loss=0.0488, L_src=0.0101, L_frame=0.0239, grad=0.200, lr=8.2e-05, ep=42.9, valid=70%
Step 20450: loss=0.0448, L_src=0.0088, L_frame=0.0225, grad=0.206, lr=8.1e-05, ep=43.0, valid=70%
Step 20500: loss=0.0508, L_src=0.0102, L_frame=0.0235, grad=0.177, lr=7.9e-05, ep=44.0, valid=66%
Step 20550: loss=0.0510, L_src=0.0101, L_frame=0.0247, grad=0.173, lr=7.8e-05, ep=44.1, valid=68%
Step 20600: loss=0.0467, L_src=0.0089, L_frame=0.0231, grad=0.172, lr=7.6e-05, ep=44.1, valid=69%
Step 20650: loss=0.0504, L_src=0.0104, L_frame=0.0242, grad=0.146, lr=7.5e-05, ep=44.2, valid=69%
Step 20700: loss=0.0578, L_src=0.0142, L_frame=0.0242, grad=0.337, lr=7.3e-05, ep=44.2, valid=66%
Step 20750: loss=0.0513, L_src=0.0115, L_frame=0.0232, grad=0.217, lr=7.2e-05, ep=44.3, valid=68%
Step 20800: loss=0.0457, L_src=0.0085, L_frame=0.0216, grad=0.226, lr=7.0e-05, ep=44.3, valid=66%
Step 20850: loss=0.0507, L_src=0.0105, L_frame=0.0230, grad=0.172, lr=6.9e-05, ep=44.4, valid=66%
Step 20900: loss=0.0493, L_src=0.0107, L_frame=0.0246, grad=0.188, lr=6.8e-05, ep=44.4, valid=71%
Step 20950: loss=0.0504, L_src=0.0108, L_frame=0.0241, grad=0.157, lr=6.6e-05, ep=44.5, valid=69%
Step 21000: loss=0.0501, L_src=0.0102, L_frame=0.0228, grad=0.223, lr=6.5e-05, ep=44.5, valid=66%
Step 21050: loss=0.0526, L_src=0.0115, L_frame=0.0249, grad=0.271, lr=6.3e-05, ep=44.6, valid=69%
Step 21100: loss=0.0519, L_src=0.0119, L_frame=0.0233, grad=0.168, lr=6.2e-05, ep=44.7, valid=68%
Step 21150: loss=0.0473, L_src=0.0103, L_frame=0.0225, grad=0.164, lr=6.1e-05, ep=44.7, valid=69%
Step 21200: loss=0.0470, L_src=0.0094, L_frame=0.0213, grad=0.176, lr=5.9e-05, ep=44.8, valid=65%
Step 21250: loss=0.0464, L_src=0.0093, L_frame=0.0222, grad=0.141, lr=5.8e-05, ep=44.8, valid=68%
Step 21300: loss=0.0461, L_src=0.0097, L_frame=0.0226, grad=0.172, lr=5.7e-05, ep=44.9, valid=70%
Step 21350: loss=0.0491, L_src=0.0108, L_frame=0.0218, grad=0.263, lr=5.6e-05, ep=44.9, valid=66%
Step 21400: loss=0.0504, L_src=0.0108, L_frame=0.0229, grad=0.177, lr=5.4e-05, ep=45.0, valid=67%
Step 21450: loss=0.0468, L_src=0.0086, L_frame=0.0227, grad=0.259, lr=5.3e-05, ep=46.0, valid=67%
Step 21500: loss=0.0456, L_src=0.0092, L_frame=0.0220, grad=0.168, lr=5.2e-05, ep=46.1, valid=68%
Step 21550: loss=0.0491, L_src=0.0107, L_frame=0.0256, grad=0.173, lr=5.1e-05, ep=46.1, valid=74%
Step 21600: loss=0.0438, L_src=0.0086, L_frame=0.0217, grad=0.134, lr=4.9e-05, ep=46.2, valid=69%
Step 21650: loss=0.0476, L_src=0.0102, L_frame=0.0219, grad=0.220, lr=4.8e-05, ep=46.2, valid=67%
Step 21700: loss=0.0483, L_src=0.0086, L_frame=0.0238, grad=0.170, lr=4.7e-05, ep=46.3, valid=67%
Step 21750: loss=0.0465, L_src=0.0099, L_frame=0.0226, grad=0.147, lr=4.6e-05, ep=46.4, valid=70%
Step 21800: loss=0.0483, L_src=0.0108, L_frame=0.0235, grad=0.207, lr=4.5e-05, ep=46.4, valid=71%
Step 21850: loss=0.0451, L_src=0.0080, L_frame=0.0221, grad=0.212, lr=4.4e-05, ep=46.5, valid=67%
Step 21900: loss=0.0491, L_src=0.0102, L_frame=0.0217, grad=0.288, lr=4.3e-05, ep=46.5, valid=65%
Step 21950: loss=0.0460, L_src=0.0093, L_frame=0.0227, grad=0.151, lr=4.2e-05, ep=46.6, valid=69%
Step 22000: loss=0.0493, L_src=0.0108, L_frame=0.0223, grad=0.173, lr=4.0e-05, ep=46.6, valid=67%
Step 22050: loss=0.0473, L_src=0.0095, L_frame=0.0239, grad=0.169, lr=3.9e-05, ep=46.7, valid=71%
Step 22100: loss=0.0537, L_src=0.0116, L_frame=0.0243, grad=0.162, lr=3.8e-05, ep=46.7, valid=67%
Step 22150: loss=0.0494, L_src=0.0104, L_frame=0.0232, grad=0.175, lr=3.7e-05, ep=46.8, valid=68%
Step 22200: loss=0.0441, L_src=0.0085, L_frame=0.0221, grad=0.140, lr=3.6e-05, ep=46.8, valid=70%
Step 22250: loss=0.0476, L_src=0.0098, L_frame=0.0229, grad=0.169, lr=3.5e-05, ep=46.9, valid=69%
Step 22300: loss=0.0468, L_src=0.0108, L_frame=0.0226, grad=0.158, lr=3.4e-05, ep=46.9, valid=71%
Step 22350: loss=0.0505, L_src=0.0112, L_frame=0.0225, grad=0.187, lr=3.4e-05, ep=48.0, valid=67%
Step 22400: loss=0.0465, L_src=0.0096, L_frame=0.0226, grad=0.161, lr=3.3e-05, ep=48.1, valid=69%
Step 22450: loss=0.0494, L_src=0.0109, L_frame=0.0233, grad=0.229, lr=3.2e-05, ep=48.1, valid=69%
Step 22500: loss=0.0488, L_src=0.0096, L_frame=0.0235, grad=0.231, lr=3.1e-05, ep=48.2, valid=68%
Step 22550: loss=0.0442, L_src=0.0094, L_frame=0.0210, grad=0.182, lr=3.0e-05, ep=48.2, valid=69%
Step 22600: loss=0.0484, L_src=0.0095, L_frame=0.0228, grad=0.138, lr=2.9e-05, ep=48.3, valid=67%
Step 22650: loss=0.0509, L_src=0.0093, L_frame=0.0235, grad=0.174, lr=2.8e-05, ep=48.3, valid=64%
Step 22700: loss=0.0507, L_src=0.0103, L_frame=0.0234, grad=0.178, lr=2.7e-05, ep=48.4, valid=66%
Step 22750: loss=0.0501, L_src=0.0103, L_frame=0.0228, grad=0.205, lr=2.7e-05, ep=48.4, valid=66%
Step 22800: loss=0.0477, L_src=0.0095, L_frame=0.0206, grad=0.185, lr=2.6e-05, ep=48.5, valid=63%
Step 22850: loss=0.0470, L_src=0.0083, L_frame=0.0236, grad=0.176, lr=2.5e-05, ep=48.5, valid=68%
Step 22900: loss=0.0466, L_src=0.0088, L_frame=0.0209, grad=0.228, lr=2.4e-05, ep=48.6, valid=64%
Step 22950: loss=0.0476, L_src=0.0105, L_frame=0.0205, grad=0.190, lr=2.4e-05, ep=48.6, valid=65%
Step 23000: loss=0.0487, L_src=0.0110, L_frame=0.0241, grad=0.166, lr=2.3e-05, ep=48.7, valid=72%
Step 23050: loss=0.0484, L_src=0.0107, L_frame=0.0221, grad=0.197, lr=2.2e-05, ep=48.7, valid=68%
Step 23100: loss=0.0501, L_src=0.0133, L_frame=0.0212, grad=0.357, lr=2.1e-05, ep=48.8, valid=69%
Step 23150: loss=0.0484, L_src=0.0092, L_frame=0.0228, grad=0.145, lr=2.1e-05, ep=48.9, valid=66%
Step 23200: loss=0.0441, L_src=0.0087, L_frame=0.0209, grad=0.174, lr=2.0e-05, ep=48.9, valid=67%
Step 23250: loss=0.0446, L_src=0.0096, L_frame=0.0207, grad=0.149, lr=1.9e-05, ep=49.0, valid=68%
Step 23300: loss=0.0492, L_src=0.0106, L_frame=0.0219, grad=0.240, lr=1.9e-05, ep=50.0, valid=66%
Step 23350: loss=0.0457, L_src=0.0090, L_frame=0.0217, grad=0.161, lr=1.8e-05, ep=50.1, valid=67%
Step 23400: loss=0.0466, L_src=0.0098, L_frame=0.0231, grad=0.159, lr=1.8e-05, ep=50.1, valid=71%
Step 23450: loss=0.0495, L_src=0.0095, L_frame=0.0240, grad=0.169, lr=1.7e-05, ep=50.2, valid=68%
Step 23500: loss=0.0472, L_src=0.0096, L_frame=0.0234, grad=0.197, lr=1.7e-05, ep=50.2, valid=70%
Step 23550: loss=0.0460, L_src=0.0098, L_frame=0.0221, grad=0.145, lr=1.6e-05, ep=50.3, valid=70%
Step 23600: loss=0.0492, L_src=0.0098, L_frame=0.0239, grad=0.274, lr=1.6e-05, ep=50.3, valid=69%
Step 23650: loss=0.0459, L_src=0.0083, L_frame=0.0231, grad=0.163, lr=1.5e-05, ep=50.4, valid=68%
Step 23700: loss=0.0464, L_src=0.0096, L_frame=0.0231, grad=0.173, lr=1.5e-05, ep=50.4, valid=71%
Step 23750: loss=0.0460, L_src=0.0091, L_frame=0.0223, grad=0.167, lr=1.4e-05, ep=50.5, valid=68%
Step 23800: loss=0.0474, L_src=0.0102, L_frame=0.0239, grad=0.153, lr=1.4e-05, ep=50.6, valid=72%
Step 23850: loss=0.0487, L_src=0.0094, L_frame=0.0242, grad=0.145, lr=1.3e-05, ep=50.6, valid=69%
Step 23900: loss=0.0473, L_src=0.0087, L_frame=0.0220, grad=0.122, lr=1.3e-05, ep=50.7, valid=65%
Step 23950: loss=0.0468, L_src=0.0094, L_frame=0.0224, grad=0.165, lr=1.2e-05, ep=50.7, valid=68%
Step 24000: loss=0.0485, L_src=0.0104, L_frame=0.0215, grad=0.201, lr=1.2e-05, ep=50.8, valid=66%
Step 24050: loss=0.0454, L_src=0.0092, L_frame=0.0215, grad=0.150, lr=1.2e-05, ep=50.8, valid=68%
Step 24100: loss=0.0482, L_src=0.0098, L_frame=0.0237, grad=0.264, lr=1.1e-05, ep=50.9, valid=70%
Step 24150: loss=0.0459, L_src=0.0091, L_frame=0.0217, grad=0.154, lr=1.1e-05, ep=50.9, valid=67%
Step 24200: loss=0.0503, L_src=0.0101, L_frame=0.0232, grad=0.240, lr=1.1e-05, ep=51.0, valid=66%
Step 24250: loss=0.0425, L_src=0.0074, L_frame=0.0199, grad=0.118, lr=1.1e-05, ep=52.0, valid=64%
Step 24300: loss=0.0484, L_src=0.0120, L_frame=0.0229, grad=0.154, lr=1.0e-05, ep=52.1, valid=72%
Step 24350: loss=0.0459, L_src=0.0106, L_frame=0.0205, grad=0.195, lr=1.0e-05, ep=52.1, valid=68%
Step 24400: loss=0.0496, L_src=0.0122, L_frame=0.0225, grad=0.326, lr=9.8e-06, ep=52.2, valid=70%
Step 24450: loss=0.0464, L_src=0.0091, L_frame=0.0226, grad=0.137, lr=9.6e-06, ep=52.3, valid=68%
Step 24500: loss=0.0474, L_src=0.0102, L_frame=0.0232, grad=0.154, lr=9.4e-06, ep=52.3, valid=71%
Step 24550: loss=0.0461, L_src=0.0094, L_frame=0.0218, grad=0.207, lr=9.2e-06, ep=52.4, valid=68%
Step 24600: loss=0.0449, L_src=0.0079, L_frame=0.0213, grad=0.128, lr=9.1e-06, ep=52.4, valid=65%
Step 24650: loss=0.0481, L_src=0.0104, L_frame=0.0227, grad=0.140, lr=8.9e-06, ep=52.5, valid=69%
Step 24700: loss=0.0468, L_src=0.0090, L_frame=0.0228, grad=0.134, lr=8.8e-06, ep=52.5, valid=68%
Step 24750: loss=0.0464, L_src=0.0098, L_frame=0.0204, grad=0.170, lr=8.7e-06, ep=52.6, valid=65%
Step 24800: loss=0.0453, L_src=0.0092, L_frame=0.0211, grad=0.188, lr=8.6e-06, ep=52.6, valid=67%
Step 24850: loss=0.0448, L_src=0.0093, L_frame=0.0200, grad=0.197, lr=8.6e-06, ep=52.7, valid=65%
Step 24900: loss=0.0468, L_src=0.0100, L_frame=0.0218, grad=0.175, lr=8.5e-06, ep=52.7, valid=68%
Step 24950: loss=0.0508, L_src=0.0104, L_frame=0.0235, grad=0.300, lr=8.5e-06, ep=52.8, valid=67%
[1;34mwandb[0m: 
[1;34mwandb[0m: 🚀 View run [33mqkfs_v1[0m at: [34mhttps://wandb.ai/shalbe/qkfs-selector/runs/bzw8xvli[0m
[1;34mwandb[0m: Find logs at: [1;35mwandb/run-20260508_012826-bzw8xvli/logs[0m
