Job started at Fri May  8 12:54:28 AM EDT 2026
Running on node: heistotron.cc.gatech.edu
GPUs allocated: 0,1,2,3,4,5,6,7
Fri May  8 00:54:28 2026       
+-----------------------------------------------------------------------------------------+
| NVIDIA-SMI 580.159.03             Driver Version: 580.159.03     CUDA Version: 13.0     |
+-----------------------------------------+------------------------+----------------------+
| GPU  Name                 Persistence-M | Bus-Id          Disp.A | Volatile Uncorr. ECC |
| Fan  Temp   Perf          Pwr:Usage/Cap |           Memory-Usage | GPU-Util  Compute M. |
|                                         |                        |               MIG M. |
|=========================================+========================+======================|
|   0  NVIDIA A40                     On  |   00000000:01:00.0 Off |                    0 |
|  0%   26C    P8             21W /  300W |       0MiB /  46068MiB |      0%      Default |
|                                         |                        |                  N/A |
+-----------------------------------------+------------------------+----------------------+
|   1  NVIDIA A40                     On  |   00000000:25:00.0 Off |                    0 |
|  0%   26C    P8             21W /  300W |       0MiB /  46068MiB |      0%      Default |
|                                         |                        |                  N/A |
+-----------------------------------------+------------------------+----------------------+
|   2  NVIDIA A40                     On  |   00000000:41:00.0 Off |                    0 |
|  0%   27C    P8             21W /  300W |       0MiB /  46068MiB |      0%      Default |
|                                         |                        |                  N/A |
+-----------------------------------------+------------------------+----------------------+
|   3  NVIDIA A40                     On  |   00000000:61:00.0 Off |                    0 |
|  0%   53C    P0             87W /  300W |       0MiB /  46068MiB |      0%      Default |
|                                         |                        |                  N/A |
+-----------------------------------------+------------------------+----------------------+
|   4  NVIDIA A40                     On  |   00000000:81:00.0 Off |                    0 |
|  0%   54C    P0             89W /  300W |       0MiB /  46068MiB |      0%      Default |
|                                         |                        |                  N/A |
+-----------------------------------------+------------------------+----------------------+
|   5  NVIDIA A40                     On  |   00000000:A1:00.0 Off |                    0 |
|  0%   26C    P8             20W /  300W |       0MiB /  46068MiB |      0%      Default |
|                                         |                        |                  N/A |
+-----------------------------------------+------------------------+----------------------+
|   6  NVIDIA A40                     On  |   00000000:C1:00.0 Off |                    0 |
|  0%   48C    P0             84W /  300W |       0MiB /  46068MiB |      0%      Default |
|                                         |                        |                  N/A |
+-----------------------------------------+------------------------+----------------------+
|   7  NVIDIA A40                     On  |   00000000:E1:00.0 Off |                    0 |
|  0%   53C    P0             87W /  300W |       0MiB /  46068MiB |      0%      Default |
|                                         |                        |                  N/A |
+-----------------------------------------+------------------------+----------------------+

+-----------------------------------------------------------------------------------------+
| Processes:                                                                              |
|  GPU   GI   CI              PID   Type   Process name                        GPU Memory |
|        ID   ID                                                               Usage      |
|=========================================================================================|
|  No running processes found                                                             |
+-----------------------------------------------------------------------------------------+
]11;?[c[1;34mwandb[0m: 
[1;34mwandb[0m: 🚀 View run [33mqkfs_v1[0m at: [34mhttps://wandb.ai/shalbe/qkfs-selector/runs/cihoqyzi[0m
[1;34mwandb[0m: Find logs at: [1;35mwandb/run-20260508_005508-cihoqyzi/logs[0m
