]11;?[cmax_token_len:  64
====== Using History, Representation Type: perceptual , Integration Type: modulation ======
Perceptual Memory using rl_selector type

max_token_len: 64
Step 0: mean_reward=-0.0024, mean_fm_selector=0.0546, mean_fm_uniform=0.0535, mean_entropy=5.5236, policy_loss=0.6980, value_loss=1.2078, approx_kl=-0.0000, grad_norm=45.6284
Step 10: mean_reward=0.0005, mean_fm_selector=0.0545, mean_fm_uniform=0.0564, mean_entropy=5.5117, policy_loss=0.0036, value_loss=0.0013, approx_kl=-0.0000, grad_norm=0.7103
Step 20: mean_reward=-0.0001, mean_fm_selector=0.0527, mean_fm_uniform=0.0538, mean_entropy=5.5515, policy_loss=-0.0067, value_loss=0.0003, approx_kl=-0.0000, grad_norm=0.2646
Step 30: mean_reward=-0.0016, mean_fm_selector=0.0386, mean_fm_uniform=0.0386, mean_entropy=5.2916, policy_loss=-0.0003, value_loss=0.0001, approx_kl=-0.0000, grad_norm=0.1066
Step 40: mean_reward=-0.0017, mean_fm_selector=0.0367, mean_fm_uniform=0.0371, mean_entropy=5.2029, policy_loss=-0.0028, value_loss=0.0003, approx_kl=0.0329, grad_norm=0.2628
Step 50: mean_reward=0.0021, mean_fm_selector=0.0527, mean_fm_uniform=0.0559, mean_entropy=5.4445, policy_loss=0.0014, value_loss=0.0003, approx_kl=-0.0000, grad_norm=0.2055
Step 60: mean_reward=-0.0009, mean_fm_selector=0.0439, mean_fm_uniform=0.0446, mean_entropy=5.3485, policy_loss=0.0017, value_loss=0.0001, approx_kl=-0.0000, grad_norm=0.1702
Step 70: mean_reward=-0.0075, mean_fm_selector=0.0489, mean_fm_uniform=0.0429, mean_entropy=5.4606, policy_loss=-0.0012, value_loss=0.0007, approx_kl=-0.0000, grad_norm=0.2167
Step 80: mean_reward=0.0003, mean_fm_selector=0.0391, mean_fm_uniform=0.0406, mean_entropy=5.4521, policy_loss=-0.0022, value_loss=0.0001, approx_kl=-0.0000, grad_norm=0.0441
Step 90: mean_reward=0.0014, mean_fm_selector=0.0428, mean_fm_uniform=0.0457, mean_entropy=5.4278, policy_loss=0.0006, value_loss=0.0002, approx_kl=-0.0000, grad_norm=0.0870
Step 100: mean_reward=-0.0014, mean_fm_selector=0.0600, mean_fm_uniform=0.0604, mean_entropy=5.2069, policy_loss=-0.0064, value_loss=0.0000, approx_kl=-0.0000, grad_norm=0.0453
Step 110: mean_reward=-0.0019, mean_fm_selector=0.0455, mean_fm_uniform=0.0450, mean_entropy=5.3979, policy_loss=-0.0005, value_loss=0.0000, approx_kl=-0.0000, grad_norm=0.0552
Step 120: mean_reward=-0.0022, mean_fm_selector=0.0735, mean_fm_uniform=0.0729, mean_entropy=5.3791, policy_loss=0.0010, value_loss=0.0001, approx_kl=-0.0000, grad_norm=0.0376
Step 130: mean_reward=-0.0026, mean_fm_selector=0.0337, mean_fm_uniform=0.0327, mean_entropy=5.3028, policy_loss=0.0092, value_loss=0.0001, approx_kl=-0.0000, grad_norm=0.0635
Step 140: mean_reward=-0.0034, mean_fm_selector=0.0379, mean_fm_uniform=0.0359, mean_entropy=5.3401, policy_loss=-0.0021, value_loss=0.0001, approx_kl=-0.0000, grad_norm=0.1133
Step 150: mean_reward=-0.0003, mean_fm_selector=0.0322, mean_fm_uniform=0.0332, mean_entropy=5.4715, policy_loss=-0.1749, value_loss=0.0131, approx_kl=-0.0000, grad_norm=1.5194
Step 160: mean_reward=-0.0007, mean_fm_selector=0.0700, mean_fm_uniform=0.0708, mean_entropy=5.5237, policy_loss=0.0030, value_loss=0.0001, approx_kl=-0.0000, grad_norm=0.0261
Step 170: mean_reward=-0.0017, mean_fm_selector=0.0484, mean_fm_uniform=0.0483, mean_entropy=5.3740, policy_loss=0.0019, value_loss=0.0000, approx_kl=-0.0000, grad_norm=0.0112
Step 180: mean_reward=-0.0012, mean_fm_selector=0.0455, mean_fm_uniform=0.0456, mean_entropy=5.4018, policy_loss=0.0001, value_loss=0.0001, approx_kl=-0.0000, grad_norm=0.0093
Step 190: mean_reward=-0.0003, mean_fm_selector=0.0622, mean_fm_uniform=0.0633, mean_entropy=5.5610, policy_loss=0.0013, value_loss=0.0001, approx_kl=-0.0000, grad_norm=0.0264
Step 200: mean_reward=-0.0028, mean_fm_selector=0.0398, mean_fm_uniform=0.0381, mean_entropy=5.5704, policy_loss=0.0009, value_loss=0.0002, approx_kl=-0.0000, grad_norm=0.0274
Step 210: mean_reward=-0.0004, mean_fm_selector=0.0584, mean_fm_uniform=0.0594, mean_entropy=5.5019, policy_loss=-0.0006, value_loss=0.0001, approx_kl=-0.0000, grad_norm=0.0229
Step 220: mean_reward=-0.0029, mean_fm_selector=0.0807, mean_fm_uniform=0.0793, mean_entropy=5.3841, policy_loss=0.0007, value_loss=0.0002, approx_kl=-0.0000, grad_norm=0.0184
Step 230: mean_reward=-0.0005, mean_fm_selector=0.0682, mean_fm_uniform=0.0692, mean_entropy=5.3413, policy_loss=-0.0001, value_loss=0.0003, approx_kl=-0.0000, grad_norm=0.0140
Step 240: mean_reward=-0.0027, mean_fm_selector=0.0588, mean_fm_uniform=0.0580, mean_entropy=5.2753, policy_loss=0.0012, value_loss=0.0001, approx_kl=-0.0000, grad_norm=0.0093
Step 250: mean_reward=-0.0031, mean_fm_selector=0.0326, mean_fm_uniform=0.0311, mean_entropy=5.3090, policy_loss=0.0012, value_loss=0.0001, approx_kl=-0.0000, grad_norm=0.0155
Step 260: mean_reward=-0.0024, mean_fm_selector=0.0260, mean_fm_uniform=0.0249, mean_entropy=5.5603, policy_loss=-0.0015, value_loss=0.0001, approx_kl=-0.0000, grad_norm=0.0074
Step 270: mean_reward=-0.0019, mean_fm_selector=0.0436, mean_fm_uniform=0.0430, mean_entropy=5.5064, policy_loss=0.0018, value_loss=0.0000, approx_kl=-0.0000, grad_norm=0.0128
Step 280: mean_reward=-0.0008, mean_fm_selector=0.0487, mean_fm_uniform=0.0495, mean_entropy=5.3348, policy_loss=0.0001, value_loss=0.0000, approx_kl=-0.0000, grad_norm=0.0068
Step 290: mean_reward=-0.0002, mean_fm_selector=0.0434, mean_fm_uniform=0.0446, mean_entropy=5.4949, policy_loss=-0.0013, value_loss=0.0001, approx_kl=-0.0000, grad_norm=0.0153
Step 300: mean_reward=0.0004, mean_fm_selector=0.0633, mean_fm_uniform=0.0648, mean_entropy=5.5883, policy_loss=-0.0006, value_loss=0.0001, approx_kl=-0.0000, grad_norm=0.0260
Step 310: mean_reward=-0.0031, mean_fm_selector=0.0534, mean_fm_uniform=0.0517, mean_entropy=5.3259, policy_loss=0.0027, value_loss=0.0001, approx_kl=-0.0000, grad_norm=0.0168
Step 320: mean_reward=-0.0003, mean_fm_selector=0.0242, mean_fm_uniform=0.0252, mean_entropy=5.5160, policy_loss=0.0009, value_loss=0.0000, approx_kl=-0.0000, grad_norm=0.0053
Step 330: mean_reward=-0.0014, mean_fm_selector=0.0562, mean_fm_uniform=0.0563, mean_entropy=5.3736, policy_loss=0.0022, value_loss=0.0001, approx_kl=-0.0000, grad_norm=0.0149
Step 340: mean_reward=-0.0015, mean_fm_selector=0.0337, mean_fm_uniform=0.0336, mean_entropy=5.3816, policy_loss=0.0016, value_loss=0.0000, approx_kl=-0.0000, grad_norm=0.0073
Step 350: mean_reward=-0.0035, mean_fm_selector=0.0614, mean_fm_uniform=0.0593, mean_entropy=5.4293, policy_loss=0.0025, value_loss=0.0002, approx_kl=-0.0000, grad_norm=0.0136
Step 360: mean_reward=-0.0014, mean_fm_selector=0.0511, mean_fm_uniform=0.0512, mean_entropy=5.3954, policy_loss=0.0011, value_loss=0.0001, approx_kl=-0.0000, grad_norm=0.0069
Step 370: mean_reward=-0.0011, mean_fm_selector=0.0465, mean_fm_uniform=0.0470, mean_entropy=5.3149, policy_loss=-0.0035, value_loss=0.0002, approx_kl=-0.0000, grad_norm=0.0218
Step 380: mean_reward=-0.0011, mean_fm_selector=0.0653, mean_fm_uniform=0.0657, mean_entropy=5.3159, policy_loss=0.0000, value_loss=0.0000, approx_kl=-0.0000, grad_norm=0.0084
Step 390: mean_reward=-0.0016, mean_fm_selector=0.0229, mean_fm_uniform=0.0230, mean_entropy=5.2798, policy_loss=0.0006, value_loss=0.0000, approx_kl=-0.0000, grad_norm=0.0020
Step 400: mean_reward=-0.0011, mean_fm_selector=0.0399, mean_fm_uniform=0.0401, mean_entropy=5.6044, policy_loss=-0.0016, value_loss=0.0000, approx_kl=-0.0000, grad_norm=0.0081
Step 410: mean_reward=-0.0017, mean_fm_selector=0.0493, mean_fm_uniform=0.0488, mean_entropy=5.6037, policy_loss=-0.0018, value_loss=0.0001, approx_kl=-0.0000, grad_norm=0.0103
Step 420: mean_reward=-0.0041, mean_fm_selector=0.0679, mean_fm_uniform=0.0653, mean_entropy=5.3825, policy_loss=0.0022, value_loss=0.0002, approx_kl=0.0488, grad_norm=0.0093
Step 430: mean_reward=0.0014, mean_fm_selector=0.0539, mean_fm_uniform=0.0568, mean_entropy=5.4196, policy_loss=-0.0042, value_loss=0.0002, approx_kl=-0.0000, grad_norm=0.0114
Step 440: mean_reward=-0.0023, mean_fm_selector=0.0304, mean_fm_uniform=0.0296, mean_entropy=5.4970, policy_loss=-0.0046, value_loss=0.0000, approx_kl=-0.0000, grad_norm=0.0072
Step 450: mean_reward=-0.0035, mean_fm_selector=0.0360, mean_fm_uniform=0.0345, mean_entropy=5.1539, policy_loss=0.0025, value_loss=0.0000, approx_kl=-0.0000, grad_norm=0.0039
Step 460: mean_reward=0.0007, mean_fm_selector=0.0496, mean_fm_uniform=0.0516, mean_entropy=5.5031, policy_loss=-0.0006, value_loss=0.0001, approx_kl=-0.0000, grad_norm=0.0060
Step 470: mean_reward=-0.0001, mean_fm_selector=0.0489, mean_fm_uniform=0.0500, mean_entropy=5.4588, policy_loss=-0.0018, value_loss=0.0001, approx_kl=-0.0000, grad_norm=0.0043
Step 480: mean_reward=-0.0010, mean_fm_selector=0.0323, mean_fm_uniform=0.0326, mean_entropy=5.5986, policy_loss=0.0004, value_loss=0.0000, approx_kl=-0.0000, grad_norm=0.0027
Step 490: mean_reward=-0.0032, mean_fm_selector=0.0537, mean_fm_uniform=0.0520, mean_entropy=5.4142, policy_loss=0.0040, value_loss=0.0001, approx_kl=-0.0000, grad_norm=0.0035
Step 500: mean_reward=-0.0045, mean_fm_selector=0.0453, mean_fm_uniform=0.0423, mean_entropy=5.4050, policy_loss=0.0050, value_loss=0.0001, approx_kl=-0.0000, grad_norm=0.0063
Step 510: mean_reward=-0.0021, mean_fm_selector=0.0476, mean_fm_uniform=0.0468, mean_entropy=5.5480, policy_loss=0.0009, value_loss=0.0001, approx_kl=-0.0000, grad_norm=0.0011
Step 520: mean_reward=0.0003, mean_fm_selector=0.0468, mean_fm_uniform=0.0491, mean_entropy=5.2298, policy_loss=-0.0042, value_loss=0.0000, approx_kl=-0.0000, grad_norm=0.0028
Step 530: mean_reward=-0.0003, mean_fm_selector=0.0520, mean_fm_uniform=0.0534, mean_entropy=5.3322, policy_loss=-0.0001, value_loss=0.0001, approx_kl=-0.0000, grad_norm=0.0021
Step 540: mean_reward=0.0001, mean_fm_selector=0.0739, mean_fm_uniform=0.0755, mean_entropy=5.4439, policy_loss=-0.0014, value_loss=0.0001, approx_kl=-0.0000, grad_norm=0.0019
Step 550: mean_reward=-0.0006, mean_fm_selector=0.0478, mean_fm_uniform=0.0485, mean_entropy=5.4427, policy_loss=-0.0007, value_loss=0.0001, approx_kl=-0.0000, grad_norm=0.0040
Step 560: mean_reward=-0.0031, mean_fm_selector=0.0372, mean_fm_uniform=0.0359, mean_entropy=5.2542, policy_loss=0.0017, value_loss=0.0001, approx_kl=-0.0000, grad_norm=0.0027
Step 570: mean_reward=-0.0032, mean_fm_selector=0.0354, mean_fm_uniform=0.0337, mean_entropy=5.3884, policy_loss=0.0029, value_loss=0.0001, approx_kl=-0.0000, grad_norm=0.0030
Step 580: mean_reward=-0.0004, mean_fm_selector=0.0651, mean_fm_uniform=0.0662, mean_entropy=5.3607, policy_loss=0.0010, value_loss=0.0000, approx_kl=-0.0000, grad_norm=0.0018
Step 590: mean_reward=0.0004, mean_fm_selector=0.0521, mean_fm_uniform=0.0537, mean_entropy=5.5681, policy_loss=-0.0011, value_loss=0.0001, approx_kl=-0.0000, grad_norm=0.0021
Step 600: mean_reward=-0.0001, mean_fm_selector=0.0526, mean_fm_uniform=0.0538, mean_entropy=5.4638, policy_loss=-0.0020, value_loss=0.0002, approx_kl=-0.0000, grad_norm=0.0027
Step 610: mean_reward=-0.0005, mean_fm_selector=0.0487, mean_fm_uniform=0.0500, mean_entropy=5.2651, policy_loss=-0.0012, value_loss=0.0001, approx_kl=-0.0000, grad_norm=0.0023
Step 620: mean_reward=-0.0033, mean_fm_selector=0.0361, mean_fm_uniform=0.0342, mean_entropy=5.4281, policy_loss=0.0016, value_loss=0.0001, approx_kl=-0.0000, grad_norm=0.0023
Step 630: mean_reward=-0.0006, mean_fm_selector=0.0585, mean_fm_uniform=0.0593, mean_entropy=5.5045, policy_loss=-0.0012, value_loss=0.0000, approx_kl=-0.0000, grad_norm=0.0010
Step 640: mean_reward=-0.0019, mean_fm_selector=0.0501, mean_fm_uniform=0.0493, mean_entropy=5.5624, policy_loss=-0.0023, value_loss=0.0000, approx_kl=-0.0000, grad_norm=0.0035
Step 650: mean_reward=-0.0014, mean_fm_selector=0.0533, mean_fm_uniform=0.0533, mean_entropy=5.4781, policy_loss=-0.0010, value_loss=0.0000, approx_kl=-0.0000, grad_norm=0.0008
Step 660: mean_reward=-0.0007, mean_fm_selector=0.0537, mean_fm_uniform=0.0541, mean_entropy=5.6204, policy_loss=-0.0002, value_loss=0.0000, approx_kl=-0.0000, grad_norm=0.0007
Step 670: mean_reward=-0.0055, mean_fm_selector=0.0396, mean_fm_uniform=0.0355, mean_entropy=5.5681, policy_loss=-0.0002, value_loss=0.0002, approx_kl=-0.0000, grad_norm=0.0018
Step 680: mean_reward=-0.0014, mean_fm_selector=0.0561, mean_fm_uniform=0.0563, mean_entropy=5.2932, policy_loss=-0.0003, value_loss=0.0000, approx_kl=-0.0000, grad_norm=0.0020
Step 690: mean_reward=0.0012, mean_fm_selector=0.0444, mean_fm_uniform=0.0467, mean_entropy=5.6306, policy_loss=-0.0019, value_loss=0.0001, approx_kl=-0.0000, grad_norm=0.0015
Step 700: mean_reward=0.0004, mean_fm_selector=0.0457, mean_fm_uniform=0.0476, mean_entropy=5.4962, policy_loss=-0.0015, value_loss=0.0001, approx_kl=-0.0000, grad_norm=0.0025
Step 710: mean_reward=-0.0018, mean_fm_selector=0.0320, mean_fm_uniform=0.0316, mean_entropy=5.4212, policy_loss=0.0012, value_loss=0.0000, approx_kl=-0.0000, grad_norm=0.0012
Step 720: mean_reward=-0.0020, mean_fm_selector=0.0736, mean_fm_uniform=0.0736, mean_entropy=5.1591, policy_loss=0.0002, value_loss=0.0000, approx_kl=0.0157, grad_norm=0.0014
Step 730: mean_reward=-0.0033, mean_fm_selector=0.0570, mean_fm_uniform=0.0553, mean_entropy=5.2649, policy_loss=0.0031, value_loss=0.0001, approx_kl=-0.0000, grad_norm=0.0021
Step 740: mean_reward=0.0001, mean_fm_selector=0.0324, mean_fm_uniform=0.0340, mean_entropy=5.4302, policy_loss=-0.0013, value_loss=0.0000, approx_kl=0.1064, grad_norm=0.0025
Step 750: mean_reward=-0.0014, mean_fm_selector=0.0494, mean_fm_uniform=0.0495, mean_entropy=5.4299, policy_loss=-0.0033, value_loss=0.0000, approx_kl=-0.0000, grad_norm=0.0032
Step 760: mean_reward=-0.0027, mean_fm_selector=0.0323, mean_fm_uniform=0.0310, mean_entropy=5.4887, policy_loss=0.0001, value_loss=0.0001, approx_kl=-0.0000, grad_norm=0.0017
Step 770: mean_reward=-0.0031, mean_fm_selector=0.0345, mean_fm_uniform=0.0329, mean_entropy=5.4057, policy_loss=0.0017, value_loss=0.0001, approx_kl=-0.0000, grad_norm=0.0014
Step 780: mean_reward=-0.0020, mean_fm_selector=0.0461, mean_fm_uniform=0.0457, mean_entropy=5.4165, policy_loss=0.0016, value_loss=0.0000, approx_kl=-0.0000, grad_norm=0.0015
Step 790: mean_reward=0.0004, mean_fm_selector=0.0274, mean_fm_uniform=0.0291, mean_entropy=5.4799, policy_loss=-0.0045, value_loss=0.0002, approx_kl=-0.0000, grad_norm=0.0051
Step 800: mean_reward=-0.0007, mean_fm_selector=0.0595, mean_fm_uniform=0.0602, mean_entropy=5.4649, policy_loss=-0.0024, value_loss=0.0001, approx_kl=-0.0000, grad_norm=0.0018
Step 810: mean_reward=-0.0021, mean_fm_selector=0.0477, mean_fm_uniform=0.0471, mean_entropy=5.3559, policy_loss=0.0045, value_loss=0.0003, approx_kl=-0.0000, grad_norm=0.0039
Step 820: mean_reward=-0.0043, mean_fm_selector=0.0653, mean_fm_uniform=0.0623, mean_entropy=5.5179, policy_loss=-0.0001, value_loss=0.0003, approx_kl=-0.0000, grad_norm=0.0018
Step 830: mean_reward=-0.0017, mean_fm_selector=0.0383, mean_fm_uniform=0.0380, mean_entropy=5.4521, policy_loss=0.0012, value_loss=0.0001, approx_kl=-0.0000, grad_norm=0.0018
Step 840: mean_reward=0.0001, mean_fm_selector=0.0210, mean_fm_uniform=0.0227, mean_entropy=5.4461, policy_loss=-0.0019, value_loss=0.0000, approx_kl=-0.0000, grad_norm=0.0014
Step 850: mean_reward=-0.0017, mean_fm_selector=0.0450, mean_fm_uniform=0.0448, mean_entropy=5.3810, policy_loss=-0.0007, value_loss=0.0000, approx_kl=-0.0000, grad_norm=0.0008
Step 860: mean_reward=-0.0007, mean_fm_selector=0.0376, mean_fm_uniform=0.0386, mean_entropy=5.4259, policy_loss=-0.0022, value_loss=0.0000, approx_kl=-0.0000, grad_norm=0.0017
Step 870: mean_reward=-0.0005, mean_fm_selector=0.0432, mean_fm_uniform=0.0442, mean_entropy=5.3908, policy_loss=-0.0020, value_loss=0.0001, approx_kl=-0.0000, grad_norm=0.0027
Step 880: mean_reward=-0.0002, mean_fm_selector=0.0378, mean_fm_uniform=0.0392, mean_entropy=5.3875, policy_loss=-0.0018, value_loss=0.0000, approx_kl=-0.0000, grad_norm=0.0021
Step 890: mean_reward=0.0012, mean_fm_selector=0.0491, mean_fm_uniform=0.0518, mean_entropy=5.3443, policy_loss=-0.0022, value_loss=0.0001, approx_kl=-0.0000, grad_norm=0.0020
Step 900: mean_reward=-0.0007, mean_fm_selector=0.0579, mean_fm_uniform=0.0588, mean_entropy=5.3013, policy_loss=-0.0004, value_loss=0.0000, approx_kl=-0.0000, grad_norm=0.0012
Step 910: mean_reward=-0.0022, mean_fm_selector=0.0412, mean_fm_uniform=0.0403, mean_entropy=5.5925, policy_loss=0.0024, value_loss=0.0000, approx_kl=-0.0000, grad_norm=0.0018
Step 920: mean_reward=0.0002, mean_fm_selector=0.0550, mean_fm_uniform=0.0566, mean_entropy=5.4588, policy_loss=-0.0008, value_loss=0.0001, approx_kl=-0.0000, grad_norm=0.0014
Step 930: mean_reward=-0.0002, mean_fm_selector=0.0420, mean_fm_uniform=0.0430, mean_entropy=5.5126, policy_loss=0.0013, value_loss=0.0000, approx_kl=-0.0000, grad_norm=0.0014
Step 940: mean_reward=0.0006, mean_fm_selector=0.0441, mean_fm_uniform=0.0461, mean_entropy=5.4880, policy_loss=-0.0023, value_loss=0.0001, approx_kl=-0.0000, grad_norm=0.0022
Step 950: mean_reward=-0.0003, mean_fm_selector=0.0621, mean_fm_uniform=0.0630, mean_entropy=5.5441, policy_loss=0.0007, value_loss=0.0001, approx_kl=-0.0000, grad_norm=0.0011
Step 960: mean_reward=-0.0048, mean_fm_selector=0.0605, mean_fm_uniform=0.0572, mean_entropy=5.5134, policy_loss=0.0032, value_loss=0.0002, approx_kl=-0.0000, grad_norm=0.0035
Step 970: mean_reward=-0.0010, mean_fm_selector=0.0320, mean_fm_uniform=0.0329, mean_entropy=5.2831, policy_loss=0.0010, value_loss=0.0000, approx_kl=0.0225, grad_norm=0.0017
Step 980: mean_reward=-0.0020, mean_fm_selector=0.0382, mean_fm_uniform=0.0376, mean_entropy=5.4388, policy_loss=-0.0028, value_loss=0.0001, approx_kl=-0.0000, grad_norm=0.0026
Step 990: mean_reward=-0.0010, mean_fm_selector=0.0601, mean_fm_uniform=0.0606, mean_entropy=5.3420, policy_loss=-0.0001, value_loss=0.0000, approx_kl=-0.0000, grad_norm=0.0015
Step 1000: mean_reward=0.0009, mean_fm_selector=0.0465, mean_fm_uniform=0.0489, mean_entropy=5.3711, policy_loss=-0.0031, value_loss=0.0001, approx_kl=-0.0000, grad_norm=0.0027
Step 1010: mean_reward=0.0026, mean_fm_selector=0.0489, mean_fm_uniform=0.0529, mean_entropy=5.6288, policy_loss=-0.0053, value_loss=0.0002, approx_kl=-0.0000, grad_norm=0.0045
Step 1020: mean_reward=-0.0023, mean_fm_selector=0.0494, mean_fm_uniform=0.0484, mean_entropy=5.5258, policy_loss=0.0009, value_loss=0.0000, approx_kl=-0.0000, grad_norm=0.0018
Step 1030: mean_reward=0.0001, mean_fm_selector=0.0539, mean_fm_uniform=0.0554, mean_entropy=5.4976, policy_loss=0.0007, value_loss=0.0000, approx_kl=-0.0000, grad_norm=0.0010
Step 1040: mean_reward=-0.0017, mean_fm_selector=0.0557, mean_fm_uniform=0.0552, mean_entropy=5.5306, policy_loss=-0.0002, value_loss=0.0000, approx_kl=-0.0000, grad_norm=0.0015
Step 1050: mean_reward=-0.0058, mean_fm_selector=0.0535, mean_fm_uniform=0.0493, mean_entropy=5.3754, policy_loss=0.0046, value_loss=0.0005, approx_kl=-0.0000, grad_norm=0.0042
Step 1060: mean_reward=0.0012, mean_fm_selector=0.0729, mean_fm_uniform=0.0754, mean_entropy=5.5109, policy_loss=-0.0003, value_loss=0.0000, approx_kl=-0.0000, grad_norm=0.0011
Step 1070: mean_reward=-0.0006, mean_fm_selector=0.0539, mean_fm_uniform=0.0544, mean_entropy=5.6689, policy_loss=0.0013, value_loss=0.0007, approx_kl=-0.0000, grad_norm=0.0055
Step 1080: mean_reward=-0.0025, mean_fm_selector=0.0615, mean_fm_uniform=0.0605, mean_entropy=5.3966, policy_loss=0.0021, value_loss=0.0001, approx_kl=-0.0000, grad_norm=0.0023
Step 1090: mean_reward=-0.0004, mean_fm_selector=0.0484, mean_fm_uniform=0.0492, mean_entropy=5.5133, policy_loss=-0.0018, value_loss=0.0001, approx_kl=-0.0000, grad_norm=0.0022
Step 1100: mean_reward=-0.0065, mean_fm_selector=0.0585, mean_fm_uniform=0.0533, mean_entropy=5.4326, policy_loss=0.0062, value_loss=0.0010, approx_kl=-0.0000, grad_norm=0.0061
Step 1110: mean_reward=-0.0014, mean_fm_selector=0.0525, mean_fm_uniform=0.0527, mean_entropy=5.3508, policy_loss=0.0013, value_loss=0.0000, approx_kl=0.0115, grad_norm=0.0022
Step 1120: mean_reward=-0.0011, mean_fm_selector=0.0349, mean_fm_uniform=0.0357, mean_entropy=5.3039, policy_loss=-0.0024, value_loss=0.0001, approx_kl=-0.0000, grad_norm=0.0026
Step 1130: mean_reward=-0.0011, mean_fm_selector=0.0416, mean_fm_uniform=0.0420, mean_entropy=5.3263, policy_loss=-0.0017, value_loss=0.0000, approx_kl=-0.0000, grad_norm=0.0015
Step 1140: mean_reward=0.0003, mean_fm_selector=0.0366, mean_fm_uniform=0.0387, mean_entropy=5.2786, policy_loss=-0.0028, value_loss=0.0000, approx_kl=-0.0000, grad_norm=0.0021
Step 1150: mean_reward=0.0010, mean_fm_selector=0.0565, mean_fm_uniform=0.0588, mean_entropy=5.4717, policy_loss=-0.0005, value_loss=0.0001, approx_kl=-0.0000, grad_norm=0.0015
Step 1160: mean_reward=-0.0007, mean_fm_selector=0.0418, mean_fm_uniform=0.0424, mean_entropy=5.5550, policy_loss=-0.0015, value_loss=0.0000, approx_kl=-0.0000, grad_norm=0.0015
Step 1170: mean_reward=-0.0000, mean_fm_selector=0.0304, mean_fm_uniform=0.0317, mean_entropy=5.5112, policy_loss=-0.0015, value_loss=0.0000, approx_kl=-0.0000, grad_norm=0.0009
Step 1180: mean_reward=-0.0005, mean_fm_selector=0.0466, mean_fm_uniform=0.0474, mean_entropy=5.6141, policy_loss=0.0021, value_loss=0.0001, approx_kl=-0.0000, grad_norm=0.0023
Step 1190: mean_reward=0.0007, mean_fm_selector=0.0550, mean_fm_uniform=0.0570, mean_entropy=5.4647, policy_loss=-0.0016, value_loss=0.0002, approx_kl=-0.0000, grad_norm=0.0019
Step 1200: mean_reward=0.0001, mean_fm_selector=0.0528, mean_fm_uniform=0.0546, mean_entropy=5.3009, policy_loss=-0.0036, value_loss=0.0000, approx_kl=0.0071, grad_norm=0.0034
Step 1210: mean_reward=-0.0022, mean_fm_selector=0.0553, mean_fm_uniform=0.0544, mean_entropy=5.4300, policy_loss=0.0025, value_loss=0.0001, approx_kl=-0.0000, grad_norm=0.0029
Step 1220: mean_reward=-0.0034, mean_fm_selector=0.0496, mean_fm_uniform=0.0483, mean_entropy=5.1924, policy_loss=0.0014, value_loss=0.0001, approx_kl=-0.0000, grad_norm=0.0011
Step 1230: mean_reward=0.0002, mean_fm_selector=0.0631, mean_fm_uniform=0.0649, mean_entropy=5.3892, policy_loss=-0.0022, value_loss=0.0001, approx_kl=-0.0000, grad_norm=0.0022
Step 1240: mean_reward=-0.0001, mean_fm_selector=0.0276, mean_fm_uniform=0.0289, mean_entropy=5.3730, policy_loss=0.0002, value_loss=0.0000, approx_kl=-0.0000, grad_norm=0.0011
Step 1250: mean_reward=-0.0034, mean_fm_selector=0.0644, mean_fm_uniform=0.0626, mean_entropy=5.3483, policy_loss=0.0020, value_loss=0.0000, approx_kl=-0.0000, grad_norm=0.0016
Step 1260: mean_reward=-0.0020, mean_fm_selector=0.0772, mean_fm_uniform=0.0766, mean_entropy=5.4421, policy_loss=-0.0002, value_loss=0.0001, approx_kl=-0.0000, grad_norm=0.0008
Step 1270: mean_reward=-0.0020, mean_fm_selector=0.0477, mean_fm_uniform=0.0474, mean_entropy=5.3228, policy_loss=0.0006, value_loss=0.0001, approx_kl=-0.0000, grad_norm=0.0017
Step 1280: mean_reward=-0.0023, mean_fm_selector=0.0455, mean_fm_uniform=0.0447, mean_entropy=5.4105, policy_loss=-0.0006, value_loss=0.0000, approx_kl=0.0352, grad_norm=0.0031
Step 1290: mean_reward=-0.0029, mean_fm_selector=0.0343, mean_fm_uniform=0.0328, mean_entropy=5.4040, policy_loss=-0.0001, value_loss=0.0001, approx_kl=-0.0000, grad_norm=0.0025
Step 1300: mean_reward=-0.0008, mean_fm_selector=0.0524, mean_fm_uniform=0.0529, mean_entropy=5.5091, policy_loss=-0.0001, value_loss=0.0001, approx_kl=-0.0000, grad_norm=0.0011
Step 1310: mean_reward=-0.0007, mean_fm_selector=0.0554, mean_fm_uniform=0.0562, mean_entropy=5.3808, policy_loss=-0.0009, value_loss=0.0000, approx_kl=-0.0000, grad_norm=0.0009
Step 1320: mean_reward=0.0002, mean_fm_selector=0.0383, mean_fm_uniform=0.0402, mean_entropy=5.3443, policy_loss=-0.0010, value_loss=0.0000, approx_kl=-0.0000, grad_norm=0.0010
Step 1330: mean_reward=-0.0027, mean_fm_selector=0.0512, mean_fm_uniform=0.0505, mean_entropy=5.2448, policy_loss=0.0024, value_loss=0.0000, approx_kl=-0.0000, grad_norm=0.0024
Step 1340: mean_reward=-0.0010, mean_fm_selector=0.0803, mean_fm_uniform=0.0808, mean_entropy=5.5148, policy_loss=-0.0005, value_loss=0.0001, approx_kl=-0.0000, grad_norm=0.0021
Step 1350: mean_reward=-0.0004, mean_fm_selector=0.0489, mean_fm_uniform=0.0497, mean_entropy=5.5654, policy_loss=-0.0013, value_loss=0.0000, approx_kl=-0.0000, grad_norm=0.0012
Step 1360: mean_reward=-0.0025, mean_fm_selector=0.0260, mean_fm_uniform=0.0252, mean_entropy=5.1823, policy_loss=0.0008, value_loss=0.0000, approx_kl=-0.0000, grad_norm=0.0013
Step 1370: mean_reward=0.0017, mean_fm_selector=0.0529, mean_fm_uniform=0.0562, mean_entropy=5.3753, policy_loss=-0.0015, value_loss=0.0001, approx_kl=-0.0000, grad_norm=0.0022
Step 1380: mean_reward=-0.0009, mean_fm_selector=0.0503, mean_fm_uniform=0.0511, mean_entropy=5.3283, policy_loss=-0.0017, value_loss=0.0001, approx_kl=0.0346, grad_norm=0.0028
Step 1390: mean_reward=0.0001, mean_fm_selector=0.0554, mean_fm_uniform=0.0568, mean_entropy=5.5235, policy_loss=0.0005, value_loss=0.0001, approx_kl=-0.0000, grad_norm=0.0026
Step 1400: mean_reward=0.0010, mean_fm_selector=0.0406, mean_fm_uniform=0.0431, mean_entropy=5.4297, policy_loss=-0.0041, value_loss=0.0001, approx_kl=-0.0000, grad_norm=0.0037
Step 1410: mean_reward=-0.0025, mean_fm_selector=0.0574, mean_fm_uniform=0.0560, mean_entropy=5.6259, policy_loss=0.0010, value_loss=0.0000, approx_kl=-0.0000, grad_norm=0.0015
Step 1420: mean_reward=-0.0000, mean_fm_selector=0.0436, mean_fm_uniform=0.0454, mean_entropy=5.3494, policy_loss=-0.0012, value_loss=0.0002, approx_kl=-0.0000, grad_norm=0.0030
Step 1430: mean_reward=-0.0014, mean_fm_selector=0.0333, mean_fm_uniform=0.0337, mean_entropy=5.3077, policy_loss=-0.0008, value_loss=0.0000, approx_kl=-0.0000, grad_norm=0.0006
Step 1440: mean_reward=-0.0021, mean_fm_selector=0.0368, mean_fm_uniform=0.0363, mean_entropy=5.4606, policy_loss=0.0012, value_loss=0.0001, approx_kl=-0.0000, grad_norm=0.0018
Step 1450: mean_reward=-0.0012, mean_fm_selector=0.0278, mean_fm_uniform=0.0284, mean_entropy=5.3143, policy_loss=-0.0010, value_loss=0.0000, approx_kl=0.0171, grad_norm=0.0023
Step 1460: mean_reward=-0.0005, mean_fm_selector=0.0489, mean_fm_uniform=0.0498, mean_entropy=5.4111, policy_loss=-0.0015, value_loss=0.0000, approx_kl=-0.0000, grad_norm=0.0016
Step 1470: mean_reward=-0.0025, mean_fm_selector=0.0481, mean_fm_uniform=0.0472, mean_entropy=5.3665, policy_loss=-0.0008, value_loss=0.0002, approx_kl=-0.0000, grad_norm=0.0025
Step 1480: mean_reward=-0.0024, mean_fm_selector=0.0721, mean_fm_uniform=0.0713, mean_entropy=5.3282, policy_loss=0.0000, value_loss=0.0000, approx_kl=-0.0000, grad_norm=0.0008
Step 1490: mean_reward=-0.0019, mean_fm_selector=0.0380, mean_fm_uniform=0.0375, mean_entropy=5.4631, policy_loss=0.0010, value_loss=0.0001, approx_kl=-0.0000, grad_norm=0.0015
Step 1500: mean_reward=-0.0046, mean_fm_selector=0.0423, mean_fm_uniform=0.0391, mean_entropy=5.4844, policy_loss=0.0020, value_loss=0.0001, approx_kl=-0.0000, grad_norm=0.0021
Step 1510: mean_reward=-0.0028, mean_fm_selector=0.0368, mean_fm_uniform=0.0353, mean_entropy=5.4584, policy_loss=0.0014, value_loss=0.0001, approx_kl=-0.0000, grad_norm=0.0017
Step 1520: mean_reward=0.0004, mean_fm_selector=0.0803, mean_fm_uniform=0.0820, mean_entropy=5.3996, policy_loss=-0.0013, value_loss=0.0001, approx_kl=-0.0000, grad_norm=0.0018
Step 1530: mean_reward=0.0010, mean_fm_selector=0.0561, mean_fm_uniform=0.0588, mean_entropy=5.3566, policy_loss=-0.0002, value_loss=0.0004, approx_kl=-0.0000, grad_norm=0.0023
Step 1540: mean_reward=-0.0007, mean_fm_selector=0.0521, mean_fm_uniform=0.0527, mean_entropy=5.5039, policy_loss=0.0009, value_loss=0.0000, approx_kl=-0.0000, grad_norm=0.0010
Step 1550: mean_reward=-0.0034, mean_fm_selector=0.0503, mean_fm_uniform=0.0482, mean_entropy=5.5072, policy_loss=0.0032, value_loss=0.0002, approx_kl=-0.0000, grad_norm=0.0031
Step 1560: mean_reward=-0.0042, mean_fm_selector=0.0560, mean_fm_uniform=0.0533, mean_entropy=5.5295, policy_loss=0.0051, value_loss=0.0004, approx_kl=-0.0000, grad_norm=0.0047
Step 1570: mean_reward=-0.0008, mean_fm_selector=0.0270, mean_fm_uniform=0.0274, mean_entropy=5.5975, policy_loss=-0.0006, value_loss=0.0000, approx_kl=-0.0000, grad_norm=0.0006
Step 1580: mean_reward=0.0006, mean_fm_selector=0.0665, mean_fm_uniform=0.0688, mean_entropy=5.3411, policy_loss=-0.0032, value_loss=0.0001, approx_kl=-0.0000, grad_norm=0.0025
Step 1590: mean_reward=-0.0022, mean_fm_selector=0.0624, mean_fm_uniform=0.0617, mean_entropy=5.4308, policy_loss=0.0024, value_loss=0.0000, approx_kl=-0.0000, grad_norm=0.0024
Step 1600: mean_reward=0.0016, mean_fm_selector=0.0460, mean_fm_uniform=0.0489, mean_entropy=5.5618, policy_loss=-0.0012, value_loss=0.0000, approx_kl=-0.0000, grad_norm=0.0010
Step 1610: mean_reward=0.0005, mean_fm_selector=0.0375, mean_fm_uniform=0.0393, mean_entropy=5.5612, policy_loss=0.0004, value_loss=0.0000, approx_kl=-0.0000, grad_norm=0.0004
Step 1620: mean_reward=-0.0001, mean_fm_selector=0.0632, mean_fm_uniform=0.0645, mean_entropy=5.4731, policy_loss=-0.0021, value_loss=0.0001, approx_kl=-0.0000, grad_norm=0.0023
Step 1630: mean_reward=-0.0023, mean_fm_selector=0.0367, mean_fm_uniform=0.0358, mean_entropy=5.4323, policy_loss=0.0010, value_loss=0.0001, approx_kl=-0.0000, grad_norm=0.0017
Step 1640: mean_reward=-0.0007, mean_fm_selector=0.0434, mean_fm_uniform=0.0442, mean_entropy=5.4362, policy_loss=-0.0005, value_loss=0.0001, approx_kl=-0.0000, grad_norm=0.0010
Step 1650: mean_reward=-0.0020, mean_fm_selector=0.0547, mean_fm_uniform=0.0541, mean_entropy=5.3270, policy_loss=0.0006, value_loss=0.0000, approx_kl=-0.0000, grad_norm=0.0012
Step 1660: mean_reward=-0.0011, mean_fm_selector=0.0454, mean_fm_uniform=0.0460, mean_entropy=5.3774, policy_loss=-0.0010, value_loss=0.0000, approx_kl=-0.0000, grad_norm=0.0008
Step 1670: mean_reward=-0.0024, mean_fm_selector=0.0491, mean_fm_uniform=0.0485, mean_entropy=5.2670, policy_loss=0.0014, value_loss=0.0001, approx_kl=-0.0000, grad_norm=0.0017
Step 1680: mean_reward=-0.0054, mean_fm_selector=0.0848, mean_fm_uniform=0.0810, mean_entropy=5.2864, policy_loss=0.0023, value_loss=0.0001, approx_kl=-0.0000, grad_norm=0.0028
Step 1690: mean_reward=-0.0017, mean_fm_selector=0.0535, mean_fm_uniform=0.0532, mean_entropy=5.4202, policy_loss=0.0009, value_loss=0.0001, approx_kl=-0.0000, grad_norm=0.0019
Step 1700: mean_reward=-0.0020, mean_fm_selector=0.0392, mean_fm_uniform=0.0389, mean_entropy=5.2506, policy_loss=-0.0002, value_loss=0.0000, approx_kl=-0.0000, grad_norm=0.0003
Step 1710: mean_reward=-0.0008, mean_fm_selector=0.0544, mean_fm_uniform=0.0550, mean_entropy=5.4628, policy_loss=-0.0008, value_loss=0.0001, approx_kl=-0.0000, grad_norm=0.0017
Step 1720: mean_reward=-0.0002, mean_fm_selector=0.0484, mean_fm_uniform=0.0496, mean_entropy=5.3896, policy_loss=-0.0023, value_loss=0.0000, approx_kl=-0.0000, grad_norm=0.0022
Step 1730: mean_reward=-0.0013, mean_fm_selector=0.0301, mean_fm_uniform=0.0302, mean_entropy=5.4162, policy_loss=-0.0001, value_loss=0.0002, approx_kl=-0.0000, grad_norm=0.0027
Step 1740: mean_reward=-0.0016, mean_fm_selector=0.0398, mean_fm_uniform=0.0395, mean_entropy=5.3691, policy_loss=0.0001, value_loss=0.0000, approx_kl=-0.0000, grad_norm=0.0005
Step 1750: mean_reward=-0.0012, mean_fm_selector=0.0409, mean_fm_uniform=0.0408, mean_entropy=5.4918, policy_loss=0.0012, value_loss=0.0000, approx_kl=-0.0000, grad_norm=0.0012
Step 1760: mean_reward=0.0002, mean_fm_selector=0.0501, mean_fm_uniform=0.0518, mean_entropy=5.3697, policy_loss=-0.0004, value_loss=0.0000, approx_kl=-0.0000, grad_norm=0.0008
Step 1770: mean_reward=-0.0019, mean_fm_selector=0.0589, mean_fm_uniform=0.0589, mean_entropy=5.2057, policy_loss=0.0001, value_loss=0.0002, approx_kl=-0.0000, grad_norm=0.0018
Step 1780: mean_reward=-0.0024, mean_fm_selector=0.0384, mean_fm_uniform=0.0374, mean_entropy=5.4350, policy_loss=0.0003, value_loss=0.0001, approx_kl=-0.0000, grad_norm=0.0016
Step 1790: mean_reward=-0.0008, mean_fm_selector=0.0559, mean_fm_uniform=0.0568, mean_entropy=5.3071, policy_loss=-0.0000, value_loss=0.0001, approx_kl=-0.0000, grad_norm=0.0025
Step 1800: mean_reward=-0.0003, mean_fm_selector=0.0598, mean_fm_uniform=0.0613, mean_entropy=5.2607, policy_loss=-0.0014, value_loss=0.0000, approx_kl=0.0105, grad_norm=0.0022
Step 1810: mean_reward=-0.0001, mean_fm_selector=0.0449, mean_fm_uniform=0.0460, mean_entropy=5.6340, policy_loss=-0.0018, value_loss=0.0000, approx_kl=-0.0000, grad_norm=0.0015
Step 1820: mean_reward=-0.0003, mean_fm_selector=0.0298, mean_fm_uniform=0.0308, mean_entropy=5.6056, policy_loss=-0.0020, value_loss=0.0000, approx_kl=-0.0000, grad_norm=0.0022
Step 1830: mean_reward=-0.0008, mean_fm_selector=0.0559, mean_fm_uniform=0.0565, mean_entropy=5.3593, policy_loss=0.0001, value_loss=0.0002, approx_kl=-0.0000, grad_norm=0.0028
Step 1840: mean_reward=-0.0010, mean_fm_selector=0.0714, mean_fm_uniform=0.0719, mean_entropy=5.2702, policy_loss=-0.0003, value_loss=0.0000, approx_kl=-0.0000, grad_norm=0.0010
Step 1850: mean_reward=0.0003, mean_fm_selector=0.0437, mean_fm_uniform=0.0458, mean_entropy=5.4055, policy_loss=-0.0004, value_loss=0.0002, approx_kl=-0.0000, grad_norm=0.0013
Step 1860: mean_reward=-0.0009, mean_fm_selector=0.0707, mean_fm_uniform=0.0708, mean_entropy=5.5393, policy_loss=-0.0023, value_loss=0.0000, approx_kl=-0.0000, grad_norm=0.0022
Step 1870: mean_reward=-0.0014, mean_fm_selector=0.0653, mean_fm_uniform=0.0655, mean_entropy=5.4218, policy_loss=-0.0009, value_loss=0.0001, approx_kl=-0.0000, grad_norm=0.0019
Step 1880: mean_reward=-0.0013, mean_fm_selector=0.0378, mean_fm_uniform=0.0377, mean_entropy=5.4689, policy_loss=0.0006, value_loss=0.0000, approx_kl=-0.0000, grad_norm=0.0005
Step 1890: mean_reward=-0.0007, mean_fm_selector=0.0397, mean_fm_uniform=0.0406, mean_entropy=5.4717, policy_loss=0.0007, value_loss=0.0002, approx_kl=-0.0000, grad_norm=0.0029
Step 1900: mean_reward=0.0013, mean_fm_selector=0.0495, mean_fm_uniform=0.0524, mean_entropy=5.3775, policy_loss=-0.0032, value_loss=0.0002, approx_kl=-0.0000, grad_norm=0.0030
Step 1910: mean_reward=-0.0031, mean_fm_selector=0.0636, mean_fm_uniform=0.0618, mean_entropy=5.4550, policy_loss=0.0030, value_loss=0.0002, approx_kl=-0.0000, grad_norm=0.0038
Step 1920: mean_reward=-0.0019, mean_fm_selector=0.0617, mean_fm_uniform=0.0612, mean_entropy=5.4766, policy_loss=-0.0026, value_loss=0.0001, approx_kl=-0.0000, grad_norm=0.0022
Step 1930: mean_reward=-0.0039, mean_fm_selector=0.0413, mean_fm_uniform=0.0390, mean_entropy=5.3379, policy_loss=0.0015, value_loss=0.0001, approx_kl=-0.0000, grad_norm=0.0022
Step 1940: mean_reward=0.0008, mean_fm_selector=0.0532, mean_fm_uniform=0.0555, mean_entropy=5.3253, policy_loss=-0.0039, value_loss=0.0000, approx_kl=-0.0000, grad_norm=0.0036
Step 1950: mean_reward=-0.0001, mean_fm_selector=0.0434, mean_fm_uniform=0.0451, mean_entropy=5.2383, policy_loss=-0.0017, value_loss=0.0001, approx_kl=-0.0000, grad_norm=0.0018
Step 1960: mean_reward=-0.0041, mean_fm_selector=0.0610, mean_fm_uniform=0.0581, mean_entropy=5.3367, policy_loss=0.0030, value_loss=0.0003, approx_kl=-0.0000, grad_norm=0.0034
Step 1970: mean_reward=-0.0031, mean_fm_selector=0.0575, mean_fm_uniform=0.0558, mean_entropy=5.3385, policy_loss=0.0012, value_loss=0.0001, approx_kl=-0.0000, grad_norm=0.0011
Step 1980: mean_reward=0.0015, mean_fm_selector=0.0535, mean_fm_uniform=0.0565, mean_entropy=5.3641, policy_loss=-0.0017, value_loss=0.0002, approx_kl=-0.0000, grad_norm=0.0026
Step 1990: mean_reward=-0.0048, mean_fm_selector=0.0363, mean_fm_uniform=0.0328, mean_entropy=5.5557, policy_loss=0.0033, value_loss=0.0002, approx_kl=-0.0000, grad_norm=0.0029
Step 2000: mean_reward=-0.0019, mean_fm_selector=0.0472, mean_fm_uniform=0.0468, mean_entropy=5.4189, policy_loss=-0.0005, value_loss=0.0000, approx_kl=-0.0000, grad_norm=0.0005
Step 2010: mean_reward=-0.0013, mean_fm_selector=0.0478, mean_fm_uniform=0.0477, mean_entropy=5.4895, policy_loss=0.0009, value_loss=0.0001, approx_kl=-0.0000, grad_norm=0.0019
Step 2020: mean_reward=-0.0044, mean_fm_selector=0.0420, mean_fm_uniform=0.0392, mean_entropy=5.3126, policy_loss=0.0035, value_loss=0.0001, approx_kl=-0.0000, grad_norm=0.0035
Step 2030: mean_reward=0.0007, mean_fm_selector=0.0670, mean_fm_uniform=0.0689, mean_entropy=5.4801, policy_loss=-0.0015, value_loss=0.0000, approx_kl=-0.0000, grad_norm=0.0015
Step 2040: mean_reward=-0.0029, mean_fm_selector=0.0397, mean_fm_uniform=0.0386, mean_entropy=5.3078, policy_loss=-0.0004, value_loss=0.0001, approx_kl=-0.0000, grad_norm=0.0014
Step 2050: mean_reward=-0.0040, mean_fm_selector=0.0506, mean_fm_uniform=0.0482, mean_entropy=5.4444, policy_loss=0.0032, value_loss=0.0002, approx_kl=-0.0000, grad_norm=0.0025
Step 2060: mean_reward=0.0004, mean_fm_selector=0.0412, mean_fm_uniform=0.0435, mean_entropy=5.2551, policy_loss=-0.0031, value_loss=0.0001, approx_kl=-0.0000, grad_norm=0.0037
Step 2070: mean_reward=-0.0002, mean_fm_selector=0.0348, mean_fm_uniform=0.0359, mean_entropy=5.4406, policy_loss=-0.0015, value_loss=0.0000, approx_kl=-0.0000, grad_norm=0.0015
Step 2080: mean_reward=-0.0026, mean_fm_selector=0.0324, mean_fm_uniform=0.0313, mean_entropy=5.4254, policy_loss=0.0033, value_loss=0.0001, approx_kl=-0.0000, grad_norm=0.0031
Step 2090: mean_reward=-0.0008, mean_fm_selector=0.0537, mean_fm_uniform=0.0546, mean_entropy=5.2760, policy_loss=0.0011, value_loss=0.0000, approx_kl=-0.0000, grad_norm=0.0012
Step 2100: mean_reward=-0.0007, mean_fm_selector=0.0472, mean_fm_uniform=0.0481, mean_entropy=5.3748, policy_loss=-0.0008, value_loss=0.0001, approx_kl=-0.0000, grad_norm=0.0012
Step 2110: mean_reward=-0.0028, mean_fm_selector=0.0430, mean_fm_uniform=0.0417, mean_entropy=5.3618, policy_loss=0.0010, value_loss=0.0001, approx_kl=-0.0000, grad_norm=0.0024
Step 2120: mean_reward=-0.0008, mean_fm_selector=0.0265, mean_fm_uniform=0.0273, mean_entropy=5.3994, policy_loss=-0.0005, value_loss=0.0000, approx_kl=-0.0000, grad_norm=0.0005
Step 2130: mean_reward=-0.0010, mean_fm_selector=0.0575, mean_fm_uniform=0.0580, mean_entropy=5.3916, policy_loss=0.0004, value_loss=0.0000, approx_kl=0.0018, grad_norm=0.0025
Step 2140: mean_reward=0.0010, mean_fm_selector=0.0482, mean_fm_uniform=0.0506, mean_entropy=5.3816, policy_loss=-0.0032, value_loss=0.0000, approx_kl=-0.0000, grad_norm=0.0028
Step 2150: mean_reward=-0.0002, mean_fm_selector=0.0585, mean_fm_uniform=0.0599, mean_entropy=5.4055, policy_loss=-0.0009, value_loss=0.0000, approx_kl=-0.0000, grad_norm=0.0012
Step 2160: mean_reward=-0.0041, mean_fm_selector=0.0383, mean_fm_uniform=0.0355, mean_entropy=5.4710, policy_loss=0.0028, value_loss=0.0001, approx_kl=-0.0000, grad_norm=0.0022
Step 2170: mean_reward=-0.0026, mean_fm_selector=0.0353, mean_fm_uniform=0.0343, mean_entropy=5.3683, policy_loss=0.0031, value_loss=0.0001, approx_kl=-0.0000, grad_norm=0.0028
Step 2180: mean_reward=0.0001, mean_fm_selector=0.0502, mean_fm_uniform=0.0519, mean_entropy=5.3102, policy_loss=-0.0018, value_loss=0.0000, approx_kl=-0.0000, grad_norm=0.0019
Step 2190: mean_reward=-0.0020, mean_fm_selector=0.0592, mean_fm_uniform=0.0589, mean_entropy=5.3304, policy_loss=0.0001, value_loss=0.0003, approx_kl=-0.0000, grad_norm=0.0026
Step 2200: mean_reward=-0.0031, mean_fm_selector=0.0396, mean_fm_uniform=0.0378, mean_entropy=5.5378, policy_loss=0.0007, value_loss=0.0001, approx_kl=-0.0000, grad_norm=0.0014
Step 2210: mean_reward=0.0005, mean_fm_selector=0.0417, mean_fm_uniform=0.0435, mean_entropy=5.4941, policy_loss=-0.0012, value_loss=0.0000, approx_kl=-0.0000, grad_norm=0.0013
Step 2220: mean_reward=-0.0011, mean_fm_selector=0.0385, mean_fm_uniform=0.0389, mean_entropy=5.4107, policy_loss=0.0016, value_loss=0.0000, approx_kl=-0.0000, grad_norm=0.0010
Step 2230: mean_reward=-0.0016, mean_fm_selector=0.0539, mean_fm_uniform=0.0538, mean_entropy=5.3506, policy_loss=-0.0029, value_loss=0.0001, approx_kl=-0.0000, grad_norm=0.0025
Step 2240: mean_reward=0.0008, mean_fm_selector=0.0606, mean_fm_uniform=0.0628, mean_entropy=5.4455, policy_loss=-0.0004, value_loss=0.0001, approx_kl=-0.0000, grad_norm=0.0021
Step 2250: mean_reward=0.0002, mean_fm_selector=0.0396, mean_fm_uniform=0.0409, mean_entropy=5.5444, policy_loss=-0.0011, value_loss=0.0000, approx_kl=-0.0000, grad_norm=0.0013
Step 2260: mean_reward=-0.0013, mean_fm_selector=0.0391, mean_fm_uniform=0.0391, mean_entropy=5.5321, policy_loss=0.0008, value_loss=0.0000, approx_kl=-0.0000, grad_norm=0.0013
Step 2270: mean_reward=0.0017, mean_fm_selector=0.0389, mean_fm_uniform=0.0420, mean_entropy=5.4159, policy_loss=-0.0008, value_loss=0.0001, approx_kl=-0.0000, grad_norm=0.0022
Step 2280: mean_reward=-0.0027, mean_fm_selector=0.0621, mean_fm_uniform=0.0611, mean_entropy=5.1757, policy_loss=0.0011, value_loss=0.0000, approx_kl=-0.0000, grad_norm=0.0014
Step 2290: mean_reward=-0.0016, mean_fm_selector=0.0284, mean_fm_uniform=0.0280, mean_entropy=5.6204, policy_loss=0.0008, value_loss=0.0000, approx_kl=-0.0000, grad_norm=0.0010
Step 2300: mean_reward=-0.0036, mean_fm_selector=0.0706, mean_fm_uniform=0.0683, mean_entropy=5.5865, policy_loss=0.0009, value_loss=0.0002, approx_kl=-0.0000, grad_norm=0.0031
Step 2310: mean_reward=-0.0006, mean_fm_selector=0.0651, mean_fm_uniform=0.0660, mean_entropy=5.3351, policy_loss=-0.0001, value_loss=0.0001, approx_kl=-0.0000, grad_norm=0.0016
Step 2320: mean_reward=-0.0006, mean_fm_selector=0.0558, mean_fm_uniform=0.0566, mean_entropy=5.4272, policy_loss=0.0007, value_loss=0.0000, approx_kl=-0.0000, grad_norm=0.0011
Step 2330: mean_reward=-0.0016, mean_fm_selector=0.0635, mean_fm_uniform=0.0635, mean_entropy=5.3034, policy_loss=-0.0001, value_loss=0.0000, approx_kl=-0.0000, grad_norm=0.0007
Step 2340: mean_reward=-0.0013, mean_fm_selector=0.0440, mean_fm_uniform=0.0438, mean_entropy=5.6035, policy_loss=0.0013, value_loss=0.0000, approx_kl=-0.0000, grad_norm=0.0014
Step 2350: mean_reward=-0.0021, mean_fm_selector=0.0431, mean_fm_uniform=0.0425, mean_entropy=5.4686, policy_loss=0.0005, value_loss=0.0001, approx_kl=-0.0000, grad_norm=0.0023
Step 2360: mean_reward=0.0019, mean_fm_selector=0.0508, mean_fm_uniform=0.0541, mean_entropy=5.4380, policy_loss=-0.0023, value_loss=0.0002, approx_kl=-0.0000, grad_norm=0.0026
Step 2370: mean_reward=-0.0032, mean_fm_selector=0.0509, mean_fm_uniform=0.0491, mean_entropy=5.3263, policy_loss=0.0019, value_loss=0.0000, approx_kl=-0.0000, grad_norm=0.0013
Step 2380: mean_reward=-0.0045, mean_fm_selector=0.0423, mean_fm_uniform=0.0391, mean_entropy=5.4340, policy_loss=0.0032, value_loss=0.0002, approx_kl=0.0092, grad_norm=0.0038
Step 2390: mean_reward=-0.0007, mean_fm_selector=0.0396, mean_fm_uniform=0.0406, mean_entropy=5.2916, policy_loss=-0.0005, value_loss=0.0000, approx_kl=-0.0000, grad_norm=0.0006
Step 2400: mean_reward=-0.0014, mean_fm_selector=0.0548, mean_fm_uniform=0.0550, mean_entropy=5.3955, policy_loss=-0.0005, value_loss=0.0000, approx_kl=-0.0000, grad_norm=0.0007
Step 2410: mean_reward=0.0008, mean_fm_selector=0.0503, mean_fm_uniform=0.0527, mean_entropy=5.5369, policy_loss=-0.0022, value_loss=0.0001, approx_kl=-0.0000, grad_norm=0.0027
Step 2420: mean_reward=-0.0012, mean_fm_selector=0.0655, mean_fm_uniform=0.0662, mean_entropy=5.2805, policy_loss=-0.0014, value_loss=0.0000, approx_kl=-0.0000, grad_norm=0.0013
Step 2430: mean_reward=-0.0022, mean_fm_selector=0.0513, mean_fm_uniform=0.0502, mean_entropy=5.4473, policy_loss=0.0034, value_loss=0.0001, approx_kl=-0.0000, grad_norm=0.0028
Step 2440: mean_reward=-0.0013, mean_fm_selector=0.0654, mean_fm_uniform=0.0658, mean_entropy=5.2395, policy_loss=-0.0015, value_loss=0.0001, approx_kl=-0.0000, grad_norm=0.0016
Step 2450: mean_reward=-0.0020, mean_fm_selector=0.0458, mean_fm_uniform=0.0452, mean_entropy=5.4888, policy_loss=-0.0012, value_loss=0.0002, approx_kl=-0.0000, grad_norm=0.0031
Step 2460: mean_reward=0.0003, mean_fm_selector=0.0403, mean_fm_uniform=0.0421, mean_entropy=5.4083, policy_loss=-0.0005, value_loss=0.0001, approx_kl=-0.0000, grad_norm=0.0010
Step 2470: mean_reward=-0.0009, mean_fm_selector=0.0426, mean_fm_uniform=0.0430, mean_entropy=5.4747, policy_loss=0.0018, value_loss=0.0003, approx_kl=-0.0000, grad_norm=0.0041
Step 2480: mean_reward=-0.0019, mean_fm_selector=0.0644, mean_fm_uniform=0.0642, mean_entropy=5.3658, policy_loss=0.0008, value_loss=0.0001, approx_kl=-0.0000, grad_norm=0.0020
Step 2490: mean_reward=-0.0027, mean_fm_selector=0.0456, mean_fm_uniform=0.0448, mean_entropy=5.2825, policy_loss=0.0012, value_loss=0.0001, approx_kl=0.0282, grad_norm=0.0031
Step 2500: mean_reward=-0.0008, mean_fm_selector=0.0533, mean_fm_uniform=0.0539, mean_entropy=5.3489, policy_loss=-0.0017, value_loss=0.0000, approx_kl=-0.0000, grad_norm=0.0009
Step 2510: mean_reward=-0.0041, mean_fm_selector=0.0622, mean_fm_uniform=0.0596, mean_entropy=5.4071, policy_loss=0.0035, value_loss=0.0001, approx_kl=-0.0000, grad_norm=0.0034
Step 2520: mean_reward=-0.0030, mean_fm_selector=0.0683, mean_fm_uniform=0.0672, mean_entropy=5.1904, policy_loss=-0.0002, value_loss=0.0001, approx_kl=-0.0000, grad_norm=0.0020
Step 2530: mean_reward=-0.0017, mean_fm_selector=0.0485, mean_fm_uniform=0.0482, mean_entropy=5.4009, policy_loss=0.0006, value_loss=0.0001, approx_kl=-0.0000, grad_norm=0.0016
Step 2540: mean_reward=-0.0032, mean_fm_selector=0.0357, mean_fm_uniform=0.0339, mean_entropy=5.3986, policy_loss=0.0022, value_loss=0.0001, approx_kl=-0.0000, grad_norm=0.0017
Step 2550: mean_reward=-0.0009, mean_fm_selector=0.0347, mean_fm_uniform=0.0354, mean_entropy=5.3332, policy_loss=-0.0015, value_loss=0.0001, approx_kl=-0.0000, grad_norm=0.0018
Step 2560: mean_reward=-0.0011, mean_fm_selector=0.0647, mean_fm_uniform=0.0651, mean_entropy=5.3356, policy_loss=0.0014, value_loss=0.0001, approx_kl=-0.0000, grad_norm=0.0018
Step 2570: mean_reward=-0.0020, mean_fm_selector=0.0313, mean_fm_uniform=0.0310, mean_entropy=5.2025, policy_loss=0.0020, value_loss=0.0000, approx_kl=-0.0000, grad_norm=0.0021
Step 2580: mean_reward=-0.0021, mean_fm_selector=0.0260, mean_fm_uniform=0.0253, mean_entropy=5.3234, policy_loss=0.0007, value_loss=0.0000, approx_kl=-0.0000, grad_norm=0.0009
Step 2590: mean_reward=-0.0021, mean_fm_selector=0.0453, mean_fm_uniform=0.0446, mean_entropy=5.4057, policy_loss=0.0018, value_loss=0.0000, approx_kl=-0.0000, grad_norm=0.0017
Step 2600: mean_reward=0.0017, mean_fm_selector=0.0572, mean_fm_uniform=0.0604, mean_entropy=5.3623, policy_loss=-0.0040, value_loss=0.0001, approx_kl=-0.0000, grad_norm=0.0032
Step 2610: mean_reward=-0.0017, mean_fm_selector=0.0391, mean_fm_uniform=0.0391, mean_entropy=5.1733, policy_loss=0.0006, value_loss=0.0000, approx_kl=-0.0000, grad_norm=0.0013
Step 2620: mean_reward=-0.0003, mean_fm_selector=0.0433, mean_fm_uniform=0.0447, mean_entropy=5.3339, policy_loss=-0.0019, value_loss=0.0001, approx_kl=-0.0000, grad_norm=0.0016
Step 2630: mean_reward=-0.0017, mean_fm_selector=0.0456, mean_fm_uniform=0.0451, mean_entropy=5.5627, policy_loss=0.0003, value_loss=0.0001, approx_kl=-0.0000, grad_norm=0.0009
Step 2640: mean_reward=-0.0018, mean_fm_selector=0.0387, mean_fm_uniform=0.0387, mean_entropy=5.3050, policy_loss=0.0021, value_loss=0.0000, approx_kl=-0.0000, grad_norm=0.0018
Step 2650: mean_reward=-0.0003, mean_fm_selector=0.0523, mean_fm_uniform=0.0536, mean_entropy=5.3535, policy_loss=-0.0020, value_loss=0.0000, approx_kl=-0.0000, grad_norm=0.0018
Step 2660: mean_reward=-0.0026, mean_fm_selector=0.0429, mean_fm_uniform=0.0418, mean_entropy=5.3031, policy_loss=0.0014, value_loss=0.0000, approx_kl=-0.0000, grad_norm=0.0016
Step 2670: mean_reward=0.0011, mean_fm_selector=0.0468, mean_fm_uniform=0.0493, mean_entropy=5.4932, policy_loss=-0.0029, value_loss=0.0001, approx_kl=-0.0000, grad_norm=0.0026
Step 2680: mean_reward=0.0001, mean_fm_selector=0.0357, mean_fm_uniform=0.0373, mean_entropy=5.5076, policy_loss=-0.0027, value_loss=0.0000, approx_kl=-0.0000, grad_norm=0.0026
Step 2690: mean_reward=-0.0035, mean_fm_selector=0.0730, mean_fm_uniform=0.0711, mean_entropy=5.4132, policy_loss=0.0019, value_loss=0.0001, approx_kl=-0.0000, grad_norm=0.0019
Step 2700: mean_reward=-0.0037, mean_fm_selector=0.0439, mean_fm_uniform=0.0419, mean_entropy=5.3529, policy_loss=0.0039, value_loss=0.0003, approx_kl=-0.0000, grad_norm=0.0039
Step 2710: mean_reward=-0.0028, mean_fm_selector=0.0543, mean_fm_uniform=0.0529, mean_entropy=5.4526, policy_loss=0.0028, value_loss=0.0000, approx_kl=-0.0000, grad_norm=0.0028
Step 2720: mean_reward=-0.0013, mean_fm_selector=0.0337, mean_fm_uniform=0.0339, mean_entropy=5.3209, policy_loss=-0.0005, value_loss=0.0000, approx_kl=-0.0000, grad_norm=0.0007
Step 2730: mean_reward=-0.0025, mean_fm_selector=0.0361, mean_fm_uniform=0.0350, mean_entropy=5.3862, policy_loss=0.0003, value_loss=0.0001, approx_kl=-0.0000, grad_norm=0.0015
Step 2740: mean_reward=-0.0015, mean_fm_selector=0.0341, mean_fm_uniform=0.0341, mean_entropy=5.4369, policy_loss=-0.0002, value_loss=0.0000, approx_kl=-0.0000, grad_norm=0.0015
Step 2750: mean_reward=-0.0012, mean_fm_selector=0.0650, mean_fm_uniform=0.0655, mean_entropy=5.4572, policy_loss=0.0003, value_loss=0.0000, approx_kl=-0.0000, grad_norm=0.0006
Step 2760: mean_reward=-0.0015, mean_fm_selector=0.0597, mean_fm_uniform=0.0602, mean_entropy=5.1950, policy_loss=0.0008, value_loss=0.0000, approx_kl=-0.0000, grad_norm=0.0010
Step 2770: mean_reward=-0.0026, mean_fm_selector=0.0435, mean_fm_uniform=0.0423, mean_entropy=5.4814, policy_loss=0.0012, value_loss=0.0001, approx_kl=-0.0000, grad_norm=0.0017
Step 2780: mean_reward=0.0004, mean_fm_selector=0.0471, mean_fm_uniform=0.0491, mean_entropy=5.4283, policy_loss=-0.0019, value_loss=0.0001, approx_kl=0.0113, grad_norm=0.0033
Step 2790: mean_reward=-0.0038, mean_fm_selector=0.0681, mean_fm_uniform=0.0654, mean_entropy=5.5008, policy_loss=0.0030, value_loss=0.0001, approx_kl=-0.0000, grad_norm=0.0025
Step 2800: mean_reward=-0.0011, mean_fm_selector=0.0356, mean_fm_uniform=0.0360, mean_entropy=5.4087, policy_loss=-0.0015, value_loss=0.0000, approx_kl=-0.0000, grad_norm=0.0015
Step 2810: mean_reward=-0.0033, mean_fm_selector=0.0450, mean_fm_uniform=0.0429, mean_entropy=5.5337, policy_loss=0.0031, value_loss=0.0001, approx_kl=-0.0000, grad_norm=0.0023
Step 2820: mean_reward=-0.0022, mean_fm_selector=0.0497, mean_fm_uniform=0.0491, mean_entropy=5.3345, policy_loss=-0.0005, value_loss=0.0001, approx_kl=-0.0000, grad_norm=0.0015
Step 2830: mean_reward=-0.0016, mean_fm_selector=0.0656, mean_fm_uniform=0.0652, mean_entropy=5.4638, policy_loss=0.0020, value_loss=0.0002, approx_kl=-0.0000, grad_norm=0.0021
Step 2840: mean_reward=-0.0008, mean_fm_selector=0.0602, mean_fm_uniform=0.0608, mean_entropy=5.3892, policy_loss=0.0004, value_loss=0.0000, approx_kl=-0.0000, grad_norm=0.0011
Step 2850: mean_reward=-0.0035, mean_fm_selector=0.0481, mean_fm_uniform=0.0462, mean_entropy=5.3809, policy_loss=0.0017, value_loss=0.0003, approx_kl=-0.0000, grad_norm=0.0026
Step 2860: mean_reward=-0.0036, mean_fm_selector=0.0452, mean_fm_uniform=0.0433, mean_entropy=5.3889, policy_loss=0.0032, value_loss=0.0002, approx_kl=-0.0000, grad_norm=0.0031
Step 2870: mean_reward=-0.0013, mean_fm_selector=0.0484, mean_fm_uniform=0.0486, mean_entropy=5.4000, policy_loss=-0.0009, value_loss=0.0001, approx_kl=-0.0000, grad_norm=0.0009
Step 2880: mean_reward=-0.0008, mean_fm_selector=0.0356, mean_fm_uniform=0.0365, mean_entropy=5.3021, policy_loss=-0.0002, value_loss=0.0001, approx_kl=-0.0000, grad_norm=0.0014
Step 2890: mean_reward=-0.0011, mean_fm_selector=0.0335, mean_fm_uniform=0.0343, mean_entropy=5.2858, policy_loss=0.0003, value_loss=0.0000, approx_kl=0.0047, grad_norm=0.0021
Step 2900: mean_reward=-0.0017, mean_fm_selector=0.0440, mean_fm_uniform=0.0437, mean_entropy=5.3797, policy_loss=0.0010, value_loss=0.0000, approx_kl=-0.0000, grad_norm=0.0010
Step 2910: mean_reward=0.0004, mean_fm_selector=0.0496, mean_fm_uniform=0.0515, mean_entropy=5.3295, policy_loss=-0.0015, value_loss=0.0000, approx_kl=-0.0000, grad_norm=0.0011
Step 2920: mean_reward=-0.0021, mean_fm_selector=0.0323, mean_fm_uniform=0.0316, mean_entropy=5.3699, policy_loss=0.0004, value_loss=0.0000, approx_kl=-0.0000, grad_norm=0.0008
Step 2930: mean_reward=0.0016, mean_fm_selector=0.0448, mean_fm_uniform=0.0479, mean_entropy=5.3518, policy_loss=-0.0026, value_loss=0.0001, approx_kl=-0.0000, grad_norm=0.0026
Step 2940: mean_reward=-0.0004, mean_fm_selector=0.0276, mean_fm_uniform=0.0288, mean_entropy=5.4190, policy_loss=-0.0000, value_loss=0.0001, approx_kl=-0.0000, grad_norm=0.0013
Step 2950: mean_reward=0.0005, mean_fm_selector=0.0686, mean_fm_uniform=0.0706, mean_entropy=5.3758, policy_loss=-0.0006, value_loss=0.0000, approx_kl=-0.0000, grad_norm=0.0009
Step 2960: mean_reward=-0.0047, mean_fm_selector=0.0523, mean_fm_uniform=0.0487, mean_entropy=5.5309, policy_loss=0.0035, value_loss=0.0002, approx_kl=-0.0000, grad_norm=0.0032
Step 2970: mean_reward=-0.0012, mean_fm_selector=0.0513, mean_fm_uniform=0.0514, mean_entropy=5.3863, policy_loss=-0.0007, value_loss=0.0001, approx_kl=-0.0000, grad_norm=0.0016
Step 2980: mean_reward=-0.0022, mean_fm_selector=0.0479, mean_fm_uniform=0.0471, mean_entropy=5.4088, policy_loss=0.0001, value_loss=0.0001, approx_kl=-0.0000, grad_norm=0.0017
Step 2990: mean_reward=0.0015, mean_fm_selector=0.0636, mean_fm_uniform=0.0665, mean_entropy=5.5025, policy_loss=-0.0044, value_loss=0.0001, approx_kl=-0.0000, grad_norm=0.0033
Step 3000: mean_reward=-0.0018, mean_fm_selector=0.0723, mean_fm_uniform=0.0721, mean_entropy=5.2929, policy_loss=0.0003, value_loss=0.0001, approx_kl=-0.0000, grad_norm=0.0006
Step 3010: mean_reward=-0.0022, mean_fm_selector=0.0516, mean_fm_uniform=0.0511, mean_entropy=5.3648, policy_loss=-0.0012, value_loss=0.0000, approx_kl=-0.0000, grad_norm=0.0015
Step 3020: mean_reward=0.0001, mean_fm_selector=0.0572, mean_fm_uniform=0.0585, mean_entropy=5.5111, policy_loss=-0.0006, value_loss=0.0000, approx_kl=-0.0000, grad_norm=0.0007
[1;34mwandb[0m: 
[1;34mwandb[0m: 🚀 View run [33mrl_selector_v1[0m at: [34mhttps://wandb.ai/shalbe/rl-frame-selector/runs/ai4ct25r[0m
[1;34mwandb[0m: Find logs at: [1;35mwandb/run-20260421_004450-ai4ct25r/logs[0m
