Job started at Fri May  8 01:09:35 AM EDT 2026
Running on node: qt-1.cc.gatech.edu
GPUs allocated: 0,1,2,3
Fri May  8 01:09:35 2026       
+-----------------------------------------------------------------------------------------+
| NVIDIA-SMI 595.58.03              Driver Version: 595.58.03      CUDA Version: 13.2     |
+-----------------------------------------+------------------------+----------------------+
| GPU  Name                 Persistence-M | Bus-Id          Disp.A | Volatile Uncorr. ECC |
| Fan  Temp   Perf          Pwr:Usage/Cap |           Memory-Usage | GPU-Util  Compute M. |
|                                         |                        |               MIG M. |
|=========================================+========================+======================|
|   0  NVIDIA A40                     Off |   00000000:01:00.0 Off |                    0 |
|  0%   37C    P8             22W /  300W |       0MiB /  46068MiB |      0%      Default |
|                                         |                        |                  N/A |
+-----------------------------------------+------------------------+----------------------+
|   1  NVIDIA A40                     Off |   00000000:25:00.0 Off |                    0 |
|  0%   37C    P8             22W /  300W |       0MiB /  46068MiB |      0%      Default |
|                                         |                        |                  N/A |
+-----------------------------------------+------------------------+----------------------+
|   2  NVIDIA A40                     Off |   00000000:61:00.0 Off |                    0 |
|  0%   34C    P8             22W /  300W |       0MiB /  46068MiB |      0%      Default |
|                                         |                        |                  N/A |
+-----------------------------------------+------------------------+----------------------+
|   3  NVIDIA A40                     Off |   00000000:E1:00.0 Off |                    0 |
|  0%   35C    P8             22W /  300W |       0MiB /  46068MiB |      0%      Default |
|                                         |                        |                  N/A |
+-----------------------------------------+------------------------+----------------------+

+-----------------------------------------------------------------------------------------+
| Processes:                                                                              |
|  GPU   GI   CI              PID   Type   Process name                        GPU Memory |
|        ID   ID                                                               Usage      |
|=========================================================================================|
|  No running processes found                                                             |
+-----------------------------------------------------------------------------------------+
]11;?[c[1;34mwandb[0m: 
[1;34mwandb[0m: 🚀 View run [33mqkfs_v1[0m at: [34mhttps://wandb.ai/shalbe/qkfs-selector/runs/czh3uemp[0m
[1;34mwandb[0m: Find logs at: [1;35mwandb/run-20260508_011013-czh3uemp/logs[0m
