]11;?[cmax_token_len:  64
====== Using History, Representation Type: perceptual , Integration Type: modulation ======
Perceptual Memory using rl_selector type

max_token_len: 64
Step 0: mean_reward=0.0013, mean_fm_selector=0.0542, mean_fm_uniform=0.0580, mean_entropy=4.7099, policy_loss=0.6983, value_loss=1.2654, approx_kl=-0.0000, grad_norm=47.9782
Step 10: mean_reward=0.0032, mean_fm_selector=0.0558, mean_fm_uniform=0.0615, mean_entropy=4.6891, policy_loss=-0.0911, value_loss=0.0081, approx_kl=-0.0000, grad_norm=3.0731
Step 20: mean_reward=0.0020, mean_fm_selector=0.0425, mean_fm_uniform=0.0471, mean_entropy=4.6620, policy_loss=0.0134, value_loss=0.0010, approx_kl=-0.0000, grad_norm=0.4900
Step 30: mean_reward=0.0009, mean_fm_selector=0.0398, mean_fm_uniform=0.0432, mean_entropy=4.6970, policy_loss=0.0086, value_loss=0.0004, approx_kl=-0.0000, grad_norm=0.2519
Step 40: mean_reward=0.0004, mean_fm_selector=0.0328, mean_fm_uniform=0.0357, mean_entropy=4.6681, policy_loss=0.0115, value_loss=0.0002, approx_kl=-0.0000, grad_norm=0.1016
Step 50: mean_reward=0.0003, mean_fm_selector=0.0489, mean_fm_uniform=0.0517, mean_entropy=4.6837, policy_loss=-0.0218, value_loss=0.0010, approx_kl=-0.0000, grad_norm=0.4534
Step 60: mean_reward=-0.0015, mean_fm_selector=0.0430, mean_fm_uniform=0.0439, mean_entropy=4.6846, policy_loss=0.0004, value_loss=0.0003, approx_kl=-0.0000, grad_norm=0.0796
Step 70: mean_reward=-0.0012, mean_fm_selector=0.0363, mean_fm_uniform=0.0379, mean_entropy=4.6640, policy_loss=0.0053, value_loss=0.0004, approx_kl=-0.0000, grad_norm=0.1662
Step 80: mean_reward=-0.0003, mean_fm_selector=0.0435, mean_fm_uniform=0.0458, mean_entropy=4.6211, policy_loss=-0.0053, value_loss=0.0003, approx_kl=-0.0000, grad_norm=0.1496
Step 90: mean_reward=0.0011, mean_fm_selector=0.0492, mean_fm_uniform=0.0526, mean_entropy=4.7082, policy_loss=0.0059, value_loss=0.0001, approx_kl=-0.0000, grad_norm=0.0505
Step 100: mean_reward=0.0017, mean_fm_selector=0.0508, mean_fm_uniform=0.0550, mean_entropy=4.6655, policy_loss=-0.0037, value_loss=0.0003, approx_kl=-0.0000, grad_norm=0.0570
Step 110: mean_reward=-0.0008, mean_fm_selector=0.0397, mean_fm_uniform=0.0414, mean_entropy=4.6523, policy_loss=0.0038, value_loss=0.0002, approx_kl=-0.0000, grad_norm=0.0637
Step 120: mean_reward=-0.0020, mean_fm_selector=0.0781, mean_fm_uniform=0.0786, mean_entropy=4.6808, policy_loss=0.0096, value_loss=0.0007, approx_kl=-0.0000, grad_norm=0.1087
Step 130: mean_reward=-0.0028, mean_fm_selector=0.0297, mean_fm_uniform=0.0293, mean_entropy=4.6794, policy_loss=-0.0191, value_loss=0.0002, approx_kl=-0.0000, grad_norm=0.1012
Step 140: mean_reward=-0.0010, mean_fm_selector=0.0429, mean_fm_uniform=0.0444, mean_entropy=4.6791, policy_loss=0.0079, value_loss=0.0001, approx_kl=-0.0000, grad_norm=0.0813
Step 150: mean_reward=0.0034, mean_fm_selector=0.0272, mean_fm_uniform=0.0327, mean_entropy=4.7195, policy_loss=-0.0159, value_loss=0.0002, approx_kl=-0.0000, grad_norm=0.1204
Step 160: mean_reward=0.0029, mean_fm_selector=0.0609, mean_fm_uniform=0.0665, mean_entropy=4.6365, policy_loss=-0.0096, value_loss=0.0002, approx_kl=-0.0000, grad_norm=0.0848
Step 170: mean_reward=-0.0001, mean_fm_selector=0.0487, mean_fm_uniform=0.0516, mean_entropy=4.5567, policy_loss=-0.0107, value_loss=0.0001, approx_kl=-0.0070, grad_norm=0.0736
Step 180: mean_reward=0.0011, mean_fm_selector=0.0491, mean_fm_uniform=0.0527, mean_entropy=4.6583, policy_loss=-0.0001, value_loss=0.0001, approx_kl=-0.0000, grad_norm=0.0340
Step 190: mean_reward=0.0019, mean_fm_selector=0.0546, mean_fm_uniform=0.0593, mean_entropy=4.6425, policy_loss=0.0029, value_loss=0.0003, approx_kl=-0.0116, grad_norm=0.0795
Step 200: mean_reward=0.0010, mean_fm_selector=0.0317, mean_fm_uniform=0.0355, mean_entropy=4.5666, policy_loss=0.0024, value_loss=0.0001, approx_kl=-0.0000, grad_norm=0.0590
Step 210: mean_reward=0.0038, mean_fm_selector=0.0513, mean_fm_uniform=0.0576, mean_entropy=4.6808, policy_loss=0.0039, value_loss=0.0003, approx_kl=-0.0000, grad_norm=0.0687
Step 220: mean_reward=0.0008, mean_fm_selector=0.0671, mean_fm_uniform=0.0707, mean_entropy=4.6714, policy_loss=0.0089, value_loss=0.0002, approx_kl=-0.0000, grad_norm=0.0805
Step 230: mean_reward=-0.0006, mean_fm_selector=0.0610, mean_fm_uniform=0.0627, mean_entropy=4.6973, policy_loss=-0.0091, value_loss=0.0001, approx_kl=-0.0000, grad_norm=0.0507
Step 240: mean_reward=-0.0022, mean_fm_selector=0.0598, mean_fm_uniform=0.0600, mean_entropy=4.6982, policy_loss=0.0015, value_loss=0.0002, approx_kl=-0.0000, grad_norm=0.0424
Step 250: mean_reward=-0.0003, mean_fm_selector=0.0269, mean_fm_uniform=0.0294, mean_entropy=4.6382, policy_loss=0.0154, value_loss=0.0002, approx_kl=-0.0000, grad_norm=0.0895
Step 260: mean_reward=-0.0021, mean_fm_selector=0.0294, mean_fm_uniform=0.0300, mean_entropy=4.6432, policy_loss=0.0036, value_loss=0.0002, approx_kl=-0.0000, grad_norm=0.0843
Step 270: mean_reward=0.0040, mean_fm_selector=0.0418, mean_fm_uniform=0.0483, mean_entropy=4.6883, policy_loss=-0.0155, value_loss=0.0003, approx_kl=-0.0000, grad_norm=0.0998
Step 280: mean_reward=-0.0044, mean_fm_selector=0.0501, mean_fm_uniform=0.0482, mean_entropy=4.7072, policy_loss=-0.0085, value_loss=0.0003, approx_kl=-0.0000, grad_norm=0.0943
Step 290: mean_reward=-0.0038, mean_fm_selector=0.0474, mean_fm_uniform=0.0461, mean_entropy=4.6649, policy_loss=0.0188, value_loss=0.0090, approx_kl=-0.0000, grad_norm=1.2340
Step 300: mean_reward=0.0030, mean_fm_selector=0.0560, mean_fm_uniform=0.0613, mean_entropy=4.6314, policy_loss=0.0067, value_loss=0.0003, approx_kl=-0.0000, grad_norm=0.0699
Step 310: mean_reward=0.0003, mean_fm_selector=0.0464, mean_fm_uniform=0.0495, mean_entropy=4.5854, policy_loss=-0.0021, value_loss=0.0003, approx_kl=0.0088, grad_norm=0.0391
Step 320: mean_reward=-0.0038, mean_fm_selector=0.0256, mean_fm_uniform=0.0244, mean_entropy=4.6832, policy_loss=-0.0033, value_loss=0.0001, approx_kl=-0.0000, grad_norm=0.0164
Step 330: mean_reward=0.0000, mean_fm_selector=0.0523, mean_fm_uniform=0.0551, mean_entropy=4.6131, policy_loss=0.0039, value_loss=0.0002, approx_kl=0.0138, grad_norm=0.0183
Step 340: mean_reward=-0.0004, mean_fm_selector=0.0251, mean_fm_uniform=0.0272, mean_entropy=4.6880, policy_loss=-0.0018, value_loss=0.0001, approx_kl=-0.0000, grad_norm=0.0168
Step 350: mean_reward=-0.0007, mean_fm_selector=0.0601, mean_fm_uniform=0.0622, mean_entropy=4.6122, policy_loss=0.0016, value_loss=0.0001, approx_kl=-0.0000, grad_norm=0.0117
Step 360: mean_reward=-0.0029, mean_fm_selector=0.0493, mean_fm_uniform=0.0489, mean_entropy=4.6428, policy_loss=0.0059, value_loss=0.0003, approx_kl=0.0141, grad_norm=0.0322
Step 370: mean_reward=-0.0009, mean_fm_selector=0.0463, mean_fm_uniform=0.0479, mean_entropy=4.6688, policy_loss=0.0052, value_loss=0.0003, approx_kl=-0.0000, grad_norm=0.0235
Step 380: mean_reward=0.0003, mean_fm_selector=0.0623, mean_fm_uniform=0.0653, mean_entropy=4.6807, policy_loss=-0.0016, value_loss=0.0001, approx_kl=-0.0000, grad_norm=0.0136
Step 390: mean_reward=-0.0026, mean_fm_selector=0.0233, mean_fm_uniform=0.0232, mean_entropy=4.6705, policy_loss=0.0060, value_loss=0.0001, approx_kl=-0.0000, grad_norm=0.0214
Step 400: mean_reward=0.0008, mean_fm_selector=0.0370, mean_fm_uniform=0.0404, mean_entropy=4.6364, policy_loss=0.0037, value_loss=0.0001, approx_kl=-0.0000, grad_norm=0.0132
Step 410: mean_reward=-0.0063, mean_fm_selector=0.0503, mean_fm_uniform=0.0466, mean_entropy=4.6767, policy_loss=0.0067, value_loss=0.0002, approx_kl=-0.0000, grad_norm=0.0145
Step 420: mean_reward=0.0006, mean_fm_selector=0.0699, mean_fm_uniform=0.0731, mean_entropy=4.5900, policy_loss=0.0025, value_loss=0.0001, approx_kl=-0.0000, grad_norm=0.0105
Step 430: mean_reward=0.0044, mean_fm_selector=0.0574, mean_fm_uniform=0.0644, mean_entropy=4.6359, policy_loss=-0.0026, value_loss=0.0002, approx_kl=-0.0000, grad_norm=0.0091
Step 440: mean_reward=-0.0024, mean_fm_selector=0.0248, mean_fm_uniform=0.0249, mean_entropy=4.6898, policy_loss=0.0025, value_loss=0.0001, approx_kl=-0.0000, grad_norm=0.0044
Step 450: mean_reward=-0.0001, mean_fm_selector=0.0365, mean_fm_uniform=0.0388, mean_entropy=4.7007, policy_loss=-0.0006, value_loss=0.0002, approx_kl=-0.0000, grad_norm=0.0139
Step 460: mean_reward=0.0015, mean_fm_selector=0.0364, mean_fm_uniform=0.0404, mean_entropy=4.6432, policy_loss=-0.0024, value_loss=0.0001, approx_kl=-0.0000, grad_norm=0.0071
Step 470: mean_reward=-0.0009, mean_fm_selector=0.0512, mean_fm_uniform=0.0530, mean_entropy=4.5781, policy_loss=0.0031, value_loss=0.0001, approx_kl=0.0137, grad_norm=0.0085
Step 480: mean_reward=-0.0030, mean_fm_selector=0.0278, mean_fm_uniform=0.0276, mean_entropy=4.6301, policy_loss=0.0067, value_loss=0.0001, approx_kl=-0.0000, grad_norm=0.0124
Step 490: mean_reward=-0.0018, mean_fm_selector=0.0468, mean_fm_uniform=0.0476, mean_entropy=4.6736, policy_loss=-0.0019, value_loss=0.0002, approx_kl=-0.0000, grad_norm=0.0126
Step 500: mean_reward=-0.0002, mean_fm_selector=0.0479, mean_fm_uniform=0.0504, mean_entropy=4.6604, policy_loss=-0.0015, value_loss=0.0001, approx_kl=-0.0000, grad_norm=0.0074
Step 510: mean_reward=-0.0052, mean_fm_selector=0.0461, mean_fm_uniform=0.0435, mean_entropy=4.6779, policy_loss=0.0017, value_loss=0.0002, approx_kl=-0.0000, grad_norm=0.0072
Step 520: mean_reward=0.0059, mean_fm_selector=0.0472, mean_fm_uniform=0.0556, mean_entropy=4.6621, policy_loss=-0.0074, value_loss=0.0002, approx_kl=-0.0000, grad_norm=0.0055
Step 530: mean_reward=-0.0060, mean_fm_selector=0.0496, mean_fm_uniform=0.0461, mean_entropy=4.6862, policy_loss=0.0079, value_loss=0.0008, approx_kl=-0.0000, grad_norm=0.0075
Step 540: mean_reward=0.0033, mean_fm_selector=0.0745, mean_fm_uniform=0.0804, mean_entropy=4.7007, policy_loss=-0.0018, value_loss=0.0008, approx_kl=-0.0000, grad_norm=0.0041
Step 550: mean_reward=0.0019, mean_fm_selector=0.0456, mean_fm_uniform=0.0500, mean_entropy=4.6467, policy_loss=-0.0055, value_loss=0.0003, approx_kl=0.0093, grad_norm=0.0060
Step 560: mean_reward=-0.0002, mean_fm_selector=0.0293, mean_fm_uniform=0.0314, mean_entropy=4.6786, policy_loss=0.0019, value_loss=0.0001, approx_kl=-0.0000, grad_norm=0.0028
Step 570: mean_reward=-0.0006, mean_fm_selector=0.0394, mean_fm_uniform=0.0415, mean_entropy=4.6325, policy_loss=-0.0025, value_loss=0.0001, approx_kl=-0.0000, grad_norm=0.0024
Step 580: mean_reward=0.0026, mean_fm_selector=0.0634, mean_fm_uniform=0.0686, mean_entropy=4.6626, policy_loss=-0.0012, value_loss=0.0001, approx_kl=-0.0000, grad_norm=0.0015
Step 590: mean_reward=-0.0027, mean_fm_selector=0.0435, mean_fm_uniform=0.0432, mean_entropy=4.7041, policy_loss=0.0028, value_loss=0.0000, approx_kl=-0.0000, grad_norm=0.0029
Step 600: mean_reward=-0.0019, mean_fm_selector=0.0485, mean_fm_uniform=0.0492, mean_entropy=4.6470, policy_loss=0.0020, value_loss=0.0001, approx_kl=0.0000, grad_norm=0.0019
Step 610: mean_reward=0.0030, mean_fm_selector=0.0451, mean_fm_uniform=0.0507, mean_entropy=4.7113, policy_loss=-0.0005, value_loss=0.0003, approx_kl=-0.0000, grad_norm=0.0034
Step 620: mean_reward=-0.0036, mean_fm_selector=0.0327, mean_fm_uniform=0.0316, mean_entropy=4.6826, policy_loss=0.0044, value_loss=0.0001, approx_kl=-0.0000, grad_norm=0.0043
Step 630: mean_reward=-0.0045, mean_fm_selector=0.0520, mean_fm_uniform=0.0501, mean_entropy=4.7062, policy_loss=0.0033, value_loss=0.0002, approx_kl=-0.0000, grad_norm=0.0029
Step 640: mean_reward=0.0036, mean_fm_selector=0.0374, mean_fm_uniform=0.0436, mean_entropy=4.6753, policy_loss=-0.0046, value_loss=0.0005, approx_kl=-0.0000, grad_norm=0.0054
Step 650: mean_reward=-0.0037, mean_fm_selector=0.0524, mean_fm_uniform=0.0511, mean_entropy=4.6217, policy_loss=0.0048, value_loss=0.0004, approx_kl=-0.0000, grad_norm=0.0048
Step 660: mean_reward=-0.0016, mean_fm_selector=0.0434, mean_fm_uniform=0.0446, mean_entropy=4.6921, policy_loss=0.0010, value_loss=0.0002, approx_kl=-0.0000, grad_norm=0.0023
Step 670: mean_reward=0.0021, mean_fm_selector=0.0348, mean_fm_uniform=0.0396, mean_entropy=4.6115, policy_loss=-0.0020, value_loss=0.0001, approx_kl=0.0200, grad_norm=0.0038
Step 680: mean_reward=0.0024, mean_fm_selector=0.0534, mean_fm_uniform=0.0582, mean_entropy=4.7050, policy_loss=-0.0061, value_loss=0.0003, approx_kl=-0.0000, grad_norm=0.0062
Step 690: mean_reward=0.0003, mean_fm_selector=0.0443, mean_fm_uniform=0.0474, mean_entropy=4.6206, policy_loss=0.0009, value_loss=0.0001, approx_kl=-0.0000, grad_norm=0.0009
Step 700: mean_reward=-0.0003, mean_fm_selector=0.0516, mean_fm_uniform=0.0538, mean_entropy=4.7106, policy_loss=-0.0002, value_loss=0.0001, approx_kl=-0.0000, grad_norm=0.0019
Step 710: mean_reward=-0.0027, mean_fm_selector=0.0318, mean_fm_uniform=0.0316, mean_entropy=4.6586, policy_loss=0.0049, value_loss=0.0001, approx_kl=-0.0000, grad_norm=0.0036
Step 720: mean_reward=0.0041, mean_fm_selector=0.0758, mean_fm_uniform=0.0826, mean_entropy=4.6488, policy_loss=-0.0039, value_loss=0.0002, approx_kl=-0.0000, grad_norm=0.0031
Step 730: mean_reward=0.0004, mean_fm_selector=0.0529, mean_fm_uniform=0.0558, mean_entropy=4.6725, policy_loss=-0.0015, value_loss=0.0001, approx_kl=-0.0000, grad_norm=0.0022
Step 740: mean_reward=-0.0006, mean_fm_selector=0.0297, mean_fm_uniform=0.0317, mean_entropy=4.6696, policy_loss=0.0022, value_loss=0.0001, approx_kl=-0.0000, grad_norm=0.0030
Step 750: mean_reward=0.0015, mean_fm_selector=0.0495, mean_fm_uniform=0.0537, mean_entropy=4.6528, policy_loss=-0.0020, value_loss=0.0001, approx_kl=-0.0000, grad_norm=0.0021
Step 760: mean_reward=-0.0012, mean_fm_selector=0.0322, mean_fm_uniform=0.0334, mean_entropy=4.7053, policy_loss=-0.0008, value_loss=0.0002, approx_kl=-0.0000, grad_norm=0.0012
Step 770: mean_reward=-0.0023, mean_fm_selector=0.0308, mean_fm_uniform=0.0310, mean_entropy=4.6652, policy_loss=0.0028, value_loss=0.0002, approx_kl=-0.0000, grad_norm=0.0029
Step 780: mean_reward=-0.0017, mean_fm_selector=0.0449, mean_fm_uniform=0.0456, mean_entropy=4.6875, policy_loss=0.0007, value_loss=0.0002, approx_kl=-0.0000, grad_norm=0.0012
Step 790: mean_reward=-0.0009, mean_fm_selector=0.0254, mean_fm_uniform=0.0270, mean_entropy=4.6749, policy_loss=0.0022, value_loss=0.0001, approx_kl=-0.0000, grad_norm=0.0025
Step 800: mean_reward=-0.0010, mean_fm_selector=0.0576, mean_fm_uniform=0.0590, mean_entropy=4.6822, policy_loss=-0.0001, value_loss=0.0001, approx_kl=-0.0000, grad_norm=0.0014
Step 810: mean_reward=-0.0024, mean_fm_selector=0.0484, mean_fm_uniform=0.0485, mean_entropy=4.6671, policy_loss=0.0004, value_loss=0.0004, approx_kl=-0.0000, grad_norm=0.0013
Step 820: mean_reward=0.0016, mean_fm_selector=0.0693, mean_fm_uniform=0.0733, mean_entropy=4.6990, policy_loss=-0.0035, value_loss=0.0002, approx_kl=-0.0000, grad_norm=0.0034
Step 830: mean_reward=0.0004, mean_fm_selector=0.0413, mean_fm_uniform=0.0442, mean_entropy=4.6903, policy_loss=-0.0011, value_loss=0.0003, approx_kl=-0.0000, grad_norm=0.0038
Step 840: mean_reward=0.0003, mean_fm_selector=0.0216, mean_fm_uniform=0.0247, mean_entropy=4.6511, policy_loss=-0.0010, value_loss=0.0001, approx_kl=-0.0000, grad_norm=0.0018
Step 850: mean_reward=-0.0014, mean_fm_selector=0.0411, mean_fm_uniform=0.0423, mean_entropy=4.6955, policy_loss=0.0008, value_loss=0.0001, approx_kl=-0.0000, grad_norm=0.0009
Step 860: mean_reward=-0.0012, mean_fm_selector=0.0338, mean_fm_uniform=0.0352, mean_entropy=4.7073, policy_loss=0.0011, value_loss=0.0001, approx_kl=-0.0000, grad_norm=0.0022
Step 870: mean_reward=-0.0011, mean_fm_selector=0.0467, mean_fm_uniform=0.0488, mean_entropy=4.5509, policy_loss=-0.0024, value_loss=0.0002, approx_kl=0.0256, grad_norm=0.0056
Step 880: mean_reward=-0.0037, mean_fm_selector=0.0354, mean_fm_uniform=0.0345, mean_entropy=4.6566, policy_loss=0.0055, value_loss=0.0003, approx_kl=-0.0000, grad_norm=0.0047
Step 890: mean_reward=0.0043, mean_fm_selector=0.0486, mean_fm_uniform=0.0553, mean_entropy=4.7160, policy_loss=-0.0032, value_loss=0.0004, approx_kl=-0.0000, grad_norm=0.0028
Step 900: mean_reward=0.0005, mean_fm_selector=0.0677, mean_fm_uniform=0.0706, mean_entropy=4.6813, policy_loss=-0.0028, value_loss=0.0005, approx_kl=-0.0000, grad_norm=0.0078
Step 910: mean_reward=-0.0036, mean_fm_selector=0.0361, mean_fm_uniform=0.0349, mean_entropy=4.6841, policy_loss=0.0080, value_loss=0.0001, approx_kl=-0.0000, grad_norm=0.0062
Step 920: mean_reward=0.0000, mean_fm_selector=0.0547, mean_fm_uniform=0.0573, mean_entropy=4.6364, policy_loss=-0.0015, value_loss=0.0002, approx_kl=-0.0000, grad_norm=0.0031
Step 930: mean_reward=-0.0003, mean_fm_selector=0.0409, mean_fm_uniform=0.0431, mean_entropy=4.6614, policy_loss=0.0042, value_loss=0.0001, approx_kl=-0.0000, grad_norm=0.0046
Step 940: mean_reward=0.0026, mean_fm_selector=0.0388, mean_fm_uniform=0.0439, mean_entropy=4.6906, policy_loss=-0.0046, value_loss=0.0001, approx_kl=-0.0000, grad_norm=0.0033
Step 950: mean_reward=0.0006, mean_fm_selector=0.0602, mean_fm_uniform=0.0632, mean_entropy=4.6967, policy_loss=0.0011, value_loss=0.0008, approx_kl=-0.0000, grad_norm=0.0036
Step 960: mean_reward=0.0005, mean_fm_selector=0.0611, mean_fm_uniform=0.0640, mean_entropy=4.6328, policy_loss=-0.0037, value_loss=0.0002, approx_kl=-0.0000, grad_norm=0.0050
Step 970: mean_reward=-0.0030, mean_fm_selector=0.0345, mean_fm_uniform=0.0339, mean_entropy=4.6902, policy_loss=0.0029, value_loss=0.0001, approx_kl=-0.0000, grad_norm=0.0035
Step 980: mean_reward=-0.0005, mean_fm_selector=0.0308, mean_fm_uniform=0.0328, mean_entropy=4.7159, policy_loss=0.0067, value_loss=0.0001, approx_kl=-0.0000, grad_norm=0.0064
Step 990: mean_reward=0.0025, mean_fm_selector=0.0543, mean_fm_uniform=0.0593, mean_entropy=4.6814, policy_loss=-0.0037, value_loss=0.0002, approx_kl=-0.0000, grad_norm=0.0039
Step 1000: mean_reward=0.0073, mean_fm_selector=0.0423, mean_fm_uniform=0.0522, mean_entropy=4.6572, policy_loss=-0.0047, value_loss=0.0004, approx_kl=-0.0000, grad_norm=0.0062
Step 1010: mean_reward=0.0032, mean_fm_selector=0.0504, mean_fm_uniform=0.0561, mean_entropy=4.6888, policy_loss=-0.0029, value_loss=0.0002, approx_kl=-0.0000, grad_norm=0.0032
Step 1020: mean_reward=-0.0013, mean_fm_selector=0.0396, mean_fm_uniform=0.0407, mean_entropy=4.7050, policy_loss=0.0030, value_loss=0.0004, approx_kl=-0.0000, grad_norm=0.0280
Step 1030: mean_reward=0.0041, mean_fm_selector=0.0433, mean_fm_uniform=0.0500, mean_entropy=4.6889, policy_loss=-0.0056, value_loss=0.0004, approx_kl=-0.0000, grad_norm=0.0051
Step 1040: mean_reward=0.0002, mean_fm_selector=0.0520, mean_fm_uniform=0.0551, mean_entropy=4.6694, policy_loss=-0.0002, value_loss=0.0002, approx_kl=-0.0000, grad_norm=0.0018
Step 1050: mean_reward=0.0032, mean_fm_selector=0.0397, mean_fm_uniform=0.0454, mean_entropy=4.6675, policy_loss=-0.0075, value_loss=0.0003, approx_kl=-0.0000, grad_norm=0.0065
Step 1060: mean_reward=-0.0062, mean_fm_selector=0.0603, mean_fm_uniform=0.0567, mean_entropy=4.6529, policy_loss=0.0050, value_loss=0.0002, approx_kl=-0.0000, grad_norm=0.0055
Step 1070: mean_reward=-0.0014, mean_fm_selector=0.0491, mean_fm_uniform=0.0504, mean_entropy=4.5714, policy_loss=0.0009, value_loss=0.0006, approx_kl=0.0064, grad_norm=0.0039
Step 1080: mean_reward=-0.0042, mean_fm_selector=0.0595, mean_fm_uniform=0.0580, mean_entropy=4.6097, policy_loss=0.0060, value_loss=0.0003, approx_kl=0.0305, grad_norm=0.0066
Step 1090: mean_reward=0.0004, mean_fm_selector=0.0531, mean_fm_uniform=0.0560, mean_entropy=4.7130, policy_loss=-0.0004, value_loss=0.0003, approx_kl=-0.0000, grad_norm=0.0022
Step 1100: mean_reward=-0.0006, mean_fm_selector=0.0633, mean_fm_uniform=0.0652, mean_entropy=4.6711, policy_loss=0.0025, value_loss=0.0003, approx_kl=-0.0000, grad_norm=0.0039
Step 1110: mean_reward=0.0008, mean_fm_selector=0.0562, mean_fm_uniform=0.0599, mean_entropy=4.5998, policy_loss=-0.0017, value_loss=0.0003, approx_kl=-0.0000, grad_norm=0.0038
Step 1120: mean_reward=-0.0033, mean_fm_selector=0.0336, mean_fm_uniform=0.0331, mean_entropy=4.7091, policy_loss=0.0007, value_loss=0.0001, approx_kl=-0.0000, grad_norm=0.0016
Step 1130: mean_reward=-0.0017, mean_fm_selector=0.0456, mean_fm_uniform=0.0461, mean_entropy=4.6822, policy_loss=0.0015, value_loss=0.0001, approx_kl=-0.0000, grad_norm=0.0017
Step 1140: mean_reward=-0.0046, mean_fm_selector=0.0397, mean_fm_uniform=0.0376, mean_entropy=4.7102, policy_loss=0.0014, value_loss=0.0003, approx_kl=-0.0000, grad_norm=0.0028
Step 1150: mean_reward=-0.0023, mean_fm_selector=0.0443, mean_fm_uniform=0.0446, mean_entropy=4.6462, policy_loss=0.0007, value_loss=0.0001, approx_kl=-0.0000, grad_norm=0.0012
Step 1160: mean_reward=-0.0022, mean_fm_selector=0.0367, mean_fm_uniform=0.0372, mean_entropy=4.6438, policy_loss=-0.0006, value_loss=0.0001, approx_kl=0.0431, grad_norm=0.0038
Step 1170: mean_reward=-0.0027, mean_fm_selector=0.0254, mean_fm_uniform=0.0252, mean_entropy=4.6733, policy_loss=0.0014, value_loss=0.0002, approx_kl=-0.0000, grad_norm=0.0027
Step 1180: mean_reward=-0.0048, mean_fm_selector=0.0465, mean_fm_uniform=0.0445, mean_entropy=4.6290, policy_loss=0.0056, value_loss=0.0002, approx_kl=-0.0000, grad_norm=0.0061
Step 1190: mean_reward=-0.0030, mean_fm_selector=0.0556, mean_fm_uniform=0.0556, mean_entropy=4.5323, policy_loss=0.0000, value_loss=0.0002, approx_kl=0.0189, grad_norm=0.0034
Step 1200: mean_reward=0.0033, mean_fm_selector=0.0425, mean_fm_uniform=0.0483, mean_entropy=4.6985, policy_loss=-0.0060, value_loss=0.0002, approx_kl=-0.0000, grad_norm=0.0049
Step 1210: mean_reward=-0.0022, mean_fm_selector=0.0532, mean_fm_uniform=0.0535, mean_entropy=4.6129, policy_loss=0.0017, value_loss=0.0001, approx_kl=-0.0000, grad_norm=0.0026
Step 1220: mean_reward=0.0004, mean_fm_selector=0.0554, mean_fm_uniform=0.0582, mean_entropy=4.6605, policy_loss=-0.0002, value_loss=0.0001, approx_kl=-0.0000, grad_norm=0.0020
Step 1230: mean_reward=0.0001, mean_fm_selector=0.0536, mean_fm_uniform=0.0563, mean_entropy=4.7032, policy_loss=0.0002, value_loss=0.0001, approx_kl=-0.0000, grad_norm=0.0016
Step 1240: mean_reward=-0.0034, mean_fm_selector=0.0264, mean_fm_uniform=0.0256, mean_entropy=4.7143, policy_loss=0.0034, value_loss=0.0001, approx_kl=-0.0000, grad_norm=0.0027
Step 1250: mean_reward=-0.0029, mean_fm_selector=0.0630, mean_fm_uniform=0.0626, mean_entropy=4.6885, policy_loss=0.0010, value_loss=0.0001, approx_kl=-0.0000, grad_norm=0.0024
Step 1260: mean_reward=0.0024, mean_fm_selector=0.0865, mean_fm_uniform=0.0914, mean_entropy=4.6822, policy_loss=-0.0033, value_loss=0.0002, approx_kl=-0.0000, grad_norm=0.0033
Step 1270: mean_reward=-0.0026, mean_fm_selector=0.0383, mean_fm_uniform=0.0383, mean_entropy=4.6435, policy_loss=0.0007, value_loss=0.0001, approx_kl=0.0024, grad_norm=0.0020
Step 1280: mean_reward=-0.0008, mean_fm_selector=0.0457, mean_fm_uniform=0.0474, mean_entropy=4.7036, policy_loss=0.0008, value_loss=0.0001, approx_kl=-0.0000, grad_norm=0.0014
Step 1290: mean_reward=0.0004, mean_fm_selector=0.0360, mean_fm_uniform=0.0387, mean_entropy=4.6983, policy_loss=0.0014, value_loss=0.0000, approx_kl=-0.0000, grad_norm=0.0012
Step 1300: mean_reward=0.0022, mean_fm_selector=0.0421, mean_fm_uniform=0.0469, mean_entropy=4.6425, policy_loss=-0.0017, value_loss=0.0001, approx_kl=-0.0197, grad_norm=0.0050
Step 1310: mean_reward=-0.0027, mean_fm_selector=0.0523, mean_fm_uniform=0.0522, mean_entropy=4.6437, policy_loss=0.0010, value_loss=0.0002, approx_kl=-0.0000, grad_norm=0.0012
Step 1320: mean_reward=-0.0012, mean_fm_selector=0.0366, mean_fm_uniform=0.0379, mean_entropy=4.7046, policy_loss=0.0002, value_loss=0.0001, approx_kl=-0.0000, grad_norm=0.0016
Step 1330: mean_reward=0.0015, mean_fm_selector=0.0462, mean_fm_uniform=0.0505, mean_entropy=4.6370, policy_loss=-0.0032, value_loss=0.0001, approx_kl=-0.0000, grad_norm=0.0035
Step 1340: mean_reward=0.0029, mean_fm_selector=0.0700, mean_fm_uniform=0.0755, mean_entropy=4.6446, policy_loss=-0.0035, value_loss=0.0003, approx_kl=0.0040, grad_norm=0.0048
Step 1350: mean_reward=0.0006, mean_fm_selector=0.0392, mean_fm_uniform=0.0424, mean_entropy=4.6661, policy_loss=-0.0012, value_loss=0.0001, approx_kl=-0.0000, grad_norm=0.0023
Step 1360: mean_reward=-0.0039, mean_fm_selector=0.0284, mean_fm_uniform=0.0267, mean_entropy=4.7081, policy_loss=0.0069, value_loss=0.0001, approx_kl=-0.0000, grad_norm=0.0067
Step 1370: mean_reward=0.0043, mean_fm_selector=0.0479, mean_fm_uniform=0.0545, mean_entropy=4.7089, policy_loss=-0.0011, value_loss=0.0003, approx_kl=-0.0000, grad_norm=0.0020
Step 1380: mean_reward=-0.0032, mean_fm_selector=0.0449, mean_fm_uniform=0.0441, mean_entropy=4.7002, policy_loss=0.0016, value_loss=0.0002, approx_kl=-0.0000, grad_norm=0.0024
Step 1390: mean_reward=-0.0006, mean_fm_selector=0.0583, mean_fm_uniform=0.0602, mean_entropy=4.6934, policy_loss=0.0010, value_loss=0.0002, approx_kl=-0.0000, grad_norm=0.0026
Step 1400: mean_reward=-0.0002, mean_fm_selector=0.0409, mean_fm_uniform=0.0436, mean_entropy=4.6920, policy_loss=0.0003, value_loss=0.0002, approx_kl=-0.0000, grad_norm=0.0018
Step 1410: mean_reward=0.0045, mean_fm_selector=0.0557, mean_fm_uniform=0.0628, mean_entropy=4.6754, policy_loss=-0.0045, value_loss=0.0004, approx_kl=-0.0000, grad_norm=0.0045
Step 1420: mean_reward=-0.0057, mean_fm_selector=0.0411, mean_fm_uniform=0.0379, mean_entropy=4.6982, policy_loss=0.0063, value_loss=0.0002, approx_kl=-0.0000, grad_norm=0.0059
Step 1430: mean_reward=-0.0023, mean_fm_selector=0.0321, mean_fm_uniform=0.0323, mean_entropy=4.6612, policy_loss=-0.0006, value_loss=0.0000, approx_kl=-0.0000, grad_norm=0.0014
Step 1440: mean_reward=-0.0005, mean_fm_selector=0.0364, mean_fm_uniform=0.0386, mean_entropy=4.7101, policy_loss=-0.0019, value_loss=0.0003, approx_kl=-0.0000, grad_norm=0.0026
Step 1450: mean_reward=-0.0027, mean_fm_selector=0.0251, mean_fm_uniform=0.0253, mean_entropy=4.6593, policy_loss=0.0012, value_loss=0.0001, approx_kl=-0.0000, grad_norm=0.0023
Step 1460: mean_reward=-0.0018, mean_fm_selector=0.0488, mean_fm_uniform=0.0496, mean_entropy=4.6559, policy_loss=0.0029, value_loss=0.0001, approx_kl=-0.0000, grad_norm=0.0028
Step 1470: mean_reward=0.0027, mean_fm_selector=0.0467, mean_fm_uniform=0.0523, mean_entropy=4.6166, policy_loss=-0.0025, value_loss=0.0003, approx_kl=-0.0000, grad_norm=0.0039
Step 1480: mean_reward=-0.0004, mean_fm_selector=0.0733, mean_fm_uniform=0.0755, mean_entropy=4.6615, policy_loss=0.0021, value_loss=0.0001, approx_kl=-0.0000, grad_norm=0.0027
Step 1490: mean_reward=-0.0013, mean_fm_selector=0.0324, mean_fm_uniform=0.0338, mean_entropy=4.6739, policy_loss=0.0040, value_loss=0.0001, approx_kl=-0.0000, grad_norm=0.0033
Step 1500: mean_reward=-0.0018, mean_fm_selector=0.0374, mean_fm_uniform=0.0381, mean_entropy=4.6883, policy_loss=0.0028, value_loss=0.0001, approx_kl=-0.0000, grad_norm=0.0032
Step 1510: mean_reward=-0.0087, mean_fm_selector=0.0375, mean_fm_uniform=0.0313, mean_entropy=4.6686, policy_loss=0.0099, value_loss=0.0007, approx_kl=-0.0000, grad_norm=0.0090
Step 1520: mean_reward=0.0010, mean_fm_selector=0.0741, mean_fm_uniform=0.0776, mean_entropy=4.6626, policy_loss=-0.0017, value_loss=0.0001, approx_kl=-0.0000, grad_norm=0.0023
Step 1530: mean_reward=0.0019, mean_fm_selector=0.0557, mean_fm_uniform=0.0602, mean_entropy=4.7047, policy_loss=-0.0049, value_loss=0.0003, approx_kl=-0.0000, grad_norm=0.0041
Step 1540: mean_reward=-0.0015, mean_fm_selector=0.0440, mean_fm_uniform=0.0451, mean_entropy=4.6460, policy_loss=-0.0001, value_loss=0.0003, approx_kl=-0.0000, grad_norm=0.0024
Step 1550: mean_reward=-0.0021, mean_fm_selector=0.0568, mean_fm_uniform=0.0574, mean_entropy=4.6361, policy_loss=0.0031, value_loss=0.0001, approx_kl=-0.0000, grad_norm=0.0043
Step 1560: mean_reward=-0.0001, mean_fm_selector=0.0435, mean_fm_uniform=0.0459, mean_entropy=4.6956, policy_loss=-0.0007, value_loss=0.0001, approx_kl=-0.0000, grad_norm=0.0019
Step 1570: mean_reward=-0.0037, mean_fm_selector=0.0310, mean_fm_uniform=0.0297, mean_entropy=4.7092, policy_loss=0.0031, value_loss=0.0001, approx_kl=-0.0000, grad_norm=0.0031
Step 1580: mean_reward=-0.0002, mean_fm_selector=0.0693, mean_fm_uniform=0.0719, mean_entropy=4.6318, policy_loss=-0.0004, value_loss=0.0001, approx_kl=0.0082, grad_norm=0.0023
Step 1590: mean_reward=0.0060, mean_fm_selector=0.0671, mean_fm_uniform=0.0757, mean_entropy=4.6548, policy_loss=-0.0036, value_loss=0.0004, approx_kl=0.0261, grad_norm=0.0058
Step 1600: mean_reward=-0.0016, mean_fm_selector=0.0483, mean_fm_uniform=0.0493, mean_entropy=4.6471, policy_loss=0.0032, value_loss=0.0005, approx_kl=-0.0000, grad_norm=0.0056
Step 1610: mean_reward=-0.0027, mean_fm_selector=0.0342, mean_fm_uniform=0.0341, mean_entropy=4.6587, policy_loss=0.0008, value_loss=0.0001, approx_kl=-0.0000, grad_norm=0.0016
Step 1620: mean_reward=-0.0008, mean_fm_selector=0.0583, mean_fm_uniform=0.0598, mean_entropy=4.7100, policy_loss=0.0015, value_loss=0.0001, approx_kl=-0.0000, grad_norm=0.0017
Step 1630: mean_reward=0.0024, mean_fm_selector=0.0397, mean_fm_uniform=0.0446, mean_entropy=4.6506, policy_loss=-0.0030, value_loss=0.0003, approx_kl=0.0830, grad_norm=0.0107
Step 1640: mean_reward=-0.0065, mean_fm_selector=0.0371, mean_fm_uniform=0.0332, mean_entropy=4.6853, policy_loss=0.0061, value_loss=0.0003, approx_kl=-0.0000, grad_norm=0.0057
Step 1650: mean_reward=-0.0012, mean_fm_selector=0.0569, mean_fm_uniform=0.0581, mean_entropy=4.6516, policy_loss=0.0004, value_loss=0.0002, approx_kl=-0.0000, grad_norm=0.0011
Step 1660: mean_reward=0.0008, mean_fm_selector=0.0451, mean_fm_uniform=0.0484, mean_entropy=4.6854, policy_loss=-0.0002, value_loss=0.0002, approx_kl=-0.0000, grad_norm=0.0022
Step 1670: mean_reward=-0.0013, mean_fm_selector=0.0492, mean_fm_uniform=0.0508, mean_entropy=4.6150, policy_loss=0.0007, value_loss=0.0002, approx_kl=-0.0000, grad_norm=0.0015
Step 1680: mean_reward=-0.0005, mean_fm_selector=0.0856, mean_fm_uniform=0.0873, mean_entropy=4.7021, policy_loss=0.0014, value_loss=0.0001, approx_kl=-0.0000, grad_norm=0.0015
Step 1690: mean_reward=-0.0001, mean_fm_selector=0.0485, mean_fm_uniform=0.0511, mean_entropy=4.6841, policy_loss=-0.0013, value_loss=0.0001, approx_kl=-0.0000, grad_norm=0.0024
Step 1700: mean_reward=-0.0016, mean_fm_selector=0.0413, mean_fm_uniform=0.0423, mean_entropy=4.6906, policy_loss=0.0035, value_loss=0.0001, approx_kl=-0.0000, grad_norm=0.0029
Step 1710: mean_reward=0.0008, mean_fm_selector=0.0476, mean_fm_uniform=0.0510, mean_entropy=4.6818, policy_loss=-0.0028, value_loss=0.0004, approx_kl=-0.0000, grad_norm=0.0039
Step 1720: mean_reward=0.0012, mean_fm_selector=0.0489, mean_fm_uniform=0.0526, mean_entropy=4.6716, policy_loss=-0.0001, value_loss=0.0002, approx_kl=-0.0000, grad_norm=0.0023
Step 1730: mean_reward=0.0003, mean_fm_selector=0.0277, mean_fm_uniform=0.0303, mean_entropy=4.6837, policy_loss=0.0007, value_loss=0.0002, approx_kl=-0.0000, grad_norm=0.0025
Step 1740: mean_reward=0.0007, mean_fm_selector=0.0418, mean_fm_uniform=0.0451, mean_entropy=4.6592, policy_loss=-0.0034, value_loss=0.0001, approx_kl=-0.0000, grad_norm=0.0036
Step 1750: mean_reward=0.0007, mean_fm_selector=0.0389, mean_fm_uniform=0.0421, mean_entropy=4.7019, policy_loss=-0.0017, value_loss=0.0001, approx_kl=-0.0000, grad_norm=0.0015
Step 1760: mean_reward=-0.0008, mean_fm_selector=0.0503, mean_fm_uniform=0.0519, mean_entropy=4.7095, policy_loss=0.0028, value_loss=0.0001, approx_kl=-0.0000, grad_norm=0.0035
Step 1770: mean_reward=-0.0000, mean_fm_selector=0.0507, mean_fm_uniform=0.0533, mean_entropy=4.6263, policy_loss=0.0007, value_loss=0.0001, approx_kl=-0.0000, grad_norm=0.0017
Step 1780: mean_reward=0.0021, mean_fm_selector=0.0397, mean_fm_uniform=0.0443, mean_entropy=4.6724, policy_loss=-0.0025, value_loss=0.0002, approx_kl=-0.0000, grad_norm=0.0027
Step 1790: mean_reward=0.0002, mean_fm_selector=0.0614, mean_fm_uniform=0.0643, mean_entropy=4.6771, policy_loss=-0.0001, value_loss=0.0002, approx_kl=-0.0000, grad_norm=0.0013
Step 1800: mean_reward=-0.0024, mean_fm_selector=0.0572, mean_fm_uniform=0.0574, mean_entropy=4.6296, policy_loss=0.0013, value_loss=0.0001, approx_kl=0.0028, grad_norm=0.0029
Step 1810: mean_reward=0.0005, mean_fm_selector=0.0360, mean_fm_uniform=0.0392, mean_entropy=4.6714, policy_loss=-0.0031, value_loss=0.0002, approx_kl=-0.0000, grad_norm=0.0031
Step 1820: mean_reward=-0.0025, mean_fm_selector=0.0261, mean_fm_uniform=0.0261, mean_entropy=4.7145, policy_loss=-0.0007, value_loss=0.0001, approx_kl=-0.0000, grad_norm=0.0012
Step 1830: mean_reward=0.0036, mean_fm_selector=0.0582, mean_fm_uniform=0.0641, mean_entropy=4.6942, policy_loss=-0.0055, value_loss=0.0003, approx_kl=-0.0000, grad_norm=0.0051
Step 1840: mean_reward=-0.0009, mean_fm_selector=0.0661, mean_fm_uniform=0.0679, mean_entropy=4.6226, policy_loss=0.0045, value_loss=0.0001, approx_kl=-0.0000, grad_norm=0.0046
Step 1850: mean_reward=-0.0009, mean_fm_selector=0.0525, mean_fm_uniform=0.0543, mean_entropy=4.6377, policy_loss=0.0010, value_loss=0.0002, approx_kl=-0.0000, grad_norm=0.0020
Step 1860: mean_reward=0.0018, mean_fm_selector=0.0589, mean_fm_uniform=0.0631, mean_entropy=4.6771, policy_loss=-0.0018, value_loss=0.0001, approx_kl=-0.0000, grad_norm=0.0031
Step 1870: mean_reward=0.0005, mean_fm_selector=0.0563, mean_fm_uniform=0.0596, mean_entropy=4.6093, policy_loss=-0.0021, value_loss=0.0001, approx_kl=0.0090, grad_norm=0.0034
Step 1880: mean_reward=0.0016, mean_fm_selector=0.0294, mean_fm_uniform=0.0336, mean_entropy=4.6678, policy_loss=-0.0020, value_loss=0.0002, approx_kl=-0.0145, grad_norm=0.0064
Step 1890: mean_reward=-0.0014, mean_fm_selector=0.0340, mean_fm_uniform=0.0350, mean_entropy=4.6991, policy_loss=0.0015, value_loss=0.0000, approx_kl=-0.0000, grad_norm=0.0016
Step 1900: mean_reward=0.0003, mean_fm_selector=0.0547, mean_fm_uniform=0.0580, mean_entropy=4.6158, policy_loss=-0.0009, value_loss=0.0002, approx_kl=-0.0000, grad_norm=0.0021
Step 1910: mean_reward=-0.0021, mean_fm_selector=0.0530, mean_fm_uniform=0.0533, mean_entropy=4.6971, policy_loss=0.0015, value_loss=0.0003, approx_kl=-0.0000, grad_norm=0.0018
Step 1920: mean_reward=-0.0007, mean_fm_selector=0.0629, mean_fm_uniform=0.0644, mean_entropy=4.7080, policy_loss=0.0013, value_loss=0.0004, approx_kl=-0.0000, grad_norm=0.0041
Step 1930: mean_reward=-0.0001, mean_fm_selector=0.0356, mean_fm_uniform=0.0381, mean_entropy=4.6890, policy_loss=-0.0017, value_loss=0.0001, approx_kl=-0.0000, grad_norm=0.0019
Step 1940: mean_reward=0.0023, mean_fm_selector=0.0467, mean_fm_uniform=0.0513, mean_entropy=4.6945, policy_loss=-0.0044, value_loss=0.0002, approx_kl=-0.0000, grad_norm=0.0046
Step 1950: mean_reward=-0.0012, mean_fm_selector=0.0489, mean_fm_uniform=0.0505, mean_entropy=4.5960, policy_loss=0.0024, value_loss=0.0000, approx_kl=-0.0000, grad_norm=0.0020
Step 1960: mean_reward=0.0004, mean_fm_selector=0.0528, mean_fm_uniform=0.0555, mean_entropy=4.6868, policy_loss=0.0003, value_loss=0.0002, approx_kl=-0.0000, grad_norm=0.0021
Step 1970: mean_reward=0.0027, mean_fm_selector=0.0403, mean_fm_uniform=0.0457, mean_entropy=4.6754, policy_loss=-0.0038, value_loss=0.0001, approx_kl=-0.0000, grad_norm=0.0040
Step 1980: mean_reward=-0.0024, mean_fm_selector=0.0556, mean_fm_uniform=0.0557, mean_entropy=4.6999, policy_loss=0.0036, value_loss=0.0003, approx_kl=-0.0000, grad_norm=0.0033
Step 1990: mean_reward=0.0015, mean_fm_selector=0.0338, mean_fm_uniform=0.0379, mean_entropy=4.6568, policy_loss=-0.0024, value_loss=0.0002, approx_kl=-0.0000, grad_norm=0.0028
Step 2000: mean_reward=0.0035, mean_fm_selector=0.0476, mean_fm_uniform=0.0537, mean_entropy=4.6767, policy_loss=-0.0042, value_loss=0.0004, approx_kl=-0.0000, grad_norm=0.0049
Step 2010: mean_reward=0.0057, mean_fm_selector=0.0483, mean_fm_uniform=0.0563, mean_entropy=4.6969, policy_loss=-0.0063, value_loss=0.0007, approx_kl=-0.0000, grad_norm=0.0060
Step 2020: mean_reward=-0.0026, mean_fm_selector=0.0466, mean_fm_uniform=0.0466, mean_entropy=4.6715, policy_loss=0.0056, value_loss=0.0001, approx_kl=-0.0000, grad_norm=0.0054
Step 2030: mean_reward=0.0017, mean_fm_selector=0.0646, mean_fm_uniform=0.0689, mean_entropy=4.6728, policy_loss=-0.0042, value_loss=0.0001, approx_kl=-0.0000, grad_norm=0.0045
Step 2040: mean_reward=-0.0015, mean_fm_selector=0.0359, mean_fm_uniform=0.0369, mean_entropy=4.6668, policy_loss=0.0033, value_loss=0.0001, approx_kl=-0.0000, grad_norm=0.0029
Step 2050: mean_reward=0.0049, mean_fm_selector=0.0552, mean_fm_uniform=0.0626, mean_entropy=4.6974, policy_loss=-0.0035, value_loss=0.0001, approx_kl=-0.0000, grad_norm=0.0035
Step 2060: mean_reward=-0.0018, mean_fm_selector=0.0505, mean_fm_uniform=0.0514, mean_entropy=4.6498, policy_loss=0.0018, value_loss=0.0002, approx_kl=0.1036, grad_norm=0.0107
Step 2070: mean_reward=-0.0006, mean_fm_selector=0.0383, mean_fm_uniform=0.0404, mean_entropy=4.6109, policy_loss=0.0003, value_loss=0.0001, approx_kl=-0.0000, grad_norm=0.0024
Step 2080: mean_reward=-0.0024, mean_fm_selector=0.0265, mean_fm_uniform=0.0269, mean_entropy=4.6350, policy_loss=0.0033, value_loss=0.0000, approx_kl=0.0621, grad_norm=0.0059
Step 2090: mean_reward=0.0019, mean_fm_selector=0.0500, mean_fm_uniform=0.0546, mean_entropy=4.7014, policy_loss=-0.0035, value_loss=0.0004, approx_kl=-0.0000, grad_norm=0.0038
Step 2100: mean_reward=0.0030, mean_fm_selector=0.0471, mean_fm_uniform=0.0527, mean_entropy=4.6866, policy_loss=-0.0028, value_loss=0.0002, approx_kl=-0.0000, grad_norm=0.0026
Step 2110: mean_reward=-0.0070, mean_fm_selector=0.0434, mean_fm_uniform=0.0390, mean_entropy=4.6683, policy_loss=0.0073, value_loss=0.0003, approx_kl=-0.0000, grad_norm=0.0071
Step 2120: mean_reward=0.0018, mean_fm_selector=0.0231, mean_fm_uniform=0.0274, mean_entropy=4.6755, policy_loss=-0.0009, value_loss=0.0003, approx_kl=-0.0000, grad_norm=0.0036
Step 2130: mean_reward=-0.0019, mean_fm_selector=0.0460, mean_fm_uniform=0.0465, mean_entropy=4.7118, policy_loss=0.0035, value_loss=0.0001, approx_kl=-0.0000, grad_norm=0.0031
Step 2140: mean_reward=0.0016, mean_fm_selector=0.0469, mean_fm_uniform=0.0513, mean_entropy=4.6475, policy_loss=0.0008, value_loss=0.0001, approx_kl=-0.0000, grad_norm=0.0015
Step 2150: mean_reward=-0.0024, mean_fm_selector=0.0494, mean_fm_uniform=0.0495, mean_entropy=4.6736, policy_loss=-0.0002, value_loss=0.0001, approx_kl=-0.0000, grad_norm=0.0014
Step 2160: mean_reward=0.0005, mean_fm_selector=0.0404, mean_fm_uniform=0.0436, mean_entropy=4.6749, policy_loss=0.0010, value_loss=0.0001, approx_kl=-0.0000, grad_norm=0.0017
Step 2170: mean_reward=0.0036, mean_fm_selector=0.0315, mean_fm_uniform=0.0377, mean_entropy=4.6690, policy_loss=-0.0057, value_loss=0.0003, approx_kl=-0.0000, grad_norm=0.0057
Step 2180: mean_reward=0.0031, mean_fm_selector=0.0490, mean_fm_uniform=0.0546, mean_entropy=4.6941, policy_loss=-0.0064, value_loss=0.0002, approx_kl=-0.0000, grad_norm=0.0057
Step 2190: mean_reward=0.0069, mean_fm_selector=0.0544, mean_fm_uniform=0.0639, mean_entropy=4.6638, policy_loss=-0.0071, value_loss=0.0006, approx_kl=-0.0000, grad_norm=0.0071
Step 2200: mean_reward=0.0005, mean_fm_selector=0.0363, mean_fm_uniform=0.0393, mean_entropy=4.6792, policy_loss=-0.0015, value_loss=0.0001, approx_kl=-0.0000, grad_norm=0.0015
Step 2210: mean_reward=-0.0005, mean_fm_selector=0.0436, mean_fm_uniform=0.0461, mean_entropy=4.5510, policy_loss=-0.0011, value_loss=0.0001, approx_kl=0.1474, grad_norm=0.0129
Step 2220: mean_reward=-0.0006, mean_fm_selector=0.0306, mean_fm_uniform=0.0327, mean_entropy=4.6563, policy_loss=0.0011, value_loss=0.0001, approx_kl=0.0567, grad_norm=0.0058
Step 2230: mean_reward=0.0042, mean_fm_selector=0.0408, mean_fm_uniform=0.0472, mean_entropy=4.6968, policy_loss=-0.0052, value_loss=0.0004, approx_kl=-0.0000, grad_norm=0.0050
Step 2240: mean_reward=-0.0014, mean_fm_selector=0.0615, mean_fm_uniform=0.0627, mean_entropy=4.6811, policy_loss=0.0014, value_loss=0.0001, approx_kl=-0.0000, grad_norm=0.0018
Step 2250: mean_reward=-0.0012, mean_fm_selector=0.0407, mean_fm_uniform=0.0419, mean_entropy=4.6575, policy_loss=0.0022, value_loss=0.0000, approx_kl=-0.0000, grad_norm=0.0024
Step 2260: mean_reward=-0.0032, mean_fm_selector=0.0320, mean_fm_uniform=0.0313, mean_entropy=4.7020, policy_loss=0.0056, value_loss=0.0001, approx_kl=-0.0000, grad_norm=0.0055
Step 2270: mean_reward=0.0004, mean_fm_selector=0.0391, mean_fm_uniform=0.0421, mean_entropy=4.6105, policy_loss=0.0017, value_loss=0.0001, approx_kl=0.0122, grad_norm=0.0030
Step 2280: mean_reward=-0.0022, mean_fm_selector=0.0588, mean_fm_uniform=0.0590, mean_entropy=4.7116, policy_loss=0.0014, value_loss=0.0002, approx_kl=-0.0000, grad_norm=0.0028
Step 2290: mean_reward=-0.0006, mean_fm_selector=0.0285, mean_fm_uniform=0.0303, mean_entropy=4.6871, policy_loss=0.0013, value_loss=0.0002, approx_kl=-0.0000, grad_norm=0.0017
Step 2300: mean_reward=-0.0021, mean_fm_selector=0.0772, mean_fm_uniform=0.0776, mean_entropy=4.6536, policy_loss=0.0047, value_loss=0.0001, approx_kl=-0.0000, grad_norm=0.0035
Step 2310: mean_reward=0.0014, mean_fm_selector=0.0508, mean_fm_uniform=0.0550, mean_entropy=4.5899, policy_loss=-0.0016, value_loss=0.0003, approx_kl=0.0168, grad_norm=0.0044
Step 2320: mean_reward=0.0007, mean_fm_selector=0.0501, mean_fm_uniform=0.0534, mean_entropy=4.6023, policy_loss=-0.0006, value_loss=0.0001, approx_kl=-0.0000, grad_norm=0.0016
Step 2330: mean_reward=0.0003, mean_fm_selector=0.0508, mean_fm_uniform=0.0540, mean_entropy=4.5990, policy_loss=-0.0004, value_loss=0.0005, approx_kl=-0.0000, grad_norm=0.0051
Step 2340: mean_reward=-0.0003, mean_fm_selector=0.0465, mean_fm_uniform=0.0486, mean_entropy=4.7017, policy_loss=-0.0014, value_loss=0.0001, approx_kl=-0.0000, grad_norm=0.0018
Step 2350: mean_reward=-0.0009, mean_fm_selector=0.0387, mean_fm_uniform=0.0405, mean_entropy=4.6499, policy_loss=0.0010, value_loss=0.0001, approx_kl=-0.0000, grad_norm=0.0015
Step 2360: mean_reward=0.0003, mean_fm_selector=0.0402, mean_fm_uniform=0.0432, mean_entropy=4.7152, policy_loss=-0.0017, value_loss=0.0001, approx_kl=-0.0000, grad_norm=0.0021
Step 2370: mean_reward=0.0060, mean_fm_selector=0.0380, mean_fm_uniform=0.0465, mean_entropy=4.6673, policy_loss=-0.0060, value_loss=0.0004, approx_kl=-0.0000, grad_norm=0.0054
Step 2380: mean_reward=-0.0014, mean_fm_selector=0.0419, mean_fm_uniform=0.0427, mean_entropy=4.6955, policy_loss=0.0019, value_loss=0.0001, approx_kl=-0.0000, grad_norm=0.0021
Step 2390: mean_reward=-0.0006, mean_fm_selector=0.0385, mean_fm_uniform=0.0406, mean_entropy=4.6738, policy_loss=0.0008, value_loss=0.0000, approx_kl=-0.0000, grad_norm=0.0007
Step 2400: mean_reward=0.0007, mean_fm_selector=0.0514, mean_fm_uniform=0.0545, mean_entropy=4.7192, policy_loss=-0.0023, value_loss=0.0002, approx_kl=-0.0000, grad_norm=0.0024
Step 2410: mean_reward=-0.0006, mean_fm_selector=0.0576, mean_fm_uniform=0.0596, mean_entropy=4.6662, policy_loss=-0.0014, value_loss=0.0001, approx_kl=-0.0000, grad_norm=0.0013
Step 2420: mean_reward=0.0038, mean_fm_selector=0.0613, mean_fm_uniform=0.0673, mean_entropy=4.6980, policy_loss=-0.0025, value_loss=0.0003, approx_kl=-0.0000, grad_norm=0.0032
Step 2430: mean_reward=-0.0017, mean_fm_selector=0.0522, mean_fm_uniform=0.0527, mean_entropy=4.7184, policy_loss=0.0029, value_loss=0.0003, approx_kl=-0.0000, grad_norm=0.0030
Step 2440: mean_reward=-0.0013, mean_fm_selector=0.0680, mean_fm_uniform=0.0692, mean_entropy=4.6929, policy_loss=0.0005, value_loss=0.0002, approx_kl=-0.0000, grad_norm=0.0029
Step 2450: mean_reward=-0.0056, mean_fm_selector=0.0417, mean_fm_uniform=0.0389, mean_entropy=4.5752, policy_loss=0.0061, value_loss=0.0003, approx_kl=-0.0000, grad_norm=0.0061
Step 2460: mean_reward=-0.0017, mean_fm_selector=0.0371, mean_fm_uniform=0.0379, mean_entropy=4.6753, policy_loss=0.0004, value_loss=0.0001, approx_kl=-0.0000, grad_norm=0.0004
Step 2470: mean_reward=0.0017, mean_fm_selector=0.0391, mean_fm_uniform=0.0433, mean_entropy=4.6390, policy_loss=-0.0002, value_loss=0.0005, approx_kl=-0.0000, grad_norm=0.0039
Step 2480: mean_reward=-0.0001, mean_fm_selector=0.0547, mean_fm_uniform=0.0570, mean_entropy=4.6715, policy_loss=-0.0014, value_loss=0.0001, approx_kl=-0.0000, grad_norm=0.0026
Step 2490: mean_reward=-0.0043, mean_fm_selector=0.0431, mean_fm_uniform=0.0413, mean_entropy=4.6920, policy_loss=0.0068, value_loss=0.0002, approx_kl=-0.0000, grad_norm=0.0061
Step 2500: mean_reward=0.0021, mean_fm_selector=0.0404, mean_fm_uniform=0.0453, mean_entropy=4.6267, policy_loss=-0.0001, value_loss=0.0003, approx_kl=0.0069, grad_norm=0.0040
Step 2510: mean_reward=-0.0025, mean_fm_selector=0.0473, mean_fm_uniform=0.0473, mean_entropy=4.6744, policy_loss=0.0021, value_loss=0.0001, approx_kl=-0.0000, grad_norm=0.0030
Step 2520: mean_reward=0.0009, mean_fm_selector=0.0656, mean_fm_uniform=0.0692, mean_entropy=4.6914, policy_loss=-0.0024, value_loss=0.0001, approx_kl=-0.0000, grad_norm=0.0029
Step 2530: mean_reward=-0.0009, mean_fm_selector=0.0430, mean_fm_uniform=0.0447, mean_entropy=4.6869, policy_loss=0.0028, value_loss=0.0002, approx_kl=-0.0000, grad_norm=0.0033
Step 2540: mean_reward=0.0000, mean_fm_selector=0.0272, mean_fm_uniform=0.0298, mean_entropy=4.6789, policy_loss=-0.0033, value_loss=0.0002, approx_kl=-0.0000, grad_norm=0.0037
Step 2550: mean_reward=-0.0012, mean_fm_selector=0.0324, mean_fm_uniform=0.0339, mean_entropy=4.6277, policy_loss=0.0008, value_loss=0.0001, approx_kl=-0.0000, grad_norm=0.0014
Step 2560: mean_reward=-0.0010, mean_fm_selector=0.0683, mean_fm_uniform=0.0700, mean_entropy=4.5953, policy_loss=0.0005, value_loss=0.0001, approx_kl=0.0049, grad_norm=0.0049
Step 2570: mean_reward=-0.0040, mean_fm_selector=0.0336, mean_fm_uniform=0.0323, mean_entropy=4.6672, policy_loss=0.0050, value_loss=0.0001, approx_kl=-0.0000, grad_norm=0.0047
Step 2580: mean_reward=-0.0008, mean_fm_selector=0.0229, mean_fm_uniform=0.0247, mean_entropy=4.6583, policy_loss=-0.0017, value_loss=0.0001, approx_kl=-0.0000, grad_norm=0.0016
Step 2590: mean_reward=-0.0001, mean_fm_selector=0.0422, mean_fm_uniform=0.0446, mean_entropy=4.6718, policy_loss=-0.0019, value_loss=0.0000, approx_kl=-0.0000, grad_norm=0.0017
Step 2600: mean_reward=-0.0029, mean_fm_selector=0.0662, mean_fm_uniform=0.0657, mean_entropy=4.7025, policy_loss=0.0010, value_loss=0.0001, approx_kl=-0.0000, grad_norm=0.0021
Step 2610: mean_reward=-0.0010, mean_fm_selector=0.0360, mean_fm_uniform=0.0375, mean_entropy=4.6992, policy_loss=0.0005, value_loss=0.0001, approx_kl=-0.0000, grad_norm=0.0018
Step 2620: mean_reward=-0.0016, mean_fm_selector=0.0518, mean_fm_uniform=0.0529, mean_entropy=4.5745, policy_loss=0.0019, value_loss=0.0001, approx_kl=0.0115, grad_norm=0.0032
Step 2630: mean_reward=-0.0003, mean_fm_selector=0.0474, mean_fm_uniform=0.0496, mean_entropy=4.6751, policy_loss=0.0021, value_loss=0.0001, approx_kl=-0.0000, grad_norm=0.0031
Step 2640: mean_reward=0.0007, mean_fm_selector=0.0463, mean_fm_uniform=0.0498, mean_entropy=4.6637, policy_loss=-0.0024, value_loss=0.0002, approx_kl=-0.0000, grad_norm=0.0027
Step 2650: mean_reward=0.0018, mean_fm_selector=0.0447, mean_fm_uniform=0.0491, mean_entropy=4.6881, policy_loss=-0.0022, value_loss=0.0003, approx_kl=-0.0000, grad_norm=0.0034
Step 2660: mean_reward=-0.0015, mean_fm_selector=0.0432, mean_fm_uniform=0.0440, mean_entropy=4.7119, policy_loss=0.0035, value_loss=0.0001, approx_kl=-0.0000, grad_norm=0.0035
Step 2670: mean_reward=-0.0020, mean_fm_selector=0.0444, mean_fm_uniform=0.0449, mean_entropy=4.7002, policy_loss=0.0029, value_loss=0.0001, approx_kl=-0.0000, grad_norm=0.0028
Step 2680: mean_reward=0.0012, mean_fm_selector=0.0393, mean_fm_uniform=0.0434, mean_entropy=4.6141, policy_loss=0.0002, value_loss=0.0001, approx_kl=0.0299, grad_norm=0.0072
Step 2690: mean_reward=-0.0026, mean_fm_selector=0.0549, mean_fm_uniform=0.0548, mean_entropy=4.6624, policy_loss=0.0033, value_loss=0.0002, approx_kl=-0.0000, grad_norm=0.0029
Step 2700: mean_reward=-0.0003, mean_fm_selector=0.0345, mean_fm_uniform=0.0367, mean_entropy=4.7089, policy_loss=0.0018, value_loss=0.0002, approx_kl=-0.0000, grad_norm=0.0033
Step 2710: mean_reward=0.0014, mean_fm_selector=0.0482, mean_fm_uniform=0.0522, mean_entropy=4.6294, policy_loss=-0.0041, value_loss=0.0002, approx_kl=-0.0000, grad_norm=0.0038
Step 2720: mean_reward=-0.0034, mean_fm_selector=0.0307, mean_fm_uniform=0.0298, mean_entropy=4.6309, policy_loss=0.0042, value_loss=0.0001, approx_kl=-0.0000, grad_norm=0.0036
Step 2730: mean_reward=-0.0018, mean_fm_selector=0.0310, mean_fm_uniform=0.0318, mean_entropy=4.6954, policy_loss=0.0008, value_loss=0.0000, approx_kl=-0.0000, grad_norm=0.0011
Step 2740: mean_reward=-0.0023, mean_fm_selector=0.0345, mean_fm_uniform=0.0347, mean_entropy=4.7034, policy_loss=0.0045, value_loss=0.0001, approx_kl=-0.0000, grad_norm=0.0042
Step 2750: mean_reward=-0.0032, mean_fm_selector=0.0628, mean_fm_uniform=0.0621, mean_entropy=4.7190, policy_loss=0.0030, value_loss=0.0003, approx_kl=-0.0000, grad_norm=0.0038
Step 2760: mean_reward=0.0043, mean_fm_selector=0.0509, mean_fm_uniform=0.0577, mean_entropy=4.7044, policy_loss=-0.0038, value_loss=0.0002, approx_kl=-0.0000, grad_norm=0.0037
Step 2770: mean_reward=-0.0037, mean_fm_selector=0.0436, mean_fm_uniform=0.0423, mean_entropy=4.6891, policy_loss=0.0022, value_loss=0.0001, approx_kl=-0.0000, grad_norm=0.0023
Step 2780: mean_reward=-0.0020, mean_fm_selector=0.0465, mean_fm_uniform=0.0470, mean_entropy=4.6894, policy_loss=0.0027, value_loss=0.0003, approx_kl=-0.0000, grad_norm=0.0033
Step 2790: mean_reward=0.0001, mean_fm_selector=0.0617, mean_fm_uniform=0.0643, mean_entropy=4.6979, policy_loss=-0.0001, value_loss=0.0001, approx_kl=-0.0000, grad_norm=0.0012
Step 2800: mean_reward=-0.0020, mean_fm_selector=0.0283, mean_fm_uniform=0.0290, mean_entropy=4.5891, policy_loss=0.0011, value_loss=0.0000, approx_kl=-0.0000, grad_norm=0.0014
Step 2810: mean_reward=0.0024, mean_fm_selector=0.0434, mean_fm_uniform=0.0483, mean_entropy=4.6853, policy_loss=-0.0021, value_loss=0.0004, approx_kl=-0.0000, grad_norm=0.0023
Step 2820: mean_reward=0.0027, mean_fm_selector=0.0441, mean_fm_uniform=0.0495, mean_entropy=4.6969, policy_loss=-0.0045, value_loss=0.0003, approx_kl=-0.0000, grad_norm=0.0037
Step 2830: mean_reward=0.0030, mean_fm_selector=0.0624, mean_fm_uniform=0.0678, mean_entropy=4.6996, policy_loss=-0.0029, value_loss=0.0001, approx_kl=-0.0000, grad_norm=0.0029
Step 2840: mean_reward=-0.0007, mean_fm_selector=0.0629, mean_fm_uniform=0.0650, mean_entropy=4.5682, policy_loss=-0.0007, value_loss=0.0001, approx_kl=0.0095, grad_norm=0.0055
Step 2850: mean_reward=-0.0005, mean_fm_selector=0.0583, mean_fm_uniform=0.0604, mean_entropy=4.6725, policy_loss=-0.0003, value_loss=0.0000, approx_kl=-0.0000, grad_norm=0.0008
Step 2860: mean_reward=-0.0010, mean_fm_selector=0.0407, mean_fm_uniform=0.0426, mean_entropy=4.6538, policy_loss=0.0003, value_loss=0.0000, approx_kl=-0.0000, grad_norm=0.0009
Step 2870: mean_reward=-0.0047, mean_fm_selector=0.0446, mean_fm_uniform=0.0425, mean_entropy=4.6509, policy_loss=0.0053, value_loss=0.0002, approx_kl=-0.0000, grad_norm=0.0047
Step 2880: mean_reward=-0.0020, mean_fm_selector=0.0374, mean_fm_uniform=0.0381, mean_entropy=4.6754, policy_loss=0.0018, value_loss=0.0001, approx_kl=-0.0000, grad_norm=0.0021
Step 2890: mean_reward=-0.0011, mean_fm_selector=0.0370, mean_fm_uniform=0.0385, mean_entropy=4.6795, policy_loss=0.0013, value_loss=0.0001, approx_kl=-0.0000, grad_norm=0.0017
Step 2900: mean_reward=0.0012, mean_fm_selector=0.0416, mean_fm_uniform=0.0452, mean_entropy=4.7068, policy_loss=-0.0025, value_loss=0.0002, approx_kl=-0.0000, grad_norm=0.0030
Step 2910: mean_reward=0.0002, mean_fm_selector=0.0468, mean_fm_uniform=0.0493, mean_entropy=4.7008, policy_loss=0.0025, value_loss=0.0000, approx_kl=-0.0000, grad_norm=0.0025
Step 2920: mean_reward=0.0008, mean_fm_selector=0.0246, mean_fm_uniform=0.0279, mean_entropy=4.6902, policy_loss=-0.0011, value_loss=0.0002, approx_kl=-0.0000, grad_norm=0.0020
Step 2930: mean_reward=0.0024, mean_fm_selector=0.0437, mean_fm_uniform=0.0486, mean_entropy=4.6831, policy_loss=-0.0030, value_loss=0.0002, approx_kl=-0.0000, grad_norm=0.0030
Step 2940: mean_reward=-0.0009, mean_fm_selector=0.0319, mean_fm_uniform=0.0336, mean_entropy=4.6963, policy_loss=0.0005, value_loss=0.0000, approx_kl=-0.0000, grad_norm=0.0012
Step 2950: mean_reward=-0.0000, mean_fm_selector=0.0629, mean_fm_uniform=0.0653, mean_entropy=4.6900, policy_loss=0.0018, value_loss=0.0003, approx_kl=-0.0000, grad_norm=0.0023
Step 2960: mean_reward=0.0029, mean_fm_selector=0.0419, mean_fm_uniform=0.0472, mean_entropy=4.7058, policy_loss=-0.0026, value_loss=0.0004, approx_kl=-0.0000, grad_norm=0.0020
Step 2970: mean_reward=-0.0022, mean_fm_selector=0.0490, mean_fm_uniform=0.0493, mean_entropy=4.7089, policy_loss=0.0042, value_loss=0.0001, approx_kl=-0.0000, grad_norm=0.0036
Step 2980: mean_reward=-0.0037, mean_fm_selector=0.0583, mean_fm_uniform=0.0571, mean_entropy=4.6833, policy_loss=0.0042, value_loss=0.0005, approx_kl=-0.0000, grad_norm=0.0043
Step 2990: mean_reward=-0.0010, mean_fm_selector=0.0628, mean_fm_uniform=0.0644, mean_entropy=4.6388, policy_loss=0.0023, value_loss=0.0001, approx_kl=-0.0000, grad_norm=0.0026
Step 3000: mean_reward=0.0054, mean_fm_selector=0.0702, mean_fm_uniform=0.0781, mean_entropy=4.6594, policy_loss=-0.0069, value_loss=0.0002, approx_kl=-0.0000, grad_norm=0.0064
Step 3010: mean_reward=0.0073, mean_fm_selector=0.0461, mean_fm_uniform=0.0557, mean_entropy=4.6894, policy_loss=-0.0059, value_loss=0.0007, approx_kl=-0.0000, grad_norm=0.0052
Step 3020: mean_reward=0.0006, mean_fm_selector=0.0540, mean_fm_uniform=0.0571, mean_entropy=4.6730, policy_loss=-0.0006, value_loss=0.0002, approx_kl=-0.0000, grad_norm=0.0013
[1;34mwandb[0m: 
[1;34mwandb[0m: 🚀 View run [33mrl_selector_v2[0m at: [34mhttps://wandb.ai/shalbe/rl-frame-selector/runs/wm0radoj[0m
[1;34mwandb[0m: Find logs at: [1;35mwandb/run-20260422_211509-wm0radoj/logs[0m
